VERBOSE::process_info.c::111::proc_info_get_window_handle::Found DarkStone DSI window
VERBOSE::process_info.c::130::proc_info_get_process_id::Found process id: 25992
VERBOSE::process_info.c::150::proc_info_get_process_handle::Open process handle: 276
VERBOSE::memory_page.c::57::mem_page_init_from_proc_addr::lpcBaseAddr=0x00000000
VERBOSE::memory_page.c::58::mem_page_init_from_proc_addr::lpcNextAddr=0x00000000
VERBOSE::memory_page.c::88::mem_page_init_from_proc_addr::lpcBaseAddr=0x00000000
VERBOSE::memory_page.c::89::mem_page_init_from_proc_addr::memInfo.BaseAddress=0x00000000
VERBOSE::memory_page.c::90::mem_page_init_from_proc_addr::memInfo.RegionSize=0x00010000
ERROR::memory_page.c::217::mem_page_destroy::Deallocating NULL page
VERBOSE::memory_manager.c::523::mem_mgr_load_proc::skip to addr 0x00010000
VERBOSE::memory_page.c::57::mem_page_init_from_proc_addr::lpcBaseAddr=0x00010000
VERBOSE::memory_page.c::58::mem_page_init_from_proc_addr::lpcNextAddr=0x00010000
VERBOSE::memory_page.c::88::mem_page_init_from_proc_addr::lpcBaseAddr=0x00010000
VERBOSE::memory_page.c::89::mem_page_init_from_proc_addr::memInfo.BaseAddress=0x00010000
VERBOSE::memory_page.c::90::mem_page_init_from_proc_addr::memInfo.RegionSize=0x00010000
VERBOSE::memory_page.c::57::mem_page_init_from_proc_addr::lpcBaseAddr=0x00020000
VERBOSE::memory_page.c::58::mem_page_init_from_proc_addr::lpcNextAddr=0x00020000
VERBOSE::memory_page.c::88::mem_page_init_from_proc_addr::lpcBaseAddr=0x00020000
VERBOSE::memory_page.c::89::mem_page_init_from_proc_addr::memInfo.BaseAddress=0x00020000
VERBOSE::memory_page.c::90::mem_page_init_from_proc_addr::memInfo.RegionSize=0x00001000
ERROR::memory_page.c::217::mem_page_destroy::Deallocating NULL page
VERBOSE::memory_manager.c::523::mem_mgr_load_proc::skip to addr 0x00021000
VERBOSE::memory_page.c::57::mem_page_init_from_proc_addr::lpcBaseAddr=0x00021000
VERBOSE::memory_page.c::58::mem_page_init_from_proc_addr::lpcNextAddr=0x00021000
VERBOSE::memory_page.c::88::mem_page_init_from_proc_addr::lpcBaseAddr=0x00021000
VERBOSE::memory_page.c::89::mem_page_init_from_proc_addr::memInfo.BaseAddress=0x00021000
VERBOSE::memory_page.c::90::mem_page_init_from_proc_addr::memInfo.RegionSize=0x0000F000
ERROR::memory_page.c::217::mem_page_destroy::Deallocating NULL page
VERBOSE::memory_manager.c::523::mem_mgr_load_proc::skip to addr 0x00030000
VERBOSE::memory_page.c::57::mem_page_init_from_proc_addr::lpcBaseAddr=0x00030000
VERBOSE::memory_page.c::58::mem_page_init_from_proc_addr::lpcNextAddr=0x00030000
VERBOSE::memory_page.c::88::mem_page_init_from_proc_addr::lpcBaseAddr=0x00030000
VERBOSE::memory_page.c::89::mem_page_init_from_proc_addr::memInfo.BaseAddress=0x00030000
VERBOSE::memory_page.c::90::mem_page_init_from_proc_addr::memInfo.RegionSize=0x00001000
ERROR::memory_page.c::217::mem_page_destroy::Deallocating NULL page
VERBOSE::memory_manager.c::523::mem_mgr_load_proc::skip to addr 0x00031000
VERBOSE::memory_page.c::57::mem_page_init_from_proc_addr::lpcBaseAddr=0x00031000
VERBOSE::memory_page.c::58::mem_page_init_from_proc_addr::lpcNextAddr=0x00031000
VERBOSE::memory_page.c::88::mem_page_init_from_proc_addr::lpcBaseAddr=0x00031000
VERBOSE::memory_page.c::89::mem_page_init_from_proc_addr::memInfo.BaseAddress=0x00031000
VERBOSE::memory_page.c::90::mem_page_init_from_proc_addr::memInfo.RegionSize=0x0000F000
ERROR::memory_page.c::217::mem_page_destroy::Deallocating NULL page
VERBOSE::memory_manager.c::523::mem_mgr_load_proc::skip to addr 0x00040000
VERBOSE::memory_page.c::57::mem_page_init_from_proc_addr::lpcBaseAddr=0x00040000
VERBOSE::memory_page.c::58::mem_page_init_from_proc_addr::lpcNextAddr=0x00040000
VERBOSE::memory_page.c::88::mem_page_init_from_proc_addr::lpcBaseAddr=0x00040000
VERBOSE::memory_page.c::89::mem_page_init_from_proc_addr::memInfo.BaseAddress=0x00040000
VERBOSE::memory_page.c::90::mem_page_init_from_proc_addr::memInfo.RegionSize=0x0001D000
ERROR::memory_page.c::217::mem_page_destroy::Deallocating NULL page
VERBOSE::memory_manager.c::523::mem_mgr_load_proc::skip to addr 0x0005D000
VERBOSE::memory_page.c::57::mem_page_init_from_proc_addr::lpcBaseAddr=0x0005D000
VERBOSE::memory_page.c::58::mem_page_init_from_proc_addr::lpcNextAddr=0x0005D000
VERBOSE::memory_page.c::88::mem_page_init_from_proc_addr::lpcBaseAddr=0x0005D000
VERBOSE::memory_page.c::89::mem_page_init_from_proc_addr::memInfo.BaseAddress=0x0005D000
VERBOSE::memory_page.c::90::mem_page_init_from_proc_addr::memInfo.RegionSize=0x00003000
ERROR::memory_page.c::217::mem_page_destroy::Deallocating NULL page
VERBOSE::memory_manager.c::523::mem_mgr_load_proc::skip to addr 0x00060000
VERBOSE::memory_page.c::57::mem_page_init_from_proc_addr::lpcBaseAddr=0x00060000
VERBOSE::memory_page.c::58::mem_page_init_from_proc_addr::lpcNextAddr=0x00060000
VERBOSE::memory_page.c::88::mem_page_init_from_proc_addr::lpcBaseAddr=0x00060000
VERBOSE::memory_page.c::89::mem_page_init_from_proc_addr::memInfo.BaseAddress=0x00060000
VERBOSE::memory_page.c::90::mem_page_init_from_proc_addr::memInfo.RegionSize=0x00035000
ERROR::memory_page.c::217::mem_page_destroy::Deallocating NULL page
VERBOSE::memory_manager.c::523::mem_mgr_load_proc::skip to addr 0x00095000
VERBOSE::memory_page.c::57::mem_page_init_from_proc_addr::lpcBaseAddr=0x00095000
VERBOSE::memory_page.c::58::mem_page_init_from_proc_addr::lpcNextAddr=0x00095000
VERBOSE::memory_page.c::88::mem_page_init_from_proc_addr::lpcBaseAddr=0x00095000
VERBOSE::memory_page.c::89::mem_page_init_from_proc_addr::memInfo.BaseAddress=0x00095000
VERBOSE::memory_page.c::90::mem_page_init_from_proc_addr::memInfo.RegionSize=0x00003000
ERROR::memory_page.c::217::mem_page_destroy::Deallocating NULL page
VERBOSE::memory_manager.c::523::mem_mgr_load_proc::skip to addr 0x00098000
VERBOSE::memory_page.c::57::mem_page_init_from_proc_addr::lpcBaseAddr=0x00098000
VERBOSE::memory_page.c::58::mem_page_init_from_proc_addr::lpcNextAddr=0x00098000
VERBOSE::memory_page.c::88::mem_page_init_from_proc_addr::lpcBaseAddr=0x00098000
VERBOSE::memory_page.c::89::mem_page_init_from_proc_addr::memInfo.BaseAddress=0x00098000
VERBOSE::memory_page.c::90::mem_page_init_from_proc_addr::memInfo.RegionSize=0x00008000
VERBOSE::memory_page.c::57::mem_page_init_from_proc_addr::lpcBaseAddr=0x000A0000
VERBOSE::memory_page.c::58::mem_page_init_from_proc_addr::lpcNextAddr=0x000A0000
VERBOSE::memory_page.c::88::mem_page_init_from_proc_addr::lpcBaseAddr=0x000A0000
VERBOSE::memory_page.c::89::mem_page_init_from_proc_addr::memInfo.BaseAddress=0x000A0000
VERBOSE::memory_page.c::90::mem_page_init_from_proc_addr::memInfo.RegionSize=0x000DF000
ERROR::memory_page.c::217::mem_page_destroy::Deallocating NULL page
VERBOSE::memory_manager.c::523::mem_mgr_load_proc::skip to addr 0x0017F000
VERBOSE::memory_page.c::57::mem_page_init_from_proc_addr::lpcBaseAddr=0x0017F000
VERBOSE::memory_page.c::58::mem_page_init_from_proc_addr::lpcNextAddr=0x0017F000
VERBOSE::memory_page.c::88::mem_page_init_from_proc_addr::lpcBaseAddr=0x0017F000
VERBOSE::memory_page.c::89::mem_page_init_from_proc_addr::memInfo.BaseAddress=0x0017F000
VERBOSE::memory_page.c::90::mem_page_init_from_proc_addr::memInfo.RegionSize=0x00002000
ERROR::memory_page.c::217::mem_page_destroy::Deallocating NULL page
VERBOSE::memory_manager.c::523::mem_mgr_load_proc::skip to addr 0x00181000
VERBOSE::memory_page.c::57::mem_page_init_from_proc_addr::lpcBaseAddr=0x00181000
VERBOSE::memory_page.c::58::mem_page_init_from_proc_addr::lpcNextAddr=0x00181000
VERBOSE::memory_page.c::88::mem_page_init_from_proc_addr::lpcBaseAddr=0x00181000
VERBOSE::memory_page.c::89::mem_page_init_from_proc_addr::memInfo.BaseAddress=0x00181000
VERBOSE::memory_page.c::90::mem_page_init_from_proc_addr::memInfo.RegionSize=0x0001F000
VERBOSE::memory_page.c::57::mem_page_init_from_proc_addr::lpcBaseAddr=0x001A0000
VERBOSE::memory_page.c::58::mem_page_init_from_proc_addr::lpcNextAddr=0x001A0000
VERBOSE::memory_page.c::88::mem_page_init_from_proc_addr::lpcBaseAddr=0x001A0000
VERBOSE::memory_page.c::89::mem_page_init_from_proc_addr::memInfo.BaseAddress=0x001A0000
VERBOSE::memory_page.c::90::mem_page_init_from_proc_addr::memInfo.RegionSize=0x00004000
ERROR::memory_page.c::217::mem_page_destroy::Deallocating NULL page
VERBOSE::memory_manager.c::523::mem_mgr_load_proc::skip to addr 0x001A4000
VERBOSE::memory_page.c::57::mem_page_init_from_proc_addr::lpcBaseAddr=0x001A4000
VERBOSE::memory_page.c::58::mem_page_init_from_proc_addr::lpcNextAddr=0x001A4000
VERBOSE::memory_page.c::88::mem_page_init_from_proc_addr::lpcBaseAddr=0x001A4000
VERBOSE::memory_page.c::89::mem_page_init_from_proc_addr::memInfo.BaseAddress=0x001A4000
VERBOSE::memory_page.c::90::mem_page_init_from_proc_addr::memInfo.RegionSize=0x0000C000
ERROR::memory_page.c::217::mem_page_destroy::Deallocating NULL page
VERBOSE::memory_manager.c::523::mem_mgr_load_proc::skip to addr 0x001B0000
VERBOSE::memory_page.c::57::mem_page_init_from_proc_addr::lpcBaseAddr=0x001B0000
VERBOSE::memory_page.c::58::mem_page_init_from_proc_addr::lpcNextAddr=0x001B0000
VERBOSE::memory_page.c::88::mem_page_init_from_proc_addr::lpcBaseAddr=0x001B0000
VERBOSE::memory_page.c::89::mem_page_init_from_proc_addr::memInfo.BaseAddress=0x001B0000
VERBOSE::memory_page.c::90::mem_page_init_from_proc_addr::memInfo.RegionSize=0x00002000
VERBOSE::memory_page.c::57::mem_page_init_from_proc_addr::lpcBaseAddr=0x001B2000
VERBOSE::memory_page.c::58::mem_page_init_from_proc_addr::lpcNextAddr=0x001B2000
VERBOSE::memory_page.c::88::mem_page_init_from_proc_addr::lpcBaseAddr=0x001B2000
VERBOSE::memory_page.c::89::mem_page_init_from_proc_addr::memInfo.BaseAddress=0x001B2000
VERBOSE::memory_page.c::90::mem_page_init_from_proc_addr::memInfo.RegionSize=0x0000E000
ERROR::memory_page.c::217::mem_page_destroy::Deallocating NULL page
VERBOSE::memory_manager.c::523::mem_mgr_load_proc::skip to addr 0x001C0000
VERBOSE::memory_page.c::57::mem_page_init_from_proc_addr::lpcBaseAddr=0x001C0000
VERBOSE::memory_page.c::58::mem_page_init_from_proc_addr::lpcNextAddr=0x001C0000
VERBOSE::memory_page.c::88::mem_page_init_from_proc_addr::lpcBaseAddr=0x001C0000
VERBOSE::memory_page.c::89::mem_page_init_from_proc_addr::memInfo.BaseAddress=0x001C0000
VERBOSE::memory_page.c::90::mem_page_init_from_proc_addr::memInfo.RegionSize=0x00035000
ERROR::memory_page.c::217::mem_page_destroy::Deallocating NULL page
VERBOSE::memory_manager.c::523::mem_mgr_load_proc::skip to addr 0x001F5000
VERBOSE::memory_page.c::57::mem_page_init_from_proc_addr::lpcBaseAddr=0x001F5000
VERBOSE::memory_page.c::58::mem_page_init_from_proc_addr::lpcNextAddr=0x001F5000
VERBOSE::memory_page.c::88::mem_page_init_from_proc_addr::lpcBaseAddr=0x001F5000
VERBOSE::memory_page.c::89::mem_page_init_from_proc_addr::memInfo.BaseAddress=0x001F5000
VERBOSE::memory_page.c::90::mem_page_init_from_proc_addr::memInfo.RegionSize=0x00003000
ERROR::memory_page.c::217::mem_page_destroy::Deallocating NULL page
VERBOSE::memory_manager.c::523::mem_mgr_load_proc::skip to addr 0x001F8000
VERBOSE::memory_page.c::57::mem_page_init_from_proc_addr::lpcBaseAddr=0x001F8000
VERBOSE::memory_page.c::58::mem_page_init_from_proc_addr::lpcNextAddr=0x001F8000
VERBOSE::memory_page.c::88::mem_page_init_from_proc_addr::lpcBaseAddr=0x001F8000
VERBOSE::memory_page.c::89::mem_page_init_from_proc_addr::memInfo.BaseAddress=0x001F8000
VERBOSE::memory_page.c::90::mem_page_init_from_proc_addr::memInfo.RegionSize=0x00008000
VERBOSE::memory_page.c::57::mem_page_init_from_proc_addr::lpcBaseAddr=0x00200000
VERBOSE::memory_page.c::58::mem_page_init_from_proc_addr::lpcNextAddr=0x00200000
VERBOSE::memory_page.c::88::mem_page_init_from_proc_addr::lpcBaseAddr=0x00200000
VERBOSE::memory_page.c::89::mem_page_init_from_proc_addr::memInfo.BaseAddress=0x00200000
VERBOSE::memory_page.c::90::mem_page_init_from_proc_addr::memInfo.RegionSize=0x00006000
VERBOSE::memory_page.c::57::mem_page_init_from_proc_addr::lpcBaseAddr=0x00206000
VERBOSE::memory_page.c::58::mem_page_init_from_proc_addr::lpcNextAddr=0x00206000
VERBOSE::memory_page.c::88::mem_page_init_from_proc_addr::lpcBaseAddr=0x00206000
VERBOSE::memory_page.c::89::mem_page_init_from_proc_addr::memInfo.BaseAddress=0x00206000
VERBOSE::memory_page.c::90::mem_page_init_from_proc_addr::memInfo.RegionSize=0x00006000
ERROR::memory_page.c::217::mem_page_destroy::Deallocating NULL page
VERBOSE::memory_manager.c::523::mem_mgr_load_proc::skip to addr 0x0020C000
VERBOSE::memory_page.c::57::mem_page_init_from_proc_addr::lpcBaseAddr=0x0020C000
VERBOSE::memory_page.c::58::mem_page_init_from_proc_addr::lpcNextAddr=0x0020C000
VERBOSE::memory_page.c::88::mem_page_init_from_proc_addr::lpcBaseAddr=0x0020C000
VERBOSE::memory_page.c::89::mem_page_init_from_proc_addr::memInfo.BaseAddress=0x0020C000
VERBOSE::memory_page.c::90::mem_page_init_from_proc_addr::memInfo.RegionSize=0x0000F000
VERBOSE::memory_page.c::57::mem_page_init_from_proc_addr::lpcBaseAddr=0x0021B000
VERBOSE::memory_page.c::58::mem_page_init_from_proc_addr::lpcNextAddr=0x0021B000
VERBOSE::memory_page.c::88::mem_page_init_from_proc_addr::lpcBaseAddr=0x0021B000
VERBOSE::memory_page.c::89::mem_page_init_from_proc_addr::memInfo.BaseAddress=0x0021B000
VERBOSE::memory_page.c::90::mem_page_init_from_proc_addr::memInfo.RegionSize=0x0004E000
ERROR::memory_page.c::217::mem_page_destroy::Deallocating NULL page
VERBOSE::memory_manager.c::523::mem_mgr_load_proc::skip to addr 0x00269000
VERBOSE::memory_page.c::57::mem_page_init_from_proc_addr::lpcBaseAddr=0x00269000
VERBOSE::memory_page.c::58::mem_page_init_from_proc_addr::lpcNextAddr=0x00269000
VERBOSE::memory_page.c::88::mem_page_init_from_proc_addr::lpcBaseAddr=0x00269000
VERBOSE::memory_page.c::89::mem_page_init_from_proc_addr::memInfo.BaseAddress=0x00269000
VERBOSE::memory_page.c::90::mem_page_init_from_proc_addr::memInfo.RegionSize=0x00006000
VERBOSE::memory_page.c::57::mem_page_init_from_proc_addr::lpcBaseAddr=0x0026F000
VERBOSE::memory_page.c::58::mem_page_init_from_proc_addr::lpcNextAddr=0x0026F000
VERBOSE::memory_page.c::88::mem_page_init_from_proc_addr::lpcBaseAddr=0x0026F000
VERBOSE::memory_page.c::89::mem_page_init_from_proc_addr::memInfo.BaseAddress=0x0026F000
VERBOSE::memory_page.c::90::mem_page_init_from_proc_addr::memInfo.RegionSize=0x00015000
ERROR::memory_page.c::217::mem_page_destroy::Deallocating NULL page
VERBOSE::memory_manager.c::523::mem_mgr_load_proc::skip to addr 0x00284000
VERBOSE::memory_page.c::57::mem_page_init_from_proc_addr::lpcBaseAddr=0x00284000
VERBOSE::memory_page.c::58::mem_page_init_from_proc_addr::lpcNextAddr=0x00284000
VERBOSE::memory_page.c::88::mem_page_init_from_proc_addr::lpcBaseAddr=0x00284000
VERBOSE::memory_page.c::89::mem_page_init_from_proc_addr::memInfo.BaseAddress=0x00284000
VERBOSE::memory_page.c::90::mem_page_init_from_proc_addr::memInfo.RegionSize=0x00003000
VERBOSE::memory_page.c::57::mem_page_init_from_proc_addr::lpcBaseAddr=0x00287000
VERBOSE::memory_page.c::58::mem_page_init_from_proc_addr::lpcNextAddr=0x00287000
VERBOSE::memory_page.c::88::mem_page_init_from_proc_addr::lpcBaseAddr=0x00287000
VERBOSE::memory_page.c::89::mem_page_init_from_proc_addr::memInfo.BaseAddress=0x00287000
VERBOSE::memory_page.c::90::mem_page_init_from_proc_addr::memInfo.RegionSize=0x00127000
ERROR::memory_page.c::217::mem_page_destroy::Deallocating NULL page
VERBOSE::memory_manager.c::523::mem_mgr_load_proc::skip to addr 0x003AE000
VERBOSE::memory_page.c::57::mem_page_init_from_proc_addr::lpcBaseAddr=0x003AE000
VERBOSE::memory_page.c::58::mem_page_init_from_proc_addr::lpcNextAddr=0x003AE000
VERBOSE::memory_page.c::88::mem_page_init_from_proc_addr::lpcBaseAddr=0x003AE000
VERBOSE::memory_page.c::89::mem_page_init_from_proc_addr::memInfo.BaseAddress=0x003AE000
VERBOSE::memory_page.c::90::mem_page_init_from_proc_addr::memInfo.RegionSize=0x00005000
VERBOSE::memory_page.c::57::mem_page_init_from_proc_addr::lpcBaseAddr=0x003B3000
VERBOSE::memory_page.c::58::mem_page_init_from_proc_addr::lpcNextAddr=0x003B3000
VERBOSE::memory_page.c::88::mem_page_init_from_proc_addr::lpcBaseAddr=0x003B3000
VERBOSE::memory_page.c::89::mem_page_init_from_proc_addr::memInfo.BaseAddress=0x003B3000
VERBOSE::memory_page.c::90::mem_page_init_from_proc_addr::memInfo.RegionSize=0x0000F000
ERROR::memory_page.c::217::mem_page_destroy::Deallocating NULL page
VERBOSE::memory_manager.c::523::mem_mgr_load_proc::skip to addr 0x003C2000
VERBOSE::memory_page.c::57::mem_page_init_from_proc_addr::lpcBaseAddr=0x003C2000
VERBOSE::memory_page.c::58::mem_page_init_from_proc_addr::lpcNextAddr=0x003C2000
VERBOSE::memory_page.c::88::mem_page_init_from_proc_addr::lpcBaseAddr=0x003C2000
VERBOSE::memory_page.c::89::mem_page_init_from_proc_addr::memInfo.BaseAddress=0x003C2000
VERBOSE::memory_page.c::90::mem_page_init_from_proc_addr::memInfo.RegionSize=0x0000C000
VERBOSE::memory_page.c::57::mem_page_init_from_proc_addr::lpcBaseAddr=0x003CE000
VERBOSE::memory_page.c::58::mem_page_init_from_proc_addr::lpcNextAddr=0x003CE000
VERBOSE::memory_page.c::88::mem_page_init_from_proc_addr::lpcBaseAddr=0x003CE000
VERBOSE::memory_page.c::89::mem_page_init_from_proc_addr::memInfo.BaseAddress=0x003CE000
VERBOSE::memory_page.c::90::mem_page_init_from_proc_addr::memInfo.RegionSize=0x00024000
ERROR::memory_page.c::217::mem_page_destroy::Deallocating NULL page
VERBOSE::memory_manager.c::523::mem_mgr_load_proc::skip to addr 0x003F2000
VERBOSE::memory_page.c::57::mem_page_init_from_proc_addr::lpcBaseAddr=0x003F2000
VERBOSE::memory_page.c::58::mem_page_init_from_proc_addr::lpcNextAddr=0x003F2000
VERBOSE::memory_page.c::88::mem_page_init_from_proc_addr::lpcBaseAddr=0x003F2000
VERBOSE::memory_page.c::89::mem_page_init_from_proc_addr::memInfo.BaseAddress=0x003F2000
VERBOSE::memory_page.c::90::mem_page_init_from_proc_addr::memInfo.RegionSize=0x00003000
VERBOSE::memory_page.c::57::mem_page_init_from_proc_addr::lpcBaseAddr=0x003F5000
VERBOSE::memory_page.c::58::mem_page_init_from_proc_addr::lpcNextAddr=0x003F5000
VERBOSE::memory_page.c::88::mem_page_init_from_proc_addr::lpcBaseAddr=0x003F5000
VERBOSE::memory_page.c::89::mem_page_init_from_proc_addr::memInfo.BaseAddress=0x003F5000
VERBOSE::memory_page.c::90::mem_page_init_from_proc_addr::memInfo.RegionSize=0x00006000
ERROR::memory_page.c::217::mem_page_destroy::Deallocating NULL page
VERBOSE::memory_manager.c::523::mem_mgr_load_proc::skip to addr 0x003FB000
VERBOSE::memory_page.c::57::mem_page_init_from_proc_addr::lpcBaseAddr=0x003FB000
VERBOSE::memory_page.c::58::mem_page_init_from_proc_addr::lpcNextAddr=0x003FB000
VERBOSE::memory_page.c::88::mem_page_init_from_proc_addr::lpcBaseAddr=0x003FB000
VERBOSE::memory_page.c::89::mem_page_init_from_proc_addr::memInfo.BaseAddress=0x003FB000
VERBOSE::memory_page.c::90::mem_page_init_from_proc_addr::memInfo.RegionSize=0x00003000
VERBOSE::memory_page.c::57::mem_page_init_from_proc_addr::lpcBaseAddr=0x003FE000
VERBOSE::memory_page.c::58::mem_page_init_from_proc_addr::lpcNextAddr=0x003FE000
VERBOSE::memory_page.c::88::mem_page_init_from_proc_addr::lpcBaseAddr=0x003FE000
VERBOSE::memory_page.c::89::mem_page_init_from_proc_addr::memInfo.BaseAddress=0x003FE000
VERBOSE::memory_page.c::90::mem_page_init_from_proc_addr::memInfo.RegionSize=0x00002000
ERROR::memory_page.c::217::mem_page_destroy::Deallocating NULL page
VERBOSE::memory_manager.c::523::mem_mgr_load_proc::skip to addr 0x00400000
VERBOSE::memory_page.c::57::mem_page_init_from_proc_addr::lpcBaseAddr=0x00400000
VERBOSE::memory_page.c::58::mem_page_init_from_proc_addr::lpcNextAddr=0x00400000
VERBOSE::memory_page.c::88::mem_page_init_from_proc_addr::lpcBaseAddr=0x00400000
VERBOSE::memory_page.c::89::mem_page_init_from_proc_addr::memInfo.BaseAddress=0x00400000
VERBOSE::memory_page.c::90::mem_page_init_from_proc_addr::memInfo.RegionSize=0x00001000
ERROR::memory_page.c::217::mem_page_destroy::Deallocating NULL page
VERBOSE::memory_manager.c::523::mem_mgr_load_proc::skip to addr 0x00401000
VERBOSE::memory_page.c::57::mem_page_init_from_proc_addr::lpcBaseAddr=0x00401000
VERBOSE::memory_page.c::58::mem_page_init_from_proc_addr::lpcNextAddr=0x00401000
VERBOSE::memory_page.c::88::mem_page_init_from_proc_addr::lpcBaseAddr=0x00401000
VERBOSE::memory_page.c::89::mem_page_init_from_proc_addr::memInfo.BaseAddress=0x00401000
VERBOSE::memory_page.c::90::mem_page_init_from_proc_addr::memInfo.RegionSize=0x0010F000
ERROR::memory_page.c::217::mem_page_destroy::Deallocating NULL page
VERBOSE::memory_manager.c::523::mem_mgr_load_proc::skip to addr 0x00510000
VERBOSE::memory_page.c::57::mem_page_init_from_proc_addr::lpcBaseAddr=0x00510000
VERBOSE::memory_page.c::58::mem_page_init_from_proc_addr::lpcNextAddr=0x00510000
VERBOSE::memory_page.c::88::mem_page_init_from_proc_addr::lpcBaseAddr=0x00510000
VERBOSE::memory_page.c::89::mem_page_init_from_proc_addr::memInfo.BaseAddress=0x00510000
VERBOSE::memory_page.c::90::mem_page_init_from_proc_addr::memInfo.RegionSize=0x00020000
ERROR::memory_page.c::217::mem_page_destroy::Deallocating NULL page
VERBOSE::memory_manager.c::523::mem_mgr_load_proc::skip to addr 0x00530000
VERBOSE::memory_page.c::57::mem_page_init_from_proc_addr::lpcBaseAddr=0x00530000
VERBOSE::memory_page.c::58::mem_page_init_from_proc_addr::lpcNextAddr=0x00530000
VERBOSE::memory_page.c::88::mem_page_init_from_proc_addr::lpcBaseAddr=0x00530000
VERBOSE::memory_page.c::89::mem_page_init_from_proc_addr::memInfo.BaseAddress=0x00530000
VERBOSE::memory_page.c::90::mem_page_init_from_proc_addr::memInfo.RegionSize=0x00001000
VERBOSE::memory_page.c::57::mem_page_init_from_proc_addr::lpcBaseAddr=0x00531000
VERBOSE::memory_page.c::58::mem_page_init_from_proc_addr::lpcNextAddr=0x00531000
VERBOSE::memory_page.c::88::mem_page_init_from_proc_addr::lpcBaseAddr=0x00531000
VERBOSE::memory_page.c::89::mem_page_init_from_proc_addr::memInfo.BaseAddress=0x00531000
VERBOSE::memory_page.c::90::mem_page_init_from_proc_addr::memInfo.RegionSize=0x00003000
VERBOSE::memory_page.c::57::mem_page_init_from_proc_addr::lpcBaseAddr=0x00534000
VERBOSE::memory_page.c::58::mem_page_init_from_proc_addr::lpcNextAddr=0x00534000
VERBOSE::memory_page.c::88::mem_page_init_from_proc_addr::lpcBaseAddr=0x00534000
VERBOSE::memory_page.c::89::mem_page_init_from_proc_addr::memInfo.BaseAddress=0x00534000
VERBOSE::memory_page.c::90::mem_page_init_from_proc_addr::memInfo.RegionSize=0x00001000
VERBOSE::memory_page.c::57::mem_page_init_from_proc_addr::lpcBaseAddr=0x00535000
VERBOSE::memory_page.c::58::mem_page_init_from_proc_addr::lpcNextAddr=0x00535000
VERBOSE::memory_page.c::88::mem_page_init_from_proc_addr::lpcBaseAddr=0x00535000
VERBOSE::memory_page.c::89::mem_page_init_from_proc_addr::memInfo.BaseAddress=0x00535000
VERBOSE::memory_page.c::90::mem_page_init_from_proc_addr::memInfo.RegionSize=0x00001000
VERBOSE::memory_page.c::57::mem_page_init_from_proc_addr::lpcBaseAddr=0x00536000
VERBOSE::memory_page.c::58::mem_page_init_from_proc_addr::lpcNextAddr=0x00536000
VERBOSE::memory_page.c::88::mem_page_init_from_proc_addr::lpcBaseAddr=0x00536000
VERBOSE::memory_page.c::89::mem_page_init_from_proc_addr::memInfo.BaseAddress=0x00536000
VERBOSE::memory_page.c::90::mem_page_init_from_proc_addr::memInfo.RegionSize=0x00002000
VERBOSE::memory_page.c::57::mem_page_init_from_proc_addr::lpcBaseAddr=0x00538000
VERBOSE::memory_page.c::58::mem_page_init_from_proc_addr::lpcNextAddr=0x00538000
VERBOSE::memory_page.c::88::mem_page_init_from_proc_addr::lpcBaseAddr=0x00538000
VERBOSE::memory_page.c::89::mem_page_init_from_proc_addr::memInfo.BaseAddress=0x00538000
VERBOSE::memory_page.c::90::mem_page_init_from_proc_addr::memInfo.RegionSize=0x00001000
VERBOSE::memory_page.c::57::mem_page_init_from_proc_addr::lpcBaseAddr=0x00539000
VERBOSE::memory_page.c::58::mem_page_init_from_proc_addr::lpcNextAddr=0x00539000
VERBOSE::memory_page.c::88::mem_page_init_from_proc_addr::lpcBaseAddr=0x00539000
VERBOSE::memory_page.c::89::mem_page_init_from_proc_addr::memInfo.BaseAddress=0x00539000
VERBOSE::memory_page.c::90::mem_page_init_from_proc_addr::memInfo.RegionSize=0x00004000
VERBOSE::memory_page.c::57::mem_page_init_from_proc_addr::lpcBaseAddr=0x0053D000
VERBOSE::memory_page.c::58::mem_page_init_from_proc_addr::lpcNextAddr=0x0053D000
VERBOSE::memory_page.c::88::mem_page_init_from_proc_addr::lpcBaseAddr=0x0053D000
VERBOSE::memory_page.c::89::mem_page_init_from_proc_addr::memInfo.BaseAddress=0x0053D000
VERBOSE::memory_page.c::90::mem_page_init_from_proc_addr::memInfo.RegionSize=0x0000E000
VERBOSE::memory_page.c::57::mem_page_init_from_proc_addr::lpcBaseAddr=0x0054B000
VERBOSE::memory_page.c::58::mem_page_init_from_proc_addr::lpcNextAddr=0x0054B000
VERBOSE::memory_page.c::88::mem_page_init_from_proc_addr::lpcBaseAddr=0x0054B000
VERBOSE::memory_page.c::89::mem_page_init_from_proc_addr::memInfo.BaseAddress=0x0054B000
VERBOSE::memory_page.c::90::mem_page_init_from_proc_addr::memInfo.RegionSize=0x00711000
VERBOSE::memory_page.c::57::mem_page_init_from_proc_addr::lpcBaseAddr=0x00C5C000
VERBOSE::memory_page.c::58::mem_page_init_from_proc_addr::lpcNextAddr=0x00C5C000
VERBOSE::memory_page.c::88::mem_page_init_from_proc_addr::lpcBaseAddr=0x00C5C000
VERBOSE::memory_page.c::89::mem_page_init_from_proc_addr::memInfo.BaseAddress=0x00C5C000
VERBOSE::memory_page.c::90::mem_page_init_from_proc_addr::memInfo.RegionSize=0x00002000
ERROR::memory_page.c::217::mem_page_destroy::Deallocating NULL page
VERBOSE::memory_manager.c::523::mem_mgr_load_proc::skip to addr 0x00C5E000
VERBOSE::memory_page.c::57::mem_page_init_from_proc_addr::lpcBaseAddr=0x00C5E000
VERBOSE::memory_page.c::58::mem_page_init_from_proc_addr::lpcNextAddr=0x00C5E000
VERBOSE::memory_page.c::88::mem_page_init_from_proc_addr::lpcBaseAddr=0x00C5E000
VERBOSE::memory_page.c::89::mem_page_init_from_proc_addr::memInfo.BaseAddress=0x00C5E000
VERBOSE::memory_page.c::90::mem_page_init_from_proc_addr::memInfo.RegionSize=0x00002000
ERROR::memory_page.c::217::mem_page_destroy::Deallocating NULL page
VERBOSE::memory_manager.c::523::mem_mgr_load_proc::skip to addr 0x00C60000
VERBOSE::memory_page.c::57::mem_page_init_from_proc_addr::lpcBaseAddr=0x00C60000
VERBOSE::memory_page.c::58::mem_page_init_from_proc_addr::lpcNextAddr=0x00C60000
VERBOSE::memory_page.c::88::mem_page_init_from_proc_addr::lpcBaseAddr=0x00C60000
VERBOSE::memory_page.c::89::mem_page_init_from_proc_addr::memInfo.BaseAddress=0x00C60000
VERBOSE::memory_page.c::90::mem_page_init_from_proc_addr::memInfo.RegionSize=0x000C9000
ERROR::memory_page.c::217::mem_page_destroy::Deallocating NULL page
VERBOSE::memory_manager.c::523::mem_mgr_load_proc::skip to addr 0x00D29000
VERBOSE::memory_page.c::57::mem_page_init_from_proc_addr::lpcBaseAddr=0x00D29000
VERBOSE::memory_page.c::58::mem_page_init_from_proc_addr::lpcNextAddr=0x00D29000
VERBOSE::memory_page.c::88::mem_page_init_from_proc_addr::lpcBaseAddr=0x00D29000
VERBOSE::memory_page.c::89::mem_page_init_from_proc_addr::memInfo.BaseAddress=0x00D29000
VERBOSE::memory_page.c::90::mem_page_init_from_proc_addr::memInfo.RegionSize=0x00007000
ERROR::memory_page.c::217::mem_page_destroy::Deallocating NULL page
VERBOSE::memory_manager.c::523::mem_mgr_load_proc::skip to addr 0x00D30000
VERBOSE::memory_page.c::57::mem_page_init_from_proc_addr::lpcBaseAddr=0x00D30000
VERBOSE::memory_page.c::58::mem_page_init_from_proc_addr::lpcNextAddr=0x00D30000
VERBOSE::memory_page.c::88::mem_page_init_from_proc_addr::lpcBaseAddr=0x00D30000
VERBOSE::memory_page.c::89::mem_page_init_from_proc_addr::memInfo.BaseAddress=0x00D30000
VERBOSE::memory_page.c::90::mem_page_init_from_proc_addr::memInfo.RegionSize=0x0000A000
VERBOSE::memory_page.c::57::mem_page_init_from_proc_addr::lpcBaseAddr=0x00D3A000
VERBOSE::memory_page.c::58::mem_page_init_from_proc_addr::lpcNextAddr=0x00D3A000
VERBOSE::memory_page.c::88::mem_page_init_from_proc_addr::lpcBaseAddr=0x00D3A000
VERBOSE::memory_page.c::89::mem_page_init_from_proc_addr::memInfo.BaseAddress=0x00D3A000
VERBOSE::memory_page.c::90::mem_page_init_from_proc_addr::memInfo.RegionSize=0x00006000
ERROR::memory_page.c::217::mem_page_destroy::Deallocating NULL page
VERBOSE::memory_manager.c::523::mem_mgr_load_proc::skip to addr 0x00D40000
VERBOSE::memory_page.c::57::mem_page_init_from_proc_addr::lpcBaseAddr=0x00D40000
VERBOSE::memory_page.c::58::mem_page_init_from_proc_addr::lpcNextAddr=0x00D40000
VERBOSE::memory_page.c::88::mem_page_init_from_proc_addr::lpcBaseAddr=0x00D40000
VERBOSE::memory_page.c::89::mem_page_init_from_proc_addr::memInfo.BaseAddress=0x00D40000
VERBOSE::memory_page.c::90::mem_page_init_from_proc_addr::memInfo.RegionSize=0x00003000
VERBOSE::memory_page.c::57::mem_page_init_from_proc_addr::lpcBaseAddr=0x00D43000
VERBOSE::memory_page.c::58::mem_page_init_from_proc_addr::lpcNextAddr=0x00D43000
VERBOSE::memory_page.c::88::mem_page_init_from_proc_addr::lpcBaseAddr=0x00D43000
VERBOSE::memory_page.c::89::mem_page_init_from_proc_addr::memInfo.BaseAddress=0x00D43000
VERBOSE::memory_page.c::90::mem_page_init_from_proc_addr::memInfo.RegionSize=0x00067000
ERROR::memory_page.c::217::mem_page_destroy::Deallocating NULL page
VERBOSE::memory_manager.c::523::mem_mgr_load_proc::skip to addr 0x00DAA000
VERBOSE::memory_page.c::57::mem_page_init_from_proc_addr::lpcBaseAddr=0x00DAA000
VERBOSE::memory_page.c::58::mem_page_init_from_proc_addr::lpcNextAddr=0x00DAA000
VERBOSE::memory_page.c::88::mem_page_init_from_proc_addr::lpcBaseAddr=0x00DAA000
VERBOSE::memory_page.c::89::mem_page_init_from_proc_addr::memInfo.BaseAddress=0x00DAA000
VERBOSE::memory_page.c::90::mem_page_init_from_proc_addr::memInfo.RegionSize=0x00006000
ERROR::memory_page.c::217::mem_page_destroy::Deallocating NULL page
VERBOSE::memory_manager.c::523::mem_mgr_load_proc::skip to addr 0x00DB0000
VERBOSE::memory_page.c::57::mem_page_init_from_proc_addr::lpcBaseAddr=0x00DB0000
VERBOSE::memory_page.c::58::mem_page_init_from_proc_addr::lpcNextAddr=0x00DB0000
VERBOSE::memory_page.c::88::mem_page_init_from_proc_addr::lpcBaseAddr=0x00DB0000
VERBOSE::memory_page.c::89::mem_page_init_from_proc_addr::memInfo.BaseAddress=0x00DB0000
VERBOSE::memory_page.c::90::mem_page_init_from_proc_addr::memInfo.RegionSize=0x000FD000
ERROR::memory_page.c::217::mem_page_destroy::Deallocating NULL page
VERBOSE::memory_manager.c::523::mem_mgr_load_proc::skip to addr 0x00EAD000
VERBOSE::memory_page.c::57::mem_page_init_from_proc_addr::lpcBaseAddr=0x00EAD000
VERBOSE::memory_page.c::58::mem_page_init_from_proc_addr::lpcNextAddr=0x00EAD000
VERBOSE::memory_page.c::88::mem_page_init_from_proc_addr::lpcBaseAddr=0x00EAD000
VERBOSE::memory_page.c::89::mem_page_init_from_proc_addr::memInfo.BaseAddress=0x00EAD000
VERBOSE::memory_page.c::90::mem_page_init_from_proc_addr::memInfo.RegionSize=0x00002000
ERROR::memory_page.c::217::mem_page_destroy::Deallocating NULL page
VERBOSE::memory_manager.c::523::mem_mgr_load_proc::skip to addr 0x00EAF000
VERBOSE::memory_page.c::57::mem_page_init_from_proc_addr::lpcBaseAddr=0x00EAF000
VERBOSE::memory_page.c::58::mem_page_init_from_proc_addr::lpcNextAddr=0x00EAF000
VERBOSE::memory_page.c::88::mem_page_init_from_proc_addr::lpcBaseAddr=0x00EAF000
VERBOSE::memory_page.c::89::mem_page_init_from_proc_addr::memInfo.BaseAddress=0x00EAF000
VERBOSE::memory_page.c::90::mem_page_init_from_proc_addr::memInfo.RegionSize=0x00001000
VERBOSE::memory_page.c::57::mem_page_init_from_proc_addr::lpcBaseAddr=0x00EB0000
VERBOSE::memory_page.c::58::mem_page_init_from_proc_addr::lpcNextAddr=0x00EB0000
VERBOSE::memory_page.c::88::mem_page_init_from_proc_addr::lpcBaseAddr=0x00EB0000
VERBOSE::memory_page.c::89::mem_page_init_from_proc_addr::memInfo.BaseAddress=0x00EB0000
VERBOSE::memory_page.c::90::mem_page_init_from_proc_addr::memInfo.RegionSize=0x00040000
ERROR::memory_page.c::217::mem_page_destroy::Deallocating NULL page
VERBOSE::memory_manager.c::523::mem_mgr_load_proc::skip to addr 0x00EF0000
VERBOSE::memory_page.c::57::mem_page_init_from_proc_addr::lpcBaseAddr=0x00EF0000
VERBOSE::memory_page.c::58::mem_page_init_from_proc_addr::lpcNextAddr=0x00EF0000
VERBOSE::memory_page.c::88::mem_page_init_from_proc_addr::lpcBaseAddr=0x00EF0000
VERBOSE::memory_page.c::89::mem_page_init_from_proc_addr::memInfo.BaseAddress=0x00EF0000
VERBOSE::memory_page.c::90::mem_page_init_from_proc_addr::memInfo.RegionSize=0x00001000
ERROR::memory_page.c::217::mem_page_destroy::Deallocating NULL page
VERBOSE::memory_manager.c::523::mem_mgr_load_proc::skip to addr 0x00EF1000
VERBOSE::memory_page.c::57::mem_page_init_from_proc_addr::lpcBaseAddr=0x00EF1000
VERBOSE::memory_page.c::58::mem_page_init_from_proc_addr::lpcNextAddr=0x00EF1000
VERBOSE::memory_page.c::88::mem_page_init_from_proc_addr::lpcBaseAddr=0x00EF1000
VERBOSE::memory_page.c::89::mem_page_init_from_proc_addr::memInfo.BaseAddress=0x00EF1000
VERBOSE::memory_page.c::90::mem_page_init_from_proc_addr::memInfo.RegionSize=0x0000F000
ERROR::memory_page.c::217::mem_page_destroy::Deallocating NULL page
VERBOSE::memory_manager.c::523::mem_mgr_load_proc::skip to addr 0x00F00000
VERBOSE::memory_page.c::57::mem_page_init_from_proc_addr::lpcBaseAddr=0x00F00000
VERBOSE::memory_page.c::58::mem_page_init_from_proc_addr::lpcNextAddr=0x00F00000
VERBOSE::memory_page.c::88::mem_page_init_from_proc_addr::lpcBaseAddr=0x00F00000
VERBOSE::memory_page.c::89::mem_page_init_from_proc_addr::memInfo.BaseAddress=0x00F00000
VERBOSE::memory_page.c::90::mem_page_init_from_proc_addr::memInfo.RegionSize=0x00004000
ERROR::memory_page.c::217::mem_page_destroy::Deallocating NULL page
VERBOSE::memory_manager.c::523::mem_mgr_load_proc::skip to addr 0x00F04000
VERBOSE::memory_page.c::57::mem_page_init_from_proc_addr::lpcBaseAddr=0x00F04000
VERBOSE::memory_page.c::58::mem_page_init_from_proc_addr::lpcNextAddr=0x00F04000
VERBOSE::memory_page.c::88::mem_page_init_from_proc_addr::lpcBaseAddr=0x00F04000
VERBOSE::memory_page.c::89::mem_page_init_from_proc_addr::memInfo.BaseAddress=0x00F04000
VERBOSE::memory_page.c::90::mem_page_init_from_proc_addr::memInfo.RegionSize=0x00004000
ERROR::memory_page.c::217::mem_page_destroy::Deallocating NULL page
VERBOSE::memory_manager.c::523::mem_mgr_load_proc::skip to addr 0x00F08000
VERBOSE::memory_page.c::57::mem_page_init_from_proc_addr::lpcBaseAddr=0x00F08000
VERBOSE::memory_page.c::58::mem_page_init_from_proc_addr::lpcNextAddr=0x00F08000
VERBOSE::memory_page.c::88::mem_page_init_from_proc_addr::lpcBaseAddr=0x00F08000
VERBOSE::memory_page.c::89::mem_page_init_from_proc_addr::memInfo.BaseAddress=0x00F08000
VERBOSE::memory_page.c::90::mem_page_init_from_proc_addr::memInfo.RegionSize=0x00008000
ERROR::memory_page.c::217::mem_page_destroy::Deallocating NULL page
VERBOSE::memory_manager.c::523::mem_mgr_load_proc::skip to addr 0x00F10000
VERBOSE::memory_page.c::57::mem_page_init_from_proc_addr::lpcBaseAddr=0x00F10000
VERBOSE::memory_page.c::58::mem_page_init_from_proc_addr::lpcNextAddr=0x00F10000
VERBOSE::memory_page.c::88::mem_page_init_from_proc_addr::lpcBaseAddr=0x00F10000
VERBOSE::memory_page.c::89::mem_page_init_from_proc_addr::memInfo.BaseAddress=0x00F10000
VERBOSE::memory_page.c::90::mem_page_init_from_proc_addr::memInfo.RegionSize=0x00001000
VERBOSE::memory_page.c::57::mem_page_init_from_proc_addr::lpcBaseAddr=0x00F11000
VERBOSE::memory_page.c::58::mem_page_init_from_proc_addr::lpcNextAddr=0x00F11000
VERBOSE::memory_page.c::88::mem_page_init_from_proc_addr::lpcBaseAddr=0x00F11000
VERBOSE::memory_page.c::89::mem_page_init_from_proc_addr::memInfo.BaseAddress=0x00F11000
VERBOSE::memory_page.c::90::mem_page_init_from_proc_addr::memInfo.RegionSize=0x0000F000
ERROR::memory_page.c::217::mem_page_destroy::Deallocating NULL page
VERBOSE::memory_manager.c::523::mem_mgr_load_proc::skip to addr 0x00F20000
VERBOSE::memory_page.c::57::mem_page_init_from_proc_addr::lpcBaseAddr=0x00F20000
VERBOSE::memory_page.c::58::mem_page_init_from_proc_addr::lpcNextAddr=0x00F20000
VERBOSE::memory_page.c::88::mem_page_init_from_proc_addr::lpcBaseAddr=0x00F20000
VERBOSE::memory_page.c::89::mem_page_init_from_proc_addr::memInfo.BaseAddress=0x00F20000
VERBOSE::memory_page.c::90::mem_page_init_from_proc_addr::memInfo.RegionSize=0x000D4000
VERBOSE::memory_page.c::57::mem_page_init_from_proc_addr::lpcBaseAddr=0x00FF4000
VERBOSE::memory_page.c::58::mem_page_init_from_proc_addr::lpcNextAddr=0x00FF4000
VERBOSE::memory_page.c::88::mem_page_init_from_proc_addr::lpcBaseAddr=0x00FF4000
VERBOSE::memory_page.c::89::mem_page_init_from_proc_addr::memInfo.BaseAddress=0x00FF4000
VERBOSE::memory_page.c::90::mem_page_init_from_proc_addr::memInfo.RegionSize=0x00001000
ERROR::memory_page.c::217::mem_page_destroy::Deallocating NULL page
VERBOSE::memory_manager.c::523::mem_mgr_load_proc::skip to addr 0x00FF5000
VERBOSE::memory_page.c::57::mem_page_init_from_proc_addr::lpcBaseAddr=0x00FF5000
VERBOSE::memory_page.c::58::mem_page_init_from_proc_addr::lpcNextAddr=0x00FF5000
VERBOSE::memory_page.c::88::mem_page_init_from_proc_addr::lpcBaseAddr=0x00FF5000
VERBOSE::memory_page.c::89::mem_page_init_from_proc_addr::memInfo.BaseAddress=0x00FF5000
VERBOSE::memory_page.c::90::mem_page_init_from_proc_addr::memInfo.RegionSize=0x0002A000
VERBOSE::memory_page.c::57::mem_page_init_from_proc_addr::lpcBaseAddr=0x0101F000
VERBOSE::memory_page.c::58::mem_page_init_from_proc_addr::lpcNextAddr=0x0101F000
VERBOSE::memory_page.c::88::mem_page_init_from_proc_addr::lpcBaseAddr=0x0101F000
VERBOSE::memory_page.c::89::mem_page_init_from_proc_addr::memInfo.BaseAddress=0x0101F000
VERBOSE::memory_page.c::90::mem_page_init_from_proc_addr::memInfo.RegionSize=0x00001000
ERROR::memory_page.c::217::mem_page_destroy::Deallocating NULL page
VERBOSE::memory_manager.c::523::mem_mgr_load_proc::skip to addr 0x01020000
VERBOSE::memory_page.c::57::mem_page_init_from_proc_addr::lpcBaseAddr=0x01020000
VERBOSE::memory_page.c::58::mem_page_init_from_proc_addr::lpcNextAddr=0x01020000
VERBOSE::memory_page.c::88::mem_page_init_from_proc_addr::lpcBaseAddr=0x01020000
VERBOSE::memory_page.c::89::mem_page_init_from_proc_addr::memInfo.BaseAddress=0x01020000
VERBOSE::memory_page.c::90::mem_page_init_from_proc_addr::memInfo.RegionSize=0x00004000
ERROR::memory_page.c::217::mem_page_destroy::Deallocating NULL page
VERBOSE::memory_manager.c::523::mem_mgr_load_proc::skip to addr 0x01024000
VERBOSE::memory_page.c::57::mem_page_init_from_proc_addr::lpcBaseAddr=0x01024000
VERBOSE::memory_page.c::58::mem_page_init_from_proc_addr::lpcNextAddr=0x01024000
VERBOSE::memory_page.c::88::mem_page_init_from_proc_addr::lpcBaseAddr=0x01024000
VERBOSE::memory_page.c::89::mem_page_init_from_proc_addr::memInfo.BaseAddress=0x01024000
VERBOSE::memory_page.c::90::mem_page_init_from_proc_addr::memInfo.RegionSize=0x001D5000
VERBOSE::memory_page.c::57::mem_page_init_from_proc_addr::lpcBaseAddr=0x011F9000
VERBOSE::memory_page.c::58::mem_page_init_from_proc_addr::lpcNextAddr=0x011F9000
VERBOSE::memory_page.c::88::mem_page_init_from_proc_addr::lpcBaseAddr=0x011F9000
VERBOSE::memory_page.c::89::mem_page_init_from_proc_addr::memInfo.BaseAddress=0x011F9000
VERBOSE::memory_page.c::90::mem_page_init_from_proc_addr::memInfo.RegionSize=0x00001000
ERROR::memory_page.c::217::mem_page_destroy::Deallocating NULL page
VERBOSE::memory_manager.c::523::mem_mgr_load_proc::skip to addr 0x011FA000
VERBOSE::memory_page.c::57::mem_page_init_from_proc_addr::lpcBaseAddr=0x011FA000
VERBOSE::memory_page.c::58::mem_page_init_from_proc_addr::lpcNextAddr=0x011FA000
VERBOSE::memory_page.c::88::mem_page_init_from_proc_addr::lpcBaseAddr=0x011FA000
VERBOSE::memory_page.c::89::mem_page_init_from_proc_addr::memInfo.BaseAddress=0x011FA000
VERBOSE::memory_page.c::90::mem_page_init_from_proc_addr::memInfo.RegionSize=0x00046000
ERROR::memory_page.c::217::mem_page_destroy::Deallocating NULL page
VERBOSE::memory_manager.c::523::mem_mgr_load_proc::skip to addr 0x01240000
VERBOSE::memory_page.c::57::mem_page_init_from_proc_addr::lpcBaseAddr=0x01240000
VERBOSE::memory_page.c::58::mem_page_init_from_proc_addr::lpcNextAddr=0x01240000
VERBOSE::memory_page.c::88::mem_page_init_from_proc_addr::lpcBaseAddr=0x01240000
VERBOSE::memory_page.c::89::mem_page_init_from_proc_addr::memInfo.BaseAddress=0x01240000
VERBOSE::memory_page.c::90::mem_page_init_from_proc_addr::memInfo.RegionSize=0x00001000
ERROR::memory_page.c::217::mem_page_destroy::Deallocating NULL page
VERBOSE::memory_manager.c::523::mem_mgr_load_proc::skip to addr 0x01241000
VERBOSE::memory_page.c::57::mem_page_init_from_proc_addr::lpcBaseAddr=0x01241000
VERBOSE::memory_page.c::58::mem_page_init_from_proc_addr::lpcNextAddr=0x01241000
VERBOSE::memory_page.c::88::mem_page_init_from_proc_addr::lpcBaseAddr=0x01241000
VERBOSE::memory_page.c::89::mem_page_init_from_proc_addr::memInfo.BaseAddress=0x01241000
VERBOSE::memory_page.c::90::mem_page_init_from_proc_addr::memInfo.RegionSize=0x0000F000
ERROR::memory_page.c::217::mem_page_destroy::Deallocating NULL page
VERBOSE::memory_manager.c::523::mem_mgr_load_proc::skip to addr 0x01250000
VERBOSE::memory_page.c::57::mem_page_init_from_proc_addr::lpcBaseAddr=0x01250000
VERBOSE::memory_page.c::58::mem_page_init_from_proc_addr::lpcNextAddr=0x01250000
VERBOSE::memory_page.c::88::mem_page_init_from_proc_addr::lpcBaseAddr=0x01250000
VERBOSE::memory_page.c::89::mem_page_init_from_proc_addr::memInfo.BaseAddress=0x01250000
VERBOSE::memory_page.c::90::mem_page_init_from_proc_addr::memInfo.RegionSize=0x00001000
ERROR::memory_page.c::217::mem_page_destroy::Deallocating NULL page
VERBOSE::memory_manager.c::523::mem_mgr_load_proc::skip to addr 0x01251000
VERBOSE::memory_page.c::57::mem_page_init_from_proc_addr::lpcBaseAddr=0x01251000
VERBOSE::memory_page.c::58::mem_page_init_from_proc_addr::lpcNextAddr=0x01251000
VERBOSE::memory_page.c::88::mem_page_init_from_proc_addr::lpcBaseAddr=0x01251000
VERBOSE::memory_page.c::89::mem_page_init_from_proc_addr::memInfo.BaseAddress=0x01251000
VERBOSE::memory_page.c::90::mem_page_init_from_proc_addr::memInfo.RegionSize=0x0000F000
ERROR::memory_page.c::217::mem_page_destroy::Deallocating NULL page
VERBOSE::memory_manager.c::523::mem_mgr_load_proc::skip to addr 0x01260000
VERBOSE::memory_page.c::57::mem_page_init_from_proc_addr::lpcBaseAddr=0x01260000
VERBOSE::memory_page.c::58::mem_page_init_from_proc_addr::lpcNextAddr=0x01260000
VERBOSE::memory_page.c::88::mem_page_init_from_proc_addr::lpcBaseAddr=0x01260000
VERBOSE::memory_page.c::89::mem_page_init_from_proc_addr::memInfo.BaseAddress=0x01260000
VERBOSE::memory_page.c::90::mem_page_init_from_proc_addr::memInfo.RegionSize=0x00181000
ERROR::memory_page.c::217::mem_page_destroy::Deallocating NULL page
VERBOSE::memory_manager.c::523::mem_mgr_load_proc::skip to addr 0x013E1000
VERBOSE::memory_page.c::57::mem_page_init_from_proc_addr::lpcBaseAddr=0x013E1000
VERBOSE::memory_page.c::58::mem_page_init_from_proc_addr::lpcNextAddr=0x013E1000
VERBOSE::memory_page.c::88::mem_page_init_from_proc_addr::lpcBaseAddr=0x013E1000
VERBOSE::memory_page.c::89::mem_page_init_from_proc_addr::memInfo.BaseAddress=0x013E1000
VERBOSE::memory_page.c::90::mem_page_init_from_proc_addr::memInfo.RegionSize=0x0000F000
ERROR::memory_page.c::217::mem_page_destroy::Deallocating NULL page
VERBOSE::memory_manager.c::523::mem_mgr_load_proc::skip to addr 0x013F0000
VERBOSE::memory_page.c::57::mem_page_init_from_proc_addr::lpcBaseAddr=0x013F0000
VERBOSE::memory_page.c::58::mem_page_init_from_proc_addr::lpcNextAddr=0x013F0000
VERBOSE::memory_page.c::88::mem_page_init_from_proc_addr::lpcBaseAddr=0x013F0000
VERBOSE::memory_page.c::89::mem_page_init_from_proc_addr::memInfo.BaseAddress=0x013F0000
VERBOSE::memory_page.c::90::mem_page_init_from_proc_addr::memInfo.RegionSize=0x00001000
VERBOSE::memory_page.c::57::mem_page_init_from_proc_addr::lpcBaseAddr=0x013F1000
VERBOSE::memory_page.c::58::mem_page_init_from_proc_addr::lpcNextAddr=0x013F1000
VERBOSE::memory_page.c::88::mem_page_init_from_proc_addr::lpcBaseAddr=0x013F1000
VERBOSE::memory_page.c::89::mem_page_init_from_proc_addr::memInfo.BaseAddress=0x013F1000
VERBOSE::memory_page.c::90::mem_page_init_from_proc_addr::memInfo.RegionSize=0x0000F000
ERROR::memory_page.c::217::mem_page_destroy::Deallocating NULL page
VERBOSE::memory_manager.c::523::mem_mgr_load_proc::skip to addr 0x01400000
VERBOSE::memory_page.c::57::mem_page_init_from_proc_addr::lpcBaseAddr=0x01400000
VERBOSE::memory_page.c::58::mem_page_init_from_proc_addr::lpcNextAddr=0x01400000
VERBOSE::memory_page.c::88::mem_page_init_from_proc_addr::lpcBaseAddr=0x01400000
VERBOSE::memory_page.c::89::mem_page_init_from_proc_addr::memInfo.BaseAddress=0x01400000
VERBOSE::memory_page.c::90::mem_page_init_from_proc_addr::memInfo.RegionSize=0x00001000
ERROR::memory_page.c::217::mem_page_destroy::Deallocating NULL page
VERBOSE::memory_manager.c::523::mem_mgr_load_proc::skip to addr 0x01401000
VERBOSE::memory_page.c::57::mem_page_init_from_proc_addr::lpcBaseAddr=0x01401000
VERBOSE::memory_page.c::58::mem_page_init_from_proc_addr::lpcNextAddr=0x01401000
VERBOSE::memory_page.c::88::mem_page_init_from_proc_addr::lpcBaseAddr=0x01401000
VERBOSE::memory_page.c::89::mem_page_init_from_proc_addr::memInfo.BaseAddress=0x01401000
VERBOSE::memory_page.c::90::mem_page_init_from_proc_addr::memInfo.RegionSize=0x0000F000
ERROR::memory_page.c::217::mem_page_destroy::Deallocating NULL page
VERBOSE::memory_manager.c::523::mem_mgr_load_proc::skip to addr 0x01410000
VERBOSE::memory_page.c::57::mem_page_init_from_proc_addr::lpcBaseAddr=0x01410000
VERBOSE::memory_page.c::58::mem_page_init_from_proc_addr::lpcNextAddr=0x01410000
VERBOSE::memory_page.c::88::mem_page_init_from_proc_addr::lpcBaseAddr=0x01410000
VERBOSE::memory_page.c::89::mem_page_init_from_proc_addr::memInfo.BaseAddress=0x01410000
VERBOSE::memory_page.c::90::mem_page_init_from_proc_addr::memInfo.RegionSize=0x00001000
ERROR::memory_page.c::217::mem_page_destroy::Deallocating NULL page
VERBOSE::memory_manager.c::523::mem_mgr_load_proc::skip to addr 0x01411000
VERBOSE::memory_page.c::57::mem_page_init_from_proc_addr::lpcBaseAddr=0x01411000
VERBOSE::memory_page.c::58::mem_page_init_from_proc_addr::lpcNextAddr=0x01411000
VERBOSE::memory_page.c::88::mem_page_init_from_proc_addr::lpcBaseAddr=0x01411000
VERBOSE::memory_page.c::89::mem_page_init_from_proc_addr::memInfo.BaseAddress=0x01411000
VERBOSE::memory_page.c::90::mem_page_init_from_proc_addr::memInfo.RegionSize=0x0000F000
ERROR::memory_page.c::217::mem_page_destroy::Deallocating NULL page
VERBOSE::memory_manager.c::523::mem_mgr_load_proc::skip to addr 0x01420000
VERBOSE::memory_page.c::57::mem_page_init_from_proc_addr::lpcBaseAddr=0x01420000
VERBOSE::memory_page.c::58::mem_page_init_from_proc_addr::lpcNextAddr=0x01420000
VERBOSE::memory_page.c::88::mem_page_init_from_proc_addr::lpcBaseAddr=0x01420000
VERBOSE::memory_page.c::89::mem_page_init_from_proc_addr::memInfo.BaseAddress=0x01420000
VERBOSE::memory_page.c::90::mem_page_init_from_proc_addr::memInfo.RegionSize=0x0000F000
VERBOSE::memory_page.c::57::mem_page_init_from_proc_addr::lpcBaseAddr=0x0142F000
VERBOSE::memory_page.c::58::mem_page_init_from_proc_addr::lpcNextAddr=0x0142F000
VERBOSE::memory_page.c::88::mem_page_init_from_proc_addr::lpcBaseAddr=0x0142F000
VERBOSE::memory_page.c::89::mem_page_init_from_proc_addr::memInfo.BaseAddress=0x0142F000
VERBOSE::memory_page.c::90::mem_page_init_from_proc_addr::memInfo.RegionSize=0x00001000
ERROR::memory_page.c::217::mem_page_destroy::Deallocating NULL page
VERBOSE::memory_manager.c::523::mem_mgr_load_proc::skip to addr 0x01430000
VERBOSE::memory_page.c::57::mem_page_init_from_proc_addr::lpcBaseAddr=0x01430000
VERBOSE::memory_page.c::58::mem_page_init_from_proc_addr::lpcNextAddr=0x01430000
VERBOSE::memory_page.c::88::mem_page_init_from_proc_addr::lpcBaseAddr=0x01430000
VERBOSE::memory_page.c::89::mem_page_init_from_proc_addr::memInfo.BaseAddress=0x01430000
VERBOSE::memory_page.c::90::mem_page_init_from_proc_addr::memInfo.RegionSize=0x00020000
ERROR::memory_page.c::217::mem_page_destroy::Deallocating NULL page
VERBOSE::memory_manager.c::523::mem_mgr_load_proc::skip to addr 0x01450000
VERBOSE::memory_page.c::57::mem_page_init_from_proc_addr::lpcBaseAddr=0x01450000
VERBOSE::memory_page.c::58::mem_page_init_from_proc_addr::lpcNextAddr=0x01450000
VERBOSE::memory_page.c::88::mem_page_init_from_proc_addr::lpcBaseAddr=0x01450000
VERBOSE::memory_page.c::89::mem_page_init_from_proc_addr::memInfo.BaseAddress=0x01450000
VERBOSE::memory_page.c::90::mem_page_init_from_proc_addr::memInfo.RegionSize=0x001E0000
ERROR::memory_page.c::217::mem_page_destroy::Deallocating NULL page
VERBOSE::memory_manager.c::523::mem_mgr_load_proc::skip to addr 0x01630000
VERBOSE::memory_page.c::57::mem_page_init_from_proc_addr::lpcBaseAddr=0x01630000
VERBOSE::memory_page.c::58::mem_page_init_from_proc_addr::lpcNextAddr=0x01630000
VERBOSE::memory_page.c::88::mem_page_init_from_proc_addr::lpcBaseAddr=0x01630000
VERBOSE::memory_page.c::89::mem_page_init_from_proc_addr::memInfo.BaseAddress=0x01630000
VERBOSE::memory_page.c::90::mem_page_init_from_proc_addr::memInfo.RegionSize=0x00210000
ERROR::memory_page.c::217::mem_page_destroy::Deallocating NULL page
VERBOSE::memory_manager.c::523::mem_mgr_load_proc::skip to addr 0x01840000
VERBOSE::memory_page.c::57::mem_page_init_from_proc_addr::lpcBaseAddr=0x01840000
VERBOSE::memory_page.c::58::mem_page_init_from_proc_addr::lpcNextAddr=0x01840000
VERBOSE::memory_page.c::88::mem_page_init_from_proc_addr::lpcBaseAddr=0x01840000
VERBOSE::memory_page.c::89::mem_page_init_from_proc_addr::memInfo.BaseAddress=0x01840000
VERBOSE::memory_page.c::90::mem_page_init_from_proc_addr::memInfo.RegionSize=0x011F1000
ERROR::memory_page.c::217::mem_page_destroy::Deallocating NULL page
VERBOSE::memory_manager.c::523::mem_mgr_load_proc::skip to addr 0x02A31000
VERBOSE::memory_page.c::57::mem_page_init_from_proc_addr::lpcBaseAddr=0x02A31000
VERBOSE::memory_page.c::58::mem_page_init_from_proc_addr::lpcNextAddr=0x02A31000
VERBOSE::memory_page.c::88::mem_page_init_from_proc_addr::lpcBaseAddr=0x02A31000
VERBOSE::memory_page.c::89::mem_page_init_from_proc_addr::memInfo.BaseAddress=0x02A31000
VERBOSE::memory_page.c::90::mem_page_init_from_proc_addr::memInfo.RegionSize=0x0000F000
ERROR::memory_page.c::217::mem_page_destroy::Deallocating NULL page
VERBOSE::memory_manager.c::523::mem_mgr_load_proc::skip to addr 0x02A40000
VERBOSE::memory_page.c::57::mem_page_init_from_proc_addr::lpcBaseAddr=0x02A40000
VERBOSE::memory_page.c::58::mem_page_init_from_proc_addr::lpcNextAddr=0x02A40000
VERBOSE::memory_page.c::88::mem_page_init_from_proc_addr::lpcBaseAddr=0x02A40000
VERBOSE::memory_page.c::89::mem_page_init_from_proc_addr::memInfo.BaseAddress=0x02A40000
VERBOSE::memory_page.c::90::mem_page_init_from_proc_addr::memInfo.RegionSize=0x00001000
VERBOSE::memory_page.c::57::mem_page_init_from_proc_addr::lpcBaseAddr=0x02A41000
VERBOSE::memory_page.c::58::mem_page_init_from_proc_addr::lpcNextAddr=0x02A41000
VERBOSE::memory_page.c::88::mem_page_init_from_proc_addr::lpcBaseAddr=0x02A41000
VERBOSE::memory_page.c::89::mem_page_init_from_proc_addr::memInfo.BaseAddress=0x02A41000
VERBOSE::memory_page.c::90::mem_page_init_from_proc_addr::memInfo.RegionSize=0x0007F000
ERROR::memory_page.c::217::mem_page_destroy::Deallocating NULL page
VERBOSE::memory_manager.c::523::mem_mgr_load_proc::skip to addr 0x02AC0000
VERBOSE::memory_page.c::57::mem_page_init_from_proc_addr::lpcBaseAddr=0x02AC0000
VERBOSE::memory_page.c::58::mem_page_init_from_proc_addr::lpcNextAddr=0x02AC0000
VERBOSE::memory_page.c::88::mem_page_init_from_proc_addr::lpcBaseAddr=0x02AC0000
VERBOSE::memory_page.c::89::mem_page_init_from_proc_addr::memInfo.BaseAddress=0x02AC0000
VERBOSE::memory_page.c::90::mem_page_init_from_proc_addr::memInfo.RegionSize=0x00040000
ERROR::memory_page.c::217::mem_page_destroy::Deallocating NULL page
VERBOSE::memory_manager.c::523::mem_mgr_load_proc::skip to addr 0x02B00000
VERBOSE::memory_page.c::57::mem_page_init_from_proc_addr::lpcBaseAddr=0x02B00000
VERBOSE::memory_page.c::58::mem_page_init_from_proc_addr::lpcNextAddr=0x02B00000
VERBOSE::memory_page.c::88::mem_page_init_from_proc_addr::lpcBaseAddr=0x02B00000
VERBOSE::memory_page.c::89::mem_page_init_from_proc_addr::memInfo.BaseAddress=0x02B00000
VERBOSE::memory_page.c::90::mem_page_init_from_proc_addr::memInfo.RegionSize=0x00001000
VERBOSE::memory_page.c::57::mem_page_init_from_proc_addr::lpcBaseAddr=0x02B01000
VERBOSE::memory_page.c::58::mem_page_init_from_proc_addr::lpcNextAddr=0x02B01000
VERBOSE::memory_page.c::88::mem_page_init_from_proc_addr::lpcBaseAddr=0x02B01000
VERBOSE::memory_page.c::89::mem_page_init_from_proc_addr::memInfo.BaseAddress=0x02B01000
VERBOSE::memory_page.c::90::mem_page_init_from_proc_addr::memInfo.RegionSize=0x0000F000
ERROR::memory_page.c::217::mem_page_destroy::Deallocating NULL page
VERBOSE::memory_manager.c::523::mem_mgr_load_proc::skip to addr 0x02B10000
VERBOSE::memory_page.c::57::mem_page_init_from_proc_addr::lpcBaseAddr=0x02B10000
VERBOSE::memory_page.c::58::mem_page_init_from_proc_addr::lpcNextAddr=0x02B10000
VERBOSE::memory_page.c::88::mem_page_init_from_proc_addr::lpcBaseAddr=0x02B10000
VERBOSE::memory_page.c::89::mem_page_init_from_proc_addr::memInfo.BaseAddress=0x02B10000
VERBOSE::memory_page.c::90::mem_page_init_from_proc_addr::memInfo.RegionSize=0x0000F000
VERBOSE::memory_page.c::57::mem_page_init_from_proc_addr::lpcBaseAddr=0x02B1F000
VERBOSE::memory_page.c::58::mem_page_init_from_proc_addr::lpcNextAddr=0x02B1F000
VERBOSE::memory_page.c::88::mem_page_init_from_proc_addr::lpcBaseAddr=0x02B1F000
VERBOSE::memory_page.c::89::mem_page_init_from_proc_addr::memInfo.BaseAddress=0x02B1F000
VERBOSE::memory_page.c::90::mem_page_init_from_proc_addr::memInfo.RegionSize=0x00001000
ERROR::memory_page.c::217::mem_page_destroy::Deallocating NULL page
VERBOSE::memory_manager.c::523::mem_mgr_load_proc::skip to addr 0x02B20000
VERBOSE::memory_page.c::57::mem_page_init_from_proc_addr::lpcBaseAddr=0x02B20000
VERBOSE::memory_page.c::58::mem_page_init_from_proc_addr::lpcNextAddr=0x02B20000
VERBOSE::memory_page.c::88::mem_page_init_from_proc_addr::lpcBaseAddr=0x02B20000
VERBOSE::memory_page.c::89::mem_page_init_from_proc_addr::memInfo.BaseAddress=0x02B20000
VERBOSE::memory_page.c::90::mem_page_init_from_proc_addr::memInfo.RegionSize=0x00002000
VERBOSE::memory_page.c::57::mem_page_init_from_proc_addr::lpcBaseAddr=0x02B22000
VERBOSE::memory_page.c::58::mem_page_init_from_proc_addr::lpcNextAddr=0x02B22000
VERBOSE::memory_page.c::88::mem_page_init_from_proc_addr::lpcBaseAddr=0x02B22000
VERBOSE::memory_page.c::89::mem_page_init_from_proc_addr::memInfo.BaseAddress=0x02B22000
VERBOSE::memory_page.c::90::mem_page_init_from_proc_addr::memInfo.RegionSize=0x00068000
ERROR::memory_page.c::217::mem_page_destroy::Deallocating NULL page
VERBOSE::memory_manager.c::523::mem_mgr_load_proc::skip to addr 0x02B8A000
VERBOSE::memory_page.c::57::mem_page_init_from_proc_addr::lpcBaseAddr=0x02B8A000
VERBOSE::memory_page.c::58::mem_page_init_from_proc_addr::lpcNextAddr=0x02B8A000
VERBOSE::memory_page.c::88::mem_page_init_from_proc_addr::lpcBaseAddr=0x02B8A000
VERBOSE::memory_page.c::89::mem_page_init_from_proc_addr::memInfo.BaseAddress=0x02B8A000
VERBOSE::memory_page.c::90::mem_page_init_from_proc_addr::memInfo.RegionSize=0x00046000
ERROR::memory_page.c::217::mem_page_destroy::Deallocating NULL page
VERBOSE::memory_manager.c::523::mem_mgr_load_proc::skip to addr 0x02BD0000
VERBOSE::memory_page.c::57::mem_page_init_from_proc_addr::lpcBaseAddr=0x02BD0000
VERBOSE::memory_page.c::58::mem_page_init_from_proc_addr::lpcNextAddr=0x02BD0000
VERBOSE::memory_page.c::88::mem_page_init_from_proc_addr::lpcBaseAddr=0x02BD0000
VERBOSE::memory_page.c::89::mem_page_init_from_proc_addr::memInfo.BaseAddress=0x02BD0000
VERBOSE::memory_page.c::90::mem_page_init_from_proc_addr::memInfo.RegionSize=0x00001000
ERROR::memory_page.c::217::mem_page_destroy::Deallocating NULL page
VERBOSE::memory_manager.c::523::mem_mgr_load_proc::skip to addr 0x02BD1000
VERBOSE::memory_page.c::57::mem_page_init_from_proc_addr::lpcBaseAddr=0x02BD1000
VERBOSE::memory_page.c::58::mem_page_init_from_proc_addr::lpcNextAddr=0x02BD1000
VERBOSE::memory_page.c::88::mem_page_init_from_proc_addr::lpcBaseAddr=0x02BD1000
VERBOSE::memory_page.c::89::mem_page_init_from_proc_addr::memInfo.BaseAddress=0x02BD1000
VERBOSE::memory_page.c::90::mem_page_init_from_proc_addr::memInfo.RegionSize=0x0000F000
ERROR::memory_page.c::217::mem_page_destroy::Deallocating NULL page
VERBOSE::memory_manager.c::523::mem_mgr_load_proc::skip to addr 0x02BE0000
VERBOSE::memory_page.c::57::mem_page_init_from_proc_addr::lpcBaseAddr=0x02BE0000
VERBOSE::memory_page.c::58::mem_page_init_from_proc_addr::lpcNextAddr=0x02BE0000
VERBOSE::memory_page.c::88::mem_page_init_from_proc_addr::lpcBaseAddr=0x02BE0000
VERBOSE::memory_page.c::89::mem_page_init_from_proc_addr::memInfo.BaseAddress=0x02BE0000
VERBOSE::memory_page.c::90::mem_page_init_from_proc_addr::memInfo.RegionSize=0x0000F000
VERBOSE::memory_page.c::57::mem_page_init_from_proc_addr::lpcBaseAddr=0x02BEF000
VERBOSE::memory_page.c::58::mem_page_init_from_proc_addr::lpcNextAddr=0x02BEF000
VERBOSE::memory_page.c::88::mem_page_init_from_proc_addr::lpcBaseAddr=0x02BEF000
VERBOSE::memory_page.c::89::mem_page_init_from_proc_addr::memInfo.BaseAddress=0x02BEF000
VERBOSE::memory_page.c::90::mem_page_init_from_proc_addr::memInfo.RegionSize=0x00001000
ERROR::memory_page.c::217::mem_page_destroy::Deallocating NULL page
VERBOSE::memory_manager.c::523::mem_mgr_load_proc::skip to addr 0x02BF0000
VERBOSE::memory_page.c::57::mem_page_init_from_proc_addr::lpcBaseAddr=0x02BF0000
VERBOSE::memory_page.c::58::mem_page_init_from_proc_addr::lpcNextAddr=0x02BF0000
VERBOSE::memory_page.c::88::mem_page_init_from_proc_addr::lpcBaseAddr=0x02BF0000
VERBOSE::memory_page.c::89::mem_page_init_from_proc_addr::memInfo.BaseAddress=0x02BF0000
VERBOSE::memory_page.c::90::mem_page_init_from_proc_addr::memInfo.RegionSize=0x00100000
VERBOSE::memory_page.c::57::mem_page_init_from_proc_addr::lpcBaseAddr=0x02CF0000
VERBOSE::memory_page.c::58::mem_page_init_from_proc_addr::lpcNextAddr=0x02CF0000
VERBOSE::memory_page.c::88::mem_page_init_from_proc_addr::lpcBaseAddr=0x02CF0000
VERBOSE::memory_page.c::89::mem_page_init_from_proc_addr::memInfo.BaseAddress=0x02CF0000
VERBOSE::memory_page.c::90::mem_page_init_from_proc_addr::memInfo.RegionSize=0x00002000
VERBOSE::memory_page.c::57::mem_page_init_from_proc_addr::lpcBaseAddr=0x02CF2000
VERBOSE::memory_page.c::58::mem_page_init_from_proc_addr::lpcNextAddr=0x02CF2000
VERBOSE::memory_page.c::88::mem_page_init_from_proc_addr::lpcBaseAddr=0x02CF2000
VERBOSE::memory_page.c::89::mem_page_init_from_proc_addr::memInfo.BaseAddress=0x02CF2000
VERBOSE::memory_page.c::90::mem_page_init_from_proc_addr::memInfo.RegionSize=0x000C1000
ERROR::memory_page.c::217::mem_page_destroy::Deallocating NULL page
VERBOSE::memory_manager.c::523::mem_mgr_load_proc::skip to addr 0x02DB3000
VERBOSE::memory_page.c::57::mem_page_init_from_proc_addr::lpcBaseAddr=0x02DB3000
VERBOSE::memory_page.c::58::mem_page_init_from_proc_addr::lpcNextAddr=0x02DB3000
VERBOSE::memory_page.c::88::mem_page_init_from_proc_addr::lpcBaseAddr=0x02DB3000
VERBOSE::memory_page.c::89::mem_page_init_from_proc_addr::memInfo.BaseAddress=0x02DB3000
VERBOSE::memory_page.c::90::mem_page_init_from_proc_addr::memInfo.RegionSize=0x0000D000
ERROR::memory_page.c::217::mem_page_destroy::Deallocating NULL page
VERBOSE::memory_manager.c::523::mem_mgr_load_proc::skip to addr 0x02DC0000
VERBOSE::memory_page.c::57::mem_page_init_from_proc_addr::lpcBaseAddr=0x02DC0000
VERBOSE::memory_page.c::58::mem_page_init_from_proc_addr::lpcNextAddr=0x02DC0000
VERBOSE::memory_page.c::88::mem_page_init_from_proc_addr::lpcBaseAddr=0x02DC0000
VERBOSE::memory_page.c::89::mem_page_init_from_proc_addr::memInfo.BaseAddress=0x02DC0000
VERBOSE::memory_page.c::90::mem_page_init_from_proc_addr::memInfo.RegionSize=0x00001000
ERROR::memory_page.c::217::mem_page_destroy::Deallocating NULL page
VERBOSE::memory_manager.c::523::mem_mgr_load_proc::skip to addr 0x02DC1000
VERBOSE::memory_page.c::57::mem_page_init_from_proc_addr::lpcBaseAddr=0x02DC1000
VERBOSE::memory_page.c::58::mem_page_init_from_proc_addr::lpcNextAddr=0x02DC1000
VERBOSE::memory_page.c::88::mem_page_init_from_proc_addr::lpcBaseAddr=0x02DC1000
VERBOSE::memory_page.c::89::mem_page_init_from_proc_addr::memInfo.BaseAddress=0x02DC1000
VERBOSE::memory_page.c::90::mem_page_init_from_proc_addr::memInfo.RegionSize=0x0000F000
ERROR::memory_page.c::217::mem_page_destroy::Deallocating NULL page
VERBOSE::memory_manager.c::523::mem_mgr_load_proc::skip to addr 0x02DD0000
VERBOSE::memory_page.c::57::mem_page_init_from_proc_addr::lpcBaseAddr=0x02DD0000
VERBOSE::memory_page.c::58::mem_page_init_from_proc_addr::lpcNextAddr=0x02DD0000
VERBOSE::memory_page.c::88::mem_page_init_from_proc_addr::lpcBaseAddr=0x02DD0000
VERBOSE::memory_page.c::89::mem_page_init_from_proc_addr::memInfo.BaseAddress=0x02DD0000
VERBOSE::memory_page.c::90::mem_page_init_from_proc_addr::memInfo.RegionSize=0x00003000
VERBOSE::memory_page.c::57::mem_page_init_from_proc_addr::lpcBaseAddr=0x02DD3000
VERBOSE::memory_page.c::58::mem_page_init_from_proc_addr::lpcNextAddr=0x02DD3000
VERBOSE::memory_page.c::88::mem_page_init_from_proc_addr::lpcBaseAddr=0x02DD3000
VERBOSE::memory_page.c::89::mem_page_init_from_proc_addr::memInfo.BaseAddress=0x02DD3000
VERBOSE::memory_page.c::90::mem_page_init_from_proc_addr::memInfo.RegionSize=0x0000D000
ERROR::memory_page.c::217::mem_page_destroy::Deallocating NULL page
VERBOSE::memory_manager.c::523::mem_mgr_load_proc::skip to addr 0x02DE0000
VERBOSE::memory_page.c::57::mem_page_init_from_proc_addr::lpcBaseAddr=0x02DE0000
VERBOSE::memory_page.c::58::mem_page_init_from_proc_addr::lpcNextAddr=0x02DE0000
VERBOSE::memory_page.c::88::mem_page_init_from_proc_addr::lpcBaseAddr=0x02DE0000
VERBOSE::memory_page.c::89::mem_page_init_from_proc_addr::memInfo.BaseAddress=0x02DE0000
VERBOSE::memory_page.c::90::mem_page_init_from_proc_addr::memInfo.RegionSize=0x000FF000
VERBOSE::memory_page.c::57::mem_page_init_from_proc_addr::lpcBaseAddr=0x02EDF000
VERBOSE::memory_page.c::58::mem_page_init_from_proc_addr::lpcNextAddr=0x02EDF000
VERBOSE::memory_page.c::88::mem_page_init_from_proc_addr::lpcBaseAddr=0x02EDF000
VERBOSE::memory_page.c::89::mem_page_init_from_proc_addr::memInfo.BaseAddress=0x02EDF000
VERBOSE::memory_page.c::90::mem_page_init_from_proc_addr::memInfo.RegionSize=0x00001000
ERROR::memory_page.c::217::mem_page_destroy::Deallocating NULL page
VERBOSE::memory_manager.c::523::mem_mgr_load_proc::skip to addr 0x02EE0000
VERBOSE::memory_page.c::57::mem_page_init_from_proc_addr::lpcBaseAddr=0x02EE0000
VERBOSE::memory_page.c::58::mem_page_init_from_proc_addr::lpcNextAddr=0x02EE0000
VERBOSE::memory_page.c::88::mem_page_init_from_proc_addr::lpcBaseAddr=0x02EE0000
VERBOSE::memory_page.c::89::mem_page_init_from_proc_addr::memInfo.BaseAddress=0x02EE0000
VERBOSE::memory_page.c::90::mem_page_init_from_proc_addr::memInfo.RegionSize=0x00338000
ERROR::memory_page.c::217::mem_page_destroy::Deallocating NULL page
VERBOSE::memory_manager.c::523::mem_mgr_load_proc::skip to addr 0x03218000
VERBOSE::memory_page.c::57::mem_page_init_from_proc_addr::lpcBaseAddr=0x03218000
VERBOSE::memory_page.c::58::mem_page_init_from_proc_addr::lpcNextAddr=0x03218000
VERBOSE::memory_page.c::88::mem_page_init_from_proc_addr::lpcBaseAddr=0x03218000
VERBOSE::memory_page.c::89::mem_page_init_from_proc_addr::memInfo.BaseAddress=0x03218000
VERBOSE::memory_page.c::90::mem_page_init_from_proc_addr::memInfo.RegionSize=0x00008000
ERROR::memory_page.c::217::mem_page_destroy::Deallocating NULL page
VERBOSE::memory_manager.c::523::mem_mgr_load_proc::skip to addr 0x03220000
VERBOSE::memory_page.c::57::mem_page_init_from_proc_addr::lpcBaseAddr=0x03220000
VERBOSE::memory_page.c::58::mem_page_init_from_proc_addr::lpcNextAddr=0x03220000
VERBOSE::memory_page.c::88::mem_page_init_from_proc_addr::lpcBaseAddr=0x03220000
VERBOSE::memory_page.c::89::mem_page_init_from_proc_addr::memInfo.BaseAddress=0x03220000
VERBOSE::memory_page.c::90::mem_page_init_from_proc_addr::memInfo.RegionSize=0x001FF000
VERBOSE::memory_page.c::57::mem_page_init_from_proc_addr::lpcBaseAddr=0x0341F000
VERBOSE::memory_page.c::58::mem_page_init_from_proc_addr::lpcNextAddr=0x0341F000
VERBOSE::memory_page.c::88::mem_page_init_from_proc_addr::lpcBaseAddr=0x0341F000
VERBOSE::memory_page.c::89::mem_page_init_from_proc_addr::memInfo.BaseAddress=0x0341F000
VERBOSE::memory_page.c::90::mem_page_init_from_proc_addr::memInfo.RegionSize=0x00001000
ERROR::memory_page.c::217::mem_page_destroy::Deallocating NULL page
VERBOSE::memory_manager.c::523::mem_mgr_load_proc::skip to addr 0x03420000
VERBOSE::memory_page.c::57::mem_page_init_from_proc_addr::lpcBaseAddr=0x03420000
VERBOSE::memory_page.c::58::mem_page_init_from_proc_addr::lpcNextAddr=0x03420000
VERBOSE::memory_page.c::88::mem_page_init_from_proc_addr::lpcBaseAddr=0x03420000
VERBOSE::memory_page.c::89::mem_page_init_from_proc_addr::memInfo.BaseAddress=0x03420000
VERBOSE::memory_page.c::90::mem_page_init_from_proc_addr::memInfo.RegionSize=0x00200000
ERROR::memory_page.c::217::mem_page_destroy::Deallocating NULL page
VERBOSE::memory_manager.c::523::mem_mgr_load_proc::skip to addr 0x03620000
VERBOSE::memory_page.c::57::mem_page_init_from_proc_addr::lpcBaseAddr=0x03620000
VERBOSE::memory_page.c::58::mem_page_init_from_proc_addr::lpcNextAddr=0x03620000
VERBOSE::memory_page.c::88::mem_page_init_from_proc_addr::lpcBaseAddr=0x03620000
VERBOSE::memory_page.c::89::mem_page_init_from_proc_addr::memInfo.BaseAddress=0x03620000
VERBOSE::memory_page.c::90::mem_page_init_from_proc_addr::memInfo.RegionSize=0x00001000
VERBOSE::memory_page.c::57::mem_page_init_from_proc_addr::lpcBaseAddr=0x03621000
VERBOSE::memory_page.c::58::mem_page_init_from_proc_addr::lpcNextAddr=0x03621000
VERBOSE::memory_page.c::88::mem_page_init_from_proc_addr::lpcBaseAddr=0x03621000
VERBOSE::memory_page.c::89::mem_page_init_from_proc_addr::memInfo.BaseAddress=0x03621000
VERBOSE::memory_page.c::90::mem_page_init_from_proc_addr::memInfo.RegionSize=0x0000F000
ERROR::memory_page.c::217::mem_page_destroy::Deallocating NULL page
VERBOSE::memory_manager.c::523::mem_mgr_load_proc::skip to addr 0x03630000
VERBOSE::memory_page.c::57::mem_page_init_from_proc_addr::lpcBaseAddr=0x03630000
VERBOSE::memory_page.c::58::mem_page_init_from_proc_addr::lpcNextAddr=0x03630000
VERBOSE::memory_page.c::88::mem_page_init_from_proc_addr::lpcBaseAddr=0x03630000
VERBOSE::memory_page.c::89::mem_page_init_from_proc_addr::memInfo.BaseAddress=0x03630000
VERBOSE::memory_page.c::90::mem_page_init_from_proc_addr::memInfo.RegionSize=0x00035000
ERROR::memory_page.c::217::mem_page_destroy::Deallocating NULL page
VERBOSE::memory_manager.c::523::mem_mgr_load_proc::skip to addr 0x03665000
VERBOSE::memory_page.c::57::mem_page_init_from_proc_addr::lpcBaseAddr=0x03665000
VERBOSE::memory_page.c::58::mem_page_init_from_proc_addr::lpcNextAddr=0x03665000
VERBOSE::memory_page.c::88::mem_page_init_from_proc_addr::lpcBaseAddr=0x03665000
VERBOSE::memory_page.c::89::mem_page_init_from_proc_addr::memInfo.BaseAddress=0x03665000
VERBOSE::memory_page.c::90::mem_page_init_from_proc_addr::memInfo.RegionSize=0x00003000
ERROR::memory_page.c::217::mem_page_destroy::Deallocating NULL page
VERBOSE::memory_manager.c::523::mem_mgr_load_proc::skip to addr 0x03668000
VERBOSE::memory_page.c::57::mem_page_init_from_proc_addr::lpcBaseAddr=0x03668000
VERBOSE::memory_page.c::58::mem_page_init_from_proc_addr::lpcNextAddr=0x03668000
VERBOSE::memory_page.c::88::mem_page_init_from_proc_addr::lpcBaseAddr=0x03668000
VERBOSE::memory_page.c::89::mem_page_init_from_proc_addr::memInfo.BaseAddress=0x03668000
VERBOSE::memory_page.c::90::mem_page_init_from_proc_addr::memInfo.RegionSize=0x00008000
VERBOSE::memory_page.c::57::mem_page_init_from_proc_addr::lpcBaseAddr=0x03670000
VERBOSE::memory_page.c::58::mem_page_init_from_proc_addr::lpcNextAddr=0x03670000
VERBOSE::memory_page.c::88::mem_page_init_from_proc_addr::lpcBaseAddr=0x03670000
VERBOSE::memory_page.c::89::mem_page_init_from_proc_addr::memInfo.BaseAddress=0x03670000
VERBOSE::memory_page.c::90::mem_page_init_from_proc_addr::memInfo.RegionSize=0x00001000
ERROR::memory_page.c::217::mem_page_destroy::Deallocating NULL page
VERBOSE::memory_manager.c::523::mem_mgr_load_proc::skip to addr 0x03671000
VERBOSE::memory_page.c::57::mem_page_init_from_proc_addr::lpcBaseAddr=0x03671000
VERBOSE::memory_page.c::58::mem_page_init_from_proc_addr::lpcNextAddr=0x03671000
VERBOSE::memory_page.c::88::mem_page_init_from_proc_addr::lpcBaseAddr=0x03671000
VERBOSE::memory_page.c::89::mem_page_init_from_proc_addr::memInfo.BaseAddress=0x03671000
VERBOSE::memory_page.c::90::mem_page_init_from_proc_addr::memInfo.RegionSize=0x0000F000
ERROR::memory_page.c::217::mem_page_destroy::Deallocating NULL page
VERBOSE::memory_manager.c::523::mem_mgr_load_proc::skip to addr 0x03680000
VERBOSE::memory_page.c::57::mem_page_init_from_proc_addr::lpcBaseAddr=0x03680000
VERBOSE::memory_page.c::58::mem_page_init_from_proc_addr::lpcNextAddr=0x03680000
VERBOSE::memory_page.c::88::mem_page_init_from_proc_addr::lpcBaseAddr=0x03680000
VERBOSE::memory_page.c::89::mem_page_init_from_proc_addr::memInfo.BaseAddress=0x03680000
VERBOSE::memory_page.c::90::mem_page_init_from_proc_addr::memInfo.RegionSize=0x00001000
VERBOSE::memory_page.c::57::mem_page_init_from_proc_addr::lpcBaseAddr=0x03681000
VERBOSE::memory_page.c::58::mem_page_init_from_proc_addr::lpcNextAddr=0x03681000
VERBOSE::memory_page.c::88::mem_page_init_from_proc_addr::lpcBaseAddr=0x03681000
VERBOSE::memory_page.c::89::mem_page_init_from_proc_addr::memInfo.BaseAddress=0x03681000
VERBOSE::memory_page.c::90::mem_page_init_from_proc_addr::memInfo.RegionSize=0x0000F000
ERROR::memory_page.c::217::mem_page_destroy::Deallocating NULL page
VERBOSE::memory_manager.c::523::mem_mgr_load_proc::skip to addr 0x03690000
VERBOSE::memory_page.c::57::mem_page_init_from_proc_addr::lpcBaseAddr=0x03690000
VERBOSE::memory_page.c::58::mem_page_init_from_proc_addr::lpcNextAddr=0x03690000
VERBOSE::memory_page.c::88::mem_page_init_from_proc_addr::lpcBaseAddr=0x03690000
VERBOSE::memory_page.c::89::mem_page_init_from_proc_addr::memInfo.BaseAddress=0x03690000
VERBOSE::memory_page.c::90::mem_page_init_from_proc_addr::memInfo.RegionSize=0x00001000
VERBOSE::memory_page.c::57::mem_page_init_from_proc_addr::lpcBaseAddr=0x03691000
VERBOSE::memory_page.c::58::mem_page_init_from_proc_addr::lpcNextAddr=0x03691000
VERBOSE::memory_page.c::88::mem_page_init_from_proc_addr::lpcBaseAddr=0x03691000
VERBOSE::memory_page.c::89::mem_page_init_from_proc_addr::memInfo.BaseAddress=0x03691000
VERBOSE::memory_page.c::90::mem_page_init_from_proc_addr::memInfo.RegionSize=0x0000F000
ERROR::memory_page.c::217::mem_page_destroy::Deallocating NULL page
VERBOSE::memory_manager.c::523::mem_mgr_load_proc::skip to addr 0x036A0000
VERBOSE::memory_page.c::57::mem_page_init_from_proc_addr::lpcBaseAddr=0x036A0000
VERBOSE::memory_page.c::58::mem_page_init_from_proc_addr::lpcNextAddr=0x036A0000
VERBOSE::memory_page.c::88::mem_page_init_from_proc_addr::lpcBaseAddr=0x036A0000
VERBOSE::memory_page.c::89::mem_page_init_from_proc_addr::memInfo.BaseAddress=0x036A0000
VERBOSE::memory_page.c::90::mem_page_init_from_proc_addr::memInfo.RegionSize=0x00035000
ERROR::memory_page.c::217::mem_page_destroy::Deallocating NULL page
VERBOSE::memory_manager.c::523::mem_mgr_load_proc::skip to addr 0x036D5000
VERBOSE::memory_page.c::57::mem_page_init_from_proc_addr::lpcBaseAddr=0x036D5000
VERBOSE::memory_page.c::58::mem_page_init_from_proc_addr::lpcNextAddr=0x036D5000
VERBOSE::memory_page.c::88::mem_page_init_from_proc_addr::lpcBaseAddr=0x036D5000
VERBOSE::memory_page.c::89::mem_page_init_from_proc_addr::memInfo.BaseAddress=0x036D5000
VERBOSE::memory_page.c::90::mem_page_init_from_proc_addr::memInfo.RegionSize=0x00003000
ERROR::memory_page.c::217::mem_page_destroy::Deallocating NULL page
VERBOSE::memory_manager.c::523::mem_mgr_load_proc::skip to addr 0x036D8000
VERBOSE::memory_page.c::57::mem_page_init_from_proc_addr::lpcBaseAddr=0x036D8000
VERBOSE::memory_page.c::58::mem_page_init_from_proc_addr::lpcNextAddr=0x036D8000
VERBOSE::memory_page.c::88::mem_page_init_from_proc_addr::lpcBaseAddr=0x036D8000
VERBOSE::memory_page.c::89::mem_page_init_from_proc_addr::memInfo.BaseAddress=0x036D8000
VERBOSE::memory_page.c::90::mem_page_init_from_proc_addr::memInfo.RegionSize=0x00008000
VERBOSE::memory_page.c::57::mem_page_init_from_proc_addr::lpcBaseAddr=0x036E0000
VERBOSE::memory_page.c::58::mem_page_init_from_proc_addr::lpcNextAddr=0x036E0000
VERBOSE::memory_page.c::88::mem_page_init_from_proc_addr::lpcBaseAddr=0x036E0000
VERBOSE::memory_page.c::89::mem_page_init_from_proc_addr::memInfo.BaseAddress=0x036E0000
VERBOSE::memory_page.c::90::mem_page_init_from_proc_addr::memInfo.RegionSize=0x00006000
VERBOSE::memory_page.c::57::mem_page_init_from_proc_addr::lpcBaseAddr=0x036E6000
VERBOSE::memory_page.c::58::mem_page_init_from_proc_addr::lpcNextAddr=0x036E6000
VERBOSE::memory_page.c::88::mem_page_init_from_proc_addr::lpcBaseAddr=0x036E6000
VERBOSE::memory_page.c::89::mem_page_init_from_proc_addr::memInfo.BaseAddress=0x036E6000
VERBOSE::memory_page.c::90::mem_page_init_from_proc_addr::memInfo.RegionSize=0x0000A000
ERROR::memory_page.c::217::mem_page_destroy::Deallocating NULL page
VERBOSE::memory_manager.c::523::mem_mgr_load_proc::skip to addr 0x036F0000
VERBOSE::memory_page.c::57::mem_page_init_from_proc_addr::lpcBaseAddr=0x036F0000
VERBOSE::memory_page.c::58::mem_page_init_from_proc_addr::lpcNextAddr=0x036F0000
VERBOSE::memory_page.c::88::mem_page_init_from_proc_addr::lpcBaseAddr=0x036F0000
VERBOSE::memory_page.c::89::mem_page_init_from_proc_addr::memInfo.BaseAddress=0x036F0000
VERBOSE::memory_page.c::90::mem_page_init_from_proc_addr::memInfo.RegionSize=0x00035000
ERROR::memory_page.c::217::mem_page_destroy::Deallocating NULL page
VERBOSE::memory_manager.c::523::mem_mgr_load_proc::skip to addr 0x03725000
VERBOSE::memory_page.c::57::mem_page_init_from_proc_addr::lpcBaseAddr=0x03725000
VERBOSE::memory_page.c::58::mem_page_init_from_proc_addr::lpcNextAddr=0x03725000
VERBOSE::memory_page.c::88::mem_page_init_from_proc_addr::lpcBaseAddr=0x03725000
VERBOSE::memory_page.c::89::mem_page_init_from_proc_addr::memInfo.BaseAddress=0x03725000
VERBOSE::memory_page.c::90::mem_page_init_from_proc_addr::memInfo.RegionSize=0x00003000
ERROR::memory_page.c::217::mem_page_destroy::Deallocating NULL page
VERBOSE::memory_manager.c::523::mem_mgr_load_proc::skip to addr 0x03728000
VERBOSE::memory_page.c::57::mem_page_init_from_proc_addr::lpcBaseAddr=0x03728000
VERBOSE::memory_page.c::58::mem_page_init_from_proc_addr::lpcNextAddr=0x03728000
VERBOSE::memory_page.c::88::mem_page_init_from_proc_addr::lpcBaseAddr=0x03728000
VERBOSE::memory_page.c::89::mem_page_init_from_proc_addr::memInfo.BaseAddress=0x03728000
VERBOSE::memory_page.c::90::mem_page_init_from_proc_addr::memInfo.RegionSize=0x00008000
VERBOSE::memory_page.c::57::mem_page_init_from_proc_addr::lpcBaseAddr=0x03730000
VERBOSE::memory_page.c::58::mem_page_init_from_proc_addr::lpcNextAddr=0x03730000
VERBOSE::memory_page.c::88::mem_page_init_from_proc_addr::lpcBaseAddr=0x03730000
VERBOSE::memory_page.c::89::mem_page_init_from_proc_addr::memInfo.BaseAddress=0x03730000
VERBOSE::memory_page.c::90::mem_page_init_from_proc_addr::memInfo.RegionSize=0x00001000
VERBOSE::memory_page.c::57::mem_page_init_from_proc_addr::lpcBaseAddr=0x03731000
VERBOSE::memory_page.c::58::mem_page_init_from_proc_addr::lpcNextAddr=0x03731000
VERBOSE::memory_page.c::88::mem_page_init_from_proc_addr::lpcBaseAddr=0x03731000
VERBOSE::memory_page.c::89::mem_page_init_from_proc_addr::memInfo.BaseAddress=0x03731000
VERBOSE::memory_page.c::90::mem_page_init_from_proc_addr::memInfo.RegionSize=0x00069000
ERROR::memory_page.c::217::mem_page_destroy::Deallocating NULL page
VERBOSE::memory_manager.c::523::mem_mgr_load_proc::skip to addr 0x0379A000
VERBOSE::memory_page.c::57::mem_page_init_from_proc_addr::lpcBaseAddr=0x0379A000
VERBOSE::memory_page.c::58::mem_page_init_from_proc_addr::lpcNextAddr=0x0379A000
VERBOSE::memory_page.c::88::mem_page_init_from_proc_addr::lpcBaseAddr=0x0379A000
VERBOSE::memory_page.c::89::mem_page_init_from_proc_addr::memInfo.BaseAddress=0x0379A000
VERBOSE::memory_page.c::90::mem_page_init_from_proc_addr::memInfo.RegionSize=0x00006000
ERROR::memory_page.c::217::mem_page_destroy::Deallocating NULL page
VERBOSE::memory_manager.c::523::mem_mgr_load_proc::skip to addr 0x037A0000
VERBOSE::memory_page.c::57::mem_page_init_from_proc_addr::lpcBaseAddr=0x037A0000
VERBOSE::memory_page.c::58::mem_page_init_from_proc_addr::lpcNextAddr=0x037A0000
VERBOSE::memory_page.c::88::mem_page_init_from_proc_addr::lpcBaseAddr=0x037A0000
VERBOSE::memory_page.c::89::mem_page_init_from_proc_addr::memInfo.BaseAddress=0x037A0000
VERBOSE::memory_page.c::90::mem_page_init_from_proc_addr::memInfo.RegionSize=0x00001000
VERBOSE::memory_page.c::57::mem_page_init_from_proc_addr::lpcBaseAddr=0x037A1000
VERBOSE::memory_page.c::58::mem_page_init_from_proc_addr::lpcNextAddr=0x037A1000
VERBOSE::memory_page.c::88::mem_page_init_from_proc_addr::lpcBaseAddr=0x037A1000
VERBOSE::memory_page.c::89::mem_page_init_from_proc_addr::memInfo.BaseAddress=0x037A1000
VERBOSE::memory_page.c::90::mem_page_init_from_proc_addr::memInfo.RegionSize=0x0000F000
ERROR::memory_page.c::217::mem_page_destroy::Deallocating NULL page
VERBOSE::memory_manager.c::523::mem_mgr_load_proc::skip to addr 0x037B0000
VERBOSE::memory_page.c::57::mem_page_init_from_proc_addr::lpcBaseAddr=0x037B0000
VERBOSE::memory_page.c::58::mem_page_init_from_proc_addr::lpcNextAddr=0x037B0000
VERBOSE::memory_page.c::88::mem_page_init_from_proc_addr::lpcBaseAddr=0x037B0000
VERBOSE::memory_page.c::89::mem_page_init_from_proc_addr::memInfo.BaseAddress=0x037B0000
VERBOSE::memory_page.c::90::mem_page_init_from_proc_addr::memInfo.RegionSize=0x00009000
VERBOSE::memory_page.c::57::mem_page_init_from_proc_addr::lpcBaseAddr=0x037B9000
VERBOSE::memory_page.c::58::mem_page_init_from_proc_addr::lpcNextAddr=0x037B9000
VERBOSE::memory_page.c::88::mem_page_init_from_proc_addr::lpcBaseAddr=0x037B9000
VERBOSE::memory_page.c::89::mem_page_init_from_proc_addr::memInfo.BaseAddress=0x037B9000
VERBOSE::memory_page.c::90::mem_page_init_from_proc_addr::memInfo.RegionSize=0x00007000
ERROR::memory_page.c::217::mem_page_destroy::Deallocating NULL page
VERBOSE::memory_manager.c::523::mem_mgr_load_proc::skip to addr 0x037C0000
VERBOSE::memory_page.c::57::mem_page_init_from_proc_addr::lpcBaseAddr=0x037C0000
VERBOSE::memory_page.c::58::mem_page_init_from_proc_addr::lpcNextAddr=0x037C0000
VERBOSE::memory_page.c::88::mem_page_init_from_proc_addr::lpcBaseAddr=0x037C0000
VERBOSE::memory_page.c::89::mem_page_init_from_proc_addr::memInfo.BaseAddress=0x037C0000
VERBOSE::memory_page.c::90::mem_page_init_from_proc_addr::memInfo.RegionSize=0x00001000
ERROR::memory_page.c::217::mem_page_destroy::Deallocating NULL page
VERBOSE::memory_manager.c::523::mem_mgr_load_proc::skip to addr 0x037C1000
VERBOSE::memory_page.c::57::mem_page_init_from_proc_addr::lpcBaseAddr=0x037C1000
VERBOSE::memory_page.c::58::mem_page_init_from_proc_addr::lpcNextAddr=0x037C1000
VERBOSE::memory_page.c::88::mem_page_init_from_proc_addr::lpcBaseAddr=0x037C1000
VERBOSE::memory_page.c::89::mem_page_init_from_proc_addr::memInfo.BaseAddress=0x037C1000
VERBOSE::memory_page.c::90::mem_page_init_from_proc_addr::memInfo.RegionSize=0x0000F000
ERROR::memory_page.c::217::mem_page_destroy::Deallocating NULL page
VERBOSE::memory_manager.c::523::mem_mgr_load_proc::skip to addr 0x037D0000
VERBOSE::memory_page.c::57::mem_page_init_from_proc_addr::lpcBaseAddr=0x037D0000
VERBOSE::memory_page.c::58::mem_page_init_from_proc_addr::lpcNextAddr=0x037D0000
VERBOSE::memory_page.c::88::mem_page_init_from_proc_addr::lpcBaseAddr=0x037D0000
VERBOSE::memory_page.c::89::mem_page_init_from_proc_addr::memInfo.BaseAddress=0x037D0000
VERBOSE::memory_page.c::90::mem_page_init_from_proc_addr::memInfo.RegionSize=0x00100000
VERBOSE::memory_page.c::57::mem_page_init_from_proc_addr::lpcBaseAddr=0x038D0000
VERBOSE::memory_page.c::58::mem_page_init_from_proc_addr::lpcNextAddr=0x038D0000
VERBOSE::memory_page.c::88::mem_page_init_from_proc_addr::lpcBaseAddr=0x038D0000
VERBOSE::memory_page.c::89::mem_page_init_from_proc_addr::memInfo.BaseAddress=0x038D0000
VERBOSE::memory_page.c::90::mem_page_init_from_proc_addr::memInfo.RegionSize=0x000FF000
VERBOSE::memory_page.c::57::mem_page_init_from_proc_addr::lpcBaseAddr=0x039CF000
VERBOSE::memory_page.c::58::mem_page_init_from_proc_addr::lpcNextAddr=0x039CF000
VERBOSE::memory_page.c::88::mem_page_init_from_proc_addr::lpcBaseAddr=0x039CF000
VERBOSE::memory_page.c::89::mem_page_init_from_proc_addr::memInfo.BaseAddress=0x039CF000
VERBOSE::memory_page.c::90::mem_page_init_from_proc_addr::memInfo.RegionSize=0x00001000
ERROR::memory_page.c::217::mem_page_destroy::Deallocating NULL page
VERBOSE::memory_manager.c::523::mem_mgr_load_proc::skip to addr 0x039D0000
VERBOSE::memory_page.c::57::mem_page_init_from_proc_addr::lpcBaseAddr=0x039D0000
VERBOSE::memory_page.c::58::mem_page_init_from_proc_addr::lpcNextAddr=0x039D0000
VERBOSE::memory_page.c::88::mem_page_init_from_proc_addr::lpcBaseAddr=0x039D0000
VERBOSE::memory_page.c::89::mem_page_init_from_proc_addr::memInfo.BaseAddress=0x039D0000
VERBOSE::memory_page.c::90::mem_page_init_from_proc_addr::memInfo.RegionSize=0x00002000
VERBOSE::memory_page.c::57::mem_page_init_from_proc_addr::lpcBaseAddr=0x039D2000
VERBOSE::memory_page.c::58::mem_page_init_from_proc_addr::lpcNextAddr=0x039D2000
VERBOSE::memory_page.c::88::mem_page_init_from_proc_addr::lpcBaseAddr=0x039D2000
VERBOSE::memory_page.c::89::mem_page_init_from_proc_addr::memInfo.BaseAddress=0x039D2000
VERBOSE::memory_page.c::90::mem_page_init_from_proc_addr::memInfo.RegionSize=0x00068000
ERROR::memory_page.c::217::mem_page_destroy::Deallocating NULL page
VERBOSE::memory_manager.c::523::mem_mgr_load_proc::skip to addr 0x03A3A000
VERBOSE::memory_page.c::57::mem_page_init_from_proc_addr::lpcBaseAddr=0x03A3A000
VERBOSE::memory_page.c::58::mem_page_init_from_proc_addr::lpcNextAddr=0x03A3A000
VERBOSE::memory_page.c::88::mem_page_init_from_proc_addr::lpcBaseAddr=0x03A3A000
VERBOSE::memory_page.c::89::mem_page_init_from_proc_addr::memInfo.BaseAddress=0x03A3A000
VERBOSE::memory_page.c::90::mem_page_init_from_proc_addr::memInfo.RegionSize=0x00006000
ERROR::memory_page.c::217::mem_page_destroy::Deallocating NULL page
VERBOSE::memory_manager.c::523::mem_mgr_load_proc::skip to addr 0x03A40000
VERBOSE::memory_page.c::57::mem_page_init_from_proc_addr::lpcBaseAddr=0x03A40000
VERBOSE::memory_page.c::58::mem_page_init_from_proc_addr::lpcNextAddr=0x03A40000
VERBOSE::memory_page.c::88::mem_page_init_from_proc_addr::lpcBaseAddr=0x03A40000
VERBOSE::memory_page.c::89::mem_page_init_from_proc_addr::memInfo.BaseAddress=0x03A40000
VERBOSE::memory_page.c::90::mem_page_init_from_proc_addr::memInfo.RegionSize=0x00001000
ERROR::memory_page.c::217::mem_page_destroy::Deallocating NULL page
VERBOSE::memory_manager.c::523::mem_mgr_load_proc::skip to addr 0x03A41000
VERBOSE::memory_page.c::57::mem_page_init_from_proc_addr::lpcBaseAddr=0x03A41000
VERBOSE::memory_page.c::58::mem_page_init_from_proc_addr::lpcNextAddr=0x03A41000
VERBOSE::memory_page.c::88::mem_page_init_from_proc_addr::lpcBaseAddr=0x03A41000
VERBOSE::memory_page.c::89::mem_page_init_from_proc_addr::memInfo.BaseAddress=0x03A41000
VERBOSE::memory_page.c::90::mem_page_init_from_proc_addr::memInfo.RegionSize=0x0000F000
ERROR::memory_page.c::217::mem_page_destroy::Deallocating NULL page
VERBOSE::memory_manager.c::523::mem_mgr_load_proc::skip to addr 0x03A50000
VERBOSE::memory_page.c::57::mem_page_init_from_proc_addr::lpcBaseAddr=0x03A50000
VERBOSE::memory_page.c::58::mem_page_init_from_proc_addr::lpcNextAddr=0x03A50000
VERBOSE::memory_page.c::88::mem_page_init_from_proc_addr::lpcBaseAddr=0x03A50000
VERBOSE::memory_page.c::89::mem_page_init_from_proc_addr::memInfo.BaseAddress=0x03A50000
VERBOSE::memory_page.c::90::mem_page_init_from_proc_addr::memInfo.RegionSize=0x00001000
VERBOSE::memory_page.c::57::mem_page_init_from_proc_addr::lpcBaseAddr=0x03A51000
VERBOSE::memory_page.c::58::mem_page_init_from_proc_addr::lpcNextAddr=0x03A51000
VERBOSE::memory_page.c::88::mem_page_init_from_proc_addr::lpcBaseAddr=0x03A51000
VERBOSE::memory_page.c::89::mem_page_init_from_proc_addr::memInfo.BaseAddress=0x03A51000
VERBOSE::memory_page.c::90::mem_page_init_from_proc_addr::memInfo.RegionSize=0x0000F000
ERROR::memory_page.c::217::mem_page_destroy::Deallocating NULL page
VERBOSE::memory_manager.c::523::mem_mgr_load_proc::skip to addr 0x03A60000
VERBOSE::memory_page.c::57::mem_page_init_from_proc_addr::lpcBaseAddr=0x03A60000
VERBOSE::memory_page.c::58::mem_page_init_from_proc_addr::lpcNextAddr=0x03A60000
VERBOSE::memory_page.c::88::mem_page_init_from_proc_addr::lpcBaseAddr=0x03A60000
VERBOSE::memory_page.c::89::mem_page_init_from_proc_addr::memInfo.BaseAddress=0x03A60000
VERBOSE::memory_page.c::90::mem_page_init_from_proc_addr::memInfo.RegionSize=0x00100000
VERBOSE::memory_page.c::57::mem_page_init_from_proc_addr::lpcBaseAddr=0x03B60000
VERBOSE::memory_page.c::58::mem_page_init_from_proc_addr::lpcNextAddr=0x03B60000
VERBOSE::memory_page.c::88::mem_page_init_from_proc_addr::lpcBaseAddr=0x03B60000
VERBOSE::memory_page.c::89::mem_page_init_from_proc_addr::memInfo.BaseAddress=0x03B60000
VERBOSE::memory_page.c::90::mem_page_init_from_proc_addr::memInfo.RegionSize=0x00100000
VERBOSE::memory_page.c::57::mem_page_init_from_proc_addr::lpcBaseAddr=0x03C60000
VERBOSE::memory_page.c::58::mem_page_init_from_proc_addr::lpcNextAddr=0x03C60000
VERBOSE::memory_page.c::88::mem_page_init_from_proc_addr::lpcBaseAddr=0x03C60000
VERBOSE::memory_page.c::89::mem_page_init_from_proc_addr::memInfo.BaseAddress=0x03C60000
VERBOSE::memory_page.c::90::mem_page_init_from_proc_addr::memInfo.RegionSize=0x00100000
VERBOSE::memory_page.c::57::mem_page_init_from_proc_addr::lpcBaseAddr=0x03D60000
VERBOSE::memory_page.c::58::mem_page_init_from_proc_addr::lpcNextAddr=0x03D60000
VERBOSE::memory_page.c::88::mem_page_init_from_proc_addr::lpcBaseAddr=0x03D60000
VERBOSE::memory_page.c::89::mem_page_init_from_proc_addr::memInfo.BaseAddress=0x03D60000
VERBOSE::memory_page.c::90::mem_page_init_from_proc_addr::memInfo.RegionSize=0x00484000
VERBOSE::memory_page.c::57::mem_page_init_from_proc_addr::lpcBaseAddr=0x041E4000
VERBOSE::memory_page.c::58::mem_page_init_from_proc_addr::lpcNextAddr=0x041E4000
VERBOSE::memory_page.c::88::mem_page_init_from_proc_addr::lpcBaseAddr=0x041E4000
VERBOSE::memory_page.c::89::mem_page_init_from_proc_addr::memInfo.BaseAddress=0x041E4000
VERBOSE::memory_page.c::90::mem_page_init_from_proc_addr::memInfo.RegionSize=0x00008000
ERROR::memory_page.c::217::mem_page_destroy::Deallocating NULL page
VERBOSE::memory_manager.c::523::mem_mgr_load_proc::skip to addr 0x041EC000
VERBOSE::memory_page.c::57::mem_page_init_from_proc_addr::lpcBaseAddr=0x041EC000
VERBOSE::memory_page.c::58::mem_page_init_from_proc_addr::lpcNextAddr=0x041EC000
VERBOSE::memory_page.c::88::mem_page_init_from_proc_addr::lpcBaseAddr=0x041EC000
VERBOSE::memory_page.c::89::mem_page_init_from_proc_addr::memInfo.BaseAddress=0x041EC000
VERBOSE::memory_page.c::90::mem_page_init_from_proc_addr::memInfo.RegionSize=0x000D2000
VERBOSE::memory_page.c::57::mem_page_init_from_proc_addr::lpcBaseAddr=0x042BE000
VERBOSE::memory_page.c::58::mem_page_init_from_proc_addr::lpcNextAddr=0x042BE000
VERBOSE::memory_page.c::88::mem_page_init_from_proc_addr::lpcBaseAddr=0x042BE000
VERBOSE::memory_page.c::89::mem_page_init_from_proc_addr::memInfo.BaseAddress=0x042BE000
VERBOSE::memory_page.c::90::mem_page_init_from_proc_addr::memInfo.RegionSize=0x00008000
ERROR::memory_page.c::217::mem_page_destroy::Deallocating NULL page
VERBOSE::memory_manager.c::523::mem_mgr_load_proc::skip to addr 0x042C6000
VERBOSE::memory_page.c::57::mem_page_init_from_proc_addr::lpcBaseAddr=0x042C6000
VERBOSE::memory_page.c::58::mem_page_init_from_proc_addr::lpcNextAddr=0x042C6000
VERBOSE::memory_page.c::88::mem_page_init_from_proc_addr::lpcBaseAddr=0x042C6000
VERBOSE::memory_page.c::89::mem_page_init_from_proc_addr::memInfo.BaseAddress=0x042C6000
VERBOSE::memory_page.c::90::mem_page_init_from_proc_addr::memInfo.RegionSize=0x00205000
VERBOSE::memory_page.c::57::mem_page_init_from_proc_addr::lpcBaseAddr=0x044CB000
VERBOSE::memory_page.c::58::mem_page_init_from_proc_addr::lpcNextAddr=0x044CB000
VERBOSE::memory_page.c::88::mem_page_init_from_proc_addr::lpcBaseAddr=0x044CB000
VERBOSE::memory_page.c::89::mem_page_init_from_proc_addr::memInfo.BaseAddress=0x044CB000
VERBOSE::memory_page.c::90::mem_page_init_from_proc_addr::memInfo.RegionSize=0x00007000
ERROR::memory_page.c::217::mem_page_destroy::Deallocating NULL page
VERBOSE::memory_manager.c::523::mem_mgr_load_proc::skip to addr 0x044D2000
VERBOSE::memory_page.c::57::mem_page_init_from_proc_addr::lpcBaseAddr=0x044D2000
VERBOSE::memory_page.c::58::mem_page_init_from_proc_addr::lpcNextAddr=0x044D2000
VERBOSE::memory_page.c::88::mem_page_init_from_proc_addr::lpcBaseAddr=0x044D2000
VERBOSE::memory_page.c::89::mem_page_init_from_proc_addr::memInfo.BaseAddress=0x044D2000
VERBOSE::memory_page.c::90::mem_page_init_from_proc_addr::memInfo.RegionSize=0x00087000
VERBOSE::memory_page.c::57::mem_page_init_from_proc_addr::lpcBaseAddr=0x04559000
VERBOSE::memory_page.c::58::mem_page_init_from_proc_addr::lpcNextAddr=0x04559000
VERBOSE::memory_page.c::88::mem_page_init_from_proc_addr::lpcBaseAddr=0x04559000
VERBOSE::memory_page.c::89::mem_page_init_from_proc_addr::memInfo.BaseAddress=0x04559000
VERBOSE::memory_page.c::90::mem_page_init_from_proc_addr::memInfo.RegionSize=0x00007000
ERROR::memory_page.c::217::mem_page_destroy::Deallocating NULL page
VERBOSE::memory_manager.c::523::mem_mgr_load_proc::skip to addr 0x04560000
VERBOSE::memory_page.c::57::mem_page_init_from_proc_addr::lpcBaseAddr=0x04560000
VERBOSE::memory_page.c::58::mem_page_init_from_proc_addr::lpcNextAddr=0x04560000
VERBOSE::memory_page.c::88::mem_page_init_from_proc_addr::lpcBaseAddr=0x04560000
VERBOSE::memory_page.c::89::mem_page_init_from_proc_addr::memInfo.BaseAddress=0x04560000
VERBOSE::memory_page.c::90::mem_page_init_from_proc_addr::memInfo.RegionSize=0x00100000
VERBOSE::memory_page.c::57::mem_page_init_from_proc_addr::lpcBaseAddr=0x04660000
VERBOSE::memory_page.c::58::mem_page_init_from_proc_addr::lpcNextAddr=0x04660000
VERBOSE::memory_page.c::88::mem_page_init_from_proc_addr::lpcBaseAddr=0x04660000
VERBOSE::memory_page.c::89::mem_page_init_from_proc_addr::memInfo.BaseAddress=0x04660000
VERBOSE::memory_page.c::90::mem_page_init_from_proc_addr::memInfo.RegionSize=0x00100000
VERBOSE::memory_page.c::57::mem_page_init_from_proc_addr::lpcBaseAddr=0x04760000
VERBOSE::memory_page.c::58::mem_page_init_from_proc_addr::lpcNextAddr=0x04760000
VERBOSE::memory_page.c::88::mem_page_init_from_proc_addr::lpcBaseAddr=0x04760000
VERBOSE::memory_page.c::89::mem_page_init_from_proc_addr::memInfo.BaseAddress=0x04760000
VERBOSE::memory_page.c::90::mem_page_init_from_proc_addr::memInfo.RegionSize=0x00005000
ERROR::memory_page.c::217::mem_page_destroy::Deallocating NULL page
VERBOSE::memory_manager.c::523::mem_mgr_load_proc::skip to addr 0x04765000
VERBOSE::memory_page.c::57::mem_page_init_from_proc_addr::lpcBaseAddr=0x04765000
VERBOSE::memory_page.c::58::mem_page_init_from_proc_addr::lpcNextAddr=0x04765000
VERBOSE::memory_page.c::88::mem_page_init_from_proc_addr::lpcBaseAddr=0x04765000
VERBOSE::memory_page.c::89::mem_page_init_from_proc_addr::memInfo.BaseAddress=0x04765000
VERBOSE::memory_page.c::90::mem_page_init_from_proc_addr::memInfo.RegionSize=0x00099000
VERBOSE::memory_page.c::57::mem_page_init_from_proc_addr::lpcBaseAddr=0x047FE000
VERBOSE::memory_page.c::58::mem_page_init_from_proc_addr::lpcNextAddr=0x047FE000
VERBOSE::memory_page.c::88::mem_page_init_from_proc_addr::lpcBaseAddr=0x047FE000
VERBOSE::memory_page.c::89::mem_page_init_from_proc_addr::memInfo.BaseAddress=0x047FE000
VERBOSE::memory_page.c::90::mem_page_init_from_proc_addr::memInfo.RegionSize=0x00001000
ERROR::memory_page.c::217::mem_page_destroy::Deallocating NULL page
VERBOSE::memory_manager.c::523::mem_mgr_load_proc::skip to addr 0x047FF000
VERBOSE::memory_page.c::57::mem_page_init_from_proc_addr::lpcBaseAddr=0x047FF000
VERBOSE::memory_page.c::58::mem_page_init_from_proc_addr::lpcNextAddr=0x047FF000
VERBOSE::memory_page.c::88::mem_page_init_from_proc_addr::lpcBaseAddr=0x047FF000
VERBOSE::memory_page.c::89::mem_page_init_from_proc_addr::memInfo.BaseAddress=0x047FF000
VERBOSE::memory_page.c::90::mem_page_init_from_proc_addr::memInfo.RegionSize=0x00001000
ERROR::memory_page.c::217::mem_page_destroy::Deallocating NULL page
VERBOSE::memory_manager.c::523::mem_mgr_load_proc::skip to addr 0x04800000
VERBOSE::memory_page.c::57::mem_page_init_from_proc_addr::lpcBaseAddr=0x04800000
VERBOSE::memory_page.c::58::mem_page_init_from_proc_addr::lpcNextAddr=0x04800000
VERBOSE::memory_page.c::88::mem_page_init_from_proc_addr::lpcBaseAddr=0x04800000
VERBOSE::memory_page.c::89::mem_page_init_from_proc_addr::memInfo.BaseAddress=0x04800000
VERBOSE::memory_page.c::90::mem_page_init_from_proc_addr::memInfo.RegionSize=0x00001000
ERROR::memory_page.c::217::mem_page_destroy::Deallocating NULL page
VERBOSE::memory_manager.c::523::mem_mgr_load_proc::skip to addr 0x04801000
VERBOSE::memory_page.c::57::mem_page_init_from_proc_addr::lpcBaseAddr=0x04801000
VERBOSE::memory_page.c::58::mem_page_init_from_proc_addr::lpcNextAddr=0x04801000
VERBOSE::memory_page.c::88::mem_page_init_from_proc_addr::lpcBaseAddr=0x04801000
VERBOSE::memory_page.c::89::mem_page_init_from_proc_addr::memInfo.BaseAddress=0x04801000
VERBOSE::memory_page.c::90::mem_page_init_from_proc_addr::memInfo.RegionSize=0x0000F000
ERROR::memory_page.c::217::mem_page_destroy::Deallocating NULL page
VERBOSE::memory_manager.c::523::mem_mgr_load_proc::skip to addr 0x04810000
VERBOSE::memory_page.c::57::mem_page_init_from_proc_addr::lpcBaseAddr=0x04810000
VERBOSE::memory_page.c::58::mem_page_init_from_proc_addr::lpcNextAddr=0x04810000
VERBOSE::memory_page.c::88::mem_page_init_from_proc_addr::lpcBaseAddr=0x04810000
VERBOSE::memory_page.c::89::mem_page_init_from_proc_addr::memInfo.BaseAddress=0x04810000
VERBOSE::memory_page.c::90::mem_page_init_from_proc_addr::memInfo.RegionSize=0x00007000
ERROR::memory_page.c::217::mem_page_destroy::Deallocating NULL page
VERBOSE::memory_manager.c::523::mem_mgr_load_proc::skip to addr 0x04817000
VERBOSE::memory_page.c::57::mem_page_init_from_proc_addr::lpcBaseAddr=0x04817000
VERBOSE::memory_page.c::58::mem_page_init_from_proc_addr::lpcNextAddr=0x04817000
VERBOSE::memory_page.c::88::mem_page_init_from_proc_addr::lpcBaseAddr=0x04817000
VERBOSE::memory_page.c::89::mem_page_init_from_proc_addr::memInfo.BaseAddress=0x04817000
VERBOSE::memory_page.c::90::mem_page_init_from_proc_addr::memInfo.RegionSize=0x00088000
VERBOSE::memory_page.c::57::mem_page_init_from_proc_addr::lpcBaseAddr=0x0489F000
VERBOSE::memory_page.c::58::mem_page_init_from_proc_addr::lpcNextAddr=0x0489F000
VERBOSE::memory_page.c::88::mem_page_init_from_proc_addr::lpcBaseAddr=0x0489F000
VERBOSE::memory_page.c::89::mem_page_init_from_proc_addr::memInfo.BaseAddress=0x0489F000
VERBOSE::memory_page.c::90::mem_page_init_from_proc_addr::memInfo.RegionSize=0x00001000
ERROR::memory_page.c::217::mem_page_destroy::Deallocating NULL page
VERBOSE::memory_manager.c::523::mem_mgr_load_proc::skip to addr 0x048A0000
VERBOSE::memory_page.c::57::mem_page_init_from_proc_addr::lpcBaseAddr=0x048A0000
VERBOSE::memory_page.c::58::mem_page_init_from_proc_addr::lpcNextAddr=0x048A0000
VERBOSE::memory_page.c::88::mem_page_init_from_proc_addr::lpcBaseAddr=0x048A0000
VERBOSE::memory_page.c::89::mem_page_init_from_proc_addr::memInfo.BaseAddress=0x048A0000
VERBOSE::memory_page.c::90::mem_page_init_from_proc_addr::memInfo.RegionSize=0x00100000
VERBOSE::memory_page.c::57::mem_page_init_from_proc_addr::lpcBaseAddr=0x049A0000
VERBOSE::memory_page.c::58::mem_page_init_from_proc_addr::lpcNextAddr=0x049A0000
VERBOSE::memory_page.c::88::mem_page_init_from_proc_addr::lpcBaseAddr=0x049A0000
VERBOSE::memory_page.c::89::mem_page_init_from_proc_addr::memInfo.BaseAddress=0x049A0000
VERBOSE::memory_page.c::90::mem_page_init_from_proc_addr::memInfo.RegionSize=0x00100000
VERBOSE::memory_page.c::57::mem_page_init_from_proc_addr::lpcBaseAddr=0x04AA0000
VERBOSE::memory_page.c::58::mem_page_init_from_proc_addr::lpcNextAddr=0x04AA0000
VERBOSE::memory_page.c::88::mem_page_init_from_proc_addr::lpcBaseAddr=0x04AA0000
VERBOSE::memory_page.c::89::mem_page_init_from_proc_addr::memInfo.BaseAddress=0x04AA0000
VERBOSE::memory_page.c::90::mem_page_init_from_proc_addr::memInfo.RegionSize=0x0000A000
ERROR::memory_page.c::217::mem_page_destroy::Deallocating NULL page
VERBOSE::memory_manager.c::523::mem_mgr_load_proc::skip to addr 0x04AAA000
VERBOSE::memory_page.c::57::mem_page_init_from_proc_addr::lpcBaseAddr=0x04AAA000
VERBOSE::memory_page.c::58::mem_page_init_from_proc_addr::lpcNextAddr=0x04AAA000
VERBOSE::memory_page.c::88::mem_page_init_from_proc_addr::lpcBaseAddr=0x04AAA000
VERBOSE::memory_page.c::89::mem_page_init_from_proc_addr::memInfo.BaseAddress=0x04AAA000
VERBOSE::memory_page.c::90::mem_page_init_from_proc_addr::memInfo.RegionSize=0x0008D000
VERBOSE::memory_page.c::57::mem_page_init_from_proc_addr::lpcBaseAddr=0x04B37000
VERBOSE::memory_page.c::58::mem_page_init_from_proc_addr::lpcNextAddr=0x04B37000
VERBOSE::memory_page.c::88::mem_page_init_from_proc_addr::lpcBaseAddr=0x04B37000
VERBOSE::memory_page.c::89::mem_page_init_from_proc_addr::memInfo.BaseAddress=0x04B37000
VERBOSE::memory_page.c::90::mem_page_init_from_proc_addr::memInfo.RegionSize=0x00001000
ERROR::memory_page.c::217::mem_page_destroy::Deallocating NULL page
VERBOSE::memory_manager.c::523::mem_mgr_load_proc::skip to addr 0x04B38000
VERBOSE::memory_page.c::57::mem_page_init_from_proc_addr::lpcBaseAddr=0x04B38000
VERBOSE::memory_page.c::58::mem_page_init_from_proc_addr::lpcNextAddr=0x04B38000
VERBOSE::memory_page.c::88::mem_page_init_from_proc_addr::lpcBaseAddr=0x04B38000
VERBOSE::memory_page.c::89::mem_page_init_from_proc_addr::memInfo.BaseAddress=0x04B38000
VERBOSE::memory_page.c::90::mem_page_init_from_proc_addr::memInfo.RegionSize=0x00008000
ERROR::memory_page.c::217::mem_page_destroy::Deallocating NULL page
VERBOSE::memory_manager.c::523::mem_mgr_load_proc::skip to addr 0x04B40000
VERBOSE::memory_page.c::57::mem_page_init_from_proc_addr::lpcBaseAddr=0x04B40000
VERBOSE::memory_page.c::58::mem_page_init_from_proc_addr::lpcNextAddr=0x04B40000
VERBOSE::memory_page.c::88::mem_page_init_from_proc_addr::lpcBaseAddr=0x04B40000
VERBOSE::memory_page.c::89::mem_page_init_from_proc_addr::memInfo.BaseAddress=0x04B40000
VERBOSE::memory_page.c::90::mem_page_init_from_proc_addr::memInfo.RegionSize=0x00001000
VERBOSE::memory_page.c::57::mem_page_init_from_proc_addr::lpcBaseAddr=0x04B41000
VERBOSE::memory_page.c::58::mem_page_init_from_proc_addr::lpcNextAddr=0x04B41000
VERBOSE::memory_page.c::88::mem_page_init_from_proc_addr::lpcBaseAddr=0x04B41000
VERBOSE::memory_page.c::89::mem_page_init_from_proc_addr::memInfo.BaseAddress=0x04B41000
VERBOSE::memory_page.c::90::mem_page_init_from_proc_addr::memInfo.RegionSize=0x0000F000
ERROR::memory_page.c::217::mem_page_destroy::Deallocating NULL page
VERBOSE::memory_manager.c::523::mem_mgr_load_proc::skip to addr 0x04B50000
VERBOSE::memory_page.c::57::mem_page_init_from_proc_addr::lpcBaseAddr=0x04B50000
VERBOSE::memory_page.c::58::mem_page_init_from_proc_addr::lpcNextAddr=0x04B50000
VERBOSE::memory_page.c::88::mem_page_init_from_proc_addr::lpcBaseAddr=0x04B50000
VERBOSE::memory_page.c::89::mem_page_init_from_proc_addr::memInfo.BaseAddress=0x04B50000
VERBOSE::memory_page.c::90::mem_page_init_from_proc_addr::memInfo.RegionSize=0x0000A000
ERROR::memory_page.c::217::mem_page_destroy::Deallocating NULL page
VERBOSE::memory_manager.c::523::mem_mgr_load_proc::skip to addr 0x04B5A000
VERBOSE::memory_page.c::57::mem_page_init_from_proc_addr::lpcBaseAddr=0x04B5A000
VERBOSE::memory_page.c::58::mem_page_init_from_proc_addr::lpcNextAddr=0x04B5A000
VERBOSE::memory_page.c::88::mem_page_init_from_proc_addr::lpcBaseAddr=0x04B5A000
VERBOSE::memory_page.c::89::mem_page_init_from_proc_addr::memInfo.BaseAddress=0x04B5A000
VERBOSE::memory_page.c::90::mem_page_init_from_proc_addr::memInfo.RegionSize=0x00088000
VERBOSE::memory_page.c::57::mem_page_init_from_proc_addr::lpcBaseAddr=0x04BE2000
VERBOSE::memory_page.c::58::mem_page_init_from_proc_addr::lpcNextAddr=0x04BE2000
VERBOSE::memory_page.c::88::mem_page_init_from_proc_addr::lpcBaseAddr=0x04BE2000
VERBOSE::memory_page.c::89::mem_page_init_from_proc_addr::memInfo.BaseAddress=0x04BE2000
VERBOSE::memory_page.c::90::mem_page_init_from_proc_addr::memInfo.RegionSize=0x00001000
ERROR::memory_page.c::217::mem_page_destroy::Deallocating NULL page
VERBOSE::memory_manager.c::523::mem_mgr_load_proc::skip to addr 0x04BE3000
VERBOSE::memory_page.c::57::mem_page_init_from_proc_addr::lpcBaseAddr=0x04BE3000
VERBOSE::memory_page.c::58::mem_page_init_from_proc_addr::lpcNextAddr=0x04BE3000
VERBOSE::memory_page.c::88::mem_page_init_from_proc_addr::lpcBaseAddr=0x04BE3000
VERBOSE::memory_page.c::89::mem_page_init_from_proc_addr::memInfo.BaseAddress=0x04BE3000
VERBOSE::memory_page.c::90::mem_page_init_from_proc_addr::memInfo.RegionSize=0x0000D000
ERROR::memory_page.c::217::mem_page_destroy::Deallocating NULL page
VERBOSE::memory_manager.c::523::mem_mgr_load_proc::skip to addr 0x04BF0000
VERBOSE::memory_page.c::57::mem_page_init_from_proc_addr::lpcBaseAddr=0x04BF0000
VERBOSE::memory_page.c::58::mem_page_init_from_proc_addr::lpcNextAddr=0x04BF0000
VERBOSE::memory_page.c::88::mem_page_init_from_proc_addr::lpcBaseAddr=0x04BF0000
VERBOSE::memory_page.c::89::mem_page_init_from_proc_addr::memInfo.BaseAddress=0x04BF0000
VERBOSE::memory_page.c::90::mem_page_init_from_proc_addr::memInfo.RegionSize=0x00100000
VERBOSE::memory_page.c::57::mem_page_init_from_proc_addr::lpcBaseAddr=0x04CF0000
VERBOSE::memory_page.c::58::mem_page_init_from_proc_addr::lpcNextAddr=0x04CF0000
VERBOSE::memory_page.c::88::mem_page_init_from_proc_addr::lpcBaseAddr=0x04CF0000
VERBOSE::memory_page.c::89::mem_page_init_from_proc_addr::memInfo.BaseAddress=0x04CF0000
VERBOSE::memory_page.c::90::mem_page_init_from_proc_addr::memInfo.RegionSize=0x0000F000
ERROR::memory_page.c::217::mem_page_destroy::Deallocating NULL page
VERBOSE::memory_manager.c::523::mem_mgr_load_proc::skip to addr 0x04CFF000
VERBOSE::memory_page.c::57::mem_page_init_from_proc_addr::lpcBaseAddr=0x04CFF000
VERBOSE::memory_page.c::58::mem_page_init_from_proc_addr::lpcNextAddr=0x04CFF000
VERBOSE::memory_page.c::88::mem_page_init_from_proc_addr::lpcBaseAddr=0x04CFF000
VERBOSE::memory_page.c::89::mem_page_init_from_proc_addr::memInfo.BaseAddress=0x04CFF000
VERBOSE::memory_page.c::90::mem_page_init_from_proc_addr::memInfo.RegionSize=0x00087000
VERBOSE::memory_page.c::57::mem_page_init_from_proc_addr::lpcBaseAddr=0x04D86000
VERBOSE::memory_page.c::58::mem_page_init_from_proc_addr::lpcNextAddr=0x04D86000
VERBOSE::memory_page.c::88::mem_page_init_from_proc_addr::lpcBaseAddr=0x04D86000
VERBOSE::memory_page.c::89::mem_page_init_from_proc_addr::memInfo.BaseAddress=0x04D86000
VERBOSE::memory_page.c::90::mem_page_init_from_proc_addr::memInfo.RegionSize=0x00001000
ERROR::memory_page.c::217::mem_page_destroy::Deallocating NULL page
VERBOSE::memory_manager.c::523::mem_mgr_load_proc::skip to addr 0x04D87000
VERBOSE::memory_page.c::57::mem_page_init_from_proc_addr::lpcBaseAddr=0x04D87000
VERBOSE::memory_page.c::58::mem_page_init_from_proc_addr::lpcNextAddr=0x04D87000
VERBOSE::memory_page.c::88::mem_page_init_from_proc_addr::lpcBaseAddr=0x04D87000
VERBOSE::memory_page.c::89::mem_page_init_from_proc_addr::memInfo.BaseAddress=0x04D87000
VERBOSE::memory_page.c::90::mem_page_init_from_proc_addr::memInfo.RegionSize=0x00009000
ERROR::memory_page.c::217::mem_page_destroy::Deallocating NULL page
VERBOSE::memory_manager.c::523::mem_mgr_load_proc::skip to addr 0x04D90000
VERBOSE::memory_page.c::57::mem_page_init_from_proc_addr::lpcBaseAddr=0x04D90000
VERBOSE::memory_page.c::58::mem_page_init_from_proc_addr::lpcNextAddr=0x04D90000
VERBOSE::memory_page.c::88::mem_page_init_from_proc_addr::lpcBaseAddr=0x04D90000
VERBOSE::memory_page.c::89::mem_page_init_from_proc_addr::memInfo.BaseAddress=0x04D90000
VERBOSE::memory_page.c::90::mem_page_init_from_proc_addr::memInfo.RegionSize=0x00009000
VERBOSE::memory_page.c::57::mem_page_init_from_proc_addr::lpcBaseAddr=0x04D99000
VERBOSE::memory_page.c::58::mem_page_init_from_proc_addr::lpcNextAddr=0x04D99000
VERBOSE::memory_page.c::88::mem_page_init_from_proc_addr::lpcBaseAddr=0x04D99000
VERBOSE::memory_page.c::89::mem_page_init_from_proc_addr::memInfo.BaseAddress=0x04D99000
VERBOSE::memory_page.c::90::mem_page_init_from_proc_addr::memInfo.RegionSize=0x00007000
ERROR::memory_page.c::217::mem_page_destroy::Deallocating NULL page
VERBOSE::memory_manager.c::523::mem_mgr_load_proc::skip to addr 0x04DA0000
VERBOSE::memory_page.c::57::mem_page_init_from_proc_addr::lpcBaseAddr=0x04DA0000
VERBOSE::memory_page.c::58::mem_page_init_from_proc_addr::lpcNextAddr=0x04DA0000
VERBOSE::memory_page.c::88::mem_page_init_from_proc_addr::lpcBaseAddr=0x04DA0000
VERBOSE::memory_page.c::89::mem_page_init_from_proc_addr::memInfo.BaseAddress=0x04DA0000
VERBOSE::memory_page.c::90::mem_page_init_from_proc_addr::memInfo.RegionSize=0x0000A000
ERROR::memory_page.c::217::mem_page_destroy::Deallocating NULL page
VERBOSE::memory_manager.c::523::mem_mgr_load_proc::skip to addr 0x04DAA000
VERBOSE::memory_page.c::57::mem_page_init_from_proc_addr::lpcBaseAddr=0x04DAA000
VERBOSE::memory_page.c::58::mem_page_init_from_proc_addr::lpcNextAddr=0x04DAA000
VERBOSE::memory_page.c::88::mem_page_init_from_proc_addr::lpcBaseAddr=0x04DAA000
VERBOSE::memory_page.c::89::mem_page_init_from_proc_addr::memInfo.BaseAddress=0x04DAA000
VERBOSE::memory_page.c::90::mem_page_init_from_proc_addr::memInfo.RegionSize=0x00081000
VERBOSE::memory_page.c::57::mem_page_init_from_proc_addr::lpcBaseAddr=0x04E2B000
VERBOSE::memory_page.c::58::mem_page_init_from_proc_addr::lpcNextAddr=0x04E2B000
VERBOSE::memory_page.c::88::mem_page_init_from_proc_addr::lpcBaseAddr=0x04E2B000
VERBOSE::memory_page.c::89::mem_page_init_from_proc_addr::memInfo.BaseAddress=0x04E2B000
VERBOSE::memory_page.c::90::mem_page_init_from_proc_addr::memInfo.RegionSize=0x00001000
ERROR::memory_page.c::217::mem_page_destroy::Deallocating NULL page
VERBOSE::memory_manager.c::523::mem_mgr_load_proc::skip to addr 0x04E2C000
VERBOSE::memory_page.c::57::mem_page_init_from_proc_addr::lpcBaseAddr=0x04E2C000
VERBOSE::memory_page.c::58::mem_page_init_from_proc_addr::lpcNextAddr=0x04E2C000
VERBOSE::memory_page.c::88::mem_page_init_from_proc_addr::lpcBaseAddr=0x04E2C000
VERBOSE::memory_page.c::89::mem_page_init_from_proc_addr::memInfo.BaseAddress=0x04E2C000
VERBOSE::memory_page.c::90::mem_page_init_from_proc_addr::memInfo.RegionSize=0x00004000
ERROR::memory_page.c::217::mem_page_destroy::Deallocating NULL page
VERBOSE::memory_manager.c::523::mem_mgr_load_proc::skip to addr 0x04E30000
VERBOSE::memory_page.c::57::mem_page_init_from_proc_addr::lpcBaseAddr=0x04E30000
VERBOSE::memory_page.c::58::mem_page_init_from_proc_addr::lpcNextAddr=0x04E30000
VERBOSE::memory_page.c::88::mem_page_init_from_proc_addr::lpcBaseAddr=0x04E30000
VERBOSE::memory_page.c::89::mem_page_init_from_proc_addr::memInfo.BaseAddress=0x04E30000
VERBOSE::memory_page.c::90::mem_page_init_from_proc_addr::memInfo.RegionSize=0x00001000
VERBOSE::memory_page.c::57::mem_page_init_from_proc_addr::lpcBaseAddr=0x04E31000
VERBOSE::memory_page.c::58::mem_page_init_from_proc_addr::lpcNextAddr=0x04E31000
VERBOSE::memory_page.c::88::mem_page_init_from_proc_addr::lpcBaseAddr=0x04E31000
VERBOSE::memory_page.c::89::mem_page_init_from_proc_addr::memInfo.BaseAddress=0x04E31000
VERBOSE::memory_page.c::90::mem_page_init_from_proc_addr::memInfo.RegionSize=0x0000F000
ERROR::memory_page.c::217::mem_page_destroy::Deallocating NULL page
VERBOSE::memory_manager.c::523::mem_mgr_load_proc::skip to addr 0x04E40000
VERBOSE::memory_page.c::57::mem_page_init_from_proc_addr::lpcBaseAddr=0x04E40000
VERBOSE::memory_page.c::58::mem_page_init_from_proc_addr::lpcNextAddr=0x04E40000
VERBOSE::memory_page.c::88::mem_page_init_from_proc_addr::lpcBaseAddr=0x04E40000
VERBOSE::memory_page.c::89::mem_page_init_from_proc_addr::memInfo.BaseAddress=0x04E40000
VERBOSE::memory_page.c::90::mem_page_init_from_proc_addr::memInfo.RegionSize=0x00009000
VERBOSE::memory_page.c::57::mem_page_init_from_proc_addr::lpcBaseAddr=0x04E49000
VERBOSE::memory_page.c::58::mem_page_init_from_proc_addr::lpcNextAddr=0x04E49000
VERBOSE::memory_page.c::88::mem_page_init_from_proc_addr::lpcBaseAddr=0x04E49000
VERBOSE::memory_page.c::89::mem_page_init_from_proc_addr::memInfo.BaseAddress=0x04E49000
VERBOSE::memory_page.c::90::mem_page_init_from_proc_addr::memInfo.RegionSize=0x00007000
ERROR::memory_page.c::217::mem_page_destroy::Deallocating NULL page
VERBOSE::memory_manager.c::523::mem_mgr_load_proc::skip to addr 0x04E50000
VERBOSE::memory_page.c::57::mem_page_init_from_proc_addr::lpcBaseAddr=0x04E50000
VERBOSE::memory_page.c::58::mem_page_init_from_proc_addr::lpcNextAddr=0x04E50000
VERBOSE::memory_page.c::88::mem_page_init_from_proc_addr::lpcBaseAddr=0x04E50000
VERBOSE::memory_page.c::89::mem_page_init_from_proc_addr::memInfo.BaseAddress=0x04E50000
VERBOSE::memory_page.c::90::mem_page_init_from_proc_addr::memInfo.RegionSize=0x00100000
VERBOSE::memory_page.c::57::mem_page_init_from_proc_addr::lpcBaseAddr=0x04F50000
VERBOSE::memory_page.c::58::mem_page_init_from_proc_addr::lpcNextAddr=0x04F50000
VERBOSE::memory_page.c::88::mem_page_init_from_proc_addr::lpcBaseAddr=0x04F50000
VERBOSE::memory_page.c::89::mem_page_init_from_proc_addr::memInfo.BaseAddress=0x04F50000
VERBOSE::memory_page.c::90::mem_page_init_from_proc_addr::memInfo.RegionSize=0x00035000
ERROR::memory_page.c::217::mem_page_destroy::Deallocating NULL page
VERBOSE::memory_manager.c::523::mem_mgr_load_proc::skip to addr 0x04F85000
VERBOSE::memory_page.c::57::mem_page_init_from_proc_addr::lpcBaseAddr=0x04F85000
VERBOSE::memory_page.c::58::mem_page_init_from_proc_addr::lpcNextAddr=0x04F85000
VERBOSE::memory_page.c::88::mem_page_init_from_proc_addr::lpcBaseAddr=0x04F85000
VERBOSE::memory_page.c::89::mem_page_init_from_proc_addr::memInfo.BaseAddress=0x04F85000
VERBOSE::memory_page.c::90::mem_page_init_from_proc_addr::memInfo.RegionSize=0x00003000
ERROR::memory_page.c::217::mem_page_destroy::Deallocating NULL page
VERBOSE::memory_manager.c::523::mem_mgr_load_proc::skip to addr 0x04F88000
VERBOSE::memory_page.c::57::mem_page_init_from_proc_addr::lpcBaseAddr=0x04F88000
VERBOSE::memory_page.c::58::mem_page_init_from_proc_addr::lpcNextAddr=0x04F88000
VERBOSE::memory_page.c::88::mem_page_init_from_proc_addr::lpcBaseAddr=0x04F88000
VERBOSE::memory_page.c::89::mem_page_init_from_proc_addr::memInfo.BaseAddress=0x04F88000
VERBOSE::memory_page.c::90::mem_page_init_from_proc_addr::memInfo.RegionSize=0x00008000
VERBOSE::memory_page.c::57::mem_page_init_from_proc_addr::lpcBaseAddr=0x04F90000
VERBOSE::memory_page.c::58::mem_page_init_from_proc_addr::lpcNextAddr=0x04F90000
VERBOSE::memory_page.c::88::mem_page_init_from_proc_addr::lpcBaseAddr=0x04F90000
VERBOSE::memory_page.c::89::mem_page_init_from_proc_addr::memInfo.BaseAddress=0x04F90000
VERBOSE::memory_page.c::90::mem_page_init_from_proc_addr::memInfo.RegionSize=0x00035000
ERROR::memory_page.c::217::mem_page_destroy::Deallocating NULL page
VERBOSE::memory_manager.c::523::mem_mgr_load_proc::skip to addr 0x04FC5000
VERBOSE::memory_page.c::57::mem_page_init_from_proc_addr::lpcBaseAddr=0x04FC5000
VERBOSE::memory_page.c::58::mem_page_init_from_proc_addr::lpcNextAddr=0x04FC5000
VERBOSE::memory_page.c::88::mem_page_init_from_proc_addr::lpcBaseAddr=0x04FC5000
VERBOSE::memory_page.c::89::mem_page_init_from_proc_addr::memInfo.BaseAddress=0x04FC5000
VERBOSE::memory_page.c::90::mem_page_init_from_proc_addr::memInfo.RegionSize=0x00003000
ERROR::memory_page.c::217::mem_page_destroy::Deallocating NULL page
VERBOSE::memory_manager.c::523::mem_mgr_load_proc::skip to addr 0x04FC8000
VERBOSE::memory_page.c::57::mem_page_init_from_proc_addr::lpcBaseAddr=0x04FC8000
VERBOSE::memory_page.c::58::mem_page_init_from_proc_addr::lpcNextAddr=0x04FC8000
VERBOSE::memory_page.c::88::mem_page_init_from_proc_addr::lpcBaseAddr=0x04FC8000
VERBOSE::memory_page.c::89::mem_page_init_from_proc_addr::memInfo.BaseAddress=0x04FC8000
VERBOSE::memory_page.c::90::mem_page_init_from_proc_addr::memInfo.RegionSize=0x00008000
VERBOSE::memory_page.c::57::mem_page_init_from_proc_addr::lpcBaseAddr=0x04FD0000
VERBOSE::memory_page.c::58::mem_page_init_from_proc_addr::lpcNextAddr=0x04FD0000
VERBOSE::memory_page.c::88::mem_page_init_from_proc_addr::lpcBaseAddr=0x04FD0000
VERBOSE::memory_page.c::89::mem_page_init_from_proc_addr::memInfo.BaseAddress=0x04FD0000
VERBOSE::memory_page.c::90::mem_page_init_from_proc_addr::memInfo.RegionSize=0x00035000
ERROR::memory_page.c::217::mem_page_destroy::Deallocating NULL page
VERBOSE::memory_manager.c::523::mem_mgr_load_proc::skip to addr 0x05005000
VERBOSE::memory_page.c::57::mem_page_init_from_proc_addr::lpcBaseAddr=0x05005000
VERBOSE::memory_page.c::58::mem_page_init_from_proc_addr::lpcNextAddr=0x05005000
VERBOSE::memory_page.c::88::mem_page_init_from_proc_addr::lpcBaseAddr=0x05005000
VERBOSE::memory_page.c::89::mem_page_init_from_proc_addr::memInfo.BaseAddress=0x05005000
VERBOSE::memory_page.c::90::mem_page_init_from_proc_addr::memInfo.RegionSize=0x00003000
ERROR::memory_page.c::217::mem_page_destroy::Deallocating NULL page
VERBOSE::memory_manager.c::523::mem_mgr_load_proc::skip to addr 0x05008000
VERBOSE::memory_page.c::57::mem_page_init_from_proc_addr::lpcBaseAddr=0x05008000
VERBOSE::memory_page.c::58::mem_page_init_from_proc_addr::lpcNextAddr=0x05008000
VERBOSE::memory_page.c::88::mem_page_init_from_proc_addr::lpcBaseAddr=0x05008000
VERBOSE::memory_page.c::89::mem_page_init_from_proc_addr::memInfo.BaseAddress=0x05008000
VERBOSE::memory_page.c::90::mem_page_init_from_proc_addr::memInfo.RegionSize=0x00008000
VERBOSE::memory_page.c::57::mem_page_init_from_proc_addr::lpcBaseAddr=0x05010000
VERBOSE::memory_page.c::58::mem_page_init_from_proc_addr::lpcNextAddr=0x05010000
VERBOSE::memory_page.c::88::mem_page_init_from_proc_addr::lpcBaseAddr=0x05010000
VERBOSE::memory_page.c::89::mem_page_init_from_proc_addr::memInfo.BaseAddress=0x05010000
VERBOSE::memory_page.c::90::mem_page_init_from_proc_addr::memInfo.RegionSize=0x00035000
ERROR::memory_page.c::217::mem_page_destroy::Deallocating NULL page
VERBOSE::memory_manager.c::523::mem_mgr_load_proc::skip to addr 0x05045000
VERBOSE::memory_page.c::57::mem_page_init_from_proc_addr::lpcBaseAddr=0x05045000
VERBOSE::memory_page.c::58::mem_page_init_from_proc_addr::lpcNextAddr=0x05045000
VERBOSE::memory_page.c::88::mem_page_init_from_proc_addr::lpcBaseAddr=0x05045000
VERBOSE::memory_page.c::89::mem_page_init_from_proc_addr::memInfo.BaseAddress=0x05045000
VERBOSE::memory_page.c::90::mem_page_init_from_proc_addr::memInfo.RegionSize=0x00003000
ERROR::memory_page.c::217::mem_page_destroy::Deallocating NULL page
VERBOSE::memory_manager.c::523::mem_mgr_load_proc::skip to addr 0x05048000
VERBOSE::memory_page.c::57::mem_page_init_from_proc_addr::lpcBaseAddr=0x05048000
VERBOSE::memory_page.c::58::mem_page_init_from_proc_addr::lpcNextAddr=0x05048000
VERBOSE::memory_page.c::88::mem_page_init_from_proc_addr::lpcBaseAddr=0x05048000
VERBOSE::memory_page.c::89::mem_page_init_from_proc_addr::memInfo.BaseAddress=0x05048000
VERBOSE::memory_page.c::90::mem_page_init_from_proc_addr::memInfo.RegionSize=0x00008000
VERBOSE::memory_page.c::57::mem_page_init_from_proc_addr::lpcBaseAddr=0x05050000
VERBOSE::memory_page.c::58::mem_page_init_from_proc_addr::lpcNextAddr=0x05050000
VERBOSE::memory_page.c::88::mem_page_init_from_proc_addr::lpcBaseAddr=0x05050000
VERBOSE::memory_page.c::89::mem_page_init_from_proc_addr::memInfo.BaseAddress=0x05050000
VERBOSE::memory_page.c::90::mem_page_init_from_proc_addr::memInfo.RegionSize=0x00035000
ERROR::memory_page.c::217::mem_page_destroy::Deallocating NULL page
VERBOSE::memory_manager.c::523::mem_mgr_load_proc::skip to addr 0x05085000
VERBOSE::memory_page.c::57::mem_page_init_from_proc_addr::lpcBaseAddr=0x05085000
VERBOSE::memory_page.c::58::mem_page_init_from_proc_addr::lpcNextAddr=0x05085000
VERBOSE::memory_page.c::88::mem_page_init_from_proc_addr::lpcBaseAddr=0x05085000
VERBOSE::memory_page.c::89::mem_page_init_from_proc_addr::memInfo.BaseAddress=0x05085000
VERBOSE::memory_page.c::90::mem_page_init_from_proc_addr::memInfo.RegionSize=0x00003000
ERROR::memory_page.c::217::mem_page_destroy::Deallocating NULL page
VERBOSE::memory_manager.c::523::mem_mgr_load_proc::skip to addr 0x05088000
VERBOSE::memory_page.c::57::mem_page_init_from_proc_addr::lpcBaseAddr=0x05088000
VERBOSE::memory_page.c::58::mem_page_init_from_proc_addr::lpcNextAddr=0x05088000
VERBOSE::memory_page.c::88::mem_page_init_from_proc_addr::lpcBaseAddr=0x05088000
VERBOSE::memory_page.c::89::mem_page_init_from_proc_addr::memInfo.BaseAddress=0x05088000
VERBOSE::memory_page.c::90::mem_page_init_from_proc_addr::memInfo.RegionSize=0x00008000
VERBOSE::memory_page.c::57::mem_page_init_from_proc_addr::lpcBaseAddr=0x05090000
VERBOSE::memory_page.c::58::mem_page_init_from_proc_addr::lpcNextAddr=0x05090000
VERBOSE::memory_page.c::88::mem_page_init_from_proc_addr::lpcBaseAddr=0x05090000
VERBOSE::memory_page.c::89::mem_page_init_from_proc_addr::memInfo.BaseAddress=0x05090000
VERBOSE::memory_page.c::90::mem_page_init_from_proc_addr::memInfo.RegionSize=0x00001000
VERBOSE::memory_page.c::57::mem_page_init_from_proc_addr::lpcBaseAddr=0x05091000
VERBOSE::memory_page.c::58::mem_page_init_from_proc_addr::lpcNextAddr=0x05091000
VERBOSE::memory_page.c::88::mem_page_init_from_proc_addr::lpcBaseAddr=0x05091000
VERBOSE::memory_page.c::89::mem_page_init_from_proc_addr::memInfo.BaseAddress=0x05091000
VERBOSE::memory_page.c::90::mem_page_init_from_proc_addr::memInfo.RegionSize=0x0000F000
ERROR::memory_page.c::217::mem_page_destroy::Deallocating NULL page
VERBOSE::memory_manager.c::523::mem_mgr_load_proc::skip to addr 0x050A0000
VERBOSE::memory_page.c::57::mem_page_init_from_proc_addr::lpcBaseAddr=0x050A0000
VERBOSE::memory_page.c::58::mem_page_init_from_proc_addr::lpcNextAddr=0x050A0000
VERBOSE::memory_page.c::88::mem_page_init_from_proc_addr::lpcBaseAddr=0x050A0000
VERBOSE::memory_page.c::89::mem_page_init_from_proc_addr::memInfo.BaseAddress=0x050A0000
VERBOSE::memory_page.c::90::mem_page_init_from_proc_addr::memInfo.RegionSize=0x00001000
VERBOSE::memory_page.c::57::mem_page_init_from_proc_addr::lpcBaseAddr=0x050A1000
VERBOSE::memory_page.c::58::mem_page_init_from_proc_addr::lpcNextAddr=0x050A1000
VERBOSE::memory_page.c::88::mem_page_init_from_proc_addr::lpcBaseAddr=0x050A1000
VERBOSE::memory_page.c::89::mem_page_init_from_proc_addr::memInfo.BaseAddress=0x050A1000
VERBOSE::memory_page.c::90::mem_page_init_from_proc_addr::memInfo.RegionSize=0x0000F000
ERROR::memory_page.c::217::mem_page_destroy::Deallocating NULL page
VERBOSE::memory_manager.c::523::mem_mgr_load_proc::skip to addr 0x050B0000
VERBOSE::memory_page.c::57::mem_page_init_from_proc_addr::lpcBaseAddr=0x050B0000
VERBOSE::memory_page.c::58::mem_page_init_from_proc_addr::lpcNextAddr=0x050B0000
VERBOSE::memory_page.c::88::mem_page_init_from_proc_addr::lpcBaseAddr=0x050B0000
VERBOSE::memory_page.c::89::mem_page_init_from_proc_addr::memInfo.BaseAddress=0x050B0000
VERBOSE::memory_page.c::90::mem_page_init_from_proc_addr::memInfo.RegionSize=0x00009000
VERBOSE::memory_page.c::57::mem_page_init_from_proc_addr::lpcBaseAddr=0x050B9000
VERBOSE::memory_page.c::58::mem_page_init_from_proc_addr::lpcNextAddr=0x050B9000
VERBOSE::memory_page.c::88::mem_page_init_from_proc_addr::lpcBaseAddr=0x050B9000
VERBOSE::memory_page.c::89::mem_page_init_from_proc_addr::memInfo.BaseAddress=0x050B9000
VERBOSE::memory_page.c::90::mem_page_init_from_proc_addr::memInfo.RegionSize=0x00007000
ERROR::memory_page.c::217::mem_page_destroy::Deallocating NULL page
VERBOSE::memory_manager.c::523::mem_mgr_load_proc::skip to addr 0x050C0000
VERBOSE::memory_page.c::57::mem_page_init_from_proc_addr::lpcBaseAddr=0x050C0000
VERBOSE::memory_page.c::58::mem_page_init_from_proc_addr::lpcNextAddr=0x050C0000
VERBOSE::memory_page.c::88::mem_page_init_from_proc_addr::lpcBaseAddr=0x050C0000
VERBOSE::memory_page.c::89::mem_page_init_from_proc_addr::memInfo.BaseAddress=0x050C0000
VERBOSE::memory_page.c::90::mem_page_init_from_proc_addr::memInfo.RegionSize=0x00001000
VERBOSE::memory_page.c::57::mem_page_init_from_proc_addr::lpcBaseAddr=0x050C1000
VERBOSE::memory_page.c::58::mem_page_init_from_proc_addr::lpcNextAddr=0x050C1000
VERBOSE::memory_page.c::88::mem_page_init_from_proc_addr::lpcBaseAddr=0x050C1000
VERBOSE::memory_page.c::89::mem_page_init_from_proc_addr::memInfo.BaseAddress=0x050C1000
VERBOSE::memory_page.c::90::mem_page_init_from_proc_addr::memInfo.RegionSize=0x0000F000
ERROR::memory_page.c::217::mem_page_destroy::Deallocating NULL page
VERBOSE::memory_manager.c::523::mem_mgr_load_proc::skip to addr 0x050D0000
VERBOSE::memory_page.c::57::mem_page_init_from_proc_addr::lpcBaseAddr=0x050D0000
VERBOSE::memory_page.c::58::mem_page_init_from_proc_addr::lpcNextAddr=0x050D0000
VERBOSE::memory_page.c::88::mem_page_init_from_proc_addr::lpcBaseAddr=0x050D0000
VERBOSE::memory_page.c::89::mem_page_init_from_proc_addr::memInfo.BaseAddress=0x050D0000
VERBOSE::memory_page.c::90::mem_page_init_from_proc_addr::memInfo.RegionSize=0x00020000
ERROR::memory_page.c::217::mem_page_destroy::Deallocating NULL page
VERBOSE::memory_manager.c::523::mem_mgr_load_proc::skip to addr 0x050F0000
VERBOSE::memory_page.c::57::mem_page_init_from_proc_addr::lpcBaseAddr=0x050F0000
VERBOSE::memory_page.c::58::mem_page_init_from_proc_addr::lpcNextAddr=0x050F0000
VERBOSE::memory_page.c::88::mem_page_init_from_proc_addr::lpcBaseAddr=0x050F0000
VERBOSE::memory_page.c::89::mem_page_init_from_proc_addr::memInfo.BaseAddress=0x050F0000
VERBOSE::memory_page.c::90::mem_page_init_from_proc_addr::memInfo.RegionSize=0x000FD000
ERROR::memory_page.c::217::mem_page_destroy::Deallocating NULL page
VERBOSE::memory_manager.c::523::mem_mgr_load_proc::skip to addr 0x051ED000
VERBOSE::memory_page.c::57::mem_page_init_from_proc_addr::lpcBaseAddr=0x051ED000
VERBOSE::memory_page.c::58::mem_page_init_from_proc_addr::lpcNextAddr=0x051ED000
VERBOSE::memory_page.c::88::mem_page_init_from_proc_addr::lpcBaseAddr=0x051ED000
VERBOSE::memory_page.c::89::mem_page_init_from_proc_addr::memInfo.BaseAddress=0x051ED000
VERBOSE::memory_page.c::90::mem_page_init_from_proc_addr::memInfo.RegionSize=0x00002000
ERROR::memory_page.c::217::mem_page_destroy::Deallocating NULL page
VERBOSE::memory_manager.c::523::mem_mgr_load_proc::skip to addr 0x051EF000
VERBOSE::memory_page.c::57::mem_page_init_from_proc_addr::lpcBaseAddr=0x051EF000
VERBOSE::memory_page.c::58::mem_page_init_from_proc_addr::lpcNextAddr=0x051EF000
VERBOSE::memory_page.c::88::mem_page_init_from_proc_addr::lpcBaseAddr=0x051EF000
VERBOSE::memory_page.c::89::mem_page_init_from_proc_addr::memInfo.BaseAddress=0x051EF000
VERBOSE::memory_page.c::90::mem_page_init_from_proc_addr::memInfo.RegionSize=0x00001000
VERBOSE::memory_page.c::57::mem_page_init_from_proc_addr::lpcBaseAddr=0x051F0000
VERBOSE::memory_page.c::58::mem_page_init_from_proc_addr::lpcNextAddr=0x051F0000
VERBOSE::memory_page.c::88::mem_page_init_from_proc_addr::lpcBaseAddr=0x051F0000
VERBOSE::memory_page.c::89::mem_page_init_from_proc_addr::memInfo.BaseAddress=0x051F0000
VERBOSE::memory_page.c::90::mem_page_init_from_proc_addr::memInfo.RegionSize=0x000FD000
ERROR::memory_page.c::217::mem_page_destroy::Deallocating NULL page
VERBOSE::memory_manager.c::523::mem_mgr_load_proc::skip to addr 0x052ED000
VERBOSE::memory_page.c::57::mem_page_init_from_proc_addr::lpcBaseAddr=0x052ED000
VERBOSE::memory_page.c::58::mem_page_init_from_proc_addr::lpcNextAddr=0x052ED000
VERBOSE::memory_page.c::88::mem_page_init_from_proc_addr::lpcBaseAddr=0x052ED000
VERBOSE::memory_page.c::89::mem_page_init_from_proc_addr::memInfo.BaseAddress=0x052ED000
VERBOSE::memory_page.c::90::mem_page_init_from_proc_addr::memInfo.RegionSize=0x00002000
ERROR::memory_page.c::217::mem_page_destroy::Deallocating NULL page
VERBOSE::memory_manager.c::523::mem_mgr_load_proc::skip to addr 0x052EF000
VERBOSE::memory_page.c::57::mem_page_init_from_proc_addr::lpcBaseAddr=0x052EF000
VERBOSE::memory_page.c::58::mem_page_init_from_proc_addr::lpcNextAddr=0x052EF000
VERBOSE::memory_page.c::88::mem_page_init_from_proc_addr::lpcBaseAddr=0x052EF000
VERBOSE::memory_page.c::89::mem_page_init_from_proc_addr::memInfo.BaseAddress=0x052EF000
VERBOSE::memory_page.c::90::mem_page_init_from_proc_addr::memInfo.RegionSize=0x00001000
VERBOSE::memory_page.c::57::mem_page_init_from_proc_addr::lpcBaseAddr=0x052F0000
VERBOSE::memory_page.c::58::mem_page_init_from_proc_addr::lpcNextAddr=0x052F0000
VERBOSE::memory_page.c::88::mem_page_init_from_proc_addr::lpcBaseAddr=0x052F0000
VERBOSE::memory_page.c::89::mem_page_init_from_proc_addr::memInfo.BaseAddress=0x052F0000
VERBOSE::memory_page.c::90::mem_page_init_from_proc_addr::memInfo.RegionSize=0x000FD000
ERROR::memory_page.c::217::mem_page_destroy::Deallocating NULL page
VERBOSE::memory_manager.c::523::mem_mgr_load_proc::skip to addr 0x053ED000
VERBOSE::memory_page.c::57::mem_page_init_from_proc_addr::lpcBaseAddr=0x053ED000
VERBOSE::memory_page.c::58::mem_page_init_from_proc_addr::lpcNextAddr=0x053ED000
VERBOSE::memory_page.c::88::mem_page_init_from_proc_addr::lpcBaseAddr=0x053ED000
VERBOSE::memory_page.c::89::mem_page_init_from_proc_addr::memInfo.BaseAddress=0x053ED000
VERBOSE::memory_page.c::90::mem_page_init_from_proc_addr::memInfo.RegionSize=0x00002000
ERROR::memory_page.c::217::mem_page_destroy::Deallocating NULL page
VERBOSE::memory_manager.c::523::mem_mgr_load_proc::skip to addr 0x053EF000
VERBOSE::memory_page.c::57::mem_page_init_from_proc_addr::lpcBaseAddr=0x053EF000
VERBOSE::memory_page.c::58::mem_page_init_from_proc_addr::lpcNextAddr=0x053EF000
VERBOSE::memory_page.c::88::mem_page_init_from_proc_addr::lpcBaseAddr=0x053EF000
VERBOSE::memory_page.c::89::mem_page_init_from_proc_addr::memInfo.BaseAddress=0x053EF000
VERBOSE::memory_page.c::90::mem_page_init_from_proc_addr::memInfo.RegionSize=0x00001000
VERBOSE::memory_page.c::57::mem_page_init_from_proc_addr::lpcBaseAddr=0x053F0000
VERBOSE::memory_page.c::58::mem_page_init_from_proc_addr::lpcNextAddr=0x053F0000
VERBOSE::memory_page.c::88::mem_page_init_from_proc_addr::lpcBaseAddr=0x053F0000
VERBOSE::memory_page.c::89::mem_page_init_from_proc_addr::memInfo.BaseAddress=0x053F0000
VERBOSE::memory_page.c::90::mem_page_init_from_proc_addr::memInfo.RegionSize=0x00200000
ERROR::memory_page.c::217::mem_page_destroy::Deallocating NULL page
VERBOSE::memory_manager.c::523::mem_mgr_load_proc::skip to addr 0x055F0000
VERBOSE::memory_page.c::57::mem_page_init_from_proc_addr::lpcBaseAddr=0x055F0000
VERBOSE::memory_page.c::58::mem_page_init_from_proc_addr::lpcNextAddr=0x055F0000
VERBOSE::memory_page.c::88::mem_page_init_from_proc_addr::lpcBaseAddr=0x055F0000
VERBOSE::memory_page.c::89::mem_page_init_from_proc_addr::memInfo.BaseAddress=0x055F0000
VERBOSE::memory_page.c::90::mem_page_init_from_proc_addr::memInfo.RegionSize=0x00035000
ERROR::memory_page.c::217::mem_page_destroy::Deallocating NULL page
VERBOSE::memory_manager.c::523::mem_mgr_load_proc::skip to addr 0x05625000
VERBOSE::memory_page.c::57::mem_page_init_from_proc_addr::lpcBaseAddr=0x05625000
VERBOSE::memory_page.c::58::mem_page_init_from_proc_addr::lpcNextAddr=0x05625000
VERBOSE::memory_page.c::88::mem_page_init_from_proc_addr::lpcBaseAddr=0x05625000
VERBOSE::memory_page.c::89::mem_page_init_from_proc_addr::memInfo.BaseAddress=0x05625000
VERBOSE::memory_page.c::90::mem_page_init_from_proc_addr::memInfo.RegionSize=0x00003000
ERROR::memory_page.c::217::mem_page_destroy::Deallocating NULL page
VERBOSE::memory_manager.c::523::mem_mgr_load_proc::skip to addr 0x05628000
VERBOSE::memory_page.c::57::mem_page_init_from_proc_addr::lpcBaseAddr=0x05628000
VERBOSE::memory_page.c::58::mem_page_init_from_proc_addr::lpcNextAddr=0x05628000
VERBOSE::memory_page.c::88::mem_page_init_from_proc_addr::lpcBaseAddr=0x05628000
VERBOSE::memory_page.c::89::mem_page_init_from_proc_addr::memInfo.BaseAddress=0x05628000
VERBOSE::memory_page.c::90::mem_page_init_from_proc_addr::memInfo.RegionSize=0x00008000
VERBOSE::memory_page.c::57::mem_page_init_from_proc_addr::lpcBaseAddr=0x05630000
VERBOSE::memory_page.c::58::mem_page_init_from_proc_addr::lpcNextAddr=0x05630000
VERBOSE::memory_page.c::88::mem_page_init_from_proc_addr::lpcBaseAddr=0x05630000
VERBOSE::memory_page.c::89::mem_page_init_from_proc_addr::memInfo.BaseAddress=0x05630000
VERBOSE::memory_page.c::90::mem_page_init_from_proc_addr::memInfo.RegionSize=0x00035000
ERROR::memory_page.c::217::mem_page_destroy::Deallocating NULL page
VERBOSE::memory_manager.c::523::mem_mgr_load_proc::skip to addr 0x05665000
VERBOSE::memory_page.c::57::mem_page_init_from_proc_addr::lpcBaseAddr=0x05665000
VERBOSE::memory_page.c::58::mem_page_init_from_proc_addr::lpcNextAddr=0x05665000
VERBOSE::memory_page.c::88::mem_page_init_from_proc_addr::lpcBaseAddr=0x05665000
VERBOSE::memory_page.c::89::mem_page_init_from_proc_addr::memInfo.BaseAddress=0x05665000
VERBOSE::memory_page.c::90::mem_page_init_from_proc_addr::memInfo.RegionSize=0x00003000
ERROR::memory_page.c::217::mem_page_destroy::Deallocating NULL page
VERBOSE::memory_manager.c::523::mem_mgr_load_proc::skip to addr 0x05668000
VERBOSE::memory_page.c::57::mem_page_init_from_proc_addr::lpcBaseAddr=0x05668000
VERBOSE::memory_page.c::58::mem_page_init_from_proc_addr::lpcNextAddr=0x05668000
VERBOSE::memory_page.c::88::mem_page_init_from_proc_addr::lpcBaseAddr=0x05668000
VERBOSE::memory_page.c::89::mem_page_init_from_proc_addr::memInfo.BaseAddress=0x05668000
VERBOSE::memory_page.c::90::mem_page_init_from_proc_addr::memInfo.RegionSize=0x00008000
VERBOSE::memory_page.c::57::mem_page_init_from_proc_addr::lpcBaseAddr=0x05670000
VERBOSE::memory_page.c::58::mem_page_init_from_proc_addr::lpcNextAddr=0x05670000
VERBOSE::memory_page.c::88::mem_page_init_from_proc_addr::lpcBaseAddr=0x05670000
VERBOSE::memory_page.c::89::mem_page_init_from_proc_addr::memInfo.BaseAddress=0x05670000
VERBOSE::memory_page.c::90::mem_page_init_from_proc_addr::memInfo.RegionSize=0x00035000
ERROR::memory_page.c::217::mem_page_destroy::Deallocating NULL page
VERBOSE::memory_manager.c::523::mem_mgr_load_proc::skip to addr 0x056A5000
VERBOSE::memory_page.c::57::mem_page_init_from_proc_addr::lpcBaseAddr=0x056A5000
VERBOSE::memory_page.c::58::mem_page_init_from_proc_addr::lpcNextAddr=0x056A5000
VERBOSE::memory_page.c::88::mem_page_init_from_proc_addr::lpcBaseAddr=0x056A5000
VERBOSE::memory_page.c::89::mem_page_init_from_proc_addr::memInfo.BaseAddress=0x056A5000
VERBOSE::memory_page.c::90::mem_page_init_from_proc_addr::memInfo.RegionSize=0x00003000
ERROR::memory_page.c::217::mem_page_destroy::Deallocating NULL page
VERBOSE::memory_manager.c::523::mem_mgr_load_proc::skip to addr 0x056A8000
VERBOSE::memory_page.c::57::mem_page_init_from_proc_addr::lpcBaseAddr=0x056A8000
VERBOSE::memory_page.c::58::mem_page_init_from_proc_addr::lpcNextAddr=0x056A8000
VERBOSE::memory_page.c::88::mem_page_init_from_proc_addr::lpcBaseAddr=0x056A8000
VERBOSE::memory_page.c::89::mem_page_init_from_proc_addr::memInfo.BaseAddress=0x056A8000
VERBOSE::memory_page.c::90::mem_page_init_from_proc_addr::memInfo.RegionSize=0x00008000
VERBOSE::memory_page.c::57::mem_page_init_from_proc_addr::lpcBaseAddr=0x056B0000
VERBOSE::memory_page.c::58::mem_page_init_from_proc_addr::lpcNextAddr=0x056B0000
VERBOSE::memory_page.c::88::mem_page_init_from_proc_addr::lpcBaseAddr=0x056B0000
VERBOSE::memory_page.c::89::mem_page_init_from_proc_addr::memInfo.BaseAddress=0x056B0000
VERBOSE::memory_page.c::90::mem_page_init_from_proc_addr::memInfo.RegionSize=0x00035000
ERROR::memory_page.c::217::mem_page_destroy::Deallocating NULL page
VERBOSE::memory_manager.c::523::mem_mgr_load_proc::skip to addr 0x056E5000
VERBOSE::memory_page.c::57::mem_page_init_from_proc_addr::lpcBaseAddr=0x056E5000
VERBOSE::memory_page.c::58::mem_page_init_from_proc_addr::lpcNextAddr=0x056E5000
VERBOSE::memory_page.c::88::mem_page_init_from_proc_addr::lpcBaseAddr=0x056E5000
VERBOSE::memory_page.c::89::mem_page_init_from_proc_addr::memInfo.BaseAddress=0x056E5000
VERBOSE::memory_page.c::90::mem_page_init_from_proc_addr::memInfo.RegionSize=0x00003000
ERROR::memory_page.c::217::mem_page_destroy::Deallocating NULL page
VERBOSE::memory_manager.c::523::mem_mgr_load_proc::skip to addr 0x056E8000
VERBOSE::memory_page.c::57::mem_page_init_from_proc_addr::lpcBaseAddr=0x056E8000
VERBOSE::memory_page.c::58::mem_page_init_from_proc_addr::lpcNextAddr=0x056E8000
VERBOSE::memory_page.c::88::mem_page_init_from_proc_addr::lpcBaseAddr=0x056E8000
VERBOSE::memory_page.c::89::mem_page_init_from_proc_addr::memInfo.BaseAddress=0x056E8000
VERBOSE::memory_page.c::90::mem_page_init_from_proc_addr::memInfo.RegionSize=0x00008000
VERBOSE::memory_page.c::57::mem_page_init_from_proc_addr::lpcBaseAddr=0x056F0000
VERBOSE::memory_page.c::58::mem_page_init_from_proc_addr::lpcNextAddr=0x056F0000
VERBOSE::memory_page.c::88::mem_page_init_from_proc_addr::lpcBaseAddr=0x056F0000
VERBOSE::memory_page.c::89::mem_page_init_from_proc_addr::memInfo.BaseAddress=0x056F0000
VERBOSE::memory_page.c::90::mem_page_init_from_proc_addr::memInfo.RegionSize=0x00003000
ERROR::memory_page.c::217::mem_page_destroy::Deallocating NULL page
VERBOSE::memory_manager.c::523::mem_mgr_load_proc::skip to addr 0x056F3000
VERBOSE::memory_page.c::57::mem_page_init_from_proc_addr::lpcBaseAddr=0x056F3000
VERBOSE::memory_page.c::58::mem_page_init_from_proc_addr::lpcNextAddr=0x056F3000
VERBOSE::memory_page.c::88::mem_page_init_from_proc_addr::lpcBaseAddr=0x056F3000
VERBOSE::memory_page.c::89::mem_page_init_from_proc_addr::memInfo.BaseAddress=0x056F3000
VERBOSE::memory_page.c::90::mem_page_init_from_proc_addr::memInfo.RegionSize=0x000D6000
VERBOSE::memory_page.c::57::mem_page_init_from_proc_addr::lpcBaseAddr=0x057C9000
VERBOSE::memory_page.c::58::mem_page_init_from_proc_addr::lpcNextAddr=0x057C9000
VERBOSE::memory_page.c::88::mem_page_init_from_proc_addr::lpcBaseAddr=0x057C9000
VERBOSE::memory_page.c::89::mem_page_init_from_proc_addr::memInfo.BaseAddress=0x057C9000
VERBOSE::memory_page.c::90::mem_page_init_from_proc_addr::memInfo.RegionSize=0x00001000
ERROR::memory_page.c::217::mem_page_destroy::Deallocating NULL page
VERBOSE::memory_manager.c::523::mem_mgr_load_proc::skip to addr 0x057CA000
VERBOSE::memory_page.c::57::mem_page_init_from_proc_addr::lpcBaseAddr=0x057CA000
VERBOSE::memory_page.c::58::mem_page_init_from_proc_addr::lpcNextAddr=0x057CA000
VERBOSE::memory_page.c::88::mem_page_init_from_proc_addr::lpcBaseAddr=0x057CA000
VERBOSE::memory_page.c::89::mem_page_init_from_proc_addr::memInfo.BaseAddress=0x057CA000
VERBOSE::memory_page.c::90::mem_page_init_from_proc_addr::memInfo.RegionSize=0x00006000
ERROR::memory_page.c::217::mem_page_destroy::Deallocating NULL page
VERBOSE::memory_manager.c::523::mem_mgr_load_proc::skip to addr 0x057D0000
VERBOSE::memory_page.c::57::mem_page_init_from_proc_addr::lpcBaseAddr=0x057D0000
VERBOSE::memory_page.c::58::mem_page_init_from_proc_addr::lpcNextAddr=0x057D0000
VERBOSE::memory_page.c::88::mem_page_init_from_proc_addr::lpcBaseAddr=0x057D0000
VERBOSE::memory_page.c::89::mem_page_init_from_proc_addr::memInfo.BaseAddress=0x057D0000
VERBOSE::memory_page.c::90::mem_page_init_from_proc_addr::memInfo.RegionSize=0x000FD000
ERROR::memory_page.c::217::mem_page_destroy::Deallocating NULL page
VERBOSE::memory_manager.c::523::mem_mgr_load_proc::skip to addr 0x058CD000
VERBOSE::memory_page.c::57::mem_page_init_from_proc_addr::lpcBaseAddr=0x058CD000
VERBOSE::memory_page.c::58::mem_page_init_from_proc_addr::lpcNextAddr=0x058CD000
VERBOSE::memory_page.c::88::mem_page_init_from_proc_addr::lpcBaseAddr=0x058CD000
VERBOSE::memory_page.c::89::mem_page_init_from_proc_addr::memInfo.BaseAddress=0x058CD000
VERBOSE::memory_page.c::90::mem_page_init_from_proc_addr::memInfo.RegionSize=0x00002000
ERROR::memory_page.c::217::mem_page_destroy::Deallocating NULL page
VERBOSE::memory_manager.c::523::mem_mgr_load_proc::skip to addr 0x058CF000
VERBOSE::memory_page.c::57::mem_page_init_from_proc_addr::lpcBaseAddr=0x058CF000
VERBOSE::memory_page.c::58::mem_page_init_from_proc_addr::lpcNextAddr=0x058CF000
VERBOSE::memory_page.c::88::mem_page_init_from_proc_addr::lpcBaseAddr=0x058CF000
VERBOSE::memory_page.c::89::mem_page_init_from_proc_addr::memInfo.BaseAddress=0x058CF000
VERBOSE::memory_page.c::90::mem_page_init_from_proc_addr::memInfo.RegionSize=0x00001000
VERBOSE::memory_page.c::57::mem_page_init_from_proc_addr::lpcBaseAddr=0x058D0000
VERBOSE::memory_page.c::58::mem_page_init_from_proc_addr::lpcNextAddr=0x058D0000
VERBOSE::memory_page.c::88::mem_page_init_from_proc_addr::lpcBaseAddr=0x058D0000
VERBOSE::memory_page.c::89::mem_page_init_from_proc_addr::memInfo.BaseAddress=0x058D0000
VERBOSE::memory_page.c::90::mem_page_init_from_proc_addr::memInfo.RegionSize=0x000FC000
ERROR::memory_page.c::217::mem_page_destroy::Deallocating NULL page
VERBOSE::memory_manager.c::523::mem_mgr_load_proc::skip to addr 0x059CC000
VERBOSE::memory_page.c::57::mem_page_init_from_proc_addr::lpcBaseAddr=0x059CC000
VERBOSE::memory_page.c::58::mem_page_init_from_proc_addr::lpcNextAddr=0x059CC000
VERBOSE::memory_page.c::88::mem_page_init_from_proc_addr::lpcBaseAddr=0x059CC000
VERBOSE::memory_page.c::89::mem_page_init_from_proc_addr::memInfo.BaseAddress=0x059CC000
VERBOSE::memory_page.c::90::mem_page_init_from_proc_addr::memInfo.RegionSize=0x00002000
ERROR::memory_page.c::217::mem_page_destroy::Deallocating NULL page
VERBOSE::memory_manager.c::523::mem_mgr_load_proc::skip to addr 0x059CE000
VERBOSE::memory_page.c::57::mem_page_init_from_proc_addr::lpcBaseAddr=0x059CE000
VERBOSE::memory_page.c::58::mem_page_init_from_proc_addr::lpcNextAddr=0x059CE000
VERBOSE::memory_page.c::88::mem_page_init_from_proc_addr::lpcBaseAddr=0x059CE000
VERBOSE::memory_page.c::89::mem_page_init_from_proc_addr::memInfo.BaseAddress=0x059CE000
VERBOSE::memory_page.c::90::mem_page_init_from_proc_addr::memInfo.RegionSize=0x00002000
VERBOSE::memory_page.c::57::mem_page_init_from_proc_addr::lpcBaseAddr=0x059D0000
VERBOSE::memory_page.c::58::mem_page_init_from_proc_addr::lpcNextAddr=0x059D0000
VERBOSE::memory_page.c::88::mem_page_init_from_proc_addr::lpcBaseAddr=0x059D0000
VERBOSE::memory_page.c::89::mem_page_init_from_proc_addr::memInfo.BaseAddress=0x059D0000
VERBOSE::memory_page.c::90::mem_page_init_from_proc_addr::memInfo.RegionSize=0x00035000
ERROR::memory_page.c::217::mem_page_destroy::Deallocating NULL page
VERBOSE::memory_manager.c::523::mem_mgr_load_proc::skip to addr 0x05A05000
VERBOSE::memory_page.c::57::mem_page_init_from_proc_addr::lpcBaseAddr=0x05A05000
VERBOSE::memory_page.c::58::mem_page_init_from_proc_addr::lpcNextAddr=0x05A05000
VERBOSE::memory_page.c::88::mem_page_init_from_proc_addr::lpcBaseAddr=0x05A05000
VERBOSE::memory_page.c::89::mem_page_init_from_proc_addr::memInfo.BaseAddress=0x05A05000
VERBOSE::memory_page.c::90::mem_page_init_from_proc_addr::memInfo.RegionSize=0x00003000
ERROR::memory_page.c::217::mem_page_destroy::Deallocating NULL page
VERBOSE::memory_manager.c::523::mem_mgr_load_proc::skip to addr 0x05A08000
VERBOSE::memory_page.c::57::mem_page_init_from_proc_addr::lpcBaseAddr=0x05A08000
VERBOSE::memory_page.c::58::mem_page_init_from_proc_addr::lpcNextAddr=0x05A08000
VERBOSE::memory_page.c::88::mem_page_init_from_proc_addr::lpcBaseAddr=0x05A08000
VERBOSE::memory_page.c::89::mem_page_init_from_proc_addr::memInfo.BaseAddress=0x05A08000
VERBOSE::memory_page.c::90::mem_page_init_from_proc_addr::memInfo.RegionSize=0x00008000
VERBOSE::memory_page.c::57::mem_page_init_from_proc_addr::lpcBaseAddr=0x05A10000
VERBOSE::memory_page.c::58::mem_page_init_from_proc_addr::lpcNextAddr=0x05A10000
VERBOSE::memory_page.c::88::mem_page_init_from_proc_addr::lpcBaseAddr=0x05A10000
VERBOSE::memory_page.c::89::mem_page_init_from_proc_addr::memInfo.BaseAddress=0x05A10000
VERBOSE::memory_page.c::90::mem_page_init_from_proc_addr::memInfo.RegionSize=0x00050000
ERROR::memory_page.c::217::mem_page_destroy::Deallocating NULL page
VERBOSE::memory_manager.c::523::mem_mgr_load_proc::skip to addr 0x05A60000
VERBOSE::memory_page.c::57::mem_page_init_from_proc_addr::lpcBaseAddr=0x05A60000
VERBOSE::memory_page.c::58::mem_page_init_from_proc_addr::lpcNextAddr=0x05A60000
VERBOSE::memory_page.c::88::mem_page_init_from_proc_addr::lpcBaseAddr=0x05A60000
VERBOSE::memory_page.c::89::mem_page_init_from_proc_addr::memInfo.BaseAddress=0x05A60000
VERBOSE::memory_page.c::90::mem_page_init_from_proc_addr::memInfo.RegionSize=0x00020000
VERBOSE::memory_page.c::57::mem_page_init_from_proc_addr::lpcBaseAddr=0x05A80000
VERBOSE::memory_page.c::58::mem_page_init_from_proc_addr::lpcNextAddr=0x05A80000
VERBOSE::memory_page.c::88::mem_page_init_from_proc_addr::lpcBaseAddr=0x05A80000
VERBOSE::memory_page.c::89::mem_page_init_from_proc_addr::memInfo.BaseAddress=0x05A80000
VERBOSE::memory_page.c::90::mem_page_init_from_proc_addr::memInfo.RegionSize=0x01FE0000
ERROR::memory_page.c::217::mem_page_destroy::Deallocating NULL page
VERBOSE::memory_manager.c::523::mem_mgr_load_proc::skip to addr 0x07A60000
VERBOSE::memory_page.c::57::mem_page_init_from_proc_addr::lpcBaseAddr=0x07A60000
VERBOSE::memory_page.c::58::mem_page_init_from_proc_addr::lpcNextAddr=0x07A60000
VERBOSE::memory_page.c::88::mem_page_init_from_proc_addr::lpcBaseAddr=0x07A60000
VERBOSE::memory_page.c::89::mem_page_init_from_proc_addr::memInfo.BaseAddress=0x07A60000
VERBOSE::memory_page.c::90::mem_page_init_from_proc_addr::memInfo.RegionSize=0x00004000
VERBOSE::memory_page.c::57::mem_page_init_from_proc_addr::lpcBaseAddr=0x07A64000
VERBOSE::memory_page.c::58::mem_page_init_from_proc_addr::lpcNextAddr=0x07A64000
VERBOSE::memory_page.c::88::mem_page_init_from_proc_addr::lpcBaseAddr=0x07A64000
VERBOSE::memory_page.c::89::mem_page_init_from_proc_addr::memInfo.BaseAddress=0x07A64000
VERBOSE::memory_page.c::90::mem_page_init_from_proc_addr::memInfo.RegionSize=0x00021000
ERROR::memory_page.c::217::mem_page_destroy::Deallocating NULL page
VERBOSE::memory_manager.c::523::mem_mgr_load_proc::skip to addr 0x07A85000
VERBOSE::memory_page.c::57::mem_page_init_from_proc_addr::lpcBaseAddr=0x07A85000
VERBOSE::memory_page.c::58::mem_page_init_from_proc_addr::lpcNextAddr=0x07A85000
VERBOSE::memory_page.c::88::mem_page_init_from_proc_addr::lpcBaseAddr=0x07A85000
VERBOSE::memory_page.c::89::mem_page_init_from_proc_addr::memInfo.BaseAddress=0x07A85000
VERBOSE::memory_page.c::90::mem_page_init_from_proc_addr::memInfo.RegionSize=0x00003000
VERBOSE::memory_page.c::57::mem_page_init_from_proc_addr::lpcBaseAddr=0x07A88000
VERBOSE::memory_page.c::58::mem_page_init_from_proc_addr::lpcNextAddr=0x07A88000
VERBOSE::memory_page.c::88::mem_page_init_from_proc_addr::lpcBaseAddr=0x07A88000
VERBOSE::memory_page.c::89::mem_page_init_from_proc_addr::memInfo.BaseAddress=0x07A88000
VERBOSE::memory_page.c::90::mem_page_init_from_proc_addr::memInfo.RegionSize=0x00003000
ERROR::memory_page.c::217::mem_page_destroy::Deallocating NULL page
VERBOSE::memory_manager.c::523::mem_mgr_load_proc::skip to addr 0x07A8B000
VERBOSE::memory_page.c::57::mem_page_init_from_proc_addr::lpcBaseAddr=0x07A8B000
VERBOSE::memory_page.c::58::mem_page_init_from_proc_addr::lpcNextAddr=0x07A8B000
VERBOSE::memory_page.c::88::mem_page_init_from_proc_addr::lpcBaseAddr=0x07A8B000
VERBOSE::memory_page.c::89::mem_page_init_from_proc_addr::memInfo.BaseAddress=0x07A8B000
VERBOSE::memory_page.c::90::mem_page_init_from_proc_addr::memInfo.RegionSize=0x00008000
VERBOSE::memory_page.c::57::mem_page_init_from_proc_addr::lpcBaseAddr=0x07A93000
VERBOSE::memory_page.c::58::mem_page_init_from_proc_addr::lpcNextAddr=0x07A93000
VERBOSE::memory_page.c::88::mem_page_init_from_proc_addr::lpcBaseAddr=0x07A93000
VERBOSE::memory_page.c::89::mem_page_init_from_proc_addr::memInfo.BaseAddress=0x07A93000
VERBOSE::memory_page.c::90::mem_page_init_from_proc_addr::memInfo.RegionSize=0x00001000
ERROR::memory_page.c::217::mem_page_destroy::Deallocating NULL page
VERBOSE::memory_manager.c::523::mem_mgr_load_proc::skip to addr 0x07A94000
VERBOSE::memory_page.c::57::mem_page_init_from_proc_addr::lpcBaseAddr=0x07A94000
VERBOSE::memory_page.c::58::mem_page_init_from_proc_addr::lpcNextAddr=0x07A94000
VERBOSE::memory_page.c::88::mem_page_init_from_proc_addr::lpcBaseAddr=0x07A94000
VERBOSE::memory_page.c::89::mem_page_init_from_proc_addr::memInfo.BaseAddress=0x07A94000
VERBOSE::memory_page.c::90::mem_page_init_from_proc_addr::memInfo.RegionSize=0x00005000
VERBOSE::memory_page.c::57::mem_page_init_from_proc_addr::lpcBaseAddr=0x07A99000
VERBOSE::memory_page.c::58::mem_page_init_from_proc_addr::lpcNextAddr=0x07A99000
VERBOSE::memory_page.c::88::mem_page_init_from_proc_addr::lpcBaseAddr=0x07A99000
VERBOSE::memory_page.c::89::mem_page_init_from_proc_addr::memInfo.BaseAddress=0x07A99000
VERBOSE::memory_page.c::90::mem_page_init_from_proc_addr::memInfo.RegionSize=0x00001000
ERROR::memory_page.c::217::mem_page_destroy::Deallocating NULL page
VERBOSE::memory_manager.c::523::mem_mgr_load_proc::skip to addr 0x07A9A000
VERBOSE::memory_page.c::57::mem_page_init_from_proc_addr::lpcBaseAddr=0x07A9A000
VERBOSE::memory_page.c::58::mem_page_init_from_proc_addr::lpcNextAddr=0x07A9A000
VERBOSE::memory_page.c::88::mem_page_init_from_proc_addr::lpcBaseAddr=0x07A9A000
VERBOSE::memory_page.c::89::mem_page_init_from_proc_addr::memInfo.BaseAddress=0x07A9A000
VERBOSE::memory_page.c::90::mem_page_init_from_proc_addr::memInfo.RegionSize=0x00008000
VERBOSE::memory_page.c::57::mem_page_init_from_proc_addr::lpcBaseAddr=0x07AA2000
VERBOSE::memory_page.c::58::mem_page_init_from_proc_addr::lpcNextAddr=0x07AA2000
VERBOSE::memory_page.c::88::mem_page_init_from_proc_addr::lpcBaseAddr=0x07AA2000
VERBOSE::memory_page.c::89::mem_page_init_from_proc_addr::memInfo.BaseAddress=0x07AA2000
VERBOSE::memory_page.c::90::mem_page_init_from_proc_addr::memInfo.RegionSize=0x00021000
ERROR::memory_page.c::217::mem_page_destroy::Deallocating NULL page
VERBOSE::memory_manager.c::523::mem_mgr_load_proc::skip to addr 0x07AC3000
VERBOSE::memory_page.c::57::mem_page_init_from_proc_addr::lpcBaseAddr=0x07AC3000
VERBOSE::memory_page.c::58::mem_page_init_from_proc_addr::lpcNextAddr=0x07AC3000
VERBOSE::memory_page.c::88::mem_page_init_from_proc_addr::lpcBaseAddr=0x07AC3000
VERBOSE::memory_page.c::89::mem_page_init_from_proc_addr::memInfo.BaseAddress=0x07AC3000
VERBOSE::memory_page.c::90::mem_page_init_from_proc_addr::memInfo.RegionSize=0x00001000
VERBOSE::memory_page.c::57::mem_page_init_from_proc_addr::lpcBaseAddr=0x07AC4000
VERBOSE::memory_page.c::58::mem_page_init_from_proc_addr::lpcNextAddr=0x07AC4000
VERBOSE::memory_page.c::88::mem_page_init_from_proc_addr::lpcBaseAddr=0x07AC4000
VERBOSE::memory_page.c::89::mem_page_init_from_proc_addr::memInfo.BaseAddress=0x07AC4000
VERBOSE::memory_page.c::90::mem_page_init_from_proc_addr::memInfo.RegionSize=0x0007F000
ERROR::memory_page.c::217::mem_page_destroy::Deallocating NULL page
VERBOSE::memory_manager.c::523::mem_mgr_load_proc::skip to addr 0x07B43000
VERBOSE::memory_page.c::57::mem_page_init_from_proc_addr::lpcBaseAddr=0x07B43000
VERBOSE::memory_page.c::58::mem_page_init_from_proc_addr::lpcNextAddr=0x07B43000
VERBOSE::memory_page.c::88::mem_page_init_from_proc_addr::lpcBaseAddr=0x07B43000
VERBOSE::memory_page.c::89::mem_page_init_from_proc_addr::memInfo.BaseAddress=0x07B43000
VERBOSE::memory_page.c::90::mem_page_init_from_proc_addr::memInfo.RegionSize=0x00001000
VERBOSE::memory_page.c::57::mem_page_init_from_proc_addr::lpcBaseAddr=0x07B44000
VERBOSE::memory_page.c::58::mem_page_init_from_proc_addr::lpcNextAddr=0x07B44000
VERBOSE::memory_page.c::88::mem_page_init_from_proc_addr::lpcBaseAddr=0x07B44000
VERBOSE::memory_page.c::89::mem_page_init_from_proc_addr::memInfo.BaseAddress=0x07B44000
VERBOSE::memory_page.c::90::mem_page_init_from_proc_addr::memInfo.RegionSize=0x0001A000
ERROR::memory_page.c::217::mem_page_destroy::Deallocating NULL page
VERBOSE::memory_manager.c::523::mem_mgr_load_proc::skip to addr 0x07B5E000
VERBOSE::memory_page.c::57::mem_page_init_from_proc_addr::lpcBaseAddr=0x07B5E000
VERBOSE::memory_page.c::58::mem_page_init_from_proc_addr::lpcNextAddr=0x07B5E000
VERBOSE::memory_page.c::88::mem_page_init_from_proc_addr::lpcBaseAddr=0x07B5E000
VERBOSE::memory_page.c::89::mem_page_init_from_proc_addr::memInfo.BaseAddress=0x07B5E000
VERBOSE::memory_page.c::90::mem_page_init_from_proc_addr::memInfo.RegionSize=0x00001000
VERBOSE::memory_page.c::57::mem_page_init_from_proc_addr::lpcBaseAddr=0x07B5F000
VERBOSE::memory_page.c::58::mem_page_init_from_proc_addr::lpcNextAddr=0x07B5F000
VERBOSE::memory_page.c::88::mem_page_init_from_proc_addr::lpcBaseAddr=0x07B5F000
VERBOSE::memory_page.c::89::mem_page_init_from_proc_addr::memInfo.BaseAddress=0x07B5F000
VERBOSE::memory_page.c::90::mem_page_init_from_proc_addr::memInfo.RegionSize=0x00001000
ERROR::memory_page.c::217::mem_page_destroy::Deallocating NULL page
VERBOSE::memory_manager.c::523::mem_mgr_load_proc::skip to addr 0x07B60000
VERBOSE::memory_page.c::57::mem_page_init_from_proc_addr::lpcBaseAddr=0x07B60000
VERBOSE::memory_page.c::58::mem_page_init_from_proc_addr::lpcNextAddr=0x07B60000
VERBOSE::memory_page.c::88::mem_page_init_from_proc_addr::lpcBaseAddr=0x07B60000
VERBOSE::memory_page.c::89::mem_page_init_from_proc_addr::memInfo.BaseAddress=0x07B60000
VERBOSE::memory_page.c::90::mem_page_init_from_proc_addr::memInfo.RegionSize=0x001C0000
VERBOSE::memory_page.c::57::mem_page_init_from_proc_addr::lpcBaseAddr=0x07D20000
VERBOSE::memory_page.c::58::mem_page_init_from_proc_addr::lpcNextAddr=0x07D20000
VERBOSE::memory_page.c::88::mem_page_init_from_proc_addr::lpcBaseAddr=0x07D20000
VERBOSE::memory_page.c::89::mem_page_init_from_proc_addr::memInfo.BaseAddress=0x07D20000
VERBOSE::memory_page.c::90::mem_page_init_from_proc_addr::memInfo.RegionSize=0x00010000
ERROR::memory_page.c::217::mem_page_destroy::Deallocating NULL page
VERBOSE::memory_manager.c::523::mem_mgr_load_proc::skip to addr 0x07D30000
VERBOSE::memory_page.c::57::mem_page_init_from_proc_addr::lpcBaseAddr=0x07D30000
VERBOSE::memory_page.c::58::mem_page_init_from_proc_addr::lpcNextAddr=0x07D30000
VERBOSE::memory_page.c::88::mem_page_init_from_proc_addr::lpcBaseAddr=0x07D30000
VERBOSE::memory_page.c::89::mem_page_init_from_proc_addr::memInfo.BaseAddress=0x07D30000
VERBOSE::memory_page.c::90::mem_page_init_from_proc_addr::memInfo.RegionSize=0x000E2000
VERBOSE::memory_page.c::57::mem_page_init_from_proc_addr::lpcBaseAddr=0x07E12000
VERBOSE::memory_page.c::58::mem_page_init_from_proc_addr::lpcNextAddr=0x07E12000
VERBOSE::memory_page.c::88::mem_page_init_from_proc_addr::lpcBaseAddr=0x07E12000
VERBOSE::memory_page.c::89::mem_page_init_from_proc_addr::memInfo.BaseAddress=0x07E12000
VERBOSE::memory_page.c::90::mem_page_init_from_proc_addr::memInfo.RegionSize=0x0002E000
ERROR::memory_page.c::217::mem_page_destroy::Deallocating NULL page
VERBOSE::memory_manager.c::523::mem_mgr_load_proc::skip to addr 0x07E40000
VERBOSE::memory_page.c::57::mem_page_init_from_proc_addr::lpcBaseAddr=0x07E40000
VERBOSE::memory_page.c::58::mem_page_init_from_proc_addr::lpcNextAddr=0x07E40000
VERBOSE::memory_page.c::88::mem_page_init_from_proc_addr::lpcBaseAddr=0x07E40000
VERBOSE::memory_page.c::89::mem_page_init_from_proc_addr::memInfo.BaseAddress=0x07E40000
VERBOSE::memory_page.c::90::mem_page_init_from_proc_addr::memInfo.RegionSize=0x00140000
VERBOSE::memory_page.c::57::mem_page_init_from_proc_addr::lpcBaseAddr=0x07F80000
VERBOSE::memory_page.c::58::mem_page_init_from_proc_addr::lpcNextAddr=0x07F80000
VERBOSE::memory_page.c::88::mem_page_init_from_proc_addr::lpcBaseAddr=0x07F80000
VERBOSE::memory_page.c::89::mem_page_init_from_proc_addr::memInfo.BaseAddress=0x07F80000
VERBOSE::memory_page.c::90::mem_page_init_from_proc_addr::memInfo.RegionSize=0x01BE0000
ERROR::memory_page.c::217::mem_page_destroy::Deallocating NULL page
VERBOSE::memory_manager.c::523::mem_mgr_load_proc::skip to addr 0x09B60000
VERBOSE::memory_page.c::57::mem_page_init_from_proc_addr::lpcBaseAddr=0x09B60000
VERBOSE::memory_page.c::58::mem_page_init_from_proc_addr::lpcNextAddr=0x09B60000
VERBOSE::memory_page.c::88::mem_page_init_from_proc_addr::lpcBaseAddr=0x09B60000
VERBOSE::memory_page.c::89::mem_page_init_from_proc_addr::memInfo.BaseAddress=0x09B60000
VERBOSE::memory_page.c::90::mem_page_init_from_proc_addr::memInfo.RegionSize=0x00010000
ERROR::memory_page.c::217::mem_page_destroy::Deallocating NULL page
VERBOSE::memory_manager.c::523::mem_mgr_load_proc::skip to addr 0x09B70000
VERBOSE::memory_page.c::57::mem_page_init_from_proc_addr::lpcBaseAddr=0x09B70000
VERBOSE::memory_page.c::58::mem_page_init_from_proc_addr::lpcNextAddr=0x09B70000
VERBOSE::memory_page.c::88::mem_page_init_from_proc_addr::lpcBaseAddr=0x09B70000
VERBOSE::memory_page.c::89::mem_page_init_from_proc_addr::memInfo.BaseAddress=0x09B70000
VERBOSE::memory_page.c::90::mem_page_init_from_proc_addr::memInfo.RegionSize=0x00300000
VERBOSE::memory_page.c::57::mem_page_init_from_proc_addr::lpcBaseAddr=0x09E70000
VERBOSE::memory_page.c::58::mem_page_init_from_proc_addr::lpcNextAddr=0x09E70000
VERBOSE::memory_page.c::88::mem_page_init_from_proc_addr::lpcBaseAddr=0x09E70000
VERBOSE::memory_page.c::89::mem_page_init_from_proc_addr::memInfo.BaseAddress=0x09E70000
VERBOSE::memory_page.c::90::mem_page_init_from_proc_addr::memInfo.RegionSize=0x01CF0000
ERROR::memory_page.c::217::mem_page_destroy::Deallocating NULL page
VERBOSE::memory_manager.c::523::mem_mgr_load_proc::skip to addr 0x0BB60000
VERBOSE::memory_page.c::57::mem_page_init_from_proc_addr::lpcBaseAddr=0x0BB60000
VERBOSE::memory_page.c::58::mem_page_init_from_proc_addr::lpcNextAddr=0x0BB60000
VERBOSE::memory_page.c::88::mem_page_init_from_proc_addr::lpcBaseAddr=0x0BB60000
VERBOSE::memory_page.c::89::mem_page_init_from_proc_addr::memInfo.BaseAddress=0x0BB60000
VERBOSE::memory_page.c::90::mem_page_init_from_proc_addr::memInfo.RegionSize=0x000C3000
VERBOSE::memory_page.c::57::mem_page_init_from_proc_addr::lpcBaseAddr=0x0BC23000
VERBOSE::memory_page.c::58::mem_page_init_from_proc_addr::lpcNextAddr=0x0BC23000
VERBOSE::memory_page.c::88::mem_page_init_from_proc_addr::lpcBaseAddr=0x0BC23000
VERBOSE::memory_page.c::89::mem_page_init_from_proc_addr::memInfo.BaseAddress=0x0BC23000
VERBOSE::memory_page.c::90::mem_page_init_from_proc_addr::memInfo.RegionSize=0x00001000
ERROR::memory_page.c::217::mem_page_destroy::Deallocating NULL page
VERBOSE::memory_manager.c::523::mem_mgr_load_proc::skip to addr 0x0BC24000
VERBOSE::memory_page.c::57::mem_page_init_from_proc_addr::lpcBaseAddr=0x0BC24000
VERBOSE::memory_page.c::58::mem_page_init_from_proc_addr::lpcNextAddr=0x0BC24000
VERBOSE::memory_page.c::88::mem_page_init_from_proc_addr::lpcBaseAddr=0x0BC24000
VERBOSE::memory_page.c::89::mem_page_init_from_proc_addr::memInfo.BaseAddress=0x0BC24000
VERBOSE::memory_page.c::90::mem_page_init_from_proc_addr::memInfo.RegionSize=0x00032000
VERBOSE::memory_page.c::57::mem_page_init_from_proc_addr::lpcBaseAddr=0x0BC56000
VERBOSE::memory_page.c::58::mem_page_init_from_proc_addr::lpcNextAddr=0x0BC56000
VERBOSE::memory_page.c::88::mem_page_init_from_proc_addr::lpcBaseAddr=0x0BC56000
VERBOSE::memory_page.c::89::mem_page_init_from_proc_addr::memInfo.BaseAddress=0x0BC56000
VERBOSE::memory_page.c::90::mem_page_init_from_proc_addr::memInfo.RegionSize=0x0003D000
ERROR::memory_page.c::217::mem_page_destroy::Deallocating NULL page
VERBOSE::memory_manager.c::523::mem_mgr_load_proc::skip to addr 0x0BC93000
VERBOSE::memory_page.c::57::mem_page_init_from_proc_addr::lpcBaseAddr=0x0BC93000
VERBOSE::memory_page.c::58::mem_page_init_from_proc_addr::lpcNextAddr=0x0BC93000
VERBOSE::memory_page.c::88::mem_page_init_from_proc_addr::lpcBaseAddr=0x0BC93000
VERBOSE::memory_page.c::89::mem_page_init_from_proc_addr::memInfo.BaseAddress=0x0BC93000
VERBOSE::memory_page.c::90::mem_page_init_from_proc_addr::memInfo.RegionSize=0x00082000
VERBOSE::memory_page.c::57::mem_page_init_from_proc_addr::lpcBaseAddr=0x0BD15000
VERBOSE::memory_page.c::58::mem_page_init_from_proc_addr::lpcNextAddr=0x0BD15000
VERBOSE::memory_page.c::88::mem_page_init_from_proc_addr::lpcBaseAddr=0x0BD15000
VERBOSE::memory_page.c::89::mem_page_init_from_proc_addr::memInfo.BaseAddress=0x0BD15000
VERBOSE::memory_page.c::90::mem_page_init_from_proc_addr::memInfo.RegionSize=0x00001000
ERROR::memory_page.c::217::mem_page_destroy::Deallocating NULL page
VERBOSE::memory_manager.c::523::mem_mgr_load_proc::skip to addr 0x0BD16000
VERBOSE::memory_page.c::57::mem_page_init_from_proc_addr::lpcBaseAddr=0x0BD16000
VERBOSE::memory_page.c::58::mem_page_init_from_proc_addr::lpcNextAddr=0x0BD16000
VERBOSE::memory_page.c::88::mem_page_init_from_proc_addr::lpcBaseAddr=0x0BD16000
VERBOSE::memory_page.c::89::mem_page_init_from_proc_addr::memInfo.BaseAddress=0x0BD16000
VERBOSE::memory_page.c::90::mem_page_init_from_proc_addr::memInfo.RegionSize=0x00049000
VERBOSE::memory_page.c::57::mem_page_init_from_proc_addr::lpcBaseAddr=0x0BD5F000
VERBOSE::memory_page.c::58::mem_page_init_from_proc_addr::lpcNextAddr=0x0BD5F000
VERBOSE::memory_page.c::88::mem_page_init_from_proc_addr::lpcBaseAddr=0x0BD5F000
VERBOSE::memory_page.c::89::mem_page_init_from_proc_addr::memInfo.BaseAddress=0x0BD5F000
VERBOSE::memory_page.c::90::mem_page_init_from_proc_addr::memInfo.RegionSize=0x00001000
ERROR::memory_page.c::217::mem_page_destroy::Deallocating NULL page
VERBOSE::memory_manager.c::523::mem_mgr_load_proc::skip to addr 0x0BD60000
VERBOSE::memory_page.c::57::mem_page_init_from_proc_addr::lpcBaseAddr=0x0BD60000
VERBOSE::memory_page.c::58::mem_page_init_from_proc_addr::lpcNextAddr=0x0BD60000
VERBOSE::memory_page.c::88::mem_page_init_from_proc_addr::lpcBaseAddr=0x0BD60000
VERBOSE::memory_page.c::89::mem_page_init_from_proc_addr::memInfo.BaseAddress=0x0BD60000
VERBOSE::memory_page.c::90::mem_page_init_from_proc_addr::memInfo.RegionSize=0x000FC000
ERROR::memory_page.c::217::mem_page_destroy::Deallocating NULL page
VERBOSE::memory_manager.c::523::mem_mgr_load_proc::skip to addr 0x0BE5C000
VERBOSE::memory_page.c::57::mem_page_init_from_proc_addr::lpcBaseAddr=0x0BE5C000
VERBOSE::memory_page.c::58::mem_page_init_from_proc_addr::lpcNextAddr=0x0BE5C000
VERBOSE::memory_page.c::88::mem_page_init_from_proc_addr::lpcBaseAddr=0x0BE5C000
VERBOSE::memory_page.c::89::mem_page_init_from_proc_addr::memInfo.BaseAddress=0x0BE5C000
VERBOSE::memory_page.c::90::mem_page_init_from_proc_addr::memInfo.RegionSize=0x00002000
ERROR::memory_page.c::217::mem_page_destroy::Deallocating NULL page
VERBOSE::memory_manager.c::523::mem_mgr_load_proc::skip to addr 0x0BE5E000
VERBOSE::memory_page.c::57::mem_page_init_from_proc_addr::lpcBaseAddr=0x0BE5E000
VERBOSE::memory_page.c::58::mem_page_init_from_proc_addr::lpcNextAddr=0x0BE5E000
VERBOSE::memory_page.c::88::mem_page_init_from_proc_addr::lpcBaseAddr=0x0BE5E000
VERBOSE::memory_page.c::89::mem_page_init_from_proc_addr::memInfo.BaseAddress=0x0BE5E000
VERBOSE::memory_page.c::90::mem_page_init_from_proc_addr::memInfo.RegionSize=0x00002000
VERBOSE::memory_page.c::57::mem_page_init_from_proc_addr::lpcBaseAddr=0x0BE60000
VERBOSE::memory_page.c::58::mem_page_init_from_proc_addr::lpcNextAddr=0x0BE60000
VERBOSE::memory_page.c::88::mem_page_init_from_proc_addr::lpcBaseAddr=0x0BE60000
VERBOSE::memory_page.c::89::mem_page_init_from_proc_addr::memInfo.BaseAddress=0x0BE60000
VERBOSE::memory_page.c::90::mem_page_init_from_proc_addr::memInfo.RegionSize=0x000FD000
ERROR::memory_page.c::217::mem_page_destroy::Deallocating NULL page
VERBOSE::memory_manager.c::523::mem_mgr_load_proc::skip to addr 0x0BF5D000
VERBOSE::memory_page.c::57::mem_page_init_from_proc_addr::lpcBaseAddr=0x0BF5D000
VERBOSE::memory_page.c::58::mem_page_init_from_proc_addr::lpcNextAddr=0x0BF5D000
VERBOSE::memory_page.c::88::mem_page_init_from_proc_addr::lpcBaseAddr=0x0BF5D000
VERBOSE::memory_page.c::89::mem_page_init_from_proc_addr::memInfo.BaseAddress=0x0BF5D000
VERBOSE::memory_page.c::90::mem_page_init_from_proc_addr::memInfo.RegionSize=0x00002000
ERROR::memory_page.c::217::mem_page_destroy::Deallocating NULL page
VERBOSE::memory_manager.c::523::mem_mgr_load_proc::skip to addr 0x0BF5F000
VERBOSE::memory_page.c::57::mem_page_init_from_proc_addr::lpcBaseAddr=0x0BF5F000
VERBOSE::memory_page.c::58::mem_page_init_from_proc_addr::lpcNextAddr=0x0BF5F000
VERBOSE::memory_page.c::88::mem_page_init_from_proc_addr::lpcBaseAddr=0x0BF5F000
VERBOSE::memory_page.c::89::mem_page_init_from_proc_addr::memInfo.BaseAddress=0x0BF5F000
VERBOSE::memory_page.c::90::mem_page_init_from_proc_addr::memInfo.RegionSize=0x00001000
VERBOSE::memory_page.c::57::mem_page_init_from_proc_addr::lpcBaseAddr=0x0BF60000
VERBOSE::memory_page.c::58::mem_page_init_from_proc_addr::lpcNextAddr=0x0BF60000
VERBOSE::memory_page.c::88::mem_page_init_from_proc_addr::lpcBaseAddr=0x0BF60000
VERBOSE::memory_page.c::89::mem_page_init_from_proc_addr::memInfo.BaseAddress=0x0BF60000
VERBOSE::memory_page.c::90::mem_page_init_from_proc_addr::memInfo.RegionSize=0x000FF000
VERBOSE::memory_page.c::57::mem_page_init_from_proc_addr::lpcBaseAddr=0x0C05F000
VERBOSE::memory_page.c::58::mem_page_init_from_proc_addr::lpcNextAddr=0x0C05F000
VERBOSE::memory_page.c::88::mem_page_init_from_proc_addr::lpcBaseAddr=0x0C05F000
VERBOSE::memory_page.c::89::mem_page_init_from_proc_addr::memInfo.BaseAddress=0x0C05F000
VERBOSE::memory_page.c::90::mem_page_init_from_proc_addr::memInfo.RegionSize=0x00001000
ERROR::memory_page.c::217::mem_page_destroy::Deallocating NULL page
VERBOSE::memory_manager.c::523::mem_mgr_load_proc::skip to addr 0x0C060000
VERBOSE::memory_page.c::57::mem_page_init_from_proc_addr::lpcBaseAddr=0x0C060000
VERBOSE::memory_page.c::58::mem_page_init_from_proc_addr::lpcNextAddr=0x0C060000
VERBOSE::memory_page.c::88::mem_page_init_from_proc_addr::lpcBaseAddr=0x0C060000
VERBOSE::memory_page.c::89::mem_page_init_from_proc_addr::memInfo.BaseAddress=0x0C060000
VERBOSE::memory_page.c::90::mem_page_init_from_proc_addr::memInfo.RegionSize=0x001FF000
VERBOSE::memory_page.c::57::mem_page_init_from_proc_addr::lpcBaseAddr=0x0C25F000
VERBOSE::memory_page.c::58::mem_page_init_from_proc_addr::lpcNextAddr=0x0C25F000
VERBOSE::memory_page.c::88::mem_page_init_from_proc_addr::lpcBaseAddr=0x0C25F000
VERBOSE::memory_page.c::89::mem_page_init_from_proc_addr::memInfo.BaseAddress=0x0C25F000
VERBOSE::memory_page.c::90::mem_page_init_from_proc_addr::memInfo.RegionSize=0x00001000
ERROR::memory_page.c::217::mem_page_destroy::Deallocating NULL page
VERBOSE::memory_manager.c::523::mem_mgr_load_proc::skip to addr 0x0C260000
VERBOSE::memory_page.c::57::mem_page_init_from_proc_addr::lpcBaseAddr=0x0C260000
VERBOSE::memory_page.c::58::mem_page_init_from_proc_addr::lpcNextAddr=0x0C260000
VERBOSE::memory_page.c::88::mem_page_init_from_proc_addr::lpcBaseAddr=0x0C260000
VERBOSE::memory_page.c::89::mem_page_init_from_proc_addr::memInfo.BaseAddress=0x0C260000
VERBOSE::memory_page.c::90::mem_page_init_from_proc_addr::memInfo.RegionSize=0x003FF000
VERBOSE::memory_page.c::57::mem_page_init_from_proc_addr::lpcBaseAddr=0x0C65F000
VERBOSE::memory_page.c::58::mem_page_init_from_proc_addr::lpcNextAddr=0x0C65F000
VERBOSE::memory_page.c::88::mem_page_init_from_proc_addr::lpcBaseAddr=0x0C65F000
VERBOSE::memory_page.c::89::mem_page_init_from_proc_addr::memInfo.BaseAddress=0x0C65F000
VERBOSE::memory_page.c::90::mem_page_init_from_proc_addr::memInfo.RegionSize=0x00001000
ERROR::memory_page.c::217::mem_page_destroy::Deallocating NULL page
VERBOSE::memory_manager.c::523::mem_mgr_load_proc::skip to addr 0x0C660000
VERBOSE::memory_page.c::57::mem_page_init_from_proc_addr::lpcBaseAddr=0x0C660000
VERBOSE::memory_page.c::58::mem_page_init_from_proc_addr::lpcNextAddr=0x0C660000
VERBOSE::memory_page.c::88::mem_page_init_from_proc_addr::lpcBaseAddr=0x0C660000
VERBOSE::memory_page.c::89::mem_page_init_from_proc_addr::memInfo.BaseAddress=0x0C660000
VERBOSE::memory_page.c::90::mem_page_init_from_proc_addr::memInfo.RegionSize=0x007FF000
VERBOSE::memory_page.c::57::mem_page_init_from_proc_addr::lpcBaseAddr=0x0CE5F000
VERBOSE::memory_page.c::58::mem_page_init_from_proc_addr::lpcNextAddr=0x0CE5F000
VERBOSE::memory_page.c::88::mem_page_init_from_proc_addr::lpcBaseAddr=0x0CE5F000
VERBOSE::memory_page.c::89::mem_page_init_from_proc_addr::memInfo.BaseAddress=0x0CE5F000
VERBOSE::memory_page.c::90::mem_page_init_from_proc_addr::memInfo.RegionSize=0x00001000
ERROR::memory_page.c::217::mem_page_destroy::Deallocating NULL page
VERBOSE::memory_manager.c::523::mem_mgr_load_proc::skip to addr 0x0CE60000
VERBOSE::memory_page.c::57::mem_page_init_from_proc_addr::lpcBaseAddr=0x0CE60000
VERBOSE::memory_page.c::58::mem_page_init_from_proc_addr::lpcNextAddr=0x0CE60000
VERBOSE::memory_page.c::88::mem_page_init_from_proc_addr::lpcBaseAddr=0x0CE60000
VERBOSE::memory_page.c::89::mem_page_init_from_proc_addr::memInfo.BaseAddress=0x0CE60000
VERBOSE::memory_page.c::90::mem_page_init_from_proc_addr::memInfo.RegionSize=0x00035000
ERROR::memory_page.c::217::mem_page_destroy::Deallocating NULL page
VERBOSE::memory_manager.c::523::mem_mgr_load_proc::skip to addr 0x0CE95000
VERBOSE::memory_page.c::57::mem_page_init_from_proc_addr::lpcBaseAddr=0x0CE95000
VERBOSE::memory_page.c::58::mem_page_init_from_proc_addr::lpcNextAddr=0x0CE95000
VERBOSE::memory_page.c::88::mem_page_init_from_proc_addr::lpcBaseAddr=0x0CE95000
VERBOSE::memory_page.c::89::mem_page_init_from_proc_addr::memInfo.BaseAddress=0x0CE95000
VERBOSE::memory_page.c::90::mem_page_init_from_proc_addr::memInfo.RegionSize=0x00003000
ERROR::memory_page.c::217::mem_page_destroy::Deallocating NULL page
VERBOSE::memory_manager.c::523::mem_mgr_load_proc::skip to addr 0x0CE98000
VERBOSE::memory_page.c::57::mem_page_init_from_proc_addr::lpcBaseAddr=0x0CE98000
VERBOSE::memory_page.c::58::mem_page_init_from_proc_addr::lpcNextAddr=0x0CE98000
VERBOSE::memory_page.c::88::mem_page_init_from_proc_addr::lpcBaseAddr=0x0CE98000
VERBOSE::memory_page.c::89::mem_page_init_from_proc_addr::memInfo.BaseAddress=0x0CE98000
VERBOSE::memory_page.c::90::mem_page_init_from_proc_addr::memInfo.RegionSize=0x00008000
VERBOSE::memory_page.c::57::mem_page_init_from_proc_addr::lpcBaseAddr=0x0CEA0000
VERBOSE::memory_page.c::58::mem_page_init_from_proc_addr::lpcNextAddr=0x0CEA0000
VERBOSE::memory_page.c::88::mem_page_init_from_proc_addr::lpcBaseAddr=0x0CEA0000
VERBOSE::memory_page.c::89::mem_page_init_from_proc_addr::memInfo.BaseAddress=0x0CEA0000
VERBOSE::memory_page.c::90::mem_page_init_from_proc_addr::memInfo.RegionSize=0x000F0000
ERROR::memory_page.c::217::mem_page_destroy::Deallocating NULL page
VERBOSE::memory_manager.c::523::mem_mgr_load_proc::skip to addr 0x0CF90000
VERBOSE::memory_page.c::57::mem_page_init_from_proc_addr::lpcBaseAddr=0x0CF90000
VERBOSE::memory_page.c::58::mem_page_init_from_proc_addr::lpcNextAddr=0x0CF90000
VERBOSE::memory_page.c::88::mem_page_init_from_proc_addr::lpcBaseAddr=0x0CF90000
VERBOSE::memory_page.c::89::mem_page_init_from_proc_addr::memInfo.BaseAddress=0x0CF90000
VERBOSE::memory_page.c::90::mem_page_init_from_proc_addr::memInfo.RegionSize=0x00009000
ERROR::memory_page.c::217::mem_page_destroy::Deallocating NULL page
VERBOSE::memory_manager.c::523::mem_mgr_load_proc::skip to addr 0x0CF99000
VERBOSE::memory_page.c::57::mem_page_init_from_proc_addr::lpcBaseAddr=0x0CF99000
VERBOSE::memory_page.c::58::mem_page_init_from_proc_addr::lpcNextAddr=0x0CF99000
VERBOSE::memory_page.c::88::mem_page_init_from_proc_addr::lpcBaseAddr=0x0CF99000
VERBOSE::memory_page.c::89::mem_page_init_from_proc_addr::memInfo.BaseAddress=0x0CF99000
VERBOSE::memory_page.c::90::mem_page_init_from_proc_addr::memInfo.RegionSize=0x0011A000
VERBOSE::memory_page.c::57::mem_page_init_from_proc_addr::lpcBaseAddr=0x0D0B3000
VERBOSE::memory_page.c::58::mem_page_init_from_proc_addr::lpcNextAddr=0x0D0B3000
VERBOSE::memory_page.c::88::mem_page_init_from_proc_addr::lpcBaseAddr=0x0D0B3000
VERBOSE::memory_page.c::89::mem_page_init_from_proc_addr::memInfo.BaseAddress=0x0D0B3000
VERBOSE::memory_page.c::90::mem_page_init_from_proc_addr::memInfo.RegionSize=0x00001000
ERROR::memory_page.c::217::mem_page_destroy::Deallocating NULL page
VERBOSE::memory_manager.c::523::mem_mgr_load_proc::skip to addr 0x0D0B4000
VERBOSE::memory_page.c::57::mem_page_init_from_proc_addr::lpcBaseAddr=0x0D0B4000
VERBOSE::memory_page.c::58::mem_page_init_from_proc_addr::lpcNextAddr=0x0D0B4000
VERBOSE::memory_page.c::88::mem_page_init_from_proc_addr::lpcBaseAddr=0x0D0B4000
VERBOSE::memory_page.c::89::mem_page_init_from_proc_addr::memInfo.BaseAddress=0x0D0B4000
VERBOSE::memory_page.c::90::mem_page_init_from_proc_addr::memInfo.RegionSize=0x0000C000
ERROR::memory_page.c::217::mem_page_destroy::Deallocating NULL page
VERBOSE::memory_manager.c::523::mem_mgr_load_proc::skip to addr 0x0D0C0000
VERBOSE::memory_page.c::57::mem_page_init_from_proc_addr::lpcBaseAddr=0x0D0C0000
VERBOSE::memory_page.c::58::mem_page_init_from_proc_addr::lpcNextAddr=0x0D0C0000
VERBOSE::memory_page.c::88::mem_page_init_from_proc_addr::lpcBaseAddr=0x0D0C0000
VERBOSE::memory_page.c::89::mem_page_init_from_proc_addr::memInfo.BaseAddress=0x0D0C0000
VERBOSE::memory_page.c::90::mem_page_init_from_proc_addr::memInfo.RegionSize=0x003FF000
VERBOSE::memory_page.c::57::mem_page_init_from_proc_addr::lpcBaseAddr=0x0D4BF000
VERBOSE::memory_page.c::58::mem_page_init_from_proc_addr::lpcNextAddr=0x0D4BF000
VERBOSE::memory_page.c::88::mem_page_init_from_proc_addr::lpcBaseAddr=0x0D4BF000
VERBOSE::memory_page.c::89::mem_page_init_from_proc_addr::memInfo.BaseAddress=0x0D4BF000
VERBOSE::memory_page.c::90::mem_page_init_from_proc_addr::memInfo.RegionSize=0x00001000
ERROR::memory_page.c::217::mem_page_destroy::Deallocating NULL page
VERBOSE::memory_manager.c::523::mem_mgr_load_proc::skip to addr 0x0D4C0000
VERBOSE::memory_page.c::57::mem_page_init_from_proc_addr::lpcBaseAddr=0x0D4C0000
VERBOSE::memory_page.c::58::mem_page_init_from_proc_addr::lpcNextAddr=0x0D4C0000
VERBOSE::memory_page.c::88::mem_page_init_from_proc_addr::lpcBaseAddr=0x0D4C0000
VERBOSE::memory_page.c::89::mem_page_init_from_proc_addr::memInfo.BaseAddress=0x0D4C0000
VERBOSE::memory_page.c::90::mem_page_init_from_proc_addr::memInfo.RegionSize=0x000FD000
ERROR::memory_page.c::217::mem_page_destroy::Deallocating NULL page
VERBOSE::memory_manager.c::523::mem_mgr_load_proc::skip to addr 0x0D5BD000
VERBOSE::memory_page.c::57::mem_page_init_from_proc_addr::lpcBaseAddr=0x0D5BD000
VERBOSE::memory_page.c::58::mem_page_init_from_proc_addr::lpcNextAddr=0x0D5BD000
VERBOSE::memory_page.c::88::mem_page_init_from_proc_addr::lpcBaseAddr=0x0D5BD000
VERBOSE::memory_page.c::89::mem_page_init_from_proc_addr::memInfo.BaseAddress=0x0D5BD000
VERBOSE::memory_page.c::90::mem_page_init_from_proc_addr::memInfo.RegionSize=0x00002000
ERROR::memory_page.c::217::mem_page_destroy::Deallocating NULL page
VERBOSE::memory_manager.c::523::mem_mgr_load_proc::skip to addr 0x0D5BF000
VERBOSE::memory_page.c::57::mem_page_init_from_proc_addr::lpcBaseAddr=0x0D5BF000
VERBOSE::memory_page.c::58::mem_page_init_from_proc_addr::lpcNextAddr=0x0D5BF000
VERBOSE::memory_page.c::88::mem_page_init_from_proc_addr::lpcBaseAddr=0x0D5BF000
VERBOSE::memory_page.c::89::mem_page_init_from_proc_addr::memInfo.BaseAddress=0x0D5BF000
VERBOSE::memory_page.c::90::mem_page_init_from_proc_addr::memInfo.RegionSize=0x00001000
VERBOSE::memory_page.c::57::mem_page_init_from_proc_addr::lpcBaseAddr=0x0D5C0000
VERBOSE::memory_page.c::58::mem_page_init_from_proc_addr::lpcNextAddr=0x0D5C0000
VERBOSE::memory_page.c::88::mem_page_init_from_proc_addr::lpcBaseAddr=0x0D5C0000
VERBOSE::memory_page.c::89::mem_page_init_from_proc_addr::memInfo.BaseAddress=0x0D5C0000
VERBOSE::memory_page.c::90::mem_page_init_from_proc_addr::memInfo.RegionSize=0x00001000
VERBOSE::memory_page.c::57::mem_page_init_from_proc_addr::lpcBaseAddr=0x0D5C1000
VERBOSE::memory_page.c::58::mem_page_init_from_proc_addr::lpcNextAddr=0x0D5C1000
VERBOSE::memory_page.c::88::mem_page_init_from_proc_addr::lpcBaseAddr=0x0D5C1000
VERBOSE::memory_page.c::89::mem_page_init_from_proc_addr::memInfo.BaseAddress=0x0D5C1000
VERBOSE::memory_page.c::90::mem_page_init_from_proc_addr::memInfo.RegionSize=0x000FF000
ERROR::memory_page.c::217::mem_page_destroy::Deallocating NULL page
VERBOSE::memory_manager.c::523::mem_mgr_load_proc::skip to addr 0x0D6C0000
VERBOSE::memory_page.c::57::mem_page_init_from_proc_addr::lpcBaseAddr=0x0D6C0000
VERBOSE::memory_page.c::58::mem_page_init_from_proc_addr::lpcNextAddr=0x0D6C0000
VERBOSE::memory_page.c::88::mem_page_init_from_proc_addr::lpcBaseAddr=0x0D6C0000
VERBOSE::memory_page.c::89::mem_page_init_from_proc_addr::memInfo.BaseAddress=0x0D6C0000
VERBOSE::memory_page.c::90::mem_page_init_from_proc_addr::memInfo.RegionSize=0x00090000
ERROR::memory_page.c::217::mem_page_destroy::Deallocating NULL page
VERBOSE::memory_manager.c::523::mem_mgr_load_proc::skip to addr 0x0D750000
VERBOSE::memory_page.c::57::mem_page_init_from_proc_addr::lpcBaseAddr=0x0D750000
VERBOSE::memory_page.c::58::mem_page_init_from_proc_addr::lpcNextAddr=0x0D750000
VERBOSE::memory_page.c::88::mem_page_init_from_proc_addr::lpcBaseAddr=0x0D750000
VERBOSE::memory_page.c::89::mem_page_init_from_proc_addr::memInfo.BaseAddress=0x0D750000
VERBOSE::memory_page.c::90::mem_page_init_from_proc_addr::memInfo.RegionSize=0x00008000
VERBOSE::memory_page.c::57::mem_page_init_from_proc_addr::lpcBaseAddr=0x0D758000
VERBOSE::memory_page.c::58::mem_page_init_from_proc_addr::lpcNextAddr=0x0D758000
VERBOSE::memory_page.c::88::mem_page_init_from_proc_addr::lpcBaseAddr=0x0D758000
VERBOSE::memory_page.c::89::mem_page_init_from_proc_addr::memInfo.BaseAddress=0x0D758000
VERBOSE::memory_page.c::90::mem_page_init_from_proc_addr::memInfo.RegionSize=0x00008000
ERROR::memory_page.c::217::mem_page_destroy::Deallocating NULL page
VERBOSE::memory_manager.c::523::mem_mgr_load_proc::skip to addr 0x0D760000
VERBOSE::memory_page.c::57::mem_page_init_from_proc_addr::lpcBaseAddr=0x0D760000
VERBOSE::memory_page.c::58::mem_page_init_from_proc_addr::lpcNextAddr=0x0D760000
VERBOSE::memory_page.c::88::mem_page_init_from_proc_addr::lpcBaseAddr=0x0D760000
VERBOSE::memory_page.c::89::mem_page_init_from_proc_addr::memInfo.BaseAddress=0x0D760000
VERBOSE::memory_page.c::90::mem_page_init_from_proc_addr::memInfo.RegionSize=0x0000B000
ERROR::memory_page.c::217::mem_page_destroy::Deallocating NULL page
VERBOSE::memory_manager.c::523::mem_mgr_load_proc::skip to addr 0x0D76B000
VERBOSE::memory_page.c::57::mem_page_init_from_proc_addr::lpcBaseAddr=0x0D76B000
VERBOSE::memory_page.c::58::mem_page_init_from_proc_addr::lpcNextAddr=0x0D76B000
VERBOSE::memory_page.c::88::mem_page_init_from_proc_addr::lpcBaseAddr=0x0D76B000
VERBOSE::memory_page.c::89::mem_page_init_from_proc_addr::memInfo.BaseAddress=0x0D76B000
VERBOSE::memory_page.c::90::mem_page_init_from_proc_addr::memInfo.RegionSize=0x00181000
VERBOSE::memory_page.c::57::mem_page_init_from_proc_addr::lpcBaseAddr=0x0D8EC000
VERBOSE::memory_page.c::58::mem_page_init_from_proc_addr::lpcNextAddr=0x0D8EC000
VERBOSE::memory_page.c::88::mem_page_init_from_proc_addr::lpcBaseAddr=0x0D8EC000
VERBOSE::memory_page.c::89::mem_page_init_from_proc_addr::memInfo.BaseAddress=0x0D8EC000
VERBOSE::memory_page.c::90::mem_page_init_from_proc_addr::memInfo.RegionSize=0x00001000
ERROR::memory_page.c::217::mem_page_destroy::Deallocating NULL page
VERBOSE::memory_manager.c::523::mem_mgr_load_proc::skip to addr 0x0D8ED000
VERBOSE::memory_page.c::57::mem_page_init_from_proc_addr::lpcBaseAddr=0x0D8ED000
VERBOSE::memory_page.c::58::mem_page_init_from_proc_addr::lpcNextAddr=0x0D8ED000
VERBOSE::memory_page.c::88::mem_page_init_from_proc_addr::lpcBaseAddr=0x0D8ED000
VERBOSE::memory_page.c::89::mem_page_init_from_proc_addr::memInfo.BaseAddress=0x0D8ED000
VERBOSE::memory_page.c::90::mem_page_init_from_proc_addr::memInfo.RegionSize=0x00003000
ERROR::memory_page.c::217::mem_page_destroy::Deallocating NULL page
VERBOSE::memory_manager.c::523::mem_mgr_load_proc::skip to addr 0x0D8F0000
VERBOSE::memory_page.c::57::mem_page_init_from_proc_addr::lpcBaseAddr=0x0D8F0000
VERBOSE::memory_page.c::58::mem_page_init_from_proc_addr::lpcNextAddr=0x0D8F0000
VERBOSE::memory_page.c::88::mem_page_init_from_proc_addr::lpcBaseAddr=0x0D8F0000
VERBOSE::memory_page.c::89::mem_page_init_from_proc_addr::memInfo.BaseAddress=0x0D8F0000
VERBOSE::memory_page.c::90::mem_page_init_from_proc_addr::memInfo.RegionSize=0x00002000
ERROR::memory_page.c::217::mem_page_destroy::Deallocating NULL page
VERBOSE::memory_manager.c::523::mem_mgr_load_proc::skip to addr 0x0D8F2000
VERBOSE::memory_page.c::57::mem_page_init_from_proc_addr::lpcBaseAddr=0x0D8F2000
VERBOSE::memory_page.c::58::mem_page_init_from_proc_addr::lpcNextAddr=0x0D8F2000
VERBOSE::memory_page.c::88::mem_page_init_from_proc_addr::lpcBaseAddr=0x0D8F2000
VERBOSE::memory_page.c::89::mem_page_init_from_proc_addr::memInfo.BaseAddress=0x0D8F2000
VERBOSE::memory_page.c::90::mem_page_init_from_proc_addr::memInfo.RegionSize=0x00101000
VERBOSE::memory_page.c::57::mem_page_init_from_proc_addr::lpcBaseAddr=0x0D9F3000
VERBOSE::memory_page.c::58::mem_page_init_from_proc_addr::lpcNextAddr=0x0D9F3000
VERBOSE::memory_page.c::88::mem_page_init_from_proc_addr::lpcBaseAddr=0x0D9F3000
VERBOSE::memory_page.c::89::mem_page_init_from_proc_addr::memInfo.BaseAddress=0x0D9F3000
VERBOSE::memory_page.c::90::mem_page_init_from_proc_addr::memInfo.RegionSize=0x00001000
ERROR::memory_page.c::217::mem_page_destroy::Deallocating NULL page
VERBOSE::memory_manager.c::523::mem_mgr_load_proc::skip to addr 0x0D9F4000
VERBOSE::memory_page.c::57::mem_page_init_from_proc_addr::lpcBaseAddr=0x0D9F4000
VERBOSE::memory_page.c::58::mem_page_init_from_proc_addr::lpcNextAddr=0x0D9F4000
VERBOSE::memory_page.c::88::mem_page_init_from_proc_addr::lpcBaseAddr=0x0D9F4000
VERBOSE::memory_page.c::89::mem_page_init_from_proc_addr::memInfo.BaseAddress=0x0D9F4000
VERBOSE::memory_page.c::90::mem_page_init_from_proc_addr::memInfo.RegionSize=0x0006C000
ERROR::memory_page.c::217::mem_page_destroy::Deallocating NULL page
VERBOSE::memory_manager.c::523::mem_mgr_load_proc::skip to addr 0x0DA60000
VERBOSE::memory_page.c::57::mem_page_init_from_proc_addr::lpcBaseAddr=0x0DA60000
VERBOSE::memory_page.c::58::mem_page_init_from_proc_addr::lpcNextAddr=0x0DA60000
VERBOSE::memory_page.c::88::mem_page_init_from_proc_addr::lpcBaseAddr=0x0DA60000
VERBOSE::memory_page.c::89::mem_page_init_from_proc_addr::memInfo.BaseAddress=0x0DA60000
VERBOSE::memory_page.c::90::mem_page_init_from_proc_addr::memInfo.RegionSize=0x00005000
ERROR::memory_page.c::217::mem_page_destroy::Deallocating NULL page
VERBOSE::memory_manager.c::523::mem_mgr_load_proc::skip to addr 0x0DA65000
VERBOSE::memory_page.c::57::mem_page_init_from_proc_addr::lpcBaseAddr=0x0DA65000
VERBOSE::memory_page.c::58::mem_page_init_from_proc_addr::lpcNextAddr=0x0DA65000
VERBOSE::memory_page.c::88::mem_page_init_from_proc_addr::lpcBaseAddr=0x0DA65000
VERBOSE::memory_page.c::89::mem_page_init_from_proc_addr::memInfo.BaseAddress=0x0DA65000
VERBOSE::memory_page.c::90::mem_page_init_from_proc_addr::memInfo.RegionSize=0x0000B000
ERROR::memory_page.c::217::mem_page_destroy::Deallocating NULL page
VERBOSE::memory_manager.c::523::mem_mgr_load_proc::skip to addr 0x0DA70000
VERBOSE::memory_page.c::57::mem_page_init_from_proc_addr::lpcBaseAddr=0x0DA70000
VERBOSE::memory_page.c::58::mem_page_init_from_proc_addr::lpcNextAddr=0x0DA70000
VERBOSE::memory_page.c::88::mem_page_init_from_proc_addr::lpcBaseAddr=0x0DA70000
VERBOSE::memory_page.c::89::mem_page_init_from_proc_addr::memInfo.BaseAddress=0x0DA70000
VERBOSE::memory_page.c::90::mem_page_init_from_proc_addr::memInfo.RegionSize=0x000FC000
ERROR::memory_page.c::217::mem_page_destroy::Deallocating NULL page
VERBOSE::memory_manager.c::523::mem_mgr_load_proc::skip to addr 0x0DB6C000
VERBOSE::memory_page.c::57::mem_page_init_from_proc_addr::lpcBaseAddr=0x0DB6C000
VERBOSE::memory_page.c::58::mem_page_init_from_proc_addr::lpcNextAddr=0x0DB6C000
VERBOSE::memory_page.c::88::mem_page_init_from_proc_addr::lpcBaseAddr=0x0DB6C000
VERBOSE::memory_page.c::89::mem_page_init_from_proc_addr::memInfo.BaseAddress=0x0DB6C000
VERBOSE::memory_page.c::90::mem_page_init_from_proc_addr::memInfo.RegionSize=0x00002000
ERROR::memory_page.c::217::mem_page_destroy::Deallocating NULL page
VERBOSE::memory_manager.c::523::mem_mgr_load_proc::skip to addr 0x0DB6E000
VERBOSE::memory_page.c::57::mem_page_init_from_proc_addr::lpcBaseAddr=0x0DB6E000
VERBOSE::memory_page.c::58::mem_page_init_from_proc_addr::lpcNextAddr=0x0DB6E000
VERBOSE::memory_page.c::88::mem_page_init_from_proc_addr::lpcBaseAddr=0x0DB6E000
VERBOSE::memory_page.c::89::mem_page_init_from_proc_addr::memInfo.BaseAddress=0x0DB6E000
VERBOSE::memory_page.c::90::mem_page_init_from_proc_addr::memInfo.RegionSize=0x00002000
VERBOSE::memory_page.c::57::mem_page_init_from_proc_addr::lpcBaseAddr=0x0DB70000
VERBOSE::memory_page.c::58::mem_page_init_from_proc_addr::lpcNextAddr=0x0DB70000
VERBOSE::memory_page.c::88::mem_page_init_from_proc_addr::lpcBaseAddr=0x0DB70000
VERBOSE::memory_page.c::89::mem_page_init_from_proc_addr::memInfo.BaseAddress=0x0DB70000
VERBOSE::memory_page.c::90::mem_page_init_from_proc_addr::memInfo.RegionSize=0x000C9000
VERBOSE::memory_page.c::57::mem_page_init_from_proc_addr::lpcBaseAddr=0x0DC39000
VERBOSE::memory_page.c::58::mem_page_init_from_proc_addr::lpcNextAddr=0x0DC39000
VERBOSE::memory_page.c::88::mem_page_init_from_proc_addr::lpcBaseAddr=0x0DC39000
VERBOSE::memory_page.c::89::mem_page_init_from_proc_addr::memInfo.BaseAddress=0x0DC39000
VERBOSE::memory_page.c::90::mem_page_init_from_proc_addr::memInfo.RegionSize=0x00040000
ERROR::memory_page.c::217::mem_page_destroy::Deallocating NULL page
VERBOSE::memory_manager.c::523::mem_mgr_load_proc::skip to addr 0x0DC79000
VERBOSE::memory_page.c::57::mem_page_init_from_proc_addr::lpcBaseAddr=0x0DC79000
VERBOSE::memory_page.c::58::mem_page_init_from_proc_addr::lpcNextAddr=0x0DC79000
VERBOSE::memory_page.c::88::mem_page_init_from_proc_addr::lpcBaseAddr=0x0DC79000
VERBOSE::memory_page.c::89::mem_page_init_from_proc_addr::memInfo.BaseAddress=0x0DC79000
VERBOSE::memory_page.c::90::mem_page_init_from_proc_addr::memInfo.RegionSize=0x00044000
VERBOSE::memory_page.c::57::mem_page_init_from_proc_addr::lpcBaseAddr=0x0DCBD000
VERBOSE::memory_page.c::58::mem_page_init_from_proc_addr::lpcNextAddr=0x0DCBD000
VERBOSE::memory_page.c::88::mem_page_init_from_proc_addr::lpcBaseAddr=0x0DCBD000
VERBOSE::memory_page.c::89::mem_page_init_from_proc_addr::memInfo.BaseAddress=0x0DCBD000
VERBOSE::memory_page.c::90::mem_page_init_from_proc_addr::memInfo.RegionSize=0x00001000
ERROR::memory_page.c::217::mem_page_destroy::Deallocating NULL page
VERBOSE::memory_manager.c::523::mem_mgr_load_proc::skip to addr 0x0DCBE000
VERBOSE::memory_page.c::57::mem_page_init_from_proc_addr::lpcBaseAddr=0x0DCBE000
VERBOSE::memory_page.c::58::mem_page_init_from_proc_addr::lpcNextAddr=0x0DCBE000
VERBOSE::memory_page.c::88::mem_page_init_from_proc_addr::lpcBaseAddr=0x0DCBE000
VERBOSE::memory_page.c::89::mem_page_init_from_proc_addr::memInfo.BaseAddress=0x0DCBE000
VERBOSE::memory_page.c::90::mem_page_init_from_proc_addr::memInfo.RegionSize=0x00002000
VERBOSE::memory_page.c::57::mem_page_init_from_proc_addr::lpcBaseAddr=0x0DCC0000
VERBOSE::memory_page.c::58::mem_page_init_from_proc_addr::lpcNextAddr=0x0DCC0000
VERBOSE::memory_page.c::88::mem_page_init_from_proc_addr::lpcBaseAddr=0x0DCC0000
VERBOSE::memory_page.c::89::mem_page_init_from_proc_addr::memInfo.BaseAddress=0x0DCC0000
VERBOSE::memory_page.c::90::mem_page_init_from_proc_addr::memInfo.RegionSize=0x001B1000
ERROR::memory_page.c::217::mem_page_destroy::Deallocating NULL page
VERBOSE::memory_manager.c::523::mem_mgr_load_proc::skip to addr 0x0DE71000
VERBOSE::memory_page.c::57::mem_page_init_from_proc_addr::lpcBaseAddr=0x0DE71000
VERBOSE::memory_page.c::58::mem_page_init_from_proc_addr::lpcNextAddr=0x0DE71000
VERBOSE::memory_page.c::88::mem_page_init_from_proc_addr::lpcBaseAddr=0x0DE71000
VERBOSE::memory_page.c::89::mem_page_init_from_proc_addr::memInfo.BaseAddress=0x0DE71000
VERBOSE::memory_page.c::90::mem_page_init_from_proc_addr::memInfo.RegionSize=0x000FE000
VERBOSE::memory_page.c::57::mem_page_init_from_proc_addr::lpcBaseAddr=0x0DF6F000
VERBOSE::memory_page.c::58::mem_page_init_from_proc_addr::lpcNextAddr=0x0DF6F000
VERBOSE::memory_page.c::88::mem_page_init_from_proc_addr::lpcBaseAddr=0x0DF6F000
VERBOSE::memory_page.c::89::mem_page_init_from_proc_addr::memInfo.BaseAddress=0x0DF6F000
VERBOSE::memory_page.c::90::mem_page_init_from_proc_addr::memInfo.RegionSize=0x00001000
ERROR::memory_page.c::217::mem_page_destroy::Deallocating NULL page
VERBOSE::memory_manager.c::523::mem_mgr_load_proc::skip to addr 0x0DF70000
VERBOSE::memory_page.c::57::mem_page_init_from_proc_addr::lpcBaseAddr=0x0DF70000
VERBOSE::memory_page.c::58::mem_page_init_from_proc_addr::lpcNextAddr=0x0DF70000
VERBOSE::memory_page.c::88::mem_page_init_from_proc_addr::lpcBaseAddr=0x0DF70000
VERBOSE::memory_page.c::89::mem_page_init_from_proc_addr::memInfo.BaseAddress=0x0DF70000
VERBOSE::memory_page.c::90::mem_page_init_from_proc_addr::memInfo.RegionSize=0x00001000
VERBOSE::memory_page.c::57::mem_page_init_from_proc_addr::lpcBaseAddr=0x0DF71000
VERBOSE::memory_page.c::58::mem_page_init_from_proc_addr::lpcNextAddr=0x0DF71000
VERBOSE::memory_page.c::88::mem_page_init_from_proc_addr::lpcBaseAddr=0x0DF71000
VERBOSE::memory_page.c::89::mem_page_init_from_proc_addr::memInfo.BaseAddress=0x0DF71000
VERBOSE::memory_page.c::90::mem_page_init_from_proc_addr::memInfo.RegionSize=0x007FF000
ERROR::memory_page.c::217::mem_page_destroy::Deallocating NULL page
VERBOSE::memory_manager.c::523::mem_mgr_load_proc::skip to addr 0x0E770000
VERBOSE::memory_page.c::57::mem_page_init_from_proc_addr::lpcBaseAddr=0x0E770000
VERBOSE::memory_page.c::58::mem_page_init_from_proc_addr::lpcNextAddr=0x0E770000
VERBOSE::memory_page.c::88::mem_page_init_from_proc_addr::lpcBaseAddr=0x0E770000
VERBOSE::memory_page.c::89::mem_page_init_from_proc_addr::memInfo.BaseAddress=0x0E770000
VERBOSE::memory_page.c::90::mem_page_init_from_proc_addr::memInfo.RegionSize=0x00123000
VERBOSE::memory_page.c::57::mem_page_init_from_proc_addr::lpcBaseAddr=0x0E893000
VERBOSE::memory_page.c::58::mem_page_init_from_proc_addr::lpcNextAddr=0x0E893000
VERBOSE::memory_page.c::88::mem_page_init_from_proc_addr::lpcBaseAddr=0x0E893000
VERBOSE::memory_page.c::89::mem_page_init_from_proc_addr::memInfo.BaseAddress=0x0E893000
VERBOSE::memory_page.c::90::mem_page_init_from_proc_addr::memInfo.RegionSize=0x00EAD000
ERROR::memory_page.c::217::mem_page_destroy::Deallocating NULL page
VERBOSE::memory_manager.c::523::mem_mgr_load_proc::skip to addr 0x0F740000
VERBOSE::memory_page.c::57::mem_page_init_from_proc_addr::lpcBaseAddr=0x0F740000
VERBOSE::memory_page.c::58::mem_page_init_from_proc_addr::lpcNextAddr=0x0F740000
VERBOSE::memory_page.c::88::mem_page_init_from_proc_addr::lpcBaseAddr=0x0F740000
VERBOSE::memory_page.c::89::mem_page_init_from_proc_addr::memInfo.BaseAddress=0x0F740000
VERBOSE::memory_page.c::90::mem_page_init_from_proc_addr::memInfo.RegionSize=0x00087000
VERBOSE::memory_page.c::57::mem_page_init_from_proc_addr::lpcBaseAddr=0x0F7C7000
VERBOSE::memory_page.c::58::mem_page_init_from_proc_addr::lpcNextAddr=0x0F7C7000
VERBOSE::memory_page.c::88::mem_page_init_from_proc_addr::lpcBaseAddr=0x0F7C7000
VERBOSE::memory_page.c::89::mem_page_init_from_proc_addr::memInfo.BaseAddress=0x0F7C7000
VERBOSE::memory_page.c::90::mem_page_init_from_proc_addr::memInfo.RegionSize=0x01301000
ERROR::memory_page.c::217::mem_page_destroy::Deallocating NULL page
VERBOSE::memory_manager.c::523::mem_mgr_load_proc::skip to addr 0x10AC8000
VERBOSE::memory_page.c::57::mem_page_init_from_proc_addr::lpcBaseAddr=0x10AC8000
VERBOSE::memory_page.c::58::mem_page_init_from_proc_addr::lpcNextAddr=0x10AC8000
VERBOSE::memory_page.c::88::mem_page_init_from_proc_addr::lpcBaseAddr=0x10AC8000
VERBOSE::memory_page.c::89::mem_page_init_from_proc_addr::memInfo.BaseAddress=0x10AC8000
VERBOSE::memory_page.c::90::mem_page_init_from_proc_addr::memInfo.RegionSize=0x00008000
ERROR::memory_page.c::217::mem_page_destroy::Deallocating NULL page
VERBOSE::memory_manager.c::523::mem_mgr_load_proc::skip to addr 0x10AD0000
VERBOSE::memory_page.c::57::mem_page_init_from_proc_addr::lpcBaseAddr=0x10AD0000
VERBOSE::memory_page.c::58::mem_page_init_from_proc_addr::lpcNextAddr=0x10AD0000
VERBOSE::memory_page.c::88::mem_page_init_from_proc_addr::lpcBaseAddr=0x10AD0000
VERBOSE::memory_page.c::89::mem_page_init_from_proc_addr::memInfo.BaseAddress=0x10AD0000
VERBOSE::memory_page.c::90::mem_page_init_from_proc_addr::memInfo.RegionSize=0x00004000
ERROR::memory_page.c::217::mem_page_destroy::Deallocating NULL page
VERBOSE::memory_manager.c::523::mem_mgr_load_proc::skip to addr 0x10AD4000
VERBOSE::memory_page.c::57::mem_page_init_from_proc_addr::lpcBaseAddr=0x10AD4000
VERBOSE::memory_page.c::58::mem_page_init_from_proc_addr::lpcNextAddr=0x10AD4000
VERBOSE::memory_page.c::88::mem_page_init_from_proc_addr::lpcBaseAddr=0x10AD4000
VERBOSE::memory_page.c::89::mem_page_init_from_proc_addr::memInfo.BaseAddress=0x10AD4000
VERBOSE::memory_page.c::90::mem_page_init_from_proc_addr::memInfo.RegionSize=0x00201000
VERBOSE::memory_page.c::57::mem_page_init_from_proc_addr::lpcBaseAddr=0x10CD5000
VERBOSE::memory_page.c::58::mem_page_init_from_proc_addr::lpcNextAddr=0x10CD5000
VERBOSE::memory_page.c::88::mem_page_init_from_proc_addr::lpcBaseAddr=0x10CD5000
VERBOSE::memory_page.c::89::mem_page_init_from_proc_addr::memInfo.BaseAddress=0x10CD5000
VERBOSE::memory_page.c::90::mem_page_init_from_proc_addr::memInfo.RegionSize=0x00001000
ERROR::memory_page.c::217::mem_page_destroy::Deallocating NULL page
VERBOSE::memory_manager.c::523::mem_mgr_load_proc::skip to addr 0x10CD6000
VERBOSE::memory_page.c::57::mem_page_init_from_proc_addr::lpcBaseAddr=0x10CD6000
VERBOSE::memory_page.c::58::mem_page_init_from_proc_addr::lpcNextAddr=0x10CD6000
VERBOSE::memory_page.c::88::mem_page_init_from_proc_addr::lpcBaseAddr=0x10CD6000
VERBOSE::memory_page.c::89::mem_page_init_from_proc_addr::memInfo.BaseAddress=0x10CD6000
VERBOSE::memory_page.c::90::mem_page_init_from_proc_addr::memInfo.RegionSize=0x0000A000
ERROR::memory_page.c::217::mem_page_destroy::Deallocating NULL page
VERBOSE::memory_manager.c::523::mem_mgr_load_proc::skip to addr 0x10CE0000
VERBOSE::memory_page.c::57::mem_page_init_from_proc_addr::lpcBaseAddr=0x10CE0000
VERBOSE::memory_page.c::58::mem_page_init_from_proc_addr::lpcNextAddr=0x10CE0000
VERBOSE::memory_page.c::88::mem_page_init_from_proc_addr::lpcBaseAddr=0x10CE0000
VERBOSE::memory_page.c::89::mem_page_init_from_proc_addr::memInfo.BaseAddress=0x10CE0000
VERBOSE::memory_page.c::90::mem_page_init_from_proc_addr::memInfo.RegionSize=0x00009000
ERROR::memory_page.c::217::mem_page_destroy::Deallocating NULL page
VERBOSE::memory_manager.c::523::mem_mgr_load_proc::skip to addr 0x10CE9000
VERBOSE::memory_page.c::57::mem_page_init_from_proc_addr::lpcBaseAddr=0x10CE9000
VERBOSE::memory_page.c::58::mem_page_init_from_proc_addr::lpcNextAddr=0x10CE9000
VERBOSE::memory_page.c::88::mem_page_init_from_proc_addr::lpcBaseAddr=0x10CE9000
VERBOSE::memory_page.c::89::mem_page_init_from_proc_addr::memInfo.BaseAddress=0x10CE9000
VERBOSE::memory_page.c::90::mem_page_init_from_proc_addr::memInfo.RegionSize=0x00101000
VERBOSE::memory_page.c::57::mem_page_init_from_proc_addr::lpcBaseAddr=0x10DEA000
VERBOSE::memory_page.c::58::mem_page_init_from_proc_addr::lpcNextAddr=0x10DEA000
VERBOSE::memory_page.c::88::mem_page_init_from_proc_addr::lpcBaseAddr=0x10DEA000
VERBOSE::memory_page.c::89::mem_page_init_from_proc_addr::memInfo.BaseAddress=0x10DEA000
VERBOSE::memory_page.c::90::mem_page_init_from_proc_addr::memInfo.RegionSize=0x00001000
ERROR::memory_page.c::217::mem_page_destroy::Deallocating NULL page
VERBOSE::memory_manager.c::523::mem_mgr_load_proc::skip to addr 0x10DEB000
VERBOSE::memory_page.c::57::mem_page_init_from_proc_addr::lpcBaseAddr=0x10DEB000
VERBOSE::memory_page.c::58::mem_page_init_from_proc_addr::lpcNextAddr=0x10DEB000
VERBOSE::memory_page.c::88::mem_page_init_from_proc_addr::lpcBaseAddr=0x10DEB000
VERBOSE::memory_page.c::89::mem_page_init_from_proc_addr::memInfo.BaseAddress=0x10DEB000
VERBOSE::memory_page.c::90::mem_page_init_from_proc_addr::memInfo.RegionSize=0x00005000
ERROR::memory_page.c::217::mem_page_destroy::Deallocating NULL page
VERBOSE::memory_manager.c::523::mem_mgr_load_proc::skip to addr 0x10DF0000
VERBOSE::memory_page.c::57::mem_page_init_from_proc_addr::lpcBaseAddr=0x10DF0000
VERBOSE::memory_page.c::58::mem_page_init_from_proc_addr::lpcNextAddr=0x10DF0000
VERBOSE::memory_page.c::88::mem_page_init_from_proc_addr::lpcBaseAddr=0x10DF0000
VERBOSE::memory_page.c::89::mem_page_init_from_proc_addr::memInfo.BaseAddress=0x10DF0000
VERBOSE::memory_page.c::90::mem_page_init_from_proc_addr::memInfo.RegionSize=0x00005000
ERROR::memory_page.c::217::mem_page_destroy::Deallocating NULL page
VERBOSE::memory_manager.c::523::mem_mgr_load_proc::skip to addr 0x10DF5000
VERBOSE::memory_page.c::57::mem_page_init_from_proc_addr::lpcBaseAddr=0x10DF5000
VERBOSE::memory_page.c::58::mem_page_init_from_proc_addr::lpcNextAddr=0x10DF5000
VERBOSE::memory_page.c::88::mem_page_init_from_proc_addr::lpcBaseAddr=0x10DF5000
VERBOSE::memory_page.c::89::mem_page_init_from_proc_addr::memInfo.BaseAddress=0x10DF5000
VERBOSE::memory_page.c::90::mem_page_init_from_proc_addr::memInfo.RegionSize=0x003B0000
VERBOSE::memory_page.c::57::mem_page_init_from_proc_addr::lpcBaseAddr=0x111A5000
VERBOSE::memory_page.c::58::mem_page_init_from_proc_addr::lpcNextAddr=0x111A5000
VERBOSE::memory_page.c::88::mem_page_init_from_proc_addr::lpcBaseAddr=0x111A5000
VERBOSE::memory_page.c::89::mem_page_init_from_proc_addr::memInfo.BaseAddress=0x111A5000
VERBOSE::memory_page.c::90::mem_page_init_from_proc_addr::memInfo.RegionSize=0x00001000
ERROR::memory_page.c::217::mem_page_destroy::Deallocating NULL page
VERBOSE::memory_manager.c::523::mem_mgr_load_proc::skip to addr 0x111A6000
VERBOSE::memory_page.c::57::mem_page_init_from_proc_addr::lpcBaseAddr=0x111A6000
VERBOSE::memory_page.c::58::mem_page_init_from_proc_addr::lpcNextAddr=0x111A6000
VERBOSE::memory_page.c::88::mem_page_init_from_proc_addr::lpcBaseAddr=0x111A6000
VERBOSE::memory_page.c::89::mem_page_init_from_proc_addr::memInfo.BaseAddress=0x111A6000
VERBOSE::memory_page.c::90::mem_page_init_from_proc_addr::memInfo.RegionSize=0x0000A000
ERROR::memory_page.c::217::mem_page_destroy::Deallocating NULL page
VERBOSE::memory_manager.c::523::mem_mgr_load_proc::skip to addr 0x111B0000
VERBOSE::memory_page.c::57::mem_page_init_from_proc_addr::lpcBaseAddr=0x111B0000
VERBOSE::memory_page.c::58::mem_page_init_from_proc_addr::lpcNextAddr=0x111B0000
VERBOSE::memory_page.c::88::mem_page_init_from_proc_addr::lpcBaseAddr=0x111B0000
VERBOSE::memory_page.c::89::mem_page_init_from_proc_addr::memInfo.BaseAddress=0x111B0000
VERBOSE::memory_page.c::90::mem_page_init_from_proc_addr::memInfo.RegionSize=0x00001000
VERBOSE::memory_page.c::57::mem_page_init_from_proc_addr::lpcBaseAddr=0x111B1000
VERBOSE::memory_page.c::58::mem_page_init_from_proc_addr::lpcNextAddr=0x111B1000
VERBOSE::memory_page.c::88::mem_page_init_from_proc_addr::lpcBaseAddr=0x111B1000
VERBOSE::memory_page.c::89::mem_page_init_from_proc_addr::memInfo.BaseAddress=0x111B1000
VERBOSE::memory_page.c::90::mem_page_init_from_proc_addr::memInfo.RegionSize=0x000FF000
ERROR::memory_page.c::217::mem_page_destroy::Deallocating NULL page
VERBOSE::memory_manager.c::523::mem_mgr_load_proc::skip to addr 0x112B0000
VERBOSE::memory_page.c::57::mem_page_init_from_proc_addr::lpcBaseAddr=0x112B0000
VERBOSE::memory_page.c::58::mem_page_init_from_proc_addr::lpcNextAddr=0x112B0000
VERBOSE::memory_page.c::88::mem_page_init_from_proc_addr::lpcBaseAddr=0x112B0000
VERBOSE::memory_page.c::89::mem_page_init_from_proc_addr::memInfo.BaseAddress=0x112B0000
VERBOSE::memory_page.c::90::mem_page_init_from_proc_addr::memInfo.RegionSize=0x00003000
ERROR::memory_page.c::217::mem_page_destroy::Deallocating NULL page
VERBOSE::memory_manager.c::523::mem_mgr_load_proc::skip to addr 0x112B3000
VERBOSE::memory_page.c::57::mem_page_init_from_proc_addr::lpcBaseAddr=0x112B3000
VERBOSE::memory_page.c::58::mem_page_init_from_proc_addr::lpcNextAddr=0x112B3000
VERBOSE::memory_page.c::88::mem_page_init_from_proc_addr::lpcBaseAddr=0x112B3000
VERBOSE::memory_page.c::89::mem_page_init_from_proc_addr::memInfo.BaseAddress=0x112B3000
VERBOSE::memory_page.c::90::mem_page_init_from_proc_addr::memInfo.RegionSize=0x00170000
VERBOSE::memory_page.c::57::mem_page_init_from_proc_addr::lpcBaseAddr=0x11423000
VERBOSE::memory_page.c::58::mem_page_init_from_proc_addr::lpcNextAddr=0x11423000
VERBOSE::memory_page.c::88::mem_page_init_from_proc_addr::lpcBaseAddr=0x11423000
VERBOSE::memory_page.c::89::mem_page_init_from_proc_addr::memInfo.BaseAddress=0x11423000
VERBOSE::memory_page.c::90::mem_page_init_from_proc_addr::memInfo.RegionSize=0x00001000
ERROR::memory_page.c::217::mem_page_destroy::Deallocating NULL page
VERBOSE::memory_manager.c::523::mem_mgr_load_proc::skip to addr 0x11424000
VERBOSE::memory_page.c::57::mem_page_init_from_proc_addr::lpcBaseAddr=0x11424000
VERBOSE::memory_page.c::58::mem_page_init_from_proc_addr::lpcNextAddr=0x11424000
VERBOSE::memory_page.c::88::mem_page_init_from_proc_addr::lpcBaseAddr=0x11424000
VERBOSE::memory_page.c::89::mem_page_init_from_proc_addr::memInfo.BaseAddress=0x11424000
VERBOSE::memory_page.c::90::mem_page_init_from_proc_addr::memInfo.RegionSize=0x0002C000
ERROR::memory_page.c::217::mem_page_destroy::Deallocating NULL page
VERBOSE::memory_manager.c::523::mem_mgr_load_proc::skip to addr 0x11450000
VERBOSE::memory_page.c::57::mem_page_init_from_proc_addr::lpcBaseAddr=0x11450000
VERBOSE::memory_page.c::58::mem_page_init_from_proc_addr::lpcNextAddr=0x11450000
VERBOSE::memory_page.c::88::mem_page_init_from_proc_addr::lpcBaseAddr=0x11450000
VERBOSE::memory_page.c::89::mem_page_init_from_proc_addr::memInfo.BaseAddress=0x11450000
VERBOSE::memory_page.c::90::mem_page_init_from_proc_addr::memInfo.RegionSize=0x0009F000
VERBOSE::memory_page.c::57::mem_page_init_from_proc_addr::lpcBaseAddr=0x114EF000
VERBOSE::memory_page.c::58::mem_page_init_from_proc_addr::lpcNextAddr=0x114EF000
VERBOSE::memory_page.c::88::mem_page_init_from_proc_addr::lpcBaseAddr=0x114EF000
VERBOSE::memory_page.c::89::mem_page_init_from_proc_addr::memInfo.BaseAddress=0x114EF000
VERBOSE::memory_page.c::90::mem_page_init_from_proc_addr::memInfo.RegionSize=0x00061000
ERROR::memory_page.c::217::mem_page_destroy::Deallocating NULL page
VERBOSE::memory_manager.c::523::mem_mgr_load_proc::skip to addr 0x11550000
VERBOSE::memory_page.c::57::mem_page_init_from_proc_addr::lpcBaseAddr=0x11550000
VERBOSE::memory_page.c::58::mem_page_init_from_proc_addr::lpcNextAddr=0x11550000
VERBOSE::memory_page.c::88::mem_page_init_from_proc_addr::lpcBaseAddr=0x11550000
VERBOSE::memory_page.c::89::mem_page_init_from_proc_addr::memInfo.BaseAddress=0x11550000
VERBOSE::memory_page.c::90::mem_page_init_from_proc_addr::memInfo.RegionSize=0x0008E000
VERBOSE::memory_page.c::57::mem_page_init_from_proc_addr::lpcBaseAddr=0x115DE000
VERBOSE::memory_page.c::58::mem_page_init_from_proc_addr::lpcNextAddr=0x115DE000
VERBOSE::memory_page.c::88::mem_page_init_from_proc_addr::lpcBaseAddr=0x115DE000
VERBOSE::memory_page.c::89::mem_page_init_from_proc_addr::memInfo.BaseAddress=0x115DE000
VERBOSE::memory_page.c::90::mem_page_init_from_proc_addr::memInfo.RegionSize=0x00172000
ERROR::memory_page.c::217::mem_page_destroy::Deallocating NULL page
VERBOSE::memory_manager.c::523::mem_mgr_load_proc::skip to addr 0x11750000
VERBOSE::memory_page.c::57::mem_page_init_from_proc_addr::lpcBaseAddr=0x11750000
VERBOSE::memory_page.c::58::mem_page_init_from_proc_addr::lpcNextAddr=0x11750000
VERBOSE::memory_page.c::88::mem_page_init_from_proc_addr::lpcBaseAddr=0x11750000
VERBOSE::memory_page.c::89::mem_page_init_from_proc_addr::memInfo.BaseAddress=0x11750000
VERBOSE::memory_page.c::90::mem_page_init_from_proc_addr::memInfo.RegionSize=0x00001000
VERBOSE::memory_page.c::57::mem_page_init_from_proc_addr::lpcBaseAddr=0x11751000
VERBOSE::memory_page.c::58::mem_page_init_from_proc_addr::lpcNextAddr=0x11751000
VERBOSE::memory_page.c::88::mem_page_init_from_proc_addr::lpcBaseAddr=0x11751000
VERBOSE::memory_page.c::89::mem_page_init_from_proc_addr::memInfo.BaseAddress=0x11751000
VERBOSE::memory_page.c::90::mem_page_init_from_proc_addr::memInfo.RegionSize=0x000FF000
ERROR::memory_page.c::217::mem_page_destroy::Deallocating NULL page
VERBOSE::memory_manager.c::523::mem_mgr_load_proc::skip to addr 0x11850000
VERBOSE::memory_page.c::57::mem_page_init_from_proc_addr::lpcBaseAddr=0x11850000
VERBOSE::memory_page.c::58::mem_page_init_from_proc_addr::lpcNextAddr=0x11850000
VERBOSE::memory_page.c::88::mem_page_init_from_proc_addr::lpcBaseAddr=0x11850000
VERBOSE::memory_page.c::89::mem_page_init_from_proc_addr::memInfo.BaseAddress=0x11850000
VERBOSE::memory_page.c::90::mem_page_init_from_proc_addr::memInfo.RegionSize=0x001E0000
ERROR::memory_page.c::217::mem_page_destroy::Deallocating NULL page
VERBOSE::memory_manager.c::523::mem_mgr_load_proc::skip to addr 0x11A30000
VERBOSE::memory_page.c::57::mem_page_init_from_proc_addr::lpcBaseAddr=0x11A30000
VERBOSE::memory_page.c::58::mem_page_init_from_proc_addr::lpcNextAddr=0x11A30000
VERBOSE::memory_page.c::88::mem_page_init_from_proc_addr::lpcBaseAddr=0x11A30000
VERBOSE::memory_page.c::89::mem_page_init_from_proc_addr::memInfo.BaseAddress=0x11A30000
VERBOSE::memory_page.c::90::mem_page_init_from_proc_addr::memInfo.RegionSize=0x000FD000
ERROR::memory_page.c::217::mem_page_destroy::Deallocating NULL page
VERBOSE::memory_manager.c::523::mem_mgr_load_proc::skip to addr 0x11B2D000
VERBOSE::memory_page.c::57::mem_page_init_from_proc_addr::lpcBaseAddr=0x11B2D000
VERBOSE::memory_page.c::58::mem_page_init_from_proc_addr::lpcNextAddr=0x11B2D000
VERBOSE::memory_page.c::88::mem_page_init_from_proc_addr::lpcBaseAddr=0x11B2D000
VERBOSE::memory_page.c::89::mem_page_init_from_proc_addr::memInfo.BaseAddress=0x11B2D000
VERBOSE::memory_page.c::90::mem_page_init_from_proc_addr::memInfo.RegionSize=0x00002000
ERROR::memory_page.c::217::mem_page_destroy::Deallocating NULL page
VERBOSE::memory_manager.c::523::mem_mgr_load_proc::skip to addr 0x11B2F000
VERBOSE::memory_page.c::57::mem_page_init_from_proc_addr::lpcBaseAddr=0x11B2F000
VERBOSE::memory_page.c::58::mem_page_init_from_proc_addr::lpcNextAddr=0x11B2F000
VERBOSE::memory_page.c::88::mem_page_init_from_proc_addr::lpcBaseAddr=0x11B2F000
VERBOSE::memory_page.c::89::mem_page_init_from_proc_addr::memInfo.BaseAddress=0x11B2F000
VERBOSE::memory_page.c::90::mem_page_init_from_proc_addr::memInfo.RegionSize=0x00001000
VERBOSE::memory_page.c::57::mem_page_init_from_proc_addr::lpcBaseAddr=0x11B30000
VERBOSE::memory_page.c::58::mem_page_init_from_proc_addr::lpcNextAddr=0x11B30000
VERBOSE::memory_page.c::88::mem_page_init_from_proc_addr::lpcBaseAddr=0x11B30000
VERBOSE::memory_page.c::89::mem_page_init_from_proc_addr::memInfo.BaseAddress=0x11B30000
VERBOSE::memory_page.c::90::mem_page_init_from_proc_addr::memInfo.RegionSize=0x000FD000
ERROR::memory_page.c::217::mem_page_destroy::Deallocating NULL page
VERBOSE::memory_manager.c::523::mem_mgr_load_proc::skip to addr 0x11C2D000
VERBOSE::memory_page.c::57::mem_page_init_from_proc_addr::lpcBaseAddr=0x11C2D000
VERBOSE::memory_page.c::58::mem_page_init_from_proc_addr::lpcNextAddr=0x11C2D000
VERBOSE::memory_page.c::88::mem_page_init_from_proc_addr::lpcBaseAddr=0x11C2D000
VERBOSE::memory_page.c::89::mem_page_init_from_proc_addr::memInfo.BaseAddress=0x11C2D000
VERBOSE::memory_page.c::90::mem_page_init_from_proc_addr::memInfo.RegionSize=0x00002000
ERROR::memory_page.c::217::mem_page_destroy::Deallocating NULL page
VERBOSE::memory_manager.c::523::mem_mgr_load_proc::skip to addr 0x11C2F000
VERBOSE::memory_page.c::57::mem_page_init_from_proc_addr::lpcBaseAddr=0x11C2F000
VERBOSE::memory_page.c::58::mem_page_init_from_proc_addr::lpcNextAddr=0x11C2F000
VERBOSE::memory_page.c::88::mem_page_init_from_proc_addr::lpcBaseAddr=0x11C2F000
VERBOSE::memory_page.c::89::mem_page_init_from_proc_addr::memInfo.BaseAddress=0x11C2F000
VERBOSE::memory_page.c::90::mem_page_init_from_proc_addr::memInfo.RegionSize=0x00001000
VERBOSE::memory_page.c::57::mem_page_init_from_proc_addr::lpcBaseAddr=0x11C30000
VERBOSE::memory_page.c::58::mem_page_init_from_proc_addr::lpcNextAddr=0x11C30000
VERBOSE::memory_page.c::88::mem_page_init_from_proc_addr::lpcBaseAddr=0x11C30000
VERBOSE::memory_page.c::89::mem_page_init_from_proc_addr::memInfo.BaseAddress=0x11C30000
VERBOSE::memory_page.c::90::mem_page_init_from_proc_addr::memInfo.RegionSize=0x01BA0000
ERROR::memory_page.c::217::mem_page_destroy::Deallocating NULL page
VERBOSE::memory_manager.c::523::mem_mgr_load_proc::skip to addr 0x137D0000
VERBOSE::memory_page.c::57::mem_page_init_from_proc_addr::lpcBaseAddr=0x137D0000
VERBOSE::memory_page.c::58::mem_page_init_from_proc_addr::lpcNextAddr=0x137D0000
VERBOSE::memory_page.c::88::mem_page_init_from_proc_addr::lpcBaseAddr=0x137D0000
VERBOSE::memory_page.c::89::mem_page_init_from_proc_addr::memInfo.BaseAddress=0x137D0000
VERBOSE::memory_page.c::90::mem_page_init_from_proc_addr::memInfo.RegionSize=0x00140000
ERROR::memory_page.c::217::mem_page_destroy::Deallocating NULL page
VERBOSE::memory_manager.c::523::mem_mgr_load_proc::skip to addr 0x13910000
VERBOSE::memory_page.c::57::mem_page_init_from_proc_addr::lpcBaseAddr=0x13910000
VERBOSE::memory_page.c::58::mem_page_init_from_proc_addr::lpcNextAddr=0x13910000
VERBOSE::memory_page.c::88::mem_page_init_from_proc_addr::lpcBaseAddr=0x13910000
VERBOSE::memory_page.c::89::mem_page_init_from_proc_addr::memInfo.BaseAddress=0x13910000
VERBOSE::memory_page.c::90::mem_page_init_from_proc_addr::memInfo.RegionSize=0x00020000
VERBOSE::memory_page.c::57::mem_page_init_from_proc_addr::lpcBaseAddr=0x13930000
VERBOSE::memory_page.c::58::mem_page_init_from_proc_addr::lpcNextAddr=0x13930000
VERBOSE::memory_page.c::88::mem_page_init_from_proc_addr::lpcBaseAddr=0x13930000
VERBOSE::memory_page.c::89::mem_page_init_from_proc_addr::memInfo.BaseAddress=0x13930000
VERBOSE::memory_page.c::90::mem_page_init_from_proc_addr::memInfo.RegionSize=0x003C0000
ERROR::memory_page.c::217::mem_page_destroy::Deallocating NULL page
VERBOSE::memory_manager.c::523::mem_mgr_load_proc::skip to addr 0x13CF0000
VERBOSE::memory_page.c::57::mem_page_init_from_proc_addr::lpcBaseAddr=0x13CF0000
VERBOSE::memory_page.c::58::mem_page_init_from_proc_addr::lpcNextAddr=0x13CF0000
VERBOSE::memory_page.c::88::mem_page_init_from_proc_addr::lpcBaseAddr=0x13CF0000
VERBOSE::memory_page.c::89::mem_page_init_from_proc_addr::memInfo.BaseAddress=0x13CF0000
VERBOSE::memory_page.c::90::mem_page_init_from_proc_addr::memInfo.RegionSize=0x00020000
VERBOSE::memory_page.c::57::mem_page_init_from_proc_addr::lpcBaseAddr=0x13D10000
VERBOSE::memory_page.c::58::mem_page_init_from_proc_addr::lpcNextAddr=0x13D10000
VERBOSE::memory_page.c::88::mem_page_init_from_proc_addr::lpcBaseAddr=0x13D10000
VERBOSE::memory_page.c::89::mem_page_init_from_proc_addr::memInfo.BaseAddress=0x13D10000
VERBOSE::memory_page.c::90::mem_page_init_from_proc_addr::memInfo.RegionSize=0x01AC0000
ERROR::memory_page.c::217::mem_page_destroy::Deallocating NULL page
VERBOSE::memory_manager.c::523::mem_mgr_load_proc::skip to addr 0x157D0000
VERBOSE::memory_page.c::57::mem_page_init_from_proc_addr::lpcBaseAddr=0x157D0000
VERBOSE::memory_page.c::58::mem_page_init_from_proc_addr::lpcNextAddr=0x157D0000
VERBOSE::memory_page.c::88::mem_page_init_from_proc_addr::lpcBaseAddr=0x157D0000
VERBOSE::memory_page.c::89::mem_page_init_from_proc_addr::memInfo.BaseAddress=0x157D0000
VERBOSE::memory_page.c::90::mem_page_init_from_proc_addr::memInfo.RegionSize=0x00290000
ERROR::memory_page.c::217::mem_page_destroy::Deallocating NULL page
VERBOSE::memory_manager.c::523::mem_mgr_load_proc::skip to addr 0x15A60000
VERBOSE::memory_page.c::57::mem_page_init_from_proc_addr::lpcBaseAddr=0x15A60000
VERBOSE::memory_page.c::58::mem_page_init_from_proc_addr::lpcNextAddr=0x15A60000
VERBOSE::memory_page.c::88::mem_page_init_from_proc_addr::lpcBaseAddr=0x15A60000
VERBOSE::memory_page.c::89::mem_page_init_from_proc_addr::memInfo.BaseAddress=0x15A60000
VERBOSE::memory_page.c::90::mem_page_init_from_proc_addr::memInfo.RegionSize=0x000FD000
ERROR::memory_page.c::217::mem_page_destroy::Deallocating NULL page
VERBOSE::memory_manager.c::523::mem_mgr_load_proc::skip to addr 0x15B5D000
VERBOSE::memory_page.c::57::mem_page_init_from_proc_addr::lpcBaseAddr=0x15B5D000
VERBOSE::memory_page.c::58::mem_page_init_from_proc_addr::lpcNextAddr=0x15B5D000
VERBOSE::memory_page.c::88::mem_page_init_from_proc_addr::lpcBaseAddr=0x15B5D000
VERBOSE::memory_page.c::89::mem_page_init_from_proc_addr::memInfo.BaseAddress=0x15B5D000
VERBOSE::memory_page.c::90::mem_page_init_from_proc_addr::memInfo.RegionSize=0x00002000
ERROR::memory_page.c::217::mem_page_destroy::Deallocating NULL page
VERBOSE::memory_manager.c::523::mem_mgr_load_proc::skip to addr 0x15B5F000
VERBOSE::memory_page.c::57::mem_page_init_from_proc_addr::lpcBaseAddr=0x15B5F000
VERBOSE::memory_page.c::58::mem_page_init_from_proc_addr::lpcNextAddr=0x15B5F000
VERBOSE::memory_page.c::88::mem_page_init_from_proc_addr::lpcBaseAddr=0x15B5F000
VERBOSE::memory_page.c::89::mem_page_init_from_proc_addr::memInfo.BaseAddress=0x15B5F000
VERBOSE::memory_page.c::90::mem_page_init_from_proc_addr::memInfo.RegionSize=0x00001000
VERBOSE::memory_page.c::57::mem_page_init_from_proc_addr::lpcBaseAddr=0x15B60000
VERBOSE::memory_page.c::58::mem_page_init_from_proc_addr::lpcNextAddr=0x15B60000
VERBOSE::memory_page.c::88::mem_page_init_from_proc_addr::lpcBaseAddr=0x15B60000
VERBOSE::memory_page.c::89::mem_page_init_from_proc_addr::memInfo.BaseAddress=0x15B60000
VERBOSE::memory_page.c::90::mem_page_init_from_proc_addr::memInfo.RegionSize=0x00121000
ERROR::memory_page.c::217::mem_page_destroy::Deallocating NULL page
VERBOSE::memory_manager.c::523::mem_mgr_load_proc::skip to addr 0x15C81000
VERBOSE::memory_page.c::57::mem_page_init_from_proc_addr::lpcBaseAddr=0x15C81000
VERBOSE::memory_page.c::58::mem_page_init_from_proc_addr::lpcNextAddr=0x15C81000
VERBOSE::memory_page.c::88::mem_page_init_from_proc_addr::lpcBaseAddr=0x15C81000
VERBOSE::memory_page.c::89::mem_page_init_from_proc_addr::memInfo.BaseAddress=0x15C81000
VERBOSE::memory_page.c::90::mem_page_init_from_proc_addr::memInfo.RegionSize=0x0000F000
ERROR::memory_page.c::217::mem_page_destroy::Deallocating NULL page
VERBOSE::memory_manager.c::523::mem_mgr_load_proc::skip to addr 0x15C90000
VERBOSE::memory_page.c::57::mem_page_init_from_proc_addr::lpcBaseAddr=0x15C90000
VERBOSE::memory_page.c::58::mem_page_init_from_proc_addr::lpcNextAddr=0x15C90000
VERBOSE::memory_page.c::88::mem_page_init_from_proc_addr::lpcBaseAddr=0x15C90000
VERBOSE::memory_page.c::89::mem_page_init_from_proc_addr::memInfo.BaseAddress=0x15C90000
VERBOSE::memory_page.c::90::mem_page_init_from_proc_addr::memInfo.RegionSize=0x00001000
VERBOSE::memory_page.c::57::mem_page_init_from_proc_addr::lpcBaseAddr=0x15C91000
VERBOSE::memory_page.c::58::mem_page_init_from_proc_addr::lpcNextAddr=0x15C91000
VERBOSE::memory_page.c::88::mem_page_init_from_proc_addr::lpcBaseAddr=0x15C91000
VERBOSE::memory_page.c::89::mem_page_init_from_proc_addr::memInfo.BaseAddress=0x15C91000
VERBOSE::memory_page.c::90::mem_page_init_from_proc_addr::memInfo.RegionSize=0x00069000
ERROR::memory_page.c::217::mem_page_destroy::Deallocating NULL page
VERBOSE::memory_manager.c::523::mem_mgr_load_proc::skip to addr 0x15CFA000
VERBOSE::memory_page.c::57::mem_page_init_from_proc_addr::lpcBaseAddr=0x15CFA000
VERBOSE::memory_page.c::58::mem_page_init_from_proc_addr::lpcNextAddr=0x15CFA000
VERBOSE::memory_page.c::88::mem_page_init_from_proc_addr::lpcBaseAddr=0x15CFA000
VERBOSE::memory_page.c::89::mem_page_init_from_proc_addr::memInfo.BaseAddress=0x15CFA000
VERBOSE::memory_page.c::90::mem_page_init_from_proc_addr::memInfo.RegionSize=0x00006000
ERROR::memory_page.c::217::mem_page_destroy::Deallocating NULL page
VERBOSE::memory_manager.c::523::mem_mgr_load_proc::skip to addr 0x15D00000
VERBOSE::memory_page.c::57::mem_page_init_from_proc_addr::lpcBaseAddr=0x15D00000
VERBOSE::memory_page.c::58::mem_page_init_from_proc_addr::lpcNextAddr=0x15D00000
VERBOSE::memory_page.c::88::mem_page_init_from_proc_addr::lpcBaseAddr=0x15D00000
VERBOSE::memory_page.c::89::mem_page_init_from_proc_addr::memInfo.BaseAddress=0x15D00000
VERBOSE::memory_page.c::90::mem_page_init_from_proc_addr::memInfo.RegionSize=0x00010000
VERBOSE::memory_page.c::57::mem_page_init_from_proc_addr::lpcBaseAddr=0x15D10000
VERBOSE::memory_page.c::58::mem_page_init_from_proc_addr::lpcNextAddr=0x15D10000
VERBOSE::memory_page.c::88::mem_page_init_from_proc_addr::lpcBaseAddr=0x15D10000
VERBOSE::memory_page.c::89::mem_page_init_from_proc_addr::memInfo.BaseAddress=0x15D10000
VERBOSE::memory_page.c::90::mem_page_init_from_proc_addr::memInfo.RegionSize=0x000FD000
ERROR::memory_page.c::217::mem_page_destroy::Deallocating NULL page
VERBOSE::memory_manager.c::523::mem_mgr_load_proc::skip to addr 0x15E0D000
VERBOSE::memory_page.c::57::mem_page_init_from_proc_addr::lpcBaseAddr=0x15E0D000
VERBOSE::memory_page.c::58::mem_page_init_from_proc_addr::lpcNextAddr=0x15E0D000
VERBOSE::memory_page.c::88::mem_page_init_from_proc_addr::lpcBaseAddr=0x15E0D000
VERBOSE::memory_page.c::89::mem_page_init_from_proc_addr::memInfo.BaseAddress=0x15E0D000
VERBOSE::memory_page.c::90::mem_page_init_from_proc_addr::memInfo.RegionSize=0x00002000
ERROR::memory_page.c::217::mem_page_destroy::Deallocating NULL page
VERBOSE::memory_manager.c::523::mem_mgr_load_proc::skip to addr 0x15E0F000
VERBOSE::memory_page.c::57::mem_page_init_from_proc_addr::lpcBaseAddr=0x15E0F000
VERBOSE::memory_page.c::58::mem_page_init_from_proc_addr::lpcNextAddr=0x15E0F000
VERBOSE::memory_page.c::88::mem_page_init_from_proc_addr::lpcBaseAddr=0x15E0F000
VERBOSE::memory_page.c::89::mem_page_init_from_proc_addr::memInfo.BaseAddress=0x15E0F000
VERBOSE::memory_page.c::90::mem_page_init_from_proc_addr::memInfo.RegionSize=0x00001000
VERBOSE::memory_page.c::57::mem_page_init_from_proc_addr::lpcBaseAddr=0x15E10000
VERBOSE::memory_page.c::58::mem_page_init_from_proc_addr::lpcNextAddr=0x15E10000
VERBOSE::memory_page.c::88::mem_page_init_from_proc_addr::lpcBaseAddr=0x15E10000
VERBOSE::memory_page.c::89::mem_page_init_from_proc_addr::memInfo.BaseAddress=0x15E10000
VERBOSE::memory_page.c::90::mem_page_init_from_proc_addr::memInfo.RegionSize=0x000FD000
ERROR::memory_page.c::217::mem_page_destroy::Deallocating NULL page
VERBOSE::memory_manager.c::523::mem_mgr_load_proc::skip to addr 0x15F0D000
VERBOSE::memory_page.c::57::mem_page_init_from_proc_addr::lpcBaseAddr=0x15F0D000
VERBOSE::memory_page.c::58::mem_page_init_from_proc_addr::lpcNextAddr=0x15F0D000
VERBOSE::memory_page.c::88::mem_page_init_from_proc_addr::lpcBaseAddr=0x15F0D000
VERBOSE::memory_page.c::89::mem_page_init_from_proc_addr::memInfo.BaseAddress=0x15F0D000
VERBOSE::memory_page.c::90::mem_page_init_from_proc_addr::memInfo.RegionSize=0x00002000
ERROR::memory_page.c::217::mem_page_destroy::Deallocating NULL page
VERBOSE::memory_manager.c::523::mem_mgr_load_proc::skip to addr 0x15F0F000
VERBOSE::memory_page.c::57::mem_page_init_from_proc_addr::lpcBaseAddr=0x15F0F000
VERBOSE::memory_page.c::58::mem_page_init_from_proc_addr::lpcNextAddr=0x15F0F000
VERBOSE::memory_page.c::88::mem_page_init_from_proc_addr::lpcBaseAddr=0x15F0F000
VERBOSE::memory_page.c::89::mem_page_init_from_proc_addr::memInfo.BaseAddress=0x15F0F000
VERBOSE::memory_page.c::90::mem_page_init_from_proc_addr::memInfo.RegionSize=0x00001000
VERBOSE::memory_page.c::57::mem_page_init_from_proc_addr::lpcBaseAddr=0x15F10000
VERBOSE::memory_page.c::58::mem_page_init_from_proc_addr::lpcNextAddr=0x15F10000
VERBOSE::memory_page.c::88::mem_page_init_from_proc_addr::lpcBaseAddr=0x15F10000
VERBOSE::memory_page.c::89::mem_page_init_from_proc_addr::memInfo.BaseAddress=0x15F10000
VERBOSE::memory_page.c::90::mem_page_init_from_proc_addr::memInfo.RegionSize=0x00080000
ERROR::memory_page.c::217::mem_page_destroy::Deallocating NULL page
VERBOSE::memory_manager.c::523::mem_mgr_load_proc::skip to addr 0x15F90000
VERBOSE::memory_page.c::57::mem_page_init_from_proc_addr::lpcBaseAddr=0x15F90000
VERBOSE::memory_page.c::58::mem_page_init_from_proc_addr::lpcNextAddr=0x15F90000
VERBOSE::memory_page.c::88::mem_page_init_from_proc_addr::lpcBaseAddr=0x15F90000
VERBOSE::memory_page.c::89::mem_page_init_from_proc_addr::memInfo.BaseAddress=0x15F90000
VERBOSE::memory_page.c::90::mem_page_init_from_proc_addr::memInfo.RegionSize=0x00001000
ERROR::memory_page.c::217::mem_page_destroy::Deallocating NULL page
VERBOSE::memory_manager.c::523::mem_mgr_load_proc::skip to addr 0x15F91000
VERBOSE::memory_page.c::57::mem_page_init_from_proc_addr::lpcBaseAddr=0x15F91000
VERBOSE::memory_page.c::58::mem_page_init_from_proc_addr::lpcNextAddr=0x15F91000
VERBOSE::memory_page.c::88::mem_page_init_from_proc_addr::lpcBaseAddr=0x15F91000
VERBOSE::memory_page.c::89::mem_page_init_from_proc_addr::memInfo.BaseAddress=0x15F91000
VERBOSE::memory_page.c::90::mem_page_init_from_proc_addr::memInfo.RegionSize=0x0000F000
ERROR::memory_page.c::217::mem_page_destroy::Deallocating NULL page
VERBOSE::memory_manager.c::523::mem_mgr_load_proc::skip to addr 0x15FA0000
VERBOSE::memory_page.c::57::mem_page_init_from_proc_addr::lpcBaseAddr=0x15FA0000
VERBOSE::memory_page.c::58::mem_page_init_from_proc_addr::lpcNextAddr=0x15FA0000
VERBOSE::memory_page.c::88::mem_page_init_from_proc_addr::lpcBaseAddr=0x15FA0000
VERBOSE::memory_page.c::89::mem_page_init_from_proc_addr::memInfo.BaseAddress=0x15FA0000
VERBOSE::memory_page.c::90::mem_page_init_from_proc_addr::memInfo.RegionSize=0x00010000
VERBOSE::memory_page.c::57::mem_page_init_from_proc_addr::lpcBaseAddr=0x15FB0000
VERBOSE::memory_page.c::58::mem_page_init_from_proc_addr::lpcNextAddr=0x15FB0000
VERBOSE::memory_page.c::88::mem_page_init_from_proc_addr::lpcBaseAddr=0x15FB0000
VERBOSE::memory_page.c::89::mem_page_init_from_proc_addr::memInfo.BaseAddress=0x15FB0000
VERBOSE::memory_page.c::90::mem_page_init_from_proc_addr::memInfo.RegionSize=0x00010000
VERBOSE::memory_page.c::57::mem_page_init_from_proc_addr::lpcBaseAddr=0x15FC0000
VERBOSE::memory_page.c::58::mem_page_init_from_proc_addr::lpcNextAddr=0x15FC0000
VERBOSE::memory_page.c::88::mem_page_init_from_proc_addr::lpcBaseAddr=0x15FC0000
VERBOSE::memory_page.c::89::mem_page_init_from_proc_addr::memInfo.BaseAddress=0x15FC0000
VERBOSE::memory_page.c::90::mem_page_init_from_proc_addr::memInfo.RegionSize=0x000E8000
VERBOSE::memory_page.c::57::mem_page_init_from_proc_addr::lpcBaseAddr=0x160A8000
VERBOSE::memory_page.c::58::mem_page_init_from_proc_addr::lpcNextAddr=0x160A8000
VERBOSE::memory_page.c::88::mem_page_init_from_proc_addr::lpcBaseAddr=0x160A8000
VERBOSE::memory_page.c::89::mem_page_init_from_proc_addr::memInfo.BaseAddress=0x160A8000
VERBOSE::memory_page.c::90::mem_page_init_from_proc_addr::memInfo.RegionSize=0x00018000
ERROR::memory_page.c::217::mem_page_destroy::Deallocating NULL page
VERBOSE::memory_manager.c::523::mem_mgr_load_proc::skip to addr 0x160C0000
VERBOSE::memory_page.c::57::mem_page_init_from_proc_addr::lpcBaseAddr=0x160C0000
VERBOSE::memory_page.c::58::mem_page_init_from_proc_addr::lpcNextAddr=0x160C0000
VERBOSE::memory_page.c::88::mem_page_init_from_proc_addr::lpcBaseAddr=0x160C0000
VERBOSE::memory_page.c::89::mem_page_init_from_proc_addr::memInfo.BaseAddress=0x160C0000
VERBOSE::memory_page.c::90::mem_page_init_from_proc_addr::memInfo.RegionSize=0x002B0000
ERROR::memory_page.c::217::mem_page_destroy::Deallocating NULL page
VERBOSE::memory_manager.c::523::mem_mgr_load_proc::skip to addr 0x16370000
VERBOSE::memory_page.c::57::mem_page_init_from_proc_addr::lpcBaseAddr=0x16370000
VERBOSE::memory_page.c::58::mem_page_init_from_proc_addr::lpcNextAddr=0x16370000
VERBOSE::memory_page.c::88::mem_page_init_from_proc_addr::lpcBaseAddr=0x16370000
VERBOSE::memory_page.c::89::mem_page_init_from_proc_addr::memInfo.BaseAddress=0x16370000
VERBOSE::memory_page.c::90::mem_page_init_from_proc_addr::memInfo.RegionSize=0x00041000
VERBOSE::memory_page.c::57::mem_page_init_from_proc_addr::lpcBaseAddr=0x163B1000
VERBOSE::memory_page.c::58::mem_page_init_from_proc_addr::lpcNextAddr=0x163B1000
VERBOSE::memory_page.c::88::mem_page_init_from_proc_addr::lpcBaseAddr=0x163B1000
VERBOSE::memory_page.c::89::mem_page_init_from_proc_addr::memInfo.BaseAddress=0x163B1000
VERBOSE::memory_page.c::90::mem_page_init_from_proc_addr::memInfo.RegionSize=0x00001000
ERROR::memory_page.c::217::mem_page_destroy::Deallocating NULL page
VERBOSE::memory_manager.c::523::mem_mgr_load_proc::skip to addr 0x163B2000
VERBOSE::memory_page.c::57::mem_page_init_from_proc_addr::lpcBaseAddr=0x163B2000
VERBOSE::memory_page.c::58::mem_page_init_from_proc_addr::lpcNextAddr=0x163B2000
VERBOSE::memory_page.c::88::mem_page_init_from_proc_addr::lpcBaseAddr=0x163B2000
VERBOSE::memory_page.c::89::mem_page_init_from_proc_addr::memInfo.BaseAddress=0x163B2000
VERBOSE::memory_page.c::90::mem_page_init_from_proc_addr::memInfo.RegionSize=0x00001000
VERBOSE::memory_page.c::57::mem_page_init_from_proc_addr::lpcBaseAddr=0x163B3000
VERBOSE::memory_page.c::58::mem_page_init_from_proc_addr::lpcNextAddr=0x163B3000
VERBOSE::memory_page.c::88::mem_page_init_from_proc_addr::lpcBaseAddr=0x163B3000
VERBOSE::memory_page.c::89::mem_page_init_from_proc_addr::memInfo.BaseAddress=0x163B3000
VERBOSE::memory_page.c::90::mem_page_init_from_proc_addr::memInfo.RegionSize=0x00027000
ERROR::memory_page.c::217::mem_page_destroy::Deallocating NULL page
VERBOSE::memory_manager.c::523::mem_mgr_load_proc::skip to addr 0x163DA000
VERBOSE::memory_page.c::57::mem_page_init_from_proc_addr::lpcBaseAddr=0x163DA000
VERBOSE::memory_page.c::58::mem_page_init_from_proc_addr::lpcNextAddr=0x163DA000
VERBOSE::memory_page.c::88::mem_page_init_from_proc_addr::lpcBaseAddr=0x163DA000
VERBOSE::memory_page.c::89::mem_page_init_from_proc_addr::memInfo.BaseAddress=0x163DA000
VERBOSE::memory_page.c::90::mem_page_init_from_proc_addr::memInfo.RegionSize=0x00001000
VERBOSE::memory_page.c::57::mem_page_init_from_proc_addr::lpcBaseAddr=0x163DB000
VERBOSE::memory_page.c::58::mem_page_init_from_proc_addr::lpcNextAddr=0x163DB000
VERBOSE::memory_page.c::88::mem_page_init_from_proc_addr::lpcBaseAddr=0x163DB000
VERBOSE::memory_page.c::89::mem_page_init_from_proc_addr::memInfo.BaseAddress=0x163DB000
VERBOSE::memory_page.c::90::mem_page_init_from_proc_addr::memInfo.RegionSize=0x0007F000
ERROR::memory_page.c::217::mem_page_destroy::Deallocating NULL page
VERBOSE::memory_manager.c::523::mem_mgr_load_proc::skip to addr 0x1645A000
VERBOSE::memory_page.c::57::mem_page_init_from_proc_addr::lpcBaseAddr=0x1645A000
VERBOSE::memory_page.c::58::mem_page_init_from_proc_addr::lpcNextAddr=0x1645A000
VERBOSE::memory_page.c::88::mem_page_init_from_proc_addr::lpcBaseAddr=0x1645A000
VERBOSE::memory_page.c::89::mem_page_init_from_proc_addr::memInfo.BaseAddress=0x1645A000
VERBOSE::memory_page.c::90::mem_page_init_from_proc_addr::memInfo.RegionSize=0x00001000
VERBOSE::memory_page.c::57::mem_page_init_from_proc_addr::lpcBaseAddr=0x1645B000
VERBOSE::memory_page.c::58::mem_page_init_from_proc_addr::lpcNextAddr=0x1645B000
VERBOSE::memory_page.c::88::mem_page_init_from_proc_addr::lpcBaseAddr=0x1645B000
VERBOSE::memory_page.c::89::mem_page_init_from_proc_addr::memInfo.BaseAddress=0x1645B000
VERBOSE::memory_page.c::90::mem_page_init_from_proc_addr::memInfo.RegionSize=0x0007F000
ERROR::memory_page.c::217::mem_page_destroy::Deallocating NULL page
VERBOSE::memory_manager.c::523::mem_mgr_load_proc::skip to addr 0x164DA000
VERBOSE::memory_page.c::57::mem_page_init_from_proc_addr::lpcBaseAddr=0x164DA000
VERBOSE::memory_page.c::58::mem_page_init_from_proc_addr::lpcNextAddr=0x164DA000
VERBOSE::memory_page.c::88::mem_page_init_from_proc_addr::lpcBaseAddr=0x164DA000
VERBOSE::memory_page.c::89::mem_page_init_from_proc_addr::memInfo.BaseAddress=0x164DA000
VERBOSE::memory_page.c::90::mem_page_init_from_proc_addr::memInfo.RegionSize=0x00001000
VERBOSE::memory_page.c::57::mem_page_init_from_proc_addr::lpcBaseAddr=0x164DB000
VERBOSE::memory_page.c::58::mem_page_init_from_proc_addr::lpcNextAddr=0x164DB000
VERBOSE::memory_page.c::88::mem_page_init_from_proc_addr::lpcBaseAddr=0x164DB000
VERBOSE::memory_page.c::89::mem_page_init_from_proc_addr::memInfo.BaseAddress=0x164DB000
VERBOSE::memory_page.c::90::mem_page_init_from_proc_addr::memInfo.RegionSize=0x0007F000
ERROR::memory_page.c::217::mem_page_destroy::Deallocating NULL page
VERBOSE::memory_manager.c::523::mem_mgr_load_proc::skip to addr 0x1655A000
VERBOSE::memory_page.c::57::mem_page_init_from_proc_addr::lpcBaseAddr=0x1655A000
VERBOSE::memory_page.c::58::mem_page_init_from_proc_addr::lpcNextAddr=0x1655A000
VERBOSE::memory_page.c::88::mem_page_init_from_proc_addr::lpcBaseAddr=0x1655A000
VERBOSE::memory_page.c::89::mem_page_init_from_proc_addr::memInfo.BaseAddress=0x1655A000
VERBOSE::memory_page.c::90::mem_page_init_from_proc_addr::memInfo.RegionSize=0x00015000
VERBOSE::memory_page.c::57::mem_page_init_from_proc_addr::lpcBaseAddr=0x1656F000
VERBOSE::memory_page.c::58::mem_page_init_from_proc_addr::lpcNextAddr=0x1656F000
VERBOSE::memory_page.c::88::mem_page_init_from_proc_addr::lpcBaseAddr=0x1656F000
VERBOSE::memory_page.c::89::mem_page_init_from_proc_addr::memInfo.BaseAddress=0x1656F000
VERBOSE::memory_page.c::90::mem_page_init_from_proc_addr::memInfo.RegionSize=0x00001000
ERROR::memory_page.c::217::mem_page_destroy::Deallocating NULL page
VERBOSE::memory_manager.c::523::mem_mgr_load_proc::skip to addr 0x16570000
VERBOSE::memory_page.c::57::mem_page_init_from_proc_addr::lpcBaseAddr=0x16570000
VERBOSE::memory_page.c::58::mem_page_init_from_proc_addr::lpcNextAddr=0x16570000
VERBOSE::memory_page.c::88::mem_page_init_from_proc_addr::lpcBaseAddr=0x16570000
VERBOSE::memory_page.c::89::mem_page_init_from_proc_addr::memInfo.BaseAddress=0x16570000
VERBOSE::memory_page.c::90::mem_page_init_from_proc_addr::memInfo.RegionSize=0x00001000
VERBOSE::memory_page.c::57::mem_page_init_from_proc_addr::lpcBaseAddr=0x16571000
VERBOSE::memory_page.c::58::mem_page_init_from_proc_addr::lpcNextAddr=0x16571000
VERBOSE::memory_page.c::88::mem_page_init_from_proc_addr::lpcBaseAddr=0x16571000
VERBOSE::memory_page.c::89::mem_page_init_from_proc_addr::memInfo.BaseAddress=0x16571000
VERBOSE::memory_page.c::90::mem_page_init_from_proc_addr::memInfo.RegionSize=0x00103000
ERROR::memory_page.c::217::mem_page_destroy::Deallocating NULL page
VERBOSE::memory_manager.c::523::mem_mgr_load_proc::skip to addr 0x16674000
VERBOSE::memory_page.c::57::mem_page_init_from_proc_addr::lpcBaseAddr=0x16674000
VERBOSE::memory_page.c::58::mem_page_init_from_proc_addr::lpcNextAddr=0x16674000
VERBOSE::memory_page.c::88::mem_page_init_from_proc_addr::lpcBaseAddr=0x16674000
VERBOSE::memory_page.c::89::mem_page_init_from_proc_addr::memInfo.BaseAddress=0x16674000
VERBOSE::memory_page.c::90::mem_page_init_from_proc_addr::memInfo.RegionSize=0x00001000
VERBOSE::memory_page.c::57::mem_page_init_from_proc_addr::lpcBaseAddr=0x16675000
VERBOSE::memory_page.c::58::mem_page_init_from_proc_addr::lpcNextAddr=0x16675000
VERBOSE::memory_page.c::88::mem_page_init_from_proc_addr::lpcBaseAddr=0x16675000
VERBOSE::memory_page.c::89::mem_page_init_from_proc_addr::memInfo.BaseAddress=0x16675000
VERBOSE::memory_page.c::90::mem_page_init_from_proc_addr::memInfo.RegionSize=0x00038000
ERROR::memory_page.c::217::mem_page_destroy::Deallocating NULL page
VERBOSE::memory_manager.c::523::mem_mgr_load_proc::skip to addr 0x166AD000
VERBOSE::memory_page.c::57::mem_page_init_from_proc_addr::lpcBaseAddr=0x166AD000
VERBOSE::memory_page.c::58::mem_page_init_from_proc_addr::lpcNextAddr=0x166AD000
VERBOSE::memory_page.c::88::mem_page_init_from_proc_addr::lpcBaseAddr=0x166AD000
VERBOSE::memory_page.c::89::mem_page_init_from_proc_addr::memInfo.BaseAddress=0x166AD000
VERBOSE::memory_page.c::90::mem_page_init_from_proc_addr::memInfo.RegionSize=0x0000E000
VERBOSE::memory_page.c::57::mem_page_init_from_proc_addr::lpcBaseAddr=0x166BB000
VERBOSE::memory_page.c::58::mem_page_init_from_proc_addr::lpcNextAddr=0x166BB000
VERBOSE::memory_page.c::88::mem_page_init_from_proc_addr::lpcBaseAddr=0x166BB000
VERBOSE::memory_page.c::89::mem_page_init_from_proc_addr::memInfo.BaseAddress=0x166BB000
VERBOSE::memory_page.c::90::mem_page_init_from_proc_addr::memInfo.RegionSize=0x0001D000
ERROR::memory_page.c::217::mem_page_destroy::Deallocating NULL page
VERBOSE::memory_manager.c::523::mem_mgr_load_proc::skip to addr 0x166D8000
VERBOSE::memory_page.c::57::mem_page_init_from_proc_addr::lpcBaseAddr=0x166D8000
VERBOSE::memory_page.c::58::mem_page_init_from_proc_addr::lpcNextAddr=0x166D8000
VERBOSE::memory_page.c::88::mem_page_init_from_proc_addr::lpcBaseAddr=0x166D8000
VERBOSE::memory_page.c::89::mem_page_init_from_proc_addr::memInfo.BaseAddress=0x166D8000
VERBOSE::memory_page.c::90::mem_page_init_from_proc_addr::memInfo.RegionSize=0x0001F000
VERBOSE::memory_page.c::57::mem_page_init_from_proc_addr::lpcBaseAddr=0x166F7000
VERBOSE::memory_page.c::58::mem_page_init_from_proc_addr::lpcNextAddr=0x166F7000
VERBOSE::memory_page.c::88::mem_page_init_from_proc_addr::lpcBaseAddr=0x166F7000
VERBOSE::memory_page.c::89::mem_page_init_from_proc_addr::memInfo.BaseAddress=0x166F7000
VERBOSE::memory_page.c::90::mem_page_init_from_proc_addr::memInfo.RegionSize=0x0001D000
ERROR::memory_page.c::217::mem_page_destroy::Deallocating NULL page
VERBOSE::memory_manager.c::523::mem_mgr_load_proc::skip to addr 0x16714000
VERBOSE::memory_page.c::57::mem_page_init_from_proc_addr::lpcBaseAddr=0x16714000
VERBOSE::memory_page.c::58::mem_page_init_from_proc_addr::lpcNextAddr=0x16714000
VERBOSE::memory_page.c::88::mem_page_init_from_proc_addr::lpcBaseAddr=0x16714000
VERBOSE::memory_page.c::89::mem_page_init_from_proc_addr::memInfo.BaseAddress=0x16714000
VERBOSE::memory_page.c::90::mem_page_init_from_proc_addr::memInfo.RegionSize=0x0000A000
VERBOSE::memory_page.c::57::mem_page_init_from_proc_addr::lpcBaseAddr=0x1671E000
VERBOSE::memory_page.c::58::mem_page_init_from_proc_addr::lpcNextAddr=0x1671E000
VERBOSE::memory_page.c::88::mem_page_init_from_proc_addr::lpcBaseAddr=0x1671E000
VERBOSE::memory_page.c::89::mem_page_init_from_proc_addr::memInfo.BaseAddress=0x1671E000
VERBOSE::memory_page.c::90::mem_page_init_from_proc_addr::memInfo.RegionSize=0x00003000
ERROR::memory_page.c::217::mem_page_destroy::Deallocating NULL page
VERBOSE::memory_manager.c::523::mem_mgr_load_proc::skip to addr 0x16721000
VERBOSE::memory_page.c::57::mem_page_init_from_proc_addr::lpcBaseAddr=0x16721000
VERBOSE::memory_page.c::58::mem_page_init_from_proc_addr::lpcNextAddr=0x16721000
VERBOSE::memory_page.c::88::mem_page_init_from_proc_addr::lpcBaseAddr=0x16721000
VERBOSE::memory_page.c::89::mem_page_init_from_proc_addr::memInfo.BaseAddress=0x16721000
VERBOSE::memory_page.c::90::mem_page_init_from_proc_addr::memInfo.RegionSize=0x00015000
VERBOSE::memory_page.c::57::mem_page_init_from_proc_addr::lpcBaseAddr=0x16736000
VERBOSE::memory_page.c::58::mem_page_init_from_proc_addr::lpcNextAddr=0x16736000
VERBOSE::memory_page.c::88::mem_page_init_from_proc_addr::lpcBaseAddr=0x16736000
VERBOSE::memory_page.c::89::mem_page_init_from_proc_addr::memInfo.BaseAddress=0x16736000
VERBOSE::memory_page.c::90::mem_page_init_from_proc_addr::memInfo.RegionSize=0x00002000
ERROR::memory_page.c::217::mem_page_destroy::Deallocating NULL page
VERBOSE::memory_manager.c::523::mem_mgr_load_proc::skip to addr 0x16738000
VERBOSE::memory_page.c::57::mem_page_init_from_proc_addr::lpcBaseAddr=0x16738000
VERBOSE::memory_page.c::58::mem_page_init_from_proc_addr::lpcNextAddr=0x16738000
VERBOSE::memory_page.c::88::mem_page_init_from_proc_addr::lpcBaseAddr=0x16738000
VERBOSE::memory_page.c::89::mem_page_init_from_proc_addr::memInfo.BaseAddress=0x16738000
VERBOSE::memory_page.c::90::mem_page_init_from_proc_addr::memInfo.RegionSize=0x0001B000
VERBOSE::memory_page.c::57::mem_page_init_from_proc_addr::lpcBaseAddr=0x16753000
VERBOSE::memory_page.c::58::mem_page_init_from_proc_addr::lpcNextAddr=0x16753000
VERBOSE::memory_page.c::88::mem_page_init_from_proc_addr::lpcBaseAddr=0x16753000
VERBOSE::memory_page.c::89::mem_page_init_from_proc_addr::memInfo.BaseAddress=0x16753000
VERBOSE::memory_page.c::90::mem_page_init_from_proc_addr::memInfo.RegionSize=0x00003000
ERROR::memory_page.c::217::mem_page_destroy::Deallocating NULL page
VERBOSE::memory_manager.c::523::mem_mgr_load_proc::skip to addr 0x16756000
VERBOSE::memory_page.c::57::mem_page_init_from_proc_addr::lpcBaseAddr=0x16756000
VERBOSE::memory_page.c::58::mem_page_init_from_proc_addr::lpcNextAddr=0x16756000
VERBOSE::memory_page.c::88::mem_page_init_from_proc_addr::lpcBaseAddr=0x16756000
VERBOSE::memory_page.c::89::mem_page_init_from_proc_addr::memInfo.BaseAddress=0x16756000
VERBOSE::memory_page.c::90::mem_page_init_from_proc_addr::memInfo.RegionSize=0x00001000
VERBOSE::memory_page.c::57::mem_page_init_from_proc_addr::lpcBaseAddr=0x16757000
VERBOSE::memory_page.c::58::mem_page_init_from_proc_addr::lpcNextAddr=0x16757000
VERBOSE::memory_page.c::88::mem_page_init_from_proc_addr::lpcBaseAddr=0x16757000
VERBOSE::memory_page.c::89::mem_page_init_from_proc_addr::memInfo.BaseAddress=0x16757000
VERBOSE::memory_page.c::90::mem_page_init_from_proc_addr::memInfo.RegionSize=0x00219000
ERROR::memory_page.c::217::mem_page_destroy::Deallocating NULL page
VERBOSE::memory_manager.c::523::mem_mgr_load_proc::skip to addr 0x16970000
VERBOSE::memory_page.c::57::mem_page_init_from_proc_addr::lpcBaseAddr=0x16970000
VERBOSE::memory_page.c::58::mem_page_init_from_proc_addr::lpcNextAddr=0x16970000
VERBOSE::memory_page.c::88::mem_page_init_from_proc_addr::lpcBaseAddr=0x16970000
VERBOSE::memory_page.c::89::mem_page_init_from_proc_addr::memInfo.BaseAddress=0x16970000
VERBOSE::memory_page.c::90::mem_page_init_from_proc_addr::memInfo.RegionSize=0x00116000
VERBOSE::memory_page.c::57::mem_page_init_from_proc_addr::lpcBaseAddr=0x16A86000
VERBOSE::memory_page.c::58::mem_page_init_from_proc_addr::lpcNextAddr=0x16A86000
VERBOSE::memory_page.c::88::mem_page_init_from_proc_addr::lpcBaseAddr=0x16A86000
VERBOSE::memory_page.c::89::mem_page_init_from_proc_addr::memInfo.BaseAddress=0x16A86000
VERBOSE::memory_page.c::90::mem_page_init_from_proc_addr::memInfo.RegionSize=0x0002A000
ERROR::memory_page.c::217::mem_page_destroy::Deallocating NULL page
VERBOSE::memory_manager.c::523::mem_mgr_load_proc::skip to addr 0x16AB0000
VERBOSE::memory_page.c::57::mem_page_init_from_proc_addr::lpcBaseAddr=0x16AB0000
VERBOSE::memory_page.c::58::mem_page_init_from_proc_addr::lpcNextAddr=0x16AB0000
VERBOSE::memory_page.c::88::mem_page_init_from_proc_addr::lpcBaseAddr=0x16AB0000
VERBOSE::memory_page.c::89::mem_page_init_from_proc_addr::memInfo.BaseAddress=0x16AB0000
VERBOSE::memory_page.c::90::mem_page_init_from_proc_addr::memInfo.RegionSize=0x000A8000
VERBOSE::memory_page.c::57::mem_page_init_from_proc_addr::lpcBaseAddr=0x16B58000
VERBOSE::memory_page.c::58::mem_page_init_from_proc_addr::lpcNextAddr=0x16B58000
VERBOSE::memory_page.c::88::mem_page_init_from_proc_addr::lpcBaseAddr=0x16B58000
VERBOSE::memory_page.c::89::mem_page_init_from_proc_addr::memInfo.BaseAddress=0x16B58000
VERBOSE::memory_page.c::90::mem_page_init_from_proc_addr::memInfo.RegionSize=0x00DE8000
ERROR::memory_page.c::217::mem_page_destroy::Deallocating NULL page
VERBOSE::memory_manager.c::523::mem_mgr_load_proc::skip to addr 0x17940000
VERBOSE::memory_page.c::57::mem_page_init_from_proc_addr::lpcBaseAddr=0x17940000
VERBOSE::memory_page.c::58::mem_page_init_from_proc_addr::lpcNextAddr=0x17940000
VERBOSE::memory_page.c::88::mem_page_init_from_proc_addr::lpcBaseAddr=0x17940000
VERBOSE::memory_page.c::89::mem_page_init_from_proc_addr::memInfo.BaseAddress=0x17940000
VERBOSE::memory_page.c::90::mem_page_init_from_proc_addr::memInfo.RegionSize=0x00150000
ERROR::memory_page.c::217::mem_page_destroy::Deallocating NULL page
VERBOSE::memory_manager.c::523::mem_mgr_load_proc::skip to addr 0x17A90000
VERBOSE::memory_page.c::57::mem_page_init_from_proc_addr::lpcBaseAddr=0x17A90000
VERBOSE::memory_page.c::58::mem_page_init_from_proc_addr::lpcNextAddr=0x17A90000
VERBOSE::memory_page.c::88::mem_page_init_from_proc_addr::lpcBaseAddr=0x17A90000
VERBOSE::memory_page.c::89::mem_page_init_from_proc_addr::memInfo.BaseAddress=0x17A90000
VERBOSE::memory_page.c::90::mem_page_init_from_proc_addr::memInfo.RegionSize=0x00002000
VERBOSE::memory_page.c::57::mem_page_init_from_proc_addr::lpcBaseAddr=0x17A92000
VERBOSE::memory_page.c::58::mem_page_init_from_proc_addr::lpcNextAddr=0x17A92000
VERBOSE::memory_page.c::88::mem_page_init_from_proc_addr::lpcBaseAddr=0x17A92000
VERBOSE::memory_page.c::89::mem_page_init_from_proc_addr::memInfo.BaseAddress=0x17A92000
VERBOSE::memory_page.c::90::mem_page_init_from_proc_addr::memInfo.RegionSize=0x0000E000
ERROR::memory_page.c::217::mem_page_destroy::Deallocating NULL page
VERBOSE::memory_manager.c::523::mem_mgr_load_proc::skip to addr 0x17AA0000
VERBOSE::memory_page.c::57::mem_page_init_from_proc_addr::lpcBaseAddr=0x17AA0000
VERBOSE::memory_page.c::58::mem_page_init_from_proc_addr::lpcNextAddr=0x17AA0000
VERBOSE::memory_page.c::88::mem_page_init_from_proc_addr::lpcBaseAddr=0x17AA0000
VERBOSE::memory_page.c::89::mem_page_init_from_proc_addr::memInfo.BaseAddress=0x17AA0000
VERBOSE::memory_page.c::90::mem_page_init_from_proc_addr::memInfo.RegionSize=0x0000A000
VERBOSE::memory_page.c::57::mem_page_init_from_proc_addr::lpcBaseAddr=0x17AAA000
VERBOSE::memory_page.c::58::mem_page_init_from_proc_addr::lpcNextAddr=0x17AAA000
VERBOSE::memory_page.c::88::mem_page_init_from_proc_addr::lpcBaseAddr=0x17AAA000
VERBOSE::memory_page.c::89::mem_page_init_from_proc_addr::memInfo.BaseAddress=0x17AAA000
VERBOSE::memory_page.c::90::mem_page_init_from_proc_addr::memInfo.RegionSize=0x00006000
ERROR::memory_page.c::217::mem_page_destroy::Deallocating NULL page
VERBOSE::memory_manager.c::523::mem_mgr_load_proc::skip to addr 0x17AB0000
VERBOSE::memory_page.c::57::mem_page_init_from_proc_addr::lpcBaseAddr=0x17AB0000
VERBOSE::memory_page.c::58::mem_page_init_from_proc_addr::lpcNextAddr=0x17AB0000
VERBOSE::memory_page.c::88::mem_page_init_from_proc_addr::lpcBaseAddr=0x17AB0000
VERBOSE::memory_page.c::89::mem_page_init_from_proc_addr::memInfo.BaseAddress=0x17AB0000
VERBOSE::memory_page.c::90::mem_page_init_from_proc_addr::memInfo.RegionSize=0x00003000
VERBOSE::memory_page.c::57::mem_page_init_from_proc_addr::lpcBaseAddr=0x17AB3000
VERBOSE::memory_page.c::58::mem_page_init_from_proc_addr::lpcNextAddr=0x17AB3000
VERBOSE::memory_page.c::88::mem_page_init_from_proc_addr::lpcBaseAddr=0x17AB3000
VERBOSE::memory_page.c::89::mem_page_init_from_proc_addr::memInfo.BaseAddress=0x17AB3000
VERBOSE::memory_page.c::90::mem_page_init_from_proc_addr::memInfo.RegionSize=0x0000D000
ERROR::memory_page.c::217::mem_page_destroy::Deallocating NULL page
VERBOSE::memory_manager.c::523::mem_mgr_load_proc::skip to addr 0x17AC0000
VERBOSE::memory_page.c::57::mem_page_init_from_proc_addr::lpcBaseAddr=0x17AC0000
VERBOSE::memory_page.c::58::mem_page_init_from_proc_addr::lpcNextAddr=0x17AC0000
VERBOSE::memory_page.c::88::mem_page_init_from_proc_addr::lpcBaseAddr=0x17AC0000
VERBOSE::memory_page.c::89::mem_page_init_from_proc_addr::memInfo.BaseAddress=0x17AC0000
VERBOSE::memory_page.c::90::mem_page_init_from_proc_addr::memInfo.RegionSize=0x00003000
VERBOSE::memory_page.c::57::mem_page_init_from_proc_addr::lpcBaseAddr=0x17AC3000
VERBOSE::memory_page.c::58::mem_page_init_from_proc_addr::lpcNextAddr=0x17AC3000
VERBOSE::memory_page.c::88::mem_page_init_from_proc_addr::lpcBaseAddr=0x17AC3000
VERBOSE::memory_page.c::89::mem_page_init_from_proc_addr::memInfo.BaseAddress=0x17AC3000
VERBOSE::memory_page.c::90::mem_page_init_from_proc_addr::memInfo.RegionSize=0x0014D000
ERROR::memory_page.c::217::mem_page_destroy::Deallocating NULL page
VERBOSE::memory_manager.c::523::mem_mgr_load_proc::skip to addr 0x17C10000
VERBOSE::memory_page.c::57::mem_page_init_from_proc_addr::lpcBaseAddr=0x17C10000
VERBOSE::memory_page.c::58::mem_page_init_from_proc_addr::lpcNextAddr=0x17C10000
VERBOSE::memory_page.c::88::mem_page_init_from_proc_addr::lpcBaseAddr=0x17C10000
VERBOSE::memory_page.c::89::mem_page_init_from_proc_addr::memInfo.BaseAddress=0x17C10000
VERBOSE::memory_page.c::90::mem_page_init_from_proc_addr::memInfo.RegionSize=0x00035000
ERROR::memory_page.c::217::mem_page_destroy::Deallocating NULL page
VERBOSE::memory_manager.c::523::mem_mgr_load_proc::skip to addr 0x17C45000
VERBOSE::memory_page.c::57::mem_page_init_from_proc_addr::lpcBaseAddr=0x17C45000
VERBOSE::memory_page.c::58::mem_page_init_from_proc_addr::lpcNextAddr=0x17C45000
VERBOSE::memory_page.c::88::mem_page_init_from_proc_addr::lpcBaseAddr=0x17C45000
VERBOSE::memory_page.c::89::mem_page_init_from_proc_addr::memInfo.BaseAddress=0x17C45000
VERBOSE::memory_page.c::90::mem_page_init_from_proc_addr::memInfo.RegionSize=0x00003000
ERROR::memory_page.c::217::mem_page_destroy::Deallocating NULL page
VERBOSE::memory_manager.c::523::mem_mgr_load_proc::skip to addr 0x17C48000
VERBOSE::memory_page.c::57::mem_page_init_from_proc_addr::lpcBaseAddr=0x17C48000
VERBOSE::memory_page.c::58::mem_page_init_from_proc_addr::lpcNextAddr=0x17C48000
VERBOSE::memory_page.c::88::mem_page_init_from_proc_addr::lpcBaseAddr=0x17C48000
VERBOSE::memory_page.c::89::mem_page_init_from_proc_addr::memInfo.BaseAddress=0x17C48000
VERBOSE::memory_page.c::90::mem_page_init_from_proc_addr::memInfo.RegionSize=0x00008000
VERBOSE::memory_page.c::57::mem_page_init_from_proc_addr::lpcBaseAddr=0x17C50000
VERBOSE::memory_page.c::58::mem_page_init_from_proc_addr::lpcNextAddr=0x17C50000
VERBOSE::memory_page.c::88::mem_page_init_from_proc_addr::lpcBaseAddr=0x17C50000
VERBOSE::memory_page.c::89::mem_page_init_from_proc_addr::memInfo.BaseAddress=0x17C50000
VERBOSE::memory_page.c::90::mem_page_init_from_proc_addr::memInfo.RegionSize=0x000EE000
ERROR::memory_page.c::217::mem_page_destroy::Deallocating NULL page
VERBOSE::memory_manager.c::523::mem_mgr_load_proc::skip to addr 0x17D3E000
VERBOSE::memory_page.c::57::mem_page_init_from_proc_addr::lpcBaseAddr=0x17D3E000
VERBOSE::memory_page.c::58::mem_page_init_from_proc_addr::lpcNextAddr=0x17D3E000
VERBOSE::memory_page.c::88::mem_page_init_from_proc_addr::lpcBaseAddr=0x17D3E000
VERBOSE::memory_page.c::89::mem_page_init_from_proc_addr::memInfo.BaseAddress=0x17D3E000
VERBOSE::memory_page.c::90::mem_page_init_from_proc_addr::memInfo.RegionSize=0x00002000
ERROR::memory_page.c::217::mem_page_destroy::Deallocating NULL page
VERBOSE::memory_manager.c::523::mem_mgr_load_proc::skip to addr 0x17D40000
VERBOSE::memory_page.c::57::mem_page_init_from_proc_addr::lpcBaseAddr=0x17D40000
VERBOSE::memory_page.c::58::mem_page_init_from_proc_addr::lpcNextAddr=0x17D40000
VERBOSE::memory_page.c::88::mem_page_init_from_proc_addr::lpcBaseAddr=0x17D40000
VERBOSE::memory_page.c::89::mem_page_init_from_proc_addr::memInfo.BaseAddress=0x17D40000
VERBOSE::memory_page.c::90::mem_page_init_from_proc_addr::memInfo.RegionSize=0x00010000
VERBOSE::memory_page.c::57::mem_page_init_from_proc_addr::lpcBaseAddr=0x17D50000
VERBOSE::memory_page.c::58::mem_page_init_from_proc_addr::lpcNextAddr=0x17D50000
VERBOSE::memory_page.c::88::mem_page_init_from_proc_addr::lpcBaseAddr=0x17D50000
VERBOSE::memory_page.c::89::mem_page_init_from_proc_addr::memInfo.BaseAddress=0x17D50000
VERBOSE::memory_page.c::90::mem_page_init_from_proc_addr::memInfo.RegionSize=0x00041000
VERBOSE::memory_page.c::57::mem_page_init_from_proc_addr::lpcBaseAddr=0x17D91000
VERBOSE::memory_page.c::58::mem_page_init_from_proc_addr::lpcNextAddr=0x17D91000
VERBOSE::memory_page.c::88::mem_page_init_from_proc_addr::lpcBaseAddr=0x17D91000
VERBOSE::memory_page.c::89::mem_page_init_from_proc_addr::memInfo.BaseAddress=0x17D91000
VERBOSE::memory_page.c::90::mem_page_init_from_proc_addr::memInfo.RegionSize=0x00001000
ERROR::memory_page.c::217::mem_page_destroy::Deallocating NULL page
VERBOSE::memory_manager.c::523::mem_mgr_load_proc::skip to addr 0x17D92000
VERBOSE::memory_page.c::57::mem_page_init_from_proc_addr::lpcBaseAddr=0x17D92000
VERBOSE::memory_page.c::58::mem_page_init_from_proc_addr::lpcNextAddr=0x17D92000
VERBOSE::memory_page.c::88::mem_page_init_from_proc_addr::lpcBaseAddr=0x17D92000
VERBOSE::memory_page.c::89::mem_page_init_from_proc_addr::memInfo.BaseAddress=0x17D92000
VERBOSE::memory_page.c::90::mem_page_init_from_proc_addr::memInfo.RegionSize=0x00002000
VERBOSE::memory_page.c::57::mem_page_init_from_proc_addr::lpcBaseAddr=0x17D94000
VERBOSE::memory_page.c::58::mem_page_init_from_proc_addr::lpcNextAddr=0x17D94000
VERBOSE::memory_page.c::88::mem_page_init_from_proc_addr::lpcBaseAddr=0x17D94000
VERBOSE::memory_page.c::89::mem_page_init_from_proc_addr::memInfo.BaseAddress=0x17D94000
VERBOSE::memory_page.c::90::mem_page_init_from_proc_addr::memInfo.RegionSize=0x0003B000
ERROR::memory_page.c::217::mem_page_destroy::Deallocating NULL page
VERBOSE::memory_manager.c::523::mem_mgr_load_proc::skip to addr 0x17DCF000
VERBOSE::memory_page.c::57::mem_page_init_from_proc_addr::lpcBaseAddr=0x17DCF000
VERBOSE::memory_page.c::58::mem_page_init_from_proc_addr::lpcNextAddr=0x17DCF000
VERBOSE::memory_page.c::88::mem_page_init_from_proc_addr::lpcBaseAddr=0x17DCF000
VERBOSE::memory_page.c::89::mem_page_init_from_proc_addr::memInfo.BaseAddress=0x17DCF000
VERBOSE::memory_page.c::90::mem_page_init_from_proc_addr::memInfo.RegionSize=0x00034000
VERBOSE::memory_page.c::57::mem_page_init_from_proc_addr::lpcBaseAddr=0x17E03000
VERBOSE::memory_page.c::58::mem_page_init_from_proc_addr::lpcNextAddr=0x17E03000
VERBOSE::memory_page.c::88::mem_page_init_from_proc_addr::lpcBaseAddr=0x17E03000
VERBOSE::memory_page.c::89::mem_page_init_from_proc_addr::memInfo.BaseAddress=0x17E03000
VERBOSE::memory_page.c::90::mem_page_init_from_proc_addr::memInfo.RegionSize=0x00037000
ERROR::memory_page.c::217::mem_page_destroy::Deallocating NULL page
VERBOSE::memory_manager.c::523::mem_mgr_load_proc::skip to addr 0x17E3A000
VERBOSE::memory_page.c::57::mem_page_init_from_proc_addr::lpcBaseAddr=0x17E3A000
VERBOSE::memory_page.c::58::mem_page_init_from_proc_addr::lpcNextAddr=0x17E3A000
VERBOSE::memory_page.c::88::mem_page_init_from_proc_addr::lpcBaseAddr=0x17E3A000
VERBOSE::memory_page.c::89::mem_page_init_from_proc_addr::memInfo.BaseAddress=0x17E3A000
VERBOSE::memory_page.c::90::mem_page_init_from_proc_addr::memInfo.RegionSize=0x00041000
VERBOSE::memory_page.c::57::mem_page_init_from_proc_addr::lpcBaseAddr=0x17E7B000
VERBOSE::memory_page.c::58::mem_page_init_from_proc_addr::lpcNextAddr=0x17E7B000
VERBOSE::memory_page.c::88::mem_page_init_from_proc_addr::lpcBaseAddr=0x17E7B000
VERBOSE::memory_page.c::89::mem_page_init_from_proc_addr::memInfo.BaseAddress=0x17E7B000
VERBOSE::memory_page.c::90::mem_page_init_from_proc_addr::memInfo.RegionSize=0x00001000
ERROR::memory_page.c::217::mem_page_destroy::Deallocating NULL page
VERBOSE::memory_manager.c::523::mem_mgr_load_proc::skip to addr 0x17E7C000
VERBOSE::memory_page.c::57::mem_page_init_from_proc_addr::lpcBaseAddr=0x17E7C000
VERBOSE::memory_page.c::58::mem_page_init_from_proc_addr::lpcNextAddr=0x17E7C000
VERBOSE::memory_page.c::88::mem_page_init_from_proc_addr::lpcBaseAddr=0x17E7C000
VERBOSE::memory_page.c::89::mem_page_init_from_proc_addr::memInfo.BaseAddress=0x17E7C000
VERBOSE::memory_page.c::90::mem_page_init_from_proc_addr::memInfo.RegionSize=0x00041000
VERBOSE::memory_page.c::57::mem_page_init_from_proc_addr::lpcBaseAddr=0x17EBD000
VERBOSE::memory_page.c::58::mem_page_init_from_proc_addr::lpcNextAddr=0x17EBD000
VERBOSE::memory_page.c::88::mem_page_init_from_proc_addr::lpcBaseAddr=0x17EBD000
VERBOSE::memory_page.c::89::mem_page_init_from_proc_addr::memInfo.BaseAddress=0x17EBD000
VERBOSE::memory_page.c::90::mem_page_init_from_proc_addr::memInfo.RegionSize=0x00001000
ERROR::memory_page.c::217::mem_page_destroy::Deallocating NULL page
VERBOSE::memory_manager.c::523::mem_mgr_load_proc::skip to addr 0x17EBE000
VERBOSE::memory_page.c::57::mem_page_init_from_proc_addr::lpcBaseAddr=0x17EBE000
VERBOSE::memory_page.c::58::mem_page_init_from_proc_addr::lpcNextAddr=0x17EBE000
VERBOSE::memory_page.c::88::mem_page_init_from_proc_addr::lpcBaseAddr=0x17EBE000
VERBOSE::memory_page.c::89::mem_page_init_from_proc_addr::memInfo.BaseAddress=0x17EBE000
VERBOSE::memory_page.c::90::mem_page_init_from_proc_addr::memInfo.RegionSize=0x00041000
VERBOSE::memory_page.c::57::mem_page_init_from_proc_addr::lpcBaseAddr=0x17EFF000
VERBOSE::memory_page.c::58::mem_page_init_from_proc_addr::lpcNextAddr=0x17EFF000
VERBOSE::memory_page.c::88::mem_page_init_from_proc_addr::lpcBaseAddr=0x17EFF000
VERBOSE::memory_page.c::89::mem_page_init_from_proc_addr::memInfo.BaseAddress=0x17EFF000
VERBOSE::memory_page.c::90::mem_page_init_from_proc_addr::memInfo.RegionSize=0x00001000
ERROR::memory_page.c::217::mem_page_destroy::Deallocating NULL page
VERBOSE::memory_manager.c::523::mem_mgr_load_proc::skip to addr 0x17F00000
VERBOSE::memory_page.c::57::mem_page_init_from_proc_addr::lpcBaseAddr=0x17F00000
VERBOSE::memory_page.c::58::mem_page_init_from_proc_addr::lpcNextAddr=0x17F00000
VERBOSE::memory_page.c::88::mem_page_init_from_proc_addr::lpcBaseAddr=0x17F00000
VERBOSE::memory_page.c::89::mem_page_init_from_proc_addr::memInfo.BaseAddress=0x17F00000
VERBOSE::memory_page.c::90::mem_page_init_from_proc_addr::memInfo.RegionSize=0x00002000
VERBOSE::memory_page.c::57::mem_page_init_from_proc_addr::lpcBaseAddr=0x17F02000
VERBOSE::memory_page.c::58::mem_page_init_from_proc_addr::lpcNextAddr=0x17F02000
VERBOSE::memory_page.c::88::mem_page_init_from_proc_addr::lpcBaseAddr=0x17F02000
VERBOSE::memory_page.c::89::mem_page_init_from_proc_addr::memInfo.BaseAddress=0x17F02000
VERBOSE::memory_page.c::90::mem_page_init_from_proc_addr::memInfo.RegionSize=0x000C7000
ERROR::memory_page.c::217::mem_page_destroy::Deallocating NULL page
VERBOSE::memory_manager.c::523::mem_mgr_load_proc::skip to addr 0x17FC9000
VERBOSE::memory_page.c::57::mem_page_init_from_proc_addr::lpcBaseAddr=0x17FC9000
VERBOSE::memory_page.c::58::mem_page_init_from_proc_addr::lpcNextAddr=0x17FC9000
VERBOSE::memory_page.c::88::mem_page_init_from_proc_addr::lpcBaseAddr=0x17FC9000
VERBOSE::memory_page.c::89::mem_page_init_from_proc_addr::memInfo.BaseAddress=0x17FC9000
VERBOSE::memory_page.c::90::mem_page_init_from_proc_addr::memInfo.RegionSize=0x00043000
VERBOSE::memory_page.c::57::mem_page_init_from_proc_addr::lpcBaseAddr=0x1800C000
VERBOSE::memory_page.c::58::mem_page_init_from_proc_addr::lpcNextAddr=0x1800C000
VERBOSE::memory_page.c::88::mem_page_init_from_proc_addr::lpcBaseAddr=0x1800C000
VERBOSE::memory_page.c::89::mem_page_init_from_proc_addr::memInfo.BaseAddress=0x1800C000
VERBOSE::memory_page.c::90::mem_page_init_from_proc_addr::memInfo.RegionSize=0x00001000
ERROR::memory_page.c::217::mem_page_destroy::Deallocating NULL page
VERBOSE::memory_manager.c::523::mem_mgr_load_proc::skip to addr 0x1800D000
VERBOSE::memory_page.c::57::mem_page_init_from_proc_addr::lpcBaseAddr=0x1800D000
VERBOSE::memory_page.c::58::mem_page_init_from_proc_addr::lpcNextAddr=0x1800D000
VERBOSE::memory_page.c::88::mem_page_init_from_proc_addr::lpcBaseAddr=0x1800D000
VERBOSE::memory_page.c::89::mem_page_init_from_proc_addr::memInfo.BaseAddress=0x1800D000
VERBOSE::memory_page.c::90::mem_page_init_from_proc_addr::memInfo.RegionSize=0x00041000
VERBOSE::memory_page.c::57::mem_page_init_from_proc_addr::lpcBaseAddr=0x1804E000
VERBOSE::memory_page.c::58::mem_page_init_from_proc_addr::lpcNextAddr=0x1804E000
VERBOSE::memory_page.c::88::mem_page_init_from_proc_addr::lpcBaseAddr=0x1804E000
VERBOSE::memory_page.c::89::mem_page_init_from_proc_addr::memInfo.BaseAddress=0x1804E000
VERBOSE::memory_page.c::90::mem_page_init_from_proc_addr::memInfo.RegionSize=0x00001000
ERROR::memory_page.c::217::mem_page_destroy::Deallocating NULL page
VERBOSE::memory_manager.c::523::mem_mgr_load_proc::skip to addr 0x1804F000
VERBOSE::memory_page.c::57::mem_page_init_from_proc_addr::lpcBaseAddr=0x1804F000
VERBOSE::memory_page.c::58::mem_page_init_from_proc_addr::lpcNextAddr=0x1804F000
VERBOSE::memory_page.c::88::mem_page_init_from_proc_addr::lpcBaseAddr=0x1804F000
VERBOSE::memory_page.c::89::mem_page_init_from_proc_addr::memInfo.BaseAddress=0x1804F000
VERBOSE::memory_page.c::90::mem_page_init_from_proc_addr::memInfo.RegionSize=0x00045000
VERBOSE::memory_page.c::57::mem_page_init_from_proc_addr::lpcBaseAddr=0x18094000
VERBOSE::memory_page.c::58::mem_page_init_from_proc_addr::lpcNextAddr=0x18094000
VERBOSE::memory_page.c::88::mem_page_init_from_proc_addr::lpcBaseAddr=0x18094000
VERBOSE::memory_page.c::89::mem_page_init_from_proc_addr::memInfo.BaseAddress=0x18094000
VERBOSE::memory_page.c::90::mem_page_init_from_proc_addr::memInfo.RegionSize=0x00001000
ERROR::memory_page.c::217::mem_page_destroy::Deallocating NULL page
VERBOSE::memory_manager.c::523::mem_mgr_load_proc::skip to addr 0x18095000
VERBOSE::memory_page.c::57::mem_page_init_from_proc_addr::lpcBaseAddr=0x18095000
VERBOSE::memory_page.c::58::mem_page_init_from_proc_addr::lpcNextAddr=0x18095000
VERBOSE::memory_page.c::88::mem_page_init_from_proc_addr::lpcBaseAddr=0x18095000
VERBOSE::memory_page.c::89::mem_page_init_from_proc_addr::memInfo.BaseAddress=0x18095000
VERBOSE::memory_page.c::90::mem_page_init_from_proc_addr::memInfo.RegionSize=0x00002000
VERBOSE::memory_page.c::57::mem_page_init_from_proc_addr::lpcBaseAddr=0x18097000
VERBOSE::memory_page.c::58::mem_page_init_from_proc_addr::lpcNextAddr=0x18097000
VERBOSE::memory_page.c::88::mem_page_init_from_proc_addr::lpcBaseAddr=0x18097000
VERBOSE::memory_page.c::89::mem_page_init_from_proc_addr::memInfo.BaseAddress=0x18097000
VERBOSE::memory_page.c::90::mem_page_init_from_proc_addr::memInfo.RegionSize=0x0003C000
ERROR::memory_page.c::217::mem_page_destroy::Deallocating NULL page
VERBOSE::memory_manager.c::523::mem_mgr_load_proc::skip to addr 0x180D3000
VERBOSE::memory_page.c::57::mem_page_init_from_proc_addr::lpcBaseAddr=0x180D3000
VERBOSE::memory_page.c::58::mem_page_init_from_proc_addr::lpcNextAddr=0x180D3000
VERBOSE::memory_page.c::88::mem_page_init_from_proc_addr::lpcBaseAddr=0x180D3000
VERBOSE::memory_page.c::89::mem_page_init_from_proc_addr::memInfo.BaseAddress=0x180D3000
VERBOSE::memory_page.c::90::mem_page_init_from_proc_addr::memInfo.RegionSize=0x00041000
VERBOSE::memory_page.c::57::mem_page_init_from_proc_addr::lpcBaseAddr=0x18114000
VERBOSE::memory_page.c::58::mem_page_init_from_proc_addr::lpcNextAddr=0x18114000
VERBOSE::memory_page.c::88::mem_page_init_from_proc_addr::lpcBaseAddr=0x18114000
VERBOSE::memory_page.c::89::mem_page_init_from_proc_addr::memInfo.BaseAddress=0x18114000
VERBOSE::memory_page.c::90::mem_page_init_from_proc_addr::memInfo.RegionSize=0x00001000
ERROR::memory_page.c::217::mem_page_destroy::Deallocating NULL page
VERBOSE::memory_manager.c::523::mem_mgr_load_proc::skip to addr 0x18115000
VERBOSE::memory_page.c::57::mem_page_init_from_proc_addr::lpcBaseAddr=0x18115000
VERBOSE::memory_page.c::58::mem_page_init_from_proc_addr::lpcNextAddr=0x18115000
VERBOSE::memory_page.c::88::mem_page_init_from_proc_addr::lpcBaseAddr=0x18115000
VERBOSE::memory_page.c::89::mem_page_init_from_proc_addr::memInfo.BaseAddress=0x18115000
VERBOSE::memory_page.c::90::mem_page_init_from_proc_addr::memInfo.RegionSize=0x00029000
VERBOSE::memory_page.c::57::mem_page_init_from_proc_addr::lpcBaseAddr=0x1813E000
VERBOSE::memory_page.c::58::mem_page_init_from_proc_addr::lpcNextAddr=0x1813E000
VERBOSE::memory_page.c::88::mem_page_init_from_proc_addr::lpcBaseAddr=0x1813E000
VERBOSE::memory_page.c::89::mem_page_init_from_proc_addr::memInfo.BaseAddress=0x1813E000
VERBOSE::memory_page.c::90::mem_page_init_from_proc_addr::memInfo.RegionSize=0x00412000
ERROR::memory_page.c::217::mem_page_destroy::Deallocating NULL page
VERBOSE::memory_manager.c::523::mem_mgr_load_proc::skip to addr 0x18550000
VERBOSE::memory_page.c::57::mem_page_init_from_proc_addr::lpcBaseAddr=0x18550000
VERBOSE::memory_page.c::58::mem_page_init_from_proc_addr::lpcNextAddr=0x18550000
VERBOSE::memory_page.c::88::mem_page_init_from_proc_addr::lpcBaseAddr=0x18550000
VERBOSE::memory_page.c::89::mem_page_init_from_proc_addr::memInfo.BaseAddress=0x18550000
VERBOSE::memory_page.c::90::mem_page_init_from_proc_addr::memInfo.RegionSize=0x37AE0000
ERROR::memory_page.c::217::mem_page_destroy::Deallocating NULL page
VERBOSE::memory_manager.c::523::mem_mgr_load_proc::skip to addr 0x50030000
VERBOSE::memory_page.c::57::mem_page_init_from_proc_addr::lpcBaseAddr=0x50030000
VERBOSE::memory_page.c::58::mem_page_init_from_proc_addr::lpcNextAddr=0x50030000
VERBOSE::memory_page.c::88::mem_page_init_from_proc_addr::lpcBaseAddr=0x50030000
VERBOSE::memory_page.c::89::mem_page_init_from_proc_addr::memInfo.BaseAddress=0x50030000
VERBOSE::memory_page.c::90::mem_page_init_from_proc_addr::memInfo.RegionSize=0x00001000
ERROR::memory_page.c::217::mem_page_destroy::Deallocating NULL page
VERBOSE::memory_manager.c::523::mem_mgr_load_proc::skip to addr 0x50031000
VERBOSE::memory_page.c::57::mem_page_init_from_proc_addr::lpcBaseAddr=0x50031000
VERBOSE::memory_page.c::58::mem_page_init_from_proc_addr::lpcNextAddr=0x50031000
VERBOSE::memory_page.c::88::mem_page_init_from_proc_addr::lpcBaseAddr=0x50031000
VERBOSE::memory_page.c::89::mem_page_init_from_proc_addr::memInfo.BaseAddress=0x50031000
VERBOSE::memory_page.c::90::mem_page_init_from_proc_addr::memInfo.RegionSize=0x00010000
ERROR::memory_page.c::217::mem_page_destroy::Deallocating NULL page
VERBOSE::memory_manager.c::523::mem_mgr_load_proc::skip to addr 0x50041000
VERBOSE::memory_page.c::57::mem_page_init_from_proc_addr::lpcBaseAddr=0x50041000
VERBOSE::memory_page.c::58::mem_page_init_from_proc_addr::lpcNextAddr=0x50041000
VERBOSE::memory_page.c::88::mem_page_init_from_proc_addr::lpcBaseAddr=0x50041000
VERBOSE::memory_page.c::89::mem_page_init_from_proc_addr::memInfo.BaseAddress=0x50041000
VERBOSE::memory_page.c::90::mem_page_init_from_proc_addr::memInfo.RegionSize=0x00001000
VERBOSE::memory_page.c::57::mem_page_init_from_proc_addr::lpcBaseAddr=0x50042000
VERBOSE::memory_page.c::58::mem_page_init_from_proc_addr::lpcNextAddr=0x50042000
VERBOSE::memory_page.c::88::mem_page_init_from_proc_addr::lpcBaseAddr=0x50042000
VERBOSE::memory_page.c::89::mem_page_init_from_proc_addr::memInfo.BaseAddress=0x50042000
VERBOSE::memory_page.c::90::mem_page_init_from_proc_addr::memInfo.RegionSize=0x00004000
ERROR::memory_page.c::217::mem_page_destroy::Deallocating NULL page
VERBOSE::memory_manager.c::523::mem_mgr_load_proc::skip to addr 0x50046000
VERBOSE::memory_page.c::57::mem_page_init_from_proc_addr::lpcBaseAddr=0x50046000
VERBOSE::memory_page.c::58::mem_page_init_from_proc_addr::lpcNextAddr=0x50046000
VERBOSE::memory_page.c::88::mem_page_init_from_proc_addr::lpcBaseAddr=0x50046000
VERBOSE::memory_page.c::89::mem_page_init_from_proc_addr::memInfo.BaseAddress=0x50046000
VERBOSE::memory_page.c::90::mem_page_init_from_proc_addr::memInfo.RegionSize=0x001BA000
ERROR::memory_page.c::217::mem_page_destroy::Deallocating NULL page
VERBOSE::memory_manager.c::523::mem_mgr_load_proc::skip to addr 0x50200000
VERBOSE::memory_page.c::57::mem_page_init_from_proc_addr::lpcBaseAddr=0x50200000
VERBOSE::memory_page.c::58::mem_page_init_from_proc_addr::lpcNextAddr=0x50200000
VERBOSE::memory_page.c::88::mem_page_init_from_proc_addr::lpcBaseAddr=0x50200000
VERBOSE::memory_page.c::89::mem_page_init_from_proc_addr::memInfo.BaseAddress=0x50200000
VERBOSE::memory_page.c::90::mem_page_init_from_proc_addr::memInfo.RegionSize=0x00001000
ERROR::memory_page.c::217::mem_page_destroy::Deallocating NULL page
VERBOSE::memory_manager.c::523::mem_mgr_load_proc::skip to addr 0x50201000
VERBOSE::memory_page.c::57::mem_page_init_from_proc_addr::lpcBaseAddr=0x50201000
VERBOSE::memory_page.c::58::mem_page_init_from_proc_addr::lpcNextAddr=0x50201000
VERBOSE::memory_page.c::88::mem_page_init_from_proc_addr::lpcBaseAddr=0x50201000
VERBOSE::memory_page.c::89::mem_page_init_from_proc_addr::memInfo.BaseAddress=0x50201000
VERBOSE::memory_page.c::90::mem_page_init_from_proc_addr::memInfo.RegionSize=0x00022000
ERROR::memory_page.c::217::mem_page_destroy::Deallocating NULL page
VERBOSE::memory_manager.c::523::mem_mgr_load_proc::skip to addr 0x50223000
VERBOSE::memory_page.c::57::mem_page_init_from_proc_addr::lpcBaseAddr=0x50223000
VERBOSE::memory_page.c::58::mem_page_init_from_proc_addr::lpcNextAddr=0x50223000
VERBOSE::memory_page.c::88::mem_page_init_from_proc_addr::lpcBaseAddr=0x50223000
VERBOSE::memory_page.c::89::mem_page_init_from_proc_addr::memInfo.BaseAddress=0x50223000
VERBOSE::memory_page.c::90::mem_page_init_from_proc_addr::memInfo.RegionSize=0x00002000
VERBOSE::memory_page.c::57::mem_page_init_from_proc_addr::lpcBaseAddr=0x50225000
VERBOSE::memory_page.c::58::mem_page_init_from_proc_addr::lpcNextAddr=0x50225000
VERBOSE::memory_page.c::88::mem_page_init_from_proc_addr::lpcBaseAddr=0x50225000
VERBOSE::memory_page.c::89::mem_page_init_from_proc_addr::memInfo.BaseAddress=0x50225000
VERBOSE::memory_page.c::90::mem_page_init_from_proc_addr::memInfo.RegionSize=0x00001000
VERBOSE::memory_page.c::57::mem_page_init_from_proc_addr::lpcBaseAddr=0x50226000
VERBOSE::memory_page.c::58::mem_page_init_from_proc_addr::lpcNextAddr=0x50226000
VERBOSE::memory_page.c::88::mem_page_init_from_proc_addr::lpcBaseAddr=0x50226000
VERBOSE::memory_page.c::89::mem_page_init_from_proc_addr::memInfo.BaseAddress=0x50226000
VERBOSE::memory_page.c::90::mem_page_init_from_proc_addr::memInfo.RegionSize=0x00001000
VERBOSE::memory_page.c::57::mem_page_init_from_proc_addr::lpcBaseAddr=0x50227000
VERBOSE::memory_page.c::58::mem_page_init_from_proc_addr::lpcNextAddr=0x50227000
VERBOSE::memory_page.c::88::mem_page_init_from_proc_addr::lpcBaseAddr=0x50227000
VERBOSE::memory_page.c::89::mem_page_init_from_proc_addr::memInfo.BaseAddress=0x50227000
VERBOSE::memory_page.c::90::mem_page_init_from_proc_addr::memInfo.RegionSize=0x0000D000
ERROR::memory_page.c::217::mem_page_destroy::Deallocating NULL page
VERBOSE::memory_manager.c::523::mem_mgr_load_proc::skip to addr 0x50234000
VERBOSE::memory_page.c::57::mem_page_init_from_proc_addr::lpcBaseAddr=0x50234000
VERBOSE::memory_page.c::58::mem_page_init_from_proc_addr::lpcNextAddr=0x50234000
VERBOSE::memory_page.c::88::mem_page_init_from_proc_addr::lpcBaseAddr=0x50234000
VERBOSE::memory_page.c::89::mem_page_init_from_proc_addr::memInfo.BaseAddress=0x50234000
VERBOSE::memory_page.c::90::mem_page_init_from_proc_addr::memInfo.RegionSize=0x01B8C000
ERROR::memory_page.c::217::mem_page_destroy::Deallocating NULL page
VERBOSE::memory_manager.c::523::mem_mgr_load_proc::skip to addr 0x51DC0000
VERBOSE::memory_page.c::57::mem_page_init_from_proc_addr::lpcBaseAddr=0x51DC0000
VERBOSE::memory_page.c::58::mem_page_init_from_proc_addr::lpcNextAddr=0x51DC0000
VERBOSE::memory_page.c::88::mem_page_init_from_proc_addr::lpcBaseAddr=0x51DC0000
VERBOSE::memory_page.c::89::mem_page_init_from_proc_addr::memInfo.BaseAddress=0x51DC0000
VERBOSE::memory_page.c::90::mem_page_init_from_proc_addr::memInfo.RegionSize=0x00001000
ERROR::memory_page.c::217::mem_page_destroy::Deallocating NULL page
VERBOSE::memory_manager.c::523::mem_mgr_load_proc::skip to addr 0x51DC1000
VERBOSE::memory_page.c::57::mem_page_init_from_proc_addr::lpcBaseAddr=0x51DC1000
VERBOSE::memory_page.c::58::mem_page_init_from_proc_addr::lpcNextAddr=0x51DC1000
VERBOSE::memory_page.c::88::mem_page_init_from_proc_addr::lpcBaseAddr=0x51DC1000
VERBOSE::memory_page.c::89::mem_page_init_from_proc_addr::memInfo.BaseAddress=0x51DC1000
VERBOSE::memory_page.c::90::mem_page_init_from_proc_addr::memInfo.RegionSize=0x000CF000
ERROR::memory_page.c::217::mem_page_destroy::Deallocating NULL page
VERBOSE::memory_manager.c::523::mem_mgr_load_proc::skip to addr 0x51E90000
VERBOSE::memory_page.c::57::mem_page_init_from_proc_addr::lpcBaseAddr=0x51E90000
VERBOSE::memory_page.c::58::mem_page_init_from_proc_addr::lpcNextAddr=0x51E90000
VERBOSE::memory_page.c::88::mem_page_init_from_proc_addr::lpcBaseAddr=0x51E90000
VERBOSE::memory_page.c::89::mem_page_init_from_proc_addr::memInfo.BaseAddress=0x51E90000
VERBOSE::memory_page.c::90::mem_page_init_from_proc_addr::memInfo.RegionSize=0x00002000
VERBOSE::memory_page.c::57::mem_page_init_from_proc_addr::lpcBaseAddr=0x51E92000
VERBOSE::memory_page.c::58::mem_page_init_from_proc_addr::lpcNextAddr=0x51E92000
VERBOSE::memory_page.c::88::mem_page_init_from_proc_addr::lpcBaseAddr=0x51E92000
VERBOSE::memory_page.c::89::mem_page_init_from_proc_addr::memInfo.BaseAddress=0x51E92000
VERBOSE::memory_page.c::90::mem_page_init_from_proc_addr::memInfo.RegionSize=0x00011000
ERROR::memory_page.c::217::mem_page_destroy::Deallocating NULL page
VERBOSE::memory_manager.c::523::mem_mgr_load_proc::skip to addr 0x51EA3000
VERBOSE::memory_page.c::57::mem_page_init_from_proc_addr::lpcBaseAddr=0x51EA3000
VERBOSE::memory_page.c::58::mem_page_init_from_proc_addr::lpcNextAddr=0x51EA3000
VERBOSE::memory_page.c::88::mem_page_init_from_proc_addr::lpcBaseAddr=0x51EA3000
VERBOSE::memory_page.c::89::mem_page_init_from_proc_addr::memInfo.BaseAddress=0x51EA3000
VERBOSE::memory_page.c::90::mem_page_init_from_proc_addr::memInfo.RegionSize=0x0542D000
ERROR::memory_page.c::217::mem_page_destroy::Deallocating NULL page
VERBOSE::memory_manager.c::523::mem_mgr_load_proc::skip to addr 0x572D0000
VERBOSE::memory_page.c::57::mem_page_init_from_proc_addr::lpcBaseAddr=0x572D0000
VERBOSE::memory_page.c::58::mem_page_init_from_proc_addr::lpcNextAddr=0x572D0000
VERBOSE::memory_page.c::88::mem_page_init_from_proc_addr::lpcBaseAddr=0x572D0000
VERBOSE::memory_page.c::89::mem_page_init_from_proc_addr::memInfo.BaseAddress=0x572D0000
VERBOSE::memory_page.c::90::mem_page_init_from_proc_addr::memInfo.RegionSize=0x00001000
ERROR::memory_page.c::217::mem_page_destroy::Deallocating NULL page
VERBOSE::memory_manager.c::523::mem_mgr_load_proc::skip to addr 0x572D1000
VERBOSE::memory_page.c::57::mem_page_init_from_proc_addr::lpcBaseAddr=0x572D1000
VERBOSE::memory_page.c::58::mem_page_init_from_proc_addr::lpcNextAddr=0x572D1000
VERBOSE::memory_page.c::88::mem_page_init_from_proc_addr::lpcBaseAddr=0x572D1000
VERBOSE::memory_page.c::89::mem_page_init_from_proc_addr::memInfo.BaseAddress=0x572D1000
VERBOSE::memory_page.c::90::mem_page_init_from_proc_addr::memInfo.RegionSize=0x00072000
ERROR::memory_page.c::217::mem_page_destroy::Deallocating NULL page
VERBOSE::memory_manager.c::523::mem_mgr_load_proc::skip to addr 0x57343000
VERBOSE::memory_page.c::57::mem_page_init_from_proc_addr::lpcBaseAddr=0x57343000
VERBOSE::memory_page.c::58::mem_page_init_from_proc_addr::lpcNextAddr=0x57343000
VERBOSE::memory_page.c::88::mem_page_init_from_proc_addr::lpcBaseAddr=0x57343000
VERBOSE::memory_page.c::89::mem_page_init_from_proc_addr::memInfo.BaseAddress=0x57343000
VERBOSE::memory_page.c::90::mem_page_init_from_proc_addr::memInfo.RegionSize=0x00003000
VERBOSE::memory_page.c::57::mem_page_init_from_proc_addr::lpcBaseAddr=0x57346000
VERBOSE::memory_page.c::58::mem_page_init_from_proc_addr::lpcNextAddr=0x57346000
VERBOSE::memory_page.c::88::mem_page_init_from_proc_addr::lpcBaseAddr=0x57346000
VERBOSE::memory_page.c::89::mem_page_init_from_proc_addr::memInfo.BaseAddress=0x57346000
VERBOSE::memory_page.c::90::mem_page_init_from_proc_addr::memInfo.RegionSize=0x00017000
ERROR::memory_page.c::217::mem_page_destroy::Deallocating NULL page
VERBOSE::memory_manager.c::523::mem_mgr_load_proc::skip to addr 0x5735D000
VERBOSE::memory_page.c::57::mem_page_init_from_proc_addr::lpcBaseAddr=0x5735D000
VERBOSE::memory_page.c::58::mem_page_init_from_proc_addr::lpcNextAddr=0x5735D000
VERBOSE::memory_page.c::88::mem_page_init_from_proc_addr::lpcBaseAddr=0x5735D000
VERBOSE::memory_page.c::89::mem_page_init_from_proc_addr::memInfo.BaseAddress=0x5735D000
VERBOSE::memory_page.c::90::mem_page_init_from_proc_addr::memInfo.RegionSize=0x000B3000
ERROR::memory_page.c::217::mem_page_destroy::Deallocating NULL page
VERBOSE::memory_manager.c::523::mem_mgr_load_proc::skip to addr 0x57410000
VERBOSE::memory_page.c::57::mem_page_init_from_proc_addr::lpcBaseAddr=0x57410000
VERBOSE::memory_page.c::58::mem_page_init_from_proc_addr::lpcNextAddr=0x57410000
VERBOSE::memory_page.c::88::mem_page_init_from_proc_addr::lpcBaseAddr=0x57410000
VERBOSE::memory_page.c::89::mem_page_init_from_proc_addr::memInfo.BaseAddress=0x57410000
VERBOSE::memory_page.c::90::mem_page_init_from_proc_addr::memInfo.RegionSize=0x00001000
ERROR::memory_page.c::217::mem_page_destroy::Deallocating NULL page
VERBOSE::memory_manager.c::523::mem_mgr_load_proc::skip to addr 0x57411000
VERBOSE::memory_page.c::57::mem_page_init_from_proc_addr::lpcBaseAddr=0x57411000
VERBOSE::memory_page.c::58::mem_page_init_from_proc_addr::lpcNextAddr=0x57411000
VERBOSE::memory_page.c::88::mem_page_init_from_proc_addr::lpcBaseAddr=0x57411000
VERBOSE::memory_page.c::89::mem_page_init_from_proc_addr::memInfo.BaseAddress=0x57411000
VERBOSE::memory_page.c::90::mem_page_init_from_proc_addr::memInfo.RegionSize=0x00023000
ERROR::memory_page.c::217::mem_page_destroy::Deallocating NULL page
VERBOSE::memory_manager.c::523::mem_mgr_load_proc::skip to addr 0x57434000
VERBOSE::memory_page.c::57::mem_page_init_from_proc_addr::lpcBaseAddr=0x57434000
VERBOSE::memory_page.c::58::mem_page_init_from_proc_addr::lpcNextAddr=0x57434000
VERBOSE::memory_page.c::88::mem_page_init_from_proc_addr::lpcBaseAddr=0x57434000
VERBOSE::memory_page.c::89::mem_page_init_from_proc_addr::memInfo.BaseAddress=0x57434000
VERBOSE::memory_page.c::90::mem_page_init_from_proc_addr::memInfo.RegionSize=0x00001000
VERBOSE::memory_page.c::57::mem_page_init_from_proc_addr::lpcBaseAddr=0x57435000
VERBOSE::memory_page.c::58::mem_page_init_from_proc_addr::lpcNextAddr=0x57435000
VERBOSE::memory_page.c::88::mem_page_init_from_proc_addr::lpcBaseAddr=0x57435000
VERBOSE::memory_page.c::89::mem_page_init_from_proc_addr::memInfo.BaseAddress=0x57435000
VERBOSE::memory_page.c::90::mem_page_init_from_proc_addr::memInfo.RegionSize=0x00006000
ERROR::memory_page.c::217::mem_page_destroy::Deallocating NULL page
VERBOSE::memory_manager.c::523::mem_mgr_load_proc::skip to addr 0x5743B000
VERBOSE::memory_page.c::57::mem_page_init_from_proc_addr::lpcBaseAddr=0x5743B000
VERBOSE::memory_page.c::58::mem_page_init_from_proc_addr::lpcNextAddr=0x5743B000
VERBOSE::memory_page.c::88::mem_page_init_from_proc_addr::lpcBaseAddr=0x5743B000
VERBOSE::memory_page.c::89::mem_page_init_from_proc_addr::memInfo.BaseAddress=0x5743B000
VERBOSE::memory_page.c::90::mem_page_init_from_proc_addr::memInfo.RegionSize=0x034A5000
ERROR::memory_page.c::217::mem_page_destroy::Deallocating NULL page
VERBOSE::memory_manager.c::523::mem_mgr_load_proc::skip to addr 0x5A8E0000
VERBOSE::memory_page.c::57::mem_page_init_from_proc_addr::lpcBaseAddr=0x5A8E0000
VERBOSE::memory_page.c::58::mem_page_init_from_proc_addr::lpcNextAddr=0x5A8E0000
VERBOSE::memory_page.c::88::mem_page_init_from_proc_addr::lpcBaseAddr=0x5A8E0000
VERBOSE::memory_page.c::89::mem_page_init_from_proc_addr::memInfo.BaseAddress=0x5A8E0000
VERBOSE::memory_page.c::90::mem_page_init_from_proc_addr::memInfo.RegionSize=0x00001000
ERROR::memory_page.c::217::mem_page_destroy::Deallocating NULL page
VERBOSE::memory_manager.c::523::mem_mgr_load_proc::skip to addr 0x5A8E1000
VERBOSE::memory_page.c::57::mem_page_init_from_proc_addr::lpcBaseAddr=0x5A8E1000
VERBOSE::memory_page.c::58::mem_page_init_from_proc_addr::lpcNextAddr=0x5A8E1000
VERBOSE::memory_page.c::88::mem_page_init_from_proc_addr::lpcBaseAddr=0x5A8E1000
VERBOSE::memory_page.c::89::mem_page_init_from_proc_addr::memInfo.BaseAddress=0x5A8E1000
VERBOSE::memory_page.c::90::mem_page_init_from_proc_addr::memInfo.RegionSize=0x00009000
ERROR::memory_page.c::217::mem_page_destroy::Deallocating NULL page
VERBOSE::memory_manager.c::523::mem_mgr_load_proc::skip to addr 0x5A8EA000
VERBOSE::memory_page.c::57::mem_page_init_from_proc_addr::lpcBaseAddr=0x5A8EA000
VERBOSE::memory_page.c::58::mem_page_init_from_proc_addr::lpcNextAddr=0x5A8EA000
VERBOSE::memory_page.c::88::mem_page_init_from_proc_addr::lpcBaseAddr=0x5A8EA000
VERBOSE::memory_page.c::89::mem_page_init_from_proc_addr::memInfo.BaseAddress=0x5A8EA000
VERBOSE::memory_page.c::90::mem_page_init_from_proc_addr::memInfo.RegionSize=0x00001000
VERBOSE::memory_page.c::57::mem_page_init_from_proc_addr::lpcBaseAddr=0x5A8EB000
VERBOSE::memory_page.c::58::mem_page_init_from_proc_addr::lpcNextAddr=0x5A8EB000
VERBOSE::memory_page.c::88::mem_page_init_from_proc_addr::lpcBaseAddr=0x5A8EB000
VERBOSE::memory_page.c::89::mem_page_init_from_proc_addr::memInfo.BaseAddress=0x5A8EB000
VERBOSE::memory_page.c::90::mem_page_init_from_proc_addr::memInfo.RegionSize=0x00004000
ERROR::memory_page.c::217::mem_page_destroy::Deallocating NULL page
VERBOSE::memory_manager.c::523::mem_mgr_load_proc::skip to addr 0x5A8EF000
VERBOSE::memory_page.c::57::mem_page_init_from_proc_addr::lpcBaseAddr=0x5A8EF000
VERBOSE::memory_page.c::58::mem_page_init_from_proc_addr::lpcNextAddr=0x5A8EF000
VERBOSE::memory_page.c::88::mem_page_init_from_proc_addr::lpcBaseAddr=0x5A8EF000
VERBOSE::memory_page.c::89::mem_page_init_from_proc_addr::memInfo.BaseAddress=0x5A8EF000
VERBOSE::memory_page.c::90::mem_page_init_from_proc_addr::memInfo.RegionSize=0x001A1000
ERROR::memory_page.c::217::mem_page_destroy::Deallocating NULL page
VERBOSE::memory_manager.c::523::mem_mgr_load_proc::skip to addr 0x5AA90000
VERBOSE::memory_page.c::57::mem_page_init_from_proc_addr::lpcBaseAddr=0x5AA90000
VERBOSE::memory_page.c::58::mem_page_init_from_proc_addr::lpcNextAddr=0x5AA90000
VERBOSE::memory_page.c::88::mem_page_init_from_proc_addr::lpcBaseAddr=0x5AA90000
VERBOSE::memory_page.c::89::mem_page_init_from_proc_addr::memInfo.BaseAddress=0x5AA90000
VERBOSE::memory_page.c::90::mem_page_init_from_proc_addr::memInfo.RegionSize=0x00001000
ERROR::memory_page.c::217::mem_page_destroy::Deallocating NULL page
VERBOSE::memory_manager.c::523::mem_mgr_load_proc::skip to addr 0x5AA91000
VERBOSE::memory_page.c::57::mem_page_init_from_proc_addr::lpcBaseAddr=0x5AA91000
VERBOSE::memory_page.c::58::mem_page_init_from_proc_addr::lpcNextAddr=0x5AA91000
VERBOSE::memory_page.c::88::mem_page_init_from_proc_addr::lpcBaseAddr=0x5AA91000
VERBOSE::memory_page.c::89::mem_page_init_from_proc_addr::memInfo.BaseAddress=0x5AA91000
VERBOSE::memory_page.c::90::mem_page_init_from_proc_addr::memInfo.RegionSize=0x00011000
ERROR::memory_page.c::217::mem_page_destroy::Deallocating NULL page
VERBOSE::memory_manager.c::523::mem_mgr_load_proc::skip to addr 0x5AAA2000
VERBOSE::memory_page.c::57::mem_page_init_from_proc_addr::lpcBaseAddr=0x5AAA2000
VERBOSE::memory_page.c::58::mem_page_init_from_proc_addr::lpcNextAddr=0x5AAA2000
VERBOSE::memory_page.c::88::mem_page_init_from_proc_addr::lpcBaseAddr=0x5AAA2000
VERBOSE::memory_page.c::89::mem_page_init_from_proc_addr::memInfo.BaseAddress=0x5AAA2000
VERBOSE::memory_page.c::90::mem_page_init_from_proc_addr::memInfo.RegionSize=0x00001000
VERBOSE::memory_page.c::57::mem_page_init_from_proc_addr::lpcBaseAddr=0x5AAA3000
VERBOSE::memory_page.c::58::mem_page_init_from_proc_addr::lpcNextAddr=0x5AAA3000
VERBOSE::memory_page.c::88::mem_page_init_from_proc_addr::lpcBaseAddr=0x5AAA3000
VERBOSE::memory_page.c::89::mem_page_init_from_proc_addr::memInfo.BaseAddress=0x5AAA3000
VERBOSE::memory_page.c::90::mem_page_init_from_proc_addr::memInfo.RegionSize=0x00005000
ERROR::memory_page.c::217::mem_page_destroy::Deallocating NULL page
VERBOSE::memory_manager.c::523::mem_mgr_load_proc::skip to addr 0x5AAA8000
VERBOSE::memory_page.c::57::mem_page_init_from_proc_addr::lpcBaseAddr=0x5AAA8000
VERBOSE::memory_page.c::58::mem_page_init_from_proc_addr::lpcNextAddr=0x5AAA8000
VERBOSE::memory_page.c::88::mem_page_init_from_proc_addr::lpcBaseAddr=0x5AAA8000
VERBOSE::memory_page.c::89::mem_page_init_from_proc_addr::memInfo.BaseAddress=0x5AAA8000
VERBOSE::memory_page.c::90::mem_page_init_from_proc_addr::memInfo.RegionSize=0x00E08000
ERROR::memory_page.c::217::mem_page_destroy::Deallocating NULL page
VERBOSE::memory_manager.c::523::mem_mgr_load_proc::skip to addr 0x5B8B0000
VERBOSE::memory_page.c::57::mem_page_init_from_proc_addr::lpcBaseAddr=0x5B8B0000
VERBOSE::memory_page.c::58::mem_page_init_from_proc_addr::lpcNextAddr=0x5B8B0000
VERBOSE::memory_page.c::88::mem_page_init_from_proc_addr::lpcBaseAddr=0x5B8B0000
VERBOSE::memory_page.c::89::mem_page_init_from_proc_addr::memInfo.BaseAddress=0x5B8B0000
VERBOSE::memory_page.c::90::mem_page_init_from_proc_addr::memInfo.RegionSize=0x00001000
ERROR::memory_page.c::217::mem_page_destroy::Deallocating NULL page
VERBOSE::memory_manager.c::523::mem_mgr_load_proc::skip to addr 0x5B8B1000
VERBOSE::memory_page.c::57::mem_page_init_from_proc_addr::lpcBaseAddr=0x5B8B1000
VERBOSE::memory_page.c::58::mem_page_init_from_proc_addr::lpcNextAddr=0x5B8B1000
VERBOSE::memory_page.c::88::mem_page_init_from_proc_addr::lpcBaseAddr=0x5B8B1000
VERBOSE::memory_page.c::89::mem_page_init_from_proc_addr::memInfo.BaseAddress=0x5B8B1000
VERBOSE::memory_page.c::90::mem_page_init_from_proc_addr::memInfo.RegionSize=0x00004000
ERROR::memory_page.c::217::mem_page_destroy::Deallocating NULL page
VERBOSE::memory_manager.c::523::mem_mgr_load_proc::skip to addr 0x5B8B5000
VERBOSE::memory_page.c::57::mem_page_init_from_proc_addr::lpcBaseAddr=0x5B8B5000
VERBOSE::memory_page.c::58::mem_page_init_from_proc_addr::lpcNextAddr=0x5B8B5000
VERBOSE::memory_page.c::88::mem_page_init_from_proc_addr::lpcBaseAddr=0x5B8B5000
VERBOSE::memory_page.c::89::mem_page_init_from_proc_addr::memInfo.BaseAddress=0x5B8B5000
VERBOSE::memory_page.c::90::mem_page_init_from_proc_addr::memInfo.RegionSize=0x00001000
VERBOSE::memory_page.c::57::mem_page_init_from_proc_addr::lpcBaseAddr=0x5B8B6000
VERBOSE::memory_page.c::58::mem_page_init_from_proc_addr::lpcNextAddr=0x5B8B6000
VERBOSE::memory_page.c::88::mem_page_init_from_proc_addr::lpcBaseAddr=0x5B8B6000
VERBOSE::memory_page.c::89::mem_page_init_from_proc_addr::memInfo.BaseAddress=0x5B8B6000
VERBOSE::memory_page.c::90::mem_page_init_from_proc_addr::memInfo.RegionSize=0x00003000
ERROR::memory_page.c::217::mem_page_destroy::Deallocating NULL page
VERBOSE::memory_manager.c::523::mem_mgr_load_proc::skip to addr 0x5B8B9000
VERBOSE::memory_page.c::57::mem_page_init_from_proc_addr::lpcBaseAddr=0x5B8B9000
VERBOSE::memory_page.c::58::mem_page_init_from_proc_addr::lpcNextAddr=0x5B8B9000
VERBOSE::memory_page.c::88::mem_page_init_from_proc_addr::lpcBaseAddr=0x5B8B9000
VERBOSE::memory_page.c::89::mem_page_init_from_proc_addr::memInfo.BaseAddress=0x5B8B9000
VERBOSE::memory_page.c::90::mem_page_init_from_proc_addr::memInfo.RegionSize=0x002E7000
ERROR::memory_page.c::217::mem_page_destroy::Deallocating NULL page
VERBOSE::memory_manager.c::523::mem_mgr_load_proc::skip to addr 0x5BBA0000
VERBOSE::memory_page.c::57::mem_page_init_from_proc_addr::lpcBaseAddr=0x5BBA0000
VERBOSE::memory_page.c::58::mem_page_init_from_proc_addr::lpcNextAddr=0x5BBA0000
VERBOSE::memory_page.c::88::mem_page_init_from_proc_addr::lpcBaseAddr=0x5BBA0000
VERBOSE::memory_page.c::89::mem_page_init_from_proc_addr::memInfo.BaseAddress=0x5BBA0000
VERBOSE::memory_page.c::90::mem_page_init_from_proc_addr::memInfo.RegionSize=0x00001000
ERROR::memory_page.c::217::mem_page_destroy::Deallocating NULL page
VERBOSE::memory_manager.c::523::mem_mgr_load_proc::skip to addr 0x5BBA1000
VERBOSE::memory_page.c::57::mem_page_init_from_proc_addr::lpcBaseAddr=0x5BBA1000
VERBOSE::memory_page.c::58::mem_page_init_from_proc_addr::lpcNextAddr=0x5BBA1000
VERBOSE::memory_page.c::88::mem_page_init_from_proc_addr::lpcBaseAddr=0x5BBA1000
VERBOSE::memory_page.c::89::mem_page_init_from_proc_addr::memInfo.BaseAddress=0x5BBA1000
VERBOSE::memory_page.c::90::mem_page_init_from_proc_addr::memInfo.RegionSize=0x0000A000
ERROR::memory_page.c::217::mem_page_destroy::Deallocating NULL page
VERBOSE::memory_manager.c::523::mem_mgr_load_proc::skip to addr 0x5BBAB000
VERBOSE::memory_page.c::57::mem_page_init_from_proc_addr::lpcBaseAddr=0x5BBAB000
VERBOSE::memory_page.c::58::mem_page_init_from_proc_addr::lpcNextAddr=0x5BBAB000
VERBOSE::memory_page.c::88::mem_page_init_from_proc_addr::lpcBaseAddr=0x5BBAB000
VERBOSE::memory_page.c::89::mem_page_init_from_proc_addr::memInfo.BaseAddress=0x5BBAB000
VERBOSE::memory_page.c::90::mem_page_init_from_proc_addr::memInfo.RegionSize=0x00001000
VERBOSE::memory_page.c::57::mem_page_init_from_proc_addr::lpcBaseAddr=0x5BBAC000
VERBOSE::memory_page.c::58::mem_page_init_from_proc_addr::lpcNextAddr=0x5BBAC000
VERBOSE::memory_page.c::88::mem_page_init_from_proc_addr::lpcBaseAddr=0x5BBAC000
VERBOSE::memory_page.c::89::mem_page_init_from_proc_addr::memInfo.BaseAddress=0x5BBAC000
VERBOSE::memory_page.c::90::mem_page_init_from_proc_addr::memInfo.RegionSize=0x00003000
ERROR::memory_page.c::217::mem_page_destroy::Deallocating NULL page
VERBOSE::memory_manager.c::523::mem_mgr_load_proc::skip to addr 0x5BBAF000
VERBOSE::memory_page.c::57::mem_page_init_from_proc_addr::lpcBaseAddr=0x5BBAF000
VERBOSE::memory_page.c::58::mem_page_init_from_proc_addr::lpcNextAddr=0x5BBAF000
VERBOSE::memory_page.c::88::mem_page_init_from_proc_addr::lpcBaseAddr=0x5BBAF000
VERBOSE::memory_page.c::89::mem_page_init_from_proc_addr::memInfo.BaseAddress=0x5BBAF000
VERBOSE::memory_page.c::90::mem_page_init_from_proc_addr::memInfo.RegionSize=0x00001000
ERROR::memory_page.c::217::mem_page_destroy::Deallocating NULL page
VERBOSE::memory_manager.c::523::mem_mgr_load_proc::skip to addr 0x5BBB0000
VERBOSE::memory_page.c::57::mem_page_init_from_proc_addr::lpcBaseAddr=0x5BBB0000
VERBOSE::memory_page.c::58::mem_page_init_from_proc_addr::lpcNextAddr=0x5BBB0000
VERBOSE::memory_page.c::88::mem_page_init_from_proc_addr::lpcBaseAddr=0x5BBB0000
VERBOSE::memory_page.c::89::mem_page_init_from_proc_addr::memInfo.BaseAddress=0x5BBB0000
VERBOSE::memory_page.c::90::mem_page_init_from_proc_addr::memInfo.RegionSize=0x00001000
ERROR::memory_page.c::217::mem_page_destroy::Deallocating NULL page
VERBOSE::memory_manager.c::523::mem_mgr_load_proc::skip to addr 0x5BBB1000
VERBOSE::memory_page.c::57::mem_page_init_from_proc_addr::lpcBaseAddr=0x5BBB1000
VERBOSE::memory_page.c::58::mem_page_init_from_proc_addr::lpcNextAddr=0x5BBB1000
VERBOSE::memory_page.c::88::mem_page_init_from_proc_addr::lpcBaseAddr=0x5BBB1000
VERBOSE::memory_page.c::89::mem_page_init_from_proc_addr::memInfo.BaseAddress=0x5BBB1000
VERBOSE::memory_page.c::90::mem_page_init_from_proc_addr::memInfo.RegionSize=0x00002000
ERROR::memory_page.c::217::mem_page_destroy::Deallocating NULL page
VERBOSE::memory_manager.c::523::mem_mgr_load_proc::skip to addr 0x5BBB3000
VERBOSE::memory_page.c::57::mem_page_init_from_proc_addr::lpcBaseAddr=0x5BBB3000
VERBOSE::memory_page.c::58::mem_page_init_from_proc_addr::lpcNextAddr=0x5BBB3000
VERBOSE::memory_page.c::88::mem_page_init_from_proc_addr::lpcBaseAddr=0x5BBB3000
VERBOSE::memory_page.c::89::mem_page_init_from_proc_addr::memInfo.BaseAddress=0x5BBB3000
VERBOSE::memory_page.c::90::mem_page_init_from_proc_addr::memInfo.RegionSize=0x00001000
VERBOSE::memory_page.c::57::mem_page_init_from_proc_addr::lpcBaseAddr=0x5BBB4000
VERBOSE::memory_page.c::58::mem_page_init_from_proc_addr::lpcNextAddr=0x5BBB4000
VERBOSE::memory_page.c::88::mem_page_init_from_proc_addr::lpcBaseAddr=0x5BBB4000
VERBOSE::memory_page.c::89::mem_page_init_from_proc_addr::memInfo.BaseAddress=0x5BBB4000
VERBOSE::memory_page.c::90::mem_page_init_from_proc_addr::memInfo.RegionSize=0x00003000
ERROR::memory_page.c::217::mem_page_destroy::Deallocating NULL page
VERBOSE::memory_manager.c::523::mem_mgr_load_proc::skip to addr 0x5BBB7000
VERBOSE::memory_page.c::57::mem_page_init_from_proc_addr::lpcBaseAddr=0x5BBB7000
VERBOSE::memory_page.c::58::mem_page_init_from_proc_addr::lpcNextAddr=0x5BBB7000
VERBOSE::memory_page.c::88::mem_page_init_from_proc_addr::lpcBaseAddr=0x5BBB7000
VERBOSE::memory_page.c::89::mem_page_init_from_proc_addr::memInfo.BaseAddress=0x5BBB7000
VERBOSE::memory_page.c::90::mem_page_init_from_proc_addr::memInfo.RegionSize=0x001F9000
ERROR::memory_page.c::217::mem_page_destroy::Deallocating NULL page
VERBOSE::memory_manager.c::523::mem_mgr_load_proc::skip to addr 0x5BDB0000
VERBOSE::memory_page.c::57::mem_page_init_from_proc_addr::lpcBaseAddr=0x5BDB0000
VERBOSE::memory_page.c::58::mem_page_init_from_proc_addr::lpcNextAddr=0x5BDB0000
VERBOSE::memory_page.c::88::mem_page_init_from_proc_addr::lpcBaseAddr=0x5BDB0000
VERBOSE::memory_page.c::89::mem_page_init_from_proc_addr::memInfo.BaseAddress=0x5BDB0000
VERBOSE::memory_page.c::90::mem_page_init_from_proc_addr::memInfo.RegionSize=0x00001000
ERROR::memory_page.c::217::mem_page_destroy::Deallocating NULL page
VERBOSE::memory_manager.c::523::mem_mgr_load_proc::skip to addr 0x5BDB1000
VERBOSE::memory_page.c::57::mem_page_init_from_proc_addr::lpcBaseAddr=0x5BDB1000
VERBOSE::memory_page.c::58::mem_page_init_from_proc_addr::lpcNextAddr=0x5BDB1000
VERBOSE::memory_page.c::88::mem_page_init_from_proc_addr::lpcBaseAddr=0x5BDB1000
VERBOSE::memory_page.c::89::mem_page_init_from_proc_addr::memInfo.BaseAddress=0x5BDB1000
VERBOSE::memory_page.c::90::mem_page_init_from_proc_addr::memInfo.RegionSize=0x00003000
ERROR::memory_page.c::217::mem_page_destroy::Deallocating NULL page
VERBOSE::memory_manager.c::523::mem_mgr_load_proc::skip to addr 0x5BDB4000
VERBOSE::memory_page.c::57::mem_page_init_from_proc_addr::lpcBaseAddr=0x5BDB4000
VERBOSE::memory_page.c::58::mem_page_init_from_proc_addr::lpcNextAddr=0x5BDB4000
VERBOSE::memory_page.c::88::mem_page_init_from_proc_addr::lpcBaseAddr=0x5BDB4000
VERBOSE::memory_page.c::89::mem_page_init_from_proc_addr::memInfo.BaseAddress=0x5BDB4000
VERBOSE::memory_page.c::90::mem_page_init_from_proc_addr::memInfo.RegionSize=0x00001000
VERBOSE::memory_page.c::57::mem_page_init_from_proc_addr::lpcBaseAddr=0x5BDB5000
VERBOSE::memory_page.c::58::mem_page_init_from_proc_addr::lpcNextAddr=0x5BDB5000
VERBOSE::memory_page.c::88::mem_page_init_from_proc_addr::lpcBaseAddr=0x5BDB5000
VERBOSE::memory_page.c::89::mem_page_init_from_proc_addr::memInfo.BaseAddress=0x5BDB5000
VERBOSE::memory_page.c::90::mem_page_init_from_proc_addr::memInfo.RegionSize=0x00003000
ERROR::memory_page.c::217::mem_page_destroy::Deallocating NULL page
VERBOSE::memory_manager.c::523::mem_mgr_load_proc::skip to addr 0x5BDB8000
VERBOSE::memory_page.c::57::mem_page_init_from_proc_addr::lpcBaseAddr=0x5BDB8000
VERBOSE::memory_page.c::58::mem_page_init_from_proc_addr::lpcNextAddr=0x5BDB8000
VERBOSE::memory_page.c::88::mem_page_init_from_proc_addr::lpcBaseAddr=0x5BDB8000
VERBOSE::memory_page.c::89::mem_page_init_from_proc_addr::memInfo.BaseAddress=0x5BDB8000
VERBOSE::memory_page.c::90::mem_page_init_from_proc_addr::memInfo.RegionSize=0x00008000
ERROR::memory_page.c::217::mem_page_destroy::Deallocating NULL page
VERBOSE::memory_manager.c::523::mem_mgr_load_proc::skip to addr 0x5BDC0000
VERBOSE::memory_page.c::57::mem_page_init_from_proc_addr::lpcBaseAddr=0x5BDC0000
VERBOSE::memory_page.c::58::mem_page_init_from_proc_addr::lpcNextAddr=0x5BDC0000
VERBOSE::memory_page.c::88::mem_page_init_from_proc_addr::lpcBaseAddr=0x5BDC0000
VERBOSE::memory_page.c::89::mem_page_init_from_proc_addr::memInfo.BaseAddress=0x5BDC0000
VERBOSE::memory_page.c::90::mem_page_init_from_proc_addr::memInfo.RegionSize=0x00001000
ERROR::memory_page.c::217::mem_page_destroy::Deallocating NULL page
VERBOSE::memory_manager.c::523::mem_mgr_load_proc::skip to addr 0x5BDC1000
VERBOSE::memory_page.c::57::mem_page_init_from_proc_addr::lpcBaseAddr=0x5BDC1000
VERBOSE::memory_page.c::58::mem_page_init_from_proc_addr::lpcNextAddr=0x5BDC1000
VERBOSE::memory_page.c::88::mem_page_init_from_proc_addr::lpcBaseAddr=0x5BDC1000
VERBOSE::memory_page.c::89::mem_page_init_from_proc_addr::memInfo.BaseAddress=0x5BDC1000
VERBOSE::memory_page.c::90::mem_page_init_from_proc_addr::memInfo.RegionSize=0x00004000
ERROR::memory_page.c::217::mem_page_destroy::Deallocating NULL page
VERBOSE::memory_manager.c::523::mem_mgr_load_proc::skip to addr 0x5BDC5000
VERBOSE::memory_page.c::57::mem_page_init_from_proc_addr::lpcBaseAddr=0x5BDC5000
VERBOSE::memory_page.c::58::mem_page_init_from_proc_addr::lpcNextAddr=0x5BDC5000
VERBOSE::memory_page.c::88::mem_page_init_from_proc_addr::lpcBaseAddr=0x5BDC5000
VERBOSE::memory_page.c::89::mem_page_init_from_proc_addr::memInfo.BaseAddress=0x5BDC5000
VERBOSE::memory_page.c::90::mem_page_init_from_proc_addr::memInfo.RegionSize=0x00001000
VERBOSE::memory_page.c::57::mem_page_init_from_proc_addr::lpcBaseAddr=0x5BDC6000
VERBOSE::memory_page.c::58::mem_page_init_from_proc_addr::lpcNextAddr=0x5BDC6000
VERBOSE::memory_page.c::88::mem_page_init_from_proc_addr::lpcBaseAddr=0x5BDC6000
VERBOSE::memory_page.c::89::mem_page_init_from_proc_addr::memInfo.BaseAddress=0x5BDC6000
VERBOSE::memory_page.c::90::mem_page_init_from_proc_addr::memInfo.RegionSize=0x00004000
ERROR::memory_page.c::217::mem_page_destroy::Deallocating NULL page
VERBOSE::memory_manager.c::523::mem_mgr_load_proc::skip to addr 0x5BDCA000
VERBOSE::memory_page.c::57::mem_page_init_from_proc_addr::lpcBaseAddr=0x5BDCA000
VERBOSE::memory_page.c::58::mem_page_init_from_proc_addr::lpcNextAddr=0x5BDCA000
VERBOSE::memory_page.c::88::mem_page_init_from_proc_addr::lpcBaseAddr=0x5BDCA000
VERBOSE::memory_page.c::89::mem_page_init_from_proc_addr::memInfo.BaseAddress=0x5BDCA000
VERBOSE::memory_page.c::90::mem_page_init_from_proc_addr::memInfo.RegionSize=0x00006000
ERROR::memory_page.c::217::mem_page_destroy::Deallocating NULL page
VERBOSE::memory_manager.c::523::mem_mgr_load_proc::skip to addr 0x5BDD0000
VERBOSE::memory_page.c::57::mem_page_init_from_proc_addr::lpcBaseAddr=0x5BDD0000
VERBOSE::memory_page.c::58::mem_page_init_from_proc_addr::lpcNextAddr=0x5BDD0000
VERBOSE::memory_page.c::88::mem_page_init_from_proc_addr::lpcBaseAddr=0x5BDD0000
VERBOSE::memory_page.c::89::mem_page_init_from_proc_addr::memInfo.BaseAddress=0x5BDD0000
VERBOSE::memory_page.c::90::mem_page_init_from_proc_addr::memInfo.RegionSize=0x00001000
ERROR::memory_page.c::217::mem_page_destroy::Deallocating NULL page
VERBOSE::memory_manager.c::523::mem_mgr_load_proc::skip to addr 0x5BDD1000
VERBOSE::memory_page.c::57::mem_page_init_from_proc_addr::lpcBaseAddr=0x5BDD1000
VERBOSE::memory_page.c::58::mem_page_init_from_proc_addr::lpcNextAddr=0x5BDD1000
VERBOSE::memory_page.c::88::mem_page_init_from_proc_addr::lpcBaseAddr=0x5BDD1000
VERBOSE::memory_page.c::89::mem_page_init_from_proc_addr::memInfo.BaseAddress=0x5BDD1000
VERBOSE::memory_page.c::90::mem_page_init_from_proc_addr::memInfo.RegionSize=0x0010B000
ERROR::memory_page.c::217::mem_page_destroy::Deallocating NULL page
VERBOSE::memory_manager.c::523::mem_mgr_load_proc::skip to addr 0x5BEDC000
VERBOSE::memory_page.c::57::mem_page_init_from_proc_addr::lpcBaseAddr=0x5BEDC000
VERBOSE::memory_page.c::58::mem_page_init_from_proc_addr::lpcNextAddr=0x5BEDC000
VERBOSE::memory_page.c::88::mem_page_init_from_proc_addr::lpcBaseAddr=0x5BEDC000
VERBOSE::memory_page.c::89::mem_page_init_from_proc_addr::memInfo.BaseAddress=0x5BEDC000
VERBOSE::memory_page.c::90::mem_page_init_from_proc_addr::memInfo.RegionSize=0x00003000
VERBOSE::memory_page.c::57::mem_page_init_from_proc_addr::lpcBaseAddr=0x5BEDF000
VERBOSE::memory_page.c::58::mem_page_init_from_proc_addr::lpcNextAddr=0x5BEDF000
VERBOSE::memory_page.c::88::mem_page_init_from_proc_addr::lpcBaseAddr=0x5BEDF000
VERBOSE::memory_page.c::89::mem_page_init_from_proc_addr::memInfo.BaseAddress=0x5BEDF000
VERBOSE::memory_page.c::90::mem_page_init_from_proc_addr::memInfo.RegionSize=0x00006000
ERROR::memory_page.c::217::mem_page_destroy::Deallocating NULL page
VERBOSE::memory_manager.c::523::mem_mgr_load_proc::skip to addr 0x5BEE5000
VERBOSE::memory_page.c::57::mem_page_init_from_proc_addr::lpcBaseAddr=0x5BEE5000
VERBOSE::memory_page.c::58::mem_page_init_from_proc_addr::lpcNextAddr=0x5BEE5000
VERBOSE::memory_page.c::88::mem_page_init_from_proc_addr::lpcBaseAddr=0x5BEE5000
VERBOSE::memory_page.c::89::mem_page_init_from_proc_addr::memInfo.BaseAddress=0x5BEE5000
VERBOSE::memory_page.c::90::mem_page_init_from_proc_addr::memInfo.RegionSize=0x00001000
VERBOSE::memory_page.c::57::mem_page_init_from_proc_addr::lpcBaseAddr=0x5BEE6000
VERBOSE::memory_page.c::58::mem_page_init_from_proc_addr::lpcNextAddr=0x5BEE6000
VERBOSE::memory_page.c::88::mem_page_init_from_proc_addr::lpcBaseAddr=0x5BEE6000
VERBOSE::memory_page.c::89::mem_page_init_from_proc_addr::memInfo.BaseAddress=0x5BEE6000
VERBOSE::memory_page.c::90::mem_page_init_from_proc_addr::memInfo.RegionSize=0x00020000
ERROR::memory_page.c::217::mem_page_destroy::Deallocating NULL page
VERBOSE::memory_manager.c::523::mem_mgr_load_proc::skip to addr 0x5BF06000
VERBOSE::memory_page.c::57::mem_page_init_from_proc_addr::lpcBaseAddr=0x5BF06000
VERBOSE::memory_page.c::58::mem_page_init_from_proc_addr::lpcNextAddr=0x5BF06000
VERBOSE::memory_page.c::88::mem_page_init_from_proc_addr::lpcBaseAddr=0x5BF06000
VERBOSE::memory_page.c::89::mem_page_init_from_proc_addr::memInfo.BaseAddress=0x5BF06000
VERBOSE::memory_page.c::90::mem_page_init_from_proc_addr::memInfo.RegionSize=0x0003A000
ERROR::memory_page.c::217::mem_page_destroy::Deallocating NULL page
VERBOSE::memory_manager.c::523::mem_mgr_load_proc::skip to addr 0x5BF40000
VERBOSE::memory_page.c::57::mem_page_init_from_proc_addr::lpcBaseAddr=0x5BF40000
VERBOSE::memory_page.c::58::mem_page_init_from_proc_addr::lpcNextAddr=0x5BF40000
VERBOSE::memory_page.c::88::mem_page_init_from_proc_addr::lpcBaseAddr=0x5BF40000
VERBOSE::memory_page.c::89::mem_page_init_from_proc_addr::memInfo.BaseAddress=0x5BF40000
VERBOSE::memory_page.c::90::mem_page_init_from_proc_addr::memInfo.RegionSize=0x00001000
ERROR::memory_page.c::217::mem_page_destroy::Deallocating NULL page
VERBOSE::memory_manager.c::523::mem_mgr_load_proc::skip to addr 0x5BF41000
VERBOSE::memory_page.c::57::mem_page_init_from_proc_addr::lpcBaseAddr=0x5BF41000
VERBOSE::memory_page.c::58::mem_page_init_from_proc_addr::lpcNextAddr=0x5BF41000
VERBOSE::memory_page.c::88::mem_page_init_from_proc_addr::lpcBaseAddr=0x5BF41000
VERBOSE::memory_page.c::89::mem_page_init_from_proc_addr::memInfo.BaseAddress=0x5BF41000
VERBOSE::memory_page.c::90::mem_page_init_from_proc_addr::memInfo.RegionSize=0x00002000
ERROR::memory_page.c::217::mem_page_destroy::Deallocating NULL page
VERBOSE::memory_manager.c::523::mem_mgr_load_proc::skip to addr 0x5BF43000
VERBOSE::memory_page.c::57::mem_page_init_from_proc_addr::lpcBaseAddr=0x5BF43000
VERBOSE::memory_page.c::58::mem_page_init_from_proc_addr::lpcNextAddr=0x5BF43000
VERBOSE::memory_page.c::88::mem_page_init_from_proc_addr::lpcBaseAddr=0x5BF43000
VERBOSE::memory_page.c::89::mem_page_init_from_proc_addr::memInfo.BaseAddress=0x5BF43000
VERBOSE::memory_page.c::90::mem_page_init_from_proc_addr::memInfo.RegionSize=0x00001000
VERBOSE::memory_page.c::57::mem_page_init_from_proc_addr::lpcBaseAddr=0x5BF44000
VERBOSE::memory_page.c::58::mem_page_init_from_proc_addr::lpcNextAddr=0x5BF44000
VERBOSE::memory_page.c::88::mem_page_init_from_proc_addr::lpcBaseAddr=0x5BF44000
VERBOSE::memory_page.c::89::mem_page_init_from_proc_addr::memInfo.BaseAddress=0x5BF44000
VERBOSE::memory_page.c::90::mem_page_init_from_proc_addr::memInfo.RegionSize=0x00003000
ERROR::memory_page.c::217::mem_page_destroy::Deallocating NULL page
VERBOSE::memory_manager.c::523::mem_mgr_load_proc::skip to addr 0x5BF47000
VERBOSE::memory_page.c::57::mem_page_init_from_proc_addr::lpcBaseAddr=0x5BF47000
VERBOSE::memory_page.c::58::mem_page_init_from_proc_addr::lpcNextAddr=0x5BF47000
VERBOSE::memory_page.c::88::mem_page_init_from_proc_addr::lpcBaseAddr=0x5BF47000
VERBOSE::memory_page.c::89::mem_page_init_from_proc_addr::memInfo.BaseAddress=0x5BF47000
VERBOSE::memory_page.c::90::mem_page_init_from_proc_addr::memInfo.RegionSize=0x00009000
ERROR::memory_page.c::217::mem_page_destroy::Deallocating NULL page
VERBOSE::memory_manager.c::523::mem_mgr_load_proc::skip to addr 0x5BF50000
VERBOSE::memory_page.c::57::mem_page_init_from_proc_addr::lpcBaseAddr=0x5BF50000
VERBOSE::memory_page.c::58::mem_page_init_from_proc_addr::lpcNextAddr=0x5BF50000
VERBOSE::memory_page.c::88::mem_page_init_from_proc_addr::lpcBaseAddr=0x5BF50000
VERBOSE::memory_page.c::89::mem_page_init_from_proc_addr::memInfo.BaseAddress=0x5BF50000
VERBOSE::memory_page.c::90::mem_page_init_from_proc_addr::memInfo.RegionSize=0x00001000
ERROR::memory_page.c::217::mem_page_destroy::Deallocating NULL page
VERBOSE::memory_manager.c::523::mem_mgr_load_proc::skip to addr 0x5BF51000
VERBOSE::memory_page.c::57::mem_page_init_from_proc_addr::lpcBaseAddr=0x5BF51000
VERBOSE::memory_page.c::58::mem_page_init_from_proc_addr::lpcNextAddr=0x5BF51000
VERBOSE::memory_page.c::88::mem_page_init_from_proc_addr::lpcBaseAddr=0x5BF51000
VERBOSE::memory_page.c::89::mem_page_init_from_proc_addr::memInfo.BaseAddress=0x5BF51000
VERBOSE::memory_page.c::90::mem_page_init_from_proc_addr::memInfo.RegionSize=0x00002000
ERROR::memory_page.c::217::mem_page_destroy::Deallocating NULL page
VERBOSE::memory_manager.c::523::mem_mgr_load_proc::skip to addr 0x5BF53000
VERBOSE::memory_page.c::57::mem_page_init_from_proc_addr::lpcBaseAddr=0x5BF53000
VERBOSE::memory_page.c::58::mem_page_init_from_proc_addr::lpcNextAddr=0x5BF53000
VERBOSE::memory_page.c::88::mem_page_init_from_proc_addr::lpcBaseAddr=0x5BF53000
VERBOSE::memory_page.c::89::mem_page_init_from_proc_addr::memInfo.BaseAddress=0x5BF53000
VERBOSE::memory_page.c::90::mem_page_init_from_proc_addr::memInfo.RegionSize=0x00001000
VERBOSE::memory_page.c::57::mem_page_init_from_proc_addr::lpcBaseAddr=0x5BF54000
VERBOSE::memory_page.c::58::mem_page_init_from_proc_addr::lpcNextAddr=0x5BF54000
VERBOSE::memory_page.c::88::mem_page_init_from_proc_addr::lpcBaseAddr=0x5BF54000
VERBOSE::memory_page.c::89::mem_page_init_from_proc_addr::memInfo.BaseAddress=0x5BF54000
VERBOSE::memory_page.c::90::mem_page_init_from_proc_addr::memInfo.RegionSize=0x00004000
ERROR::memory_page.c::217::mem_page_destroy::Deallocating NULL page
VERBOSE::memory_manager.c::523::mem_mgr_load_proc::skip to addr 0x5BF58000
VERBOSE::memory_page.c::57::mem_page_init_from_proc_addr::lpcBaseAddr=0x5BF58000
VERBOSE::memory_page.c::58::mem_page_init_from_proc_addr::lpcNextAddr=0x5BF58000
VERBOSE::memory_page.c::88::mem_page_init_from_proc_addr::lpcBaseAddr=0x5BF58000
VERBOSE::memory_page.c::89::mem_page_init_from_proc_addr::memInfo.BaseAddress=0x5BF58000
VERBOSE::memory_page.c::90::mem_page_init_from_proc_addr::memInfo.RegionSize=0x00008000
ERROR::memory_page.c::217::mem_page_destroy::Deallocating NULL page
VERBOSE::memory_manager.c::523::mem_mgr_load_proc::skip to addr 0x5BF60000
VERBOSE::memory_page.c::57::mem_page_init_from_proc_addr::lpcBaseAddr=0x5BF60000
VERBOSE::memory_page.c::58::mem_page_init_from_proc_addr::lpcNextAddr=0x5BF60000
VERBOSE::memory_page.c::88::mem_page_init_from_proc_addr::lpcBaseAddr=0x5BF60000
VERBOSE::memory_page.c::89::mem_page_init_from_proc_addr::memInfo.BaseAddress=0x5BF60000
VERBOSE::memory_page.c::90::mem_page_init_from_proc_addr::memInfo.RegionSize=0x00001000
ERROR::memory_page.c::217::mem_page_destroy::Deallocating NULL page
VERBOSE::memory_manager.c::523::mem_mgr_load_proc::skip to addr 0x5BF61000
VERBOSE::memory_page.c::57::mem_page_init_from_proc_addr::lpcBaseAddr=0x5BF61000
VERBOSE::memory_page.c::58::mem_page_init_from_proc_addr::lpcNextAddr=0x5BF61000
VERBOSE::memory_page.c::88::mem_page_init_from_proc_addr::lpcBaseAddr=0x5BF61000
VERBOSE::memory_page.c::89::mem_page_init_from_proc_addr::memInfo.BaseAddress=0x5BF61000
VERBOSE::memory_page.c::90::mem_page_init_from_proc_addr::memInfo.RegionSize=0x00030000
ERROR::memory_page.c::217::mem_page_destroy::Deallocating NULL page
VERBOSE::memory_manager.c::523::mem_mgr_load_proc::skip to addr 0x5BF91000
VERBOSE::memory_page.c::57::mem_page_init_from_proc_addr::lpcBaseAddr=0x5BF91000
VERBOSE::memory_page.c::58::mem_page_init_from_proc_addr::lpcNextAddr=0x5BF91000
VERBOSE::memory_page.c::88::mem_page_init_from_proc_addr::lpcBaseAddr=0x5BF91000
VERBOSE::memory_page.c::89::mem_page_init_from_proc_addr::memInfo.BaseAddress=0x5BF91000
VERBOSE::memory_page.c::90::mem_page_init_from_proc_addr::memInfo.RegionSize=0x00003000
VERBOSE::memory_page.c::57::mem_page_init_from_proc_addr::lpcBaseAddr=0x5BF94000
VERBOSE::memory_page.c::58::mem_page_init_from_proc_addr::lpcNextAddr=0x5BF94000
VERBOSE::memory_page.c::88::mem_page_init_from_proc_addr::lpcBaseAddr=0x5BF94000
VERBOSE::memory_page.c::89::mem_page_init_from_proc_addr::memInfo.BaseAddress=0x5BF94000
VERBOSE::memory_page.c::90::mem_page_init_from_proc_addr::memInfo.RegionSize=0x00006000
ERROR::memory_page.c::217::mem_page_destroy::Deallocating NULL page
VERBOSE::memory_manager.c::523::mem_mgr_load_proc::skip to addr 0x5BF9A000
VERBOSE::memory_page.c::57::mem_page_init_from_proc_addr::lpcBaseAddr=0x5BF9A000
VERBOSE::memory_page.c::58::mem_page_init_from_proc_addr::lpcNextAddr=0x5BF9A000
VERBOSE::memory_page.c::88::mem_page_init_from_proc_addr::lpcBaseAddr=0x5BF9A000
VERBOSE::memory_page.c::89::mem_page_init_from_proc_addr::memInfo.BaseAddress=0x5BF9A000
VERBOSE::memory_page.c::90::mem_page_init_from_proc_addr::memInfo.RegionSize=0x00736000
ERROR::memory_page.c::217::mem_page_destroy::Deallocating NULL page
VERBOSE::memory_manager.c::523::mem_mgr_load_proc::skip to addr 0x5C6D0000
VERBOSE::memory_page.c::57::mem_page_init_from_proc_addr::lpcBaseAddr=0x5C6D0000
VERBOSE::memory_page.c::58::mem_page_init_from_proc_addr::lpcNextAddr=0x5C6D0000
VERBOSE::memory_page.c::88::mem_page_init_from_proc_addr::lpcBaseAddr=0x5C6D0000
VERBOSE::memory_page.c::89::mem_page_init_from_proc_addr::memInfo.BaseAddress=0x5C6D0000
VERBOSE::memory_page.c::90::mem_page_init_from_proc_addr::memInfo.RegionSize=0x00001000
ERROR::memory_page.c::217::mem_page_destroy::Deallocating NULL page
VERBOSE::memory_manager.c::523::mem_mgr_load_proc::skip to addr 0x5C6D1000
VERBOSE::memory_page.c::57::mem_page_init_from_proc_addr::lpcBaseAddr=0x5C6D1000
VERBOSE::memory_page.c::58::mem_page_init_from_proc_addr::lpcNextAddr=0x5C6D1000
VERBOSE::memory_page.c::88::mem_page_init_from_proc_addr::lpcBaseAddr=0x5C6D1000
VERBOSE::memory_page.c::89::mem_page_init_from_proc_addr::memInfo.BaseAddress=0x5C6D1000
VERBOSE::memory_page.c::90::mem_page_init_from_proc_addr::memInfo.RegionSize=0x00021000
ERROR::memory_page.c::217::mem_page_destroy::Deallocating NULL page
VERBOSE::memory_manager.c::523::mem_mgr_load_proc::skip to addr 0x5C6F2000
VERBOSE::memory_page.c::57::mem_page_init_from_proc_addr::lpcBaseAddr=0x5C6F2000
VERBOSE::memory_page.c::58::mem_page_init_from_proc_addr::lpcNextAddr=0x5C6F2000
VERBOSE::memory_page.c::88::mem_page_init_from_proc_addr::lpcBaseAddr=0x5C6F2000
VERBOSE::memory_page.c::89::mem_page_init_from_proc_addr::memInfo.BaseAddress=0x5C6F2000
VERBOSE::memory_page.c::90::mem_page_init_from_proc_addr::memInfo.RegionSize=0x00003000
VERBOSE::memory_page.c::57::mem_page_init_from_proc_addr::lpcBaseAddr=0x5C6F5000
VERBOSE::memory_page.c::58::mem_page_init_from_proc_addr::lpcNextAddr=0x5C6F5000
VERBOSE::memory_page.c::88::mem_page_init_from_proc_addr::lpcBaseAddr=0x5C6F5000
VERBOSE::memory_page.c::89::mem_page_init_from_proc_addr::memInfo.BaseAddress=0x5C6F5000
VERBOSE::memory_page.c::90::mem_page_init_from_proc_addr::memInfo.RegionSize=0x00007000
ERROR::memory_page.c::217::mem_page_destroy::Deallocating NULL page
VERBOSE::memory_manager.c::523::mem_mgr_load_proc::skip to addr 0x5C6FC000
VERBOSE::memory_page.c::57::mem_page_init_from_proc_addr::lpcBaseAddr=0x5C6FC000
VERBOSE::memory_page.c::58::mem_page_init_from_proc_addr::lpcNextAddr=0x5C6FC000
VERBOSE::memory_page.c::88::mem_page_init_from_proc_addr::lpcBaseAddr=0x5C6FC000
VERBOSE::memory_page.c::89::mem_page_init_from_proc_addr::memInfo.BaseAddress=0x5C6FC000
VERBOSE::memory_page.c::90::mem_page_init_from_proc_addr::memInfo.RegionSize=0x011F4000
ERROR::memory_page.c::217::mem_page_destroy::Deallocating NULL page
VERBOSE::memory_manager.c::523::mem_mgr_load_proc::skip to addr 0x5D8F0000
VERBOSE::memory_page.c::57::mem_page_init_from_proc_addr::lpcBaseAddr=0x5D8F0000
VERBOSE::memory_page.c::58::mem_page_init_from_proc_addr::lpcNextAddr=0x5D8F0000
VERBOSE::memory_page.c::88::mem_page_init_from_proc_addr::lpcBaseAddr=0x5D8F0000
VERBOSE::memory_page.c::89::mem_page_init_from_proc_addr::memInfo.BaseAddress=0x5D8F0000
VERBOSE::memory_page.c::90::mem_page_init_from_proc_addr::memInfo.RegionSize=0x00001000
ERROR::memory_page.c::217::mem_page_destroy::Deallocating NULL page
VERBOSE::memory_manager.c::523::mem_mgr_load_proc::skip to addr 0x5D8F1000
VERBOSE::memory_page.c::57::mem_page_init_from_proc_addr::lpcBaseAddr=0x5D8F1000
VERBOSE::memory_page.c::58::mem_page_init_from_proc_addr::lpcNextAddr=0x5D8F1000
VERBOSE::memory_page.c::88::mem_page_init_from_proc_addr::lpcBaseAddr=0x5D8F1000
VERBOSE::memory_page.c::89::mem_page_init_from_proc_addr::memInfo.BaseAddress=0x5D8F1000
VERBOSE::memory_page.c::90::mem_page_init_from_proc_addr::memInfo.RegionSize=0x00018000
ERROR::memory_page.c::217::mem_page_destroy::Deallocating NULL page
VERBOSE::memory_manager.c::523::mem_mgr_load_proc::skip to addr 0x5D909000
VERBOSE::memory_page.c::57::mem_page_init_from_proc_addr::lpcBaseAddr=0x5D909000
VERBOSE::memory_page.c::58::mem_page_init_from_proc_addr::lpcNextAddr=0x5D909000
VERBOSE::memory_page.c::88::mem_page_init_from_proc_addr::lpcBaseAddr=0x5D909000
VERBOSE::memory_page.c::89::mem_page_init_from_proc_addr::memInfo.BaseAddress=0x5D909000
VERBOSE::memory_page.c::90::mem_page_init_from_proc_addr::memInfo.RegionSize=0x00009000
ERROR::memory_page.c::217::mem_page_destroy::Deallocating NULL page
VERBOSE::memory_manager.c::523::mem_mgr_load_proc::skip to addr 0x5D912000
VERBOSE::memory_page.c::57::mem_page_init_from_proc_addr::lpcBaseAddr=0x5D912000
VERBOSE::memory_page.c::58::mem_page_init_from_proc_addr::lpcNextAddr=0x5D912000
VERBOSE::memory_page.c::88::mem_page_init_from_proc_addr::lpcBaseAddr=0x5D912000
VERBOSE::memory_page.c::89::mem_page_init_from_proc_addr::memInfo.BaseAddress=0x5D912000
VERBOSE::memory_page.c::90::mem_page_init_from_proc_addr::memInfo.RegionSize=0x00002000
VERBOSE::memory_page.c::57::mem_page_init_from_proc_addr::lpcBaseAddr=0x5D914000
VERBOSE::memory_page.c::58::mem_page_init_from_proc_addr::lpcNextAddr=0x5D914000
VERBOSE::memory_page.c::88::mem_page_init_from_proc_addr::lpcBaseAddr=0x5D914000
VERBOSE::memory_page.c::89::mem_page_init_from_proc_addr::memInfo.BaseAddress=0x5D914000
VERBOSE::memory_page.c::90::mem_page_init_from_proc_addr::memInfo.RegionSize=0x00003000
ERROR::memory_page.c::217::mem_page_destroy::Deallocating NULL page
VERBOSE::memory_manager.c::523::mem_mgr_load_proc::skip to addr 0x5D917000
VERBOSE::memory_page.c::57::mem_page_init_from_proc_addr::lpcBaseAddr=0x5D917000
VERBOSE::memory_page.c::58::mem_page_init_from_proc_addr::lpcNextAddr=0x5D917000
VERBOSE::memory_page.c::88::mem_page_init_from_proc_addr::lpcBaseAddr=0x5D917000
VERBOSE::memory_page.c::89::mem_page_init_from_proc_addr::memInfo.BaseAddress=0x5D917000
VERBOSE::memory_page.c::90::mem_page_init_from_proc_addr::memInfo.RegionSize=0x00009000
ERROR::memory_page.c::217::mem_page_destroy::Deallocating NULL page
VERBOSE::memory_manager.c::523::mem_mgr_load_proc::skip to addr 0x5D920000
VERBOSE::memory_page.c::57::mem_page_init_from_proc_addr::lpcBaseAddr=0x5D920000
VERBOSE::memory_page.c::58::mem_page_init_from_proc_addr::lpcNextAddr=0x5D920000
VERBOSE::memory_page.c::88::mem_page_init_from_proc_addr::lpcBaseAddr=0x5D920000
VERBOSE::memory_page.c::89::mem_page_init_from_proc_addr::memInfo.BaseAddress=0x5D920000
VERBOSE::memory_page.c::90::mem_page_init_from_proc_addr::memInfo.RegionSize=0x00001000
ERROR::memory_page.c::217::mem_page_destroy::Deallocating NULL page
VERBOSE::memory_manager.c::523::mem_mgr_load_proc::skip to addr 0x5D921000
VERBOSE::memory_page.c::57::mem_page_init_from_proc_addr::lpcBaseAddr=0x5D921000
VERBOSE::memory_page.c::58::mem_page_init_from_proc_addr::lpcNextAddr=0x5D921000
VERBOSE::memory_page.c::88::mem_page_init_from_proc_addr::lpcBaseAddr=0x5D921000
VERBOSE::memory_page.c::89::mem_page_init_from_proc_addr::memInfo.BaseAddress=0x5D921000
VERBOSE::memory_page.c::90::mem_page_init_from_proc_addr::memInfo.RegionSize=0x00961000
ERROR::memory_page.c::217::mem_page_destroy::Deallocating NULL page
VERBOSE::memory_manager.c::523::mem_mgr_load_proc::skip to addr 0x5E282000
VERBOSE::memory_page.c::57::mem_page_init_from_proc_addr::lpcBaseAddr=0x5E282000
VERBOSE::memory_page.c::58::mem_page_init_from_proc_addr::lpcNextAddr=0x5E282000
VERBOSE::memory_page.c::88::mem_page_init_from_proc_addr::lpcBaseAddr=0x5E282000
VERBOSE::memory_page.c::89::mem_page_init_from_proc_addr::memInfo.BaseAddress=0x5E282000
VERBOSE::memory_page.c::90::mem_page_init_from_proc_addr::memInfo.RegionSize=0x00F61000
ERROR::memory_page.c::217::mem_page_destroy::Deallocating NULL page
VERBOSE::memory_manager.c::523::mem_mgr_load_proc::skip to addr 0x5F1E3000
VERBOSE::memory_page.c::57::mem_page_init_from_proc_addr::lpcBaseAddr=0x5F1E3000
VERBOSE::memory_page.c::58::mem_page_init_from_proc_addr::lpcNextAddr=0x5F1E3000
VERBOSE::memory_page.c::88::mem_page_init_from_proc_addr::lpcBaseAddr=0x5F1E3000
VERBOSE::memory_page.c::89::mem_page_init_from_proc_addr::memInfo.BaseAddress=0x5F1E3000
VERBOSE::memory_page.c::90::mem_page_init_from_proc_addr::memInfo.RegionSize=0x0000F000
VERBOSE::memory_page.c::57::mem_page_init_from_proc_addr::lpcBaseAddr=0x5F1F2000
VERBOSE::memory_page.c::58::mem_page_init_from_proc_addr::lpcNextAddr=0x5F1F2000
VERBOSE::memory_page.c::88::mem_page_init_from_proc_addr::lpcBaseAddr=0x5F1F2000
VERBOSE::memory_page.c::89::mem_page_init_from_proc_addr::memInfo.BaseAddress=0x5F1F2000
VERBOSE::memory_page.c::90::mem_page_init_from_proc_addr::memInfo.RegionSize=0x00010000
VERBOSE::memory_page.c::57::mem_page_init_from_proc_addr::lpcBaseAddr=0x5F202000
VERBOSE::memory_page.c::58::mem_page_init_from_proc_addr::lpcNextAddr=0x5F202000
VERBOSE::memory_page.c::88::mem_page_init_from_proc_addr::lpcBaseAddr=0x5F202000
VERBOSE::memory_page.c::89::mem_page_init_from_proc_addr::memInfo.BaseAddress=0x5F202000
VERBOSE::memory_page.c::90::mem_page_init_from_proc_addr::memInfo.RegionSize=0x00001000
VERBOSE::memory_page.c::57::mem_page_init_from_proc_addr::lpcBaseAddr=0x5F203000
VERBOSE::memory_page.c::58::mem_page_init_from_proc_addr::lpcNextAddr=0x5F203000
VERBOSE::memory_page.c::88::mem_page_init_from_proc_addr::lpcBaseAddr=0x5F203000
VERBOSE::memory_page.c::89::mem_page_init_from_proc_addr::memInfo.BaseAddress=0x5F203000
VERBOSE::memory_page.c::90::mem_page_init_from_proc_addr::memInfo.RegionSize=0x00022000
VERBOSE::memory_page.c::57::mem_page_init_from_proc_addr::lpcBaseAddr=0x5F225000
VERBOSE::memory_page.c::58::mem_page_init_from_proc_addr::lpcNextAddr=0x5F225000
VERBOSE::memory_page.c::88::mem_page_init_from_proc_addr::lpcBaseAddr=0x5F225000
VERBOSE::memory_page.c::89::mem_page_init_from_proc_addr::memInfo.BaseAddress=0x5F225000
VERBOSE::memory_page.c::90::mem_page_init_from_proc_addr::memInfo.RegionSize=0x00028000
VERBOSE::memory_page.c::57::mem_page_init_from_proc_addr::lpcBaseAddr=0x5F24D000
VERBOSE::memory_page.c::58::mem_page_init_from_proc_addr::lpcNextAddr=0x5F24D000
VERBOSE::memory_page.c::88::mem_page_init_from_proc_addr::lpcBaseAddr=0x5F24D000
VERBOSE::memory_page.c::89::mem_page_init_from_proc_addr::memInfo.BaseAddress=0x5F24D000
VERBOSE::memory_page.c::90::mem_page_init_from_proc_addr::memInfo.RegionSize=0x000EC000
ERROR::memory_page.c::217::mem_page_destroy::Deallocating NULL page
VERBOSE::memory_manager.c::523::mem_mgr_load_proc::skip to addr 0x5F339000
VERBOSE::memory_page.c::57::mem_page_init_from_proc_addr::lpcBaseAddr=0x5F339000
VERBOSE::memory_page.c::58::mem_page_init_from_proc_addr::lpcNextAddr=0x5F339000
VERBOSE::memory_page.c::88::mem_page_init_from_proc_addr::lpcBaseAddr=0x5F339000
VERBOSE::memory_page.c::89::mem_page_init_from_proc_addr::memInfo.BaseAddress=0x5F339000
VERBOSE::memory_page.c::90::mem_page_init_from_proc_addr::memInfo.RegionSize=0x00007000
ERROR::memory_page.c::217::mem_page_destroy::Deallocating NULL page
VERBOSE::memory_manager.c::523::mem_mgr_load_proc::skip to addr 0x5F340000
VERBOSE::memory_page.c::57::mem_page_init_from_proc_addr::lpcBaseAddr=0x5F340000
VERBOSE::memory_page.c::58::mem_page_init_from_proc_addr::lpcNextAddr=0x5F340000
VERBOSE::memory_page.c::88::mem_page_init_from_proc_addr::lpcBaseAddr=0x5F340000
VERBOSE::memory_page.c::89::mem_page_init_from_proc_addr::memInfo.BaseAddress=0x5F340000
VERBOSE::memory_page.c::90::mem_page_init_from_proc_addr::memInfo.RegionSize=0x00001000
ERROR::memory_page.c::217::mem_page_destroy::Deallocating NULL page
VERBOSE::memory_manager.c::523::mem_mgr_load_proc::skip to addr 0x5F341000
VERBOSE::memory_page.c::57::mem_page_init_from_proc_addr::lpcBaseAddr=0x5F341000
VERBOSE::memory_page.c::58::mem_page_init_from_proc_addr::lpcNextAddr=0x5F341000
VERBOSE::memory_page.c::88::mem_page_init_from_proc_addr::lpcBaseAddr=0x5F341000
VERBOSE::memory_page.c::89::mem_page_init_from_proc_addr::memInfo.BaseAddress=0x5F341000
VERBOSE::memory_page.c::90::mem_page_init_from_proc_addr::memInfo.RegionSize=0x000E7000
ERROR::memory_page.c::217::mem_page_destroy::Deallocating NULL page
VERBOSE::memory_manager.c::523::mem_mgr_load_proc::skip to addr 0x5F428000
VERBOSE::memory_page.c::57::mem_page_init_from_proc_addr::lpcBaseAddr=0x5F428000
VERBOSE::memory_page.c::58::mem_page_init_from_proc_addr::lpcNextAddr=0x5F428000
VERBOSE::memory_page.c::88::mem_page_init_from_proc_addr::lpcBaseAddr=0x5F428000
VERBOSE::memory_page.c::89::mem_page_init_from_proc_addr::memInfo.BaseAddress=0x5F428000
VERBOSE::memory_page.c::90::mem_page_init_from_proc_addr::memInfo.RegionSize=0x0005D000
ERROR::memory_page.c::217::mem_page_destroy::Deallocating NULL page
VERBOSE::memory_manager.c::523::mem_mgr_load_proc::skip to addr 0x5F485000
VERBOSE::memory_page.c::57::mem_page_init_from_proc_addr::lpcBaseAddr=0x5F485000
VERBOSE::memory_page.c::58::mem_page_init_from_proc_addr::lpcNextAddr=0x5F485000
VERBOSE::memory_page.c::88::mem_page_init_from_proc_addr::lpcBaseAddr=0x5F485000
VERBOSE::memory_page.c::89::mem_page_init_from_proc_addr::memInfo.BaseAddress=0x5F485000
VERBOSE::memory_page.c::90::mem_page_init_from_proc_addr::memInfo.RegionSize=0x00001000
VERBOSE::memory_page.c::57::mem_page_init_from_proc_addr::lpcBaseAddr=0x5F486000
VERBOSE::memory_page.c::58::mem_page_init_from_proc_addr::lpcNextAddr=0x5F486000
VERBOSE::memory_page.c::88::mem_page_init_from_proc_addr::lpcBaseAddr=0x5F486000
VERBOSE::memory_page.c::89::mem_page_init_from_proc_addr::memInfo.BaseAddress=0x5F486000
VERBOSE::memory_page.c::90::mem_page_init_from_proc_addr::memInfo.RegionSize=0x00003000
VERBOSE::memory_page.c::57::mem_page_init_from_proc_addr::lpcBaseAddr=0x5F489000
VERBOSE::memory_page.c::58::mem_page_init_from_proc_addr::lpcNextAddr=0x5F489000
VERBOSE::memory_page.c::88::mem_page_init_from_proc_addr::lpcBaseAddr=0x5F489000
VERBOSE::memory_page.c::89::mem_page_init_from_proc_addr::memInfo.BaseAddress=0x5F489000
VERBOSE::memory_page.c::90::mem_page_init_from_proc_addr::memInfo.RegionSize=0x00006000
VERBOSE::memory_page.c::57::mem_page_init_from_proc_addr::lpcBaseAddr=0x5F48F000
VERBOSE::memory_page.c::58::mem_page_init_from_proc_addr::lpcNextAddr=0x5F48F000
VERBOSE::memory_page.c::88::mem_page_init_from_proc_addr::lpcBaseAddr=0x5F48F000
VERBOSE::memory_page.c::89::mem_page_init_from_proc_addr::memInfo.BaseAddress=0x5F48F000
VERBOSE::memory_page.c::90::mem_page_init_from_proc_addr::memInfo.RegionSize=0x00018000
ERROR::memory_page.c::217::mem_page_destroy::Deallocating NULL page
VERBOSE::memory_manager.c::523::mem_mgr_load_proc::skip to addr 0x5F4A7000
VERBOSE::memory_page.c::57::mem_page_init_from_proc_addr::lpcBaseAddr=0x5F4A7000
VERBOSE::memory_page.c::58::mem_page_init_from_proc_addr::lpcNextAddr=0x5F4A7000
VERBOSE::memory_page.c::88::mem_page_init_from_proc_addr::lpcBaseAddr=0x5F4A7000
VERBOSE::memory_page.c::89::mem_page_init_from_proc_addr::memInfo.BaseAddress=0x5F4A7000
VERBOSE::memory_page.c::90::mem_page_init_from_proc_addr::memInfo.RegionSize=0x015F9000
ERROR::memory_page.c::217::mem_page_destroy::Deallocating NULL page
VERBOSE::memory_manager.c::523::mem_mgr_load_proc::skip to addr 0x60AA0000
VERBOSE::memory_page.c::57::mem_page_init_from_proc_addr::lpcBaseAddr=0x60AA0000
VERBOSE::memory_page.c::58::mem_page_init_from_proc_addr::lpcNextAddr=0x60AA0000
VERBOSE::memory_page.c::88::mem_page_init_from_proc_addr::lpcBaseAddr=0x60AA0000
VERBOSE::memory_page.c::89::mem_page_init_from_proc_addr::memInfo.BaseAddress=0x60AA0000
VERBOSE::memory_page.c::90::mem_page_init_from_proc_addr::memInfo.RegionSize=0x00001000
ERROR::memory_page.c::217::mem_page_destroy::Deallocating NULL page
VERBOSE::memory_manager.c::523::mem_mgr_load_proc::skip to addr 0x60AA1000
VERBOSE::memory_page.c::57::mem_page_init_from_proc_addr::lpcBaseAddr=0x60AA1000
VERBOSE::memory_page.c::58::mem_page_init_from_proc_addr::lpcNextAddr=0x60AA1000
VERBOSE::memory_page.c::88::mem_page_init_from_proc_addr::lpcBaseAddr=0x60AA1000
VERBOSE::memory_page.c::89::mem_page_init_from_proc_addr::memInfo.BaseAddress=0x60AA1000
VERBOSE::memory_page.c::90::mem_page_init_from_proc_addr::memInfo.RegionSize=0x000F8000
ERROR::memory_page.c::217::mem_page_destroy::Deallocating NULL page
VERBOSE::memory_manager.c::523::mem_mgr_load_proc::skip to addr 0x60B99000
VERBOSE::memory_page.c::57::mem_page_init_from_proc_addr::lpcBaseAddr=0x60B99000
VERBOSE::memory_page.c::58::mem_page_init_from_proc_addr::lpcNextAddr=0x60B99000
VERBOSE::memory_page.c::88::mem_page_init_from_proc_addr::lpcBaseAddr=0x60B99000
VERBOSE::memory_page.c::89::mem_page_init_from_proc_addr::memInfo.BaseAddress=0x60B99000
VERBOSE::memory_page.c::90::mem_page_init_from_proc_addr::memInfo.RegionSize=0x00006000
VERBOSE::memory_page.c::57::mem_page_init_from_proc_addr::lpcBaseAddr=0x60B9F000
VERBOSE::memory_page.c::58::mem_page_init_from_proc_addr::lpcNextAddr=0x60B9F000
VERBOSE::memory_page.c::88::mem_page_init_from_proc_addr::lpcBaseAddr=0x60B9F000
VERBOSE::memory_page.c::89::mem_page_init_from_proc_addr::memInfo.BaseAddress=0x60B9F000
VERBOSE::memory_page.c::90::mem_page_init_from_proc_addr::memInfo.RegionSize=0x00001000
VERBOSE::memory_page.c::57::mem_page_init_from_proc_addr::lpcBaseAddr=0x60BA0000
VERBOSE::memory_page.c::58::mem_page_init_from_proc_addr::lpcNextAddr=0x60BA0000
VERBOSE::memory_page.c::88::mem_page_init_from_proc_addr::lpcBaseAddr=0x60BA0000
VERBOSE::memory_page.c::89::mem_page_init_from_proc_addr::memInfo.BaseAddress=0x60BA0000
VERBOSE::memory_page.c::90::mem_page_init_from_proc_addr::memInfo.RegionSize=0x00006000
ERROR::memory_page.c::217::mem_page_destroy::Deallocating NULL page
VERBOSE::memory_manager.c::523::mem_mgr_load_proc::skip to addr 0x60BA6000
VERBOSE::memory_page.c::57::mem_page_init_from_proc_addr::lpcBaseAddr=0x60BA6000
VERBOSE::memory_page.c::58::mem_page_init_from_proc_addr::lpcNextAddr=0x60BA6000
VERBOSE::memory_page.c::88::mem_page_init_from_proc_addr::lpcBaseAddr=0x60BA6000
VERBOSE::memory_page.c::89::mem_page_init_from_proc_addr::memInfo.BaseAddress=0x60BA6000
VERBOSE::memory_page.c::90::mem_page_init_from_proc_addr::memInfo.RegionSize=0x0024A000
ERROR::memory_page.c::217::mem_page_destroy::Deallocating NULL page
VERBOSE::memory_manager.c::523::mem_mgr_load_proc::skip to addr 0x60DF0000
VERBOSE::memory_page.c::57::mem_page_init_from_proc_addr::lpcBaseAddr=0x60DF0000
VERBOSE::memory_page.c::58::mem_page_init_from_proc_addr::lpcNextAddr=0x60DF0000
VERBOSE::memory_page.c::88::mem_page_init_from_proc_addr::lpcBaseAddr=0x60DF0000
VERBOSE::memory_page.c::89::mem_page_init_from_proc_addr::memInfo.BaseAddress=0x60DF0000
VERBOSE::memory_page.c::90::mem_page_init_from_proc_addr::memInfo.RegionSize=0x00001000
ERROR::memory_page.c::217::mem_page_destroy::Deallocating NULL page
VERBOSE::memory_manager.c::523::mem_mgr_load_proc::skip to addr 0x60DF1000
VERBOSE::memory_page.c::57::mem_page_init_from_proc_addr::lpcBaseAddr=0x60DF1000
VERBOSE::memory_page.c::58::mem_page_init_from_proc_addr::lpcNextAddr=0x60DF1000
VERBOSE::memory_page.c::88::mem_page_init_from_proc_addr::lpcBaseAddr=0x60DF1000
VERBOSE::memory_page.c::89::mem_page_init_from_proc_addr::memInfo.BaseAddress=0x60DF1000
VERBOSE::memory_page.c::90::mem_page_init_from_proc_addr::memInfo.RegionSize=0x0001A000
ERROR::memory_page.c::217::mem_page_destroy::Deallocating NULL page
VERBOSE::memory_manager.c::523::mem_mgr_load_proc::skip to addr 0x60E0B000
VERBOSE::memory_page.c::57::mem_page_init_from_proc_addr::lpcBaseAddr=0x60E0B000
VERBOSE::memory_page.c::58::mem_page_init_from_proc_addr::lpcNextAddr=0x60E0B000
VERBOSE::memory_page.c::88::mem_page_init_from_proc_addr::lpcBaseAddr=0x60E0B000
VERBOSE::memory_page.c::89::mem_page_init_from_proc_addr::memInfo.BaseAddress=0x60E0B000
VERBOSE::memory_page.c::90::mem_page_init_from_proc_addr::memInfo.RegionSize=0x00003000
VERBOSE::memory_page.c::57::mem_page_init_from_proc_addr::lpcBaseAddr=0x60E0E000
VERBOSE::memory_page.c::58::mem_page_init_from_proc_addr::lpcNextAddr=0x60E0E000
VERBOSE::memory_page.c::88::mem_page_init_from_proc_addr::lpcBaseAddr=0x60E0E000
VERBOSE::memory_page.c::89::mem_page_init_from_proc_addr::memInfo.BaseAddress=0x60E0E000
VERBOSE::memory_page.c::90::mem_page_init_from_proc_addr::memInfo.RegionSize=0x0000D000
ERROR::memory_page.c::217::mem_page_destroy::Deallocating NULL page
VERBOSE::memory_manager.c::523::mem_mgr_load_proc::skip to addr 0x60E1B000
VERBOSE::memory_page.c::57::mem_page_init_from_proc_addr::lpcBaseAddr=0x60E1B000
VERBOSE::memory_page.c::58::mem_page_init_from_proc_addr::lpcNextAddr=0x60E1B000
VERBOSE::memory_page.c::88::mem_page_init_from_proc_addr::lpcBaseAddr=0x60E1B000
VERBOSE::memory_page.c::89::mem_page_init_from_proc_addr::memInfo.BaseAddress=0x60E1B000
VERBOSE::memory_page.c::90::mem_page_init_from_proc_addr::memInfo.RegionSize=0x00005000
ERROR::memory_page.c::217::mem_page_destroy::Deallocating NULL page
VERBOSE::memory_manager.c::523::mem_mgr_load_proc::skip to addr 0x60E20000
VERBOSE::memory_page.c::57::mem_page_init_from_proc_addr::lpcBaseAddr=0x60E20000
VERBOSE::memory_page.c::58::mem_page_init_from_proc_addr::lpcNextAddr=0x60E20000
VERBOSE::memory_page.c::88::mem_page_init_from_proc_addr::lpcBaseAddr=0x60E20000
VERBOSE::memory_page.c::89::mem_page_init_from_proc_addr::memInfo.BaseAddress=0x60E20000
VERBOSE::memory_page.c::90::mem_page_init_from_proc_addr::memInfo.RegionSize=0x00001000
ERROR::memory_page.c::217::mem_page_destroy::Deallocating NULL page
VERBOSE::memory_manager.c::523::mem_mgr_load_proc::skip to addr 0x60E21000
VERBOSE::memory_page.c::57::mem_page_init_from_proc_addr::lpcBaseAddr=0x60E21000
VERBOSE::memory_page.c::58::mem_page_init_from_proc_addr::lpcNextAddr=0x60E21000
VERBOSE::memory_page.c::88::mem_page_init_from_proc_addr::lpcBaseAddr=0x60E21000
VERBOSE::memory_page.c::89::mem_page_init_from_proc_addr::memInfo.BaseAddress=0x60E21000
VERBOSE::memory_page.c::90::mem_page_init_from_proc_addr::memInfo.RegionSize=0x00156000
ERROR::memory_page.c::217::mem_page_destroy::Deallocating NULL page
VERBOSE::memory_manager.c::523::mem_mgr_load_proc::skip to addr 0x60F77000
VERBOSE::memory_page.c::57::mem_page_init_from_proc_addr::lpcBaseAddr=0x60F77000
VERBOSE::memory_page.c::58::mem_page_init_from_proc_addr::lpcNextAddr=0x60F77000
VERBOSE::memory_page.c::88::mem_page_init_from_proc_addr::lpcBaseAddr=0x60F77000
VERBOSE::memory_page.c::89::mem_page_init_from_proc_addr::memInfo.BaseAddress=0x60F77000
VERBOSE::memory_page.c::90::mem_page_init_from_proc_addr::memInfo.RegionSize=0x00005000
VERBOSE::memory_page.c::57::mem_page_init_from_proc_addr::lpcBaseAddr=0x60F7C000
VERBOSE::memory_page.c::58::mem_page_init_from_proc_addr::lpcNextAddr=0x60F7C000
VERBOSE::memory_page.c::88::mem_page_init_from_proc_addr::lpcBaseAddr=0x60F7C000
VERBOSE::memory_page.c::89::mem_page_init_from_proc_addr::memInfo.BaseAddress=0x60F7C000
VERBOSE::memory_page.c::90::mem_page_init_from_proc_addr::memInfo.RegionSize=0x0001D000
ERROR::memory_page.c::217::mem_page_destroy::Deallocating NULL page
VERBOSE::memory_manager.c::523::mem_mgr_load_proc::skip to addr 0x60F99000
VERBOSE::memory_page.c::57::mem_page_init_from_proc_addr::lpcBaseAddr=0x60F99000
VERBOSE::memory_page.c::58::mem_page_init_from_proc_addr::lpcNextAddr=0x60F99000
VERBOSE::memory_page.c::88::mem_page_init_from_proc_addr::lpcBaseAddr=0x60F99000
VERBOSE::memory_page.c::89::mem_page_init_from_proc_addr::memInfo.BaseAddress=0x60F99000
VERBOSE::memory_page.c::90::mem_page_init_from_proc_addr::memInfo.RegionSize=0x000D7000
ERROR::memory_page.c::217::mem_page_destroy::Deallocating NULL page
VERBOSE::memory_manager.c::523::mem_mgr_load_proc::skip to addr 0x61070000
VERBOSE::memory_page.c::57::mem_page_init_from_proc_addr::lpcBaseAddr=0x61070000
VERBOSE::memory_page.c::58::mem_page_init_from_proc_addr::lpcNextAddr=0x61070000
VERBOSE::memory_page.c::88::mem_page_init_from_proc_addr::lpcBaseAddr=0x61070000
VERBOSE::memory_page.c::89::mem_page_init_from_proc_addr::memInfo.BaseAddress=0x61070000
VERBOSE::memory_page.c::90::mem_page_init_from_proc_addr::memInfo.RegionSize=0x00001000
ERROR::memory_page.c::217::mem_page_destroy::Deallocating NULL page
VERBOSE::memory_manager.c::523::mem_mgr_load_proc::skip to addr 0x61071000
VERBOSE::memory_page.c::57::mem_page_init_from_proc_addr::lpcBaseAddr=0x61071000
VERBOSE::memory_page.c::58::mem_page_init_from_proc_addr::lpcNextAddr=0x61071000
VERBOSE::memory_page.c::88::mem_page_init_from_proc_addr::lpcBaseAddr=0x61071000
VERBOSE::memory_page.c::89::mem_page_init_from_proc_addr::memInfo.BaseAddress=0x61071000
VERBOSE::memory_page.c::90::mem_page_init_from_proc_addr::memInfo.RegionSize=0x00065000
ERROR::memory_page.c::217::mem_page_destroy::Deallocating NULL page
VERBOSE::memory_manager.c::523::mem_mgr_load_proc::skip to addr 0x610D6000
VERBOSE::memory_page.c::57::mem_page_init_from_proc_addr::lpcBaseAddr=0x610D6000
VERBOSE::memory_page.c::58::mem_page_init_from_proc_addr::lpcNextAddr=0x610D6000
VERBOSE::memory_page.c::88::mem_page_init_from_proc_addr::lpcBaseAddr=0x610D6000
VERBOSE::memory_page.c::89::mem_page_init_from_proc_addr::memInfo.BaseAddress=0x610D6000
VERBOSE::memory_page.c::90::mem_page_init_from_proc_addr::memInfo.RegionSize=0x00001000
VERBOSE::memory_page.c::57::mem_page_init_from_proc_addr::lpcBaseAddr=0x610D7000
VERBOSE::memory_page.c::58::mem_page_init_from_proc_addr::lpcNextAddr=0x610D7000
VERBOSE::memory_page.c::88::mem_page_init_from_proc_addr::lpcBaseAddr=0x610D7000
VERBOSE::memory_page.c::89::mem_page_init_from_proc_addr::memInfo.BaseAddress=0x610D7000
VERBOSE::memory_page.c::90::mem_page_init_from_proc_addr::memInfo.RegionSize=0x0000C000
ERROR::memory_page.c::217::mem_page_destroy::Deallocating NULL page
VERBOSE::memory_manager.c::523::mem_mgr_load_proc::skip to addr 0x610E3000
VERBOSE::memory_page.c::57::mem_page_init_from_proc_addr::lpcBaseAddr=0x610E3000
VERBOSE::memory_page.c::58::mem_page_init_from_proc_addr::lpcNextAddr=0x610E3000
VERBOSE::memory_page.c::88::mem_page_init_from_proc_addr::lpcBaseAddr=0x610E3000
VERBOSE::memory_page.c::89::mem_page_init_from_proc_addr::memInfo.BaseAddress=0x610E3000
VERBOSE::memory_page.c::90::mem_page_init_from_proc_addr::memInfo.RegionSize=0x0000D000
ERROR::memory_page.c::217::mem_page_destroy::Deallocating NULL page
VERBOSE::memory_manager.c::523::mem_mgr_load_proc::skip to addr 0x610F0000
VERBOSE::memory_page.c::57::mem_page_init_from_proc_addr::lpcBaseAddr=0x610F0000
VERBOSE::memory_page.c::58::mem_page_init_from_proc_addr::lpcNextAddr=0x610F0000
VERBOSE::memory_page.c::88::mem_page_init_from_proc_addr::lpcBaseAddr=0x610F0000
VERBOSE::memory_page.c::89::mem_page_init_from_proc_addr::memInfo.BaseAddress=0x610F0000
VERBOSE::memory_page.c::90::mem_page_init_from_proc_addr::memInfo.RegionSize=0x00001000
ERROR::memory_page.c::217::mem_page_destroy::Deallocating NULL page
VERBOSE::memory_manager.c::523::mem_mgr_load_proc::skip to addr 0x610F1000
VERBOSE::memory_page.c::57::mem_page_init_from_proc_addr::lpcBaseAddr=0x610F1000
VERBOSE::memory_page.c::58::mem_page_init_from_proc_addr::lpcNextAddr=0x610F1000
VERBOSE::memory_page.c::88::mem_page_init_from_proc_addr::lpcBaseAddr=0x610F1000
VERBOSE::memory_page.c::89::mem_page_init_from_proc_addr::memInfo.BaseAddress=0x610F1000
VERBOSE::memory_page.c::90::mem_page_init_from_proc_addr::memInfo.RegionSize=0x000DA000
ERROR::memory_page.c::217::mem_page_destroy::Deallocating NULL page
VERBOSE::memory_manager.c::523::mem_mgr_load_proc::skip to addr 0x611CB000
VERBOSE::memory_page.c::57::mem_page_init_from_proc_addr::lpcBaseAddr=0x611CB000
VERBOSE::memory_page.c::58::mem_page_init_from_proc_addr::lpcNextAddr=0x611CB000
VERBOSE::memory_page.c::88::mem_page_init_from_proc_addr::lpcBaseAddr=0x611CB000
VERBOSE::memory_page.c::89::mem_page_init_from_proc_addr::memInfo.BaseAddress=0x611CB000
VERBOSE::memory_page.c::90::mem_page_init_from_proc_addr::memInfo.RegionSize=0x00001000
VERBOSE::memory_page.c::57::mem_page_init_from_proc_addr::lpcBaseAddr=0x611CC000
VERBOSE::memory_page.c::58::mem_page_init_from_proc_addr::lpcNextAddr=0x611CC000
VERBOSE::memory_page.c::88::mem_page_init_from_proc_addr::lpcBaseAddr=0x611CC000
VERBOSE::memory_page.c::89::mem_page_init_from_proc_addr::memInfo.BaseAddress=0x611CC000
VERBOSE::memory_page.c::90::mem_page_init_from_proc_addr::memInfo.RegionSize=0x00017000
ERROR::memory_page.c::217::mem_page_destroy::Deallocating NULL page
VERBOSE::memory_manager.c::523::mem_mgr_load_proc::skip to addr 0x611E3000
VERBOSE::memory_page.c::57::mem_page_init_from_proc_addr::lpcBaseAddr=0x611E3000
VERBOSE::memory_page.c::58::mem_page_init_from_proc_addr::lpcNextAddr=0x611E3000
VERBOSE::memory_page.c::88::mem_page_init_from_proc_addr::lpcBaseAddr=0x611E3000
VERBOSE::memory_page.c::89::mem_page_init_from_proc_addr::memInfo.BaseAddress=0x611E3000
VERBOSE::memory_page.c::90::mem_page_init_from_proc_addr::memInfo.RegionSize=0x000BD000
ERROR::memory_page.c::217::mem_page_destroy::Deallocating NULL page
VERBOSE::memory_manager.c::523::mem_mgr_load_proc::skip to addr 0x612A0000
VERBOSE::memory_page.c::57::mem_page_init_from_proc_addr::lpcBaseAddr=0x612A0000
VERBOSE::memory_page.c::58::mem_page_init_from_proc_addr::lpcNextAddr=0x612A0000
VERBOSE::memory_page.c::88::mem_page_init_from_proc_addr::lpcBaseAddr=0x612A0000
VERBOSE::memory_page.c::89::mem_page_init_from_proc_addr::memInfo.BaseAddress=0x612A0000
VERBOSE::memory_page.c::90::mem_page_init_from_proc_addr::memInfo.RegionSize=0x00001000
ERROR::memory_page.c::217::mem_page_destroy::Deallocating NULL page
VERBOSE::memory_manager.c::523::mem_mgr_load_proc::skip to addr 0x612A1000
VERBOSE::memory_page.c::57::mem_page_init_from_proc_addr::lpcBaseAddr=0x612A1000
VERBOSE::memory_page.c::58::mem_page_init_from_proc_addr::lpcNextAddr=0x612A1000
VERBOSE::memory_page.c::88::mem_page_init_from_proc_addr::lpcBaseAddr=0x612A1000
VERBOSE::memory_page.c::89::mem_page_init_from_proc_addr::memInfo.BaseAddress=0x612A1000
VERBOSE::memory_page.c::90::mem_page_init_from_proc_addr::memInfo.RegionSize=0x0005B000
ERROR::memory_page.c::217::mem_page_destroy::Deallocating NULL page
VERBOSE::memory_manager.c::523::mem_mgr_load_proc::skip to addr 0x612FC000
VERBOSE::memory_page.c::57::mem_page_init_from_proc_addr::lpcBaseAddr=0x612FC000
VERBOSE::memory_page.c::58::mem_page_init_from_proc_addr::lpcNextAddr=0x612FC000
VERBOSE::memory_page.c::88::mem_page_init_from_proc_addr::lpcBaseAddr=0x612FC000
VERBOSE::memory_page.c::89::mem_page_init_from_proc_addr::memInfo.BaseAddress=0x612FC000
VERBOSE::memory_page.c::90::mem_page_init_from_proc_addr::memInfo.RegionSize=0x00003000
VERBOSE::memory_page.c::57::mem_page_init_from_proc_addr::lpcBaseAddr=0x612FF000
VERBOSE::memory_page.c::58::mem_page_init_from_proc_addr::lpcNextAddr=0x612FF000
VERBOSE::memory_page.c::88::mem_page_init_from_proc_addr::lpcBaseAddr=0x612FF000
VERBOSE::memory_page.c::89::mem_page_init_from_proc_addr::memInfo.BaseAddress=0x612FF000
VERBOSE::memory_page.c::90::mem_page_init_from_proc_addr::memInfo.RegionSize=0x00004000
ERROR::memory_page.c::217::mem_page_destroy::Deallocating NULL page
VERBOSE::memory_manager.c::523::mem_mgr_load_proc::skip to addr 0x61303000
VERBOSE::memory_page.c::57::mem_page_init_from_proc_addr::lpcBaseAddr=0x61303000
VERBOSE::memory_page.c::58::mem_page_init_from_proc_addr::lpcNextAddr=0x61303000
VERBOSE::memory_page.c::88::mem_page_init_from_proc_addr::lpcBaseAddr=0x61303000
VERBOSE::memory_page.c::89::mem_page_init_from_proc_addr::memInfo.BaseAddress=0x61303000
VERBOSE::memory_page.c::90::mem_page_init_from_proc_addr::memInfo.RegionSize=0x00001000
VERBOSE::memory_page.c::57::mem_page_init_from_proc_addr::lpcBaseAddr=0x61304000
VERBOSE::memory_page.c::58::mem_page_init_from_proc_addr::lpcNextAddr=0x61304000
VERBOSE::memory_page.c::88::mem_page_init_from_proc_addr::lpcBaseAddr=0x61304000
VERBOSE::memory_page.c::89::mem_page_init_from_proc_addr::memInfo.BaseAddress=0x61304000
VERBOSE::memory_page.c::90::mem_page_init_from_proc_addr::memInfo.RegionSize=0x00007000
ERROR::memory_page.c::217::mem_page_destroy::Deallocating NULL page
VERBOSE::memory_manager.c::523::mem_mgr_load_proc::skip to addr 0x6130B000
VERBOSE::memory_page.c::57::mem_page_init_from_proc_addr::lpcBaseAddr=0x6130B000
VERBOSE::memory_page.c::58::mem_page_init_from_proc_addr::lpcNextAddr=0x6130B000
VERBOSE::memory_page.c::88::mem_page_init_from_proc_addr::lpcBaseAddr=0x6130B000
VERBOSE::memory_page.c::89::mem_page_init_from_proc_addr::memInfo.BaseAddress=0x6130B000
VERBOSE::memory_page.c::90::mem_page_init_from_proc_addr::memInfo.RegionSize=0x00055000
ERROR::memory_page.c::217::mem_page_destroy::Deallocating NULL page
VERBOSE::memory_manager.c::523::mem_mgr_load_proc::skip to addr 0x61360000
VERBOSE::memory_page.c::57::mem_page_init_from_proc_addr::lpcBaseAddr=0x61360000
VERBOSE::memory_page.c::58::mem_page_init_from_proc_addr::lpcNextAddr=0x61360000
VERBOSE::memory_page.c::88::mem_page_init_from_proc_addr::lpcBaseAddr=0x61360000
VERBOSE::memory_page.c::89::mem_page_init_from_proc_addr::memInfo.BaseAddress=0x61360000
VERBOSE::memory_page.c::90::mem_page_init_from_proc_addr::memInfo.RegionSize=0x00001000
ERROR::memory_page.c::217::mem_page_destroy::Deallocating NULL page
VERBOSE::memory_manager.c::523::mem_mgr_load_proc::skip to addr 0x61361000
VERBOSE::memory_page.c::57::mem_page_init_from_proc_addr::lpcBaseAddr=0x61361000
VERBOSE::memory_page.c::58::mem_page_init_from_proc_addr::lpcNextAddr=0x61361000
VERBOSE::memory_page.c::88::mem_page_init_from_proc_addr::lpcBaseAddr=0x61361000
VERBOSE::memory_page.c::89::mem_page_init_from_proc_addr::memInfo.BaseAddress=0x61361000
VERBOSE::memory_page.c::90::mem_page_init_from_proc_addr::memInfo.RegionSize=0x000A9000
ERROR::memory_page.c::217::mem_page_destroy::Deallocating NULL page
VERBOSE::memory_manager.c::523::mem_mgr_load_proc::skip to addr 0x6140A000
VERBOSE::memory_page.c::57::mem_page_init_from_proc_addr::lpcBaseAddr=0x6140A000
VERBOSE::memory_page.c::58::mem_page_init_from_proc_addr::lpcNextAddr=0x6140A000
VERBOSE::memory_page.c::88::mem_page_init_from_proc_addr::lpcBaseAddr=0x6140A000
VERBOSE::memory_page.c::89::mem_page_init_from_proc_addr::memInfo.BaseAddress=0x6140A000
VERBOSE::memory_page.c::90::mem_page_init_from_proc_addr::memInfo.RegionSize=0x00002000
VERBOSE::memory_page.c::57::mem_page_init_from_proc_addr::lpcBaseAddr=0x6140C000
VERBOSE::memory_page.c::58::mem_page_init_from_proc_addr::lpcNextAddr=0x6140C000
VERBOSE::memory_page.c::88::mem_page_init_from_proc_addr::lpcBaseAddr=0x6140C000
VERBOSE::memory_page.c::89::mem_page_init_from_proc_addr::memInfo.BaseAddress=0x6140C000
VERBOSE::memory_page.c::90::mem_page_init_from_proc_addr::memInfo.RegionSize=0x0000D000
ERROR::memory_page.c::217::mem_page_destroy::Deallocating NULL page
VERBOSE::memory_manager.c::523::mem_mgr_load_proc::skip to addr 0x61419000
VERBOSE::memory_page.c::57::mem_page_init_from_proc_addr::lpcBaseAddr=0x61419000
VERBOSE::memory_page.c::58::mem_page_init_from_proc_addr::lpcNextAddr=0x61419000
VERBOSE::memory_page.c::88::mem_page_init_from_proc_addr::lpcBaseAddr=0x61419000
VERBOSE::memory_page.c::89::mem_page_init_from_proc_addr::memInfo.BaseAddress=0x61419000
VERBOSE::memory_page.c::90::mem_page_init_from_proc_addr::memInfo.RegionSize=0x09057000
ERROR::memory_page.c::217::mem_page_destroy::Deallocating NULL page
VERBOSE::memory_manager.c::523::mem_mgr_load_proc::skip to addr 0x6A470000
VERBOSE::memory_page.c::57::mem_page_init_from_proc_addr::lpcBaseAddr=0x6A470000
VERBOSE::memory_page.c::58::mem_page_init_from_proc_addr::lpcNextAddr=0x6A470000
VERBOSE::memory_page.c::88::mem_page_init_from_proc_addr::lpcBaseAddr=0x6A470000
VERBOSE::memory_page.c::89::mem_page_init_from_proc_addr::memInfo.BaseAddress=0x6A470000
VERBOSE::memory_page.c::90::mem_page_init_from_proc_addr::memInfo.RegionSize=0x00001000
ERROR::memory_page.c::217::mem_page_destroy::Deallocating NULL page
VERBOSE::memory_manager.c::523::mem_mgr_load_proc::skip to addr 0x6A471000
VERBOSE::memory_page.c::57::mem_page_init_from_proc_addr::lpcBaseAddr=0x6A471000
VERBOSE::memory_page.c::58::mem_page_init_from_proc_addr::lpcNextAddr=0x6A471000
VERBOSE::memory_page.c::88::mem_page_init_from_proc_addr::lpcBaseAddr=0x6A471000
VERBOSE::memory_page.c::89::mem_page_init_from_proc_addr::memInfo.BaseAddress=0x6A471000
VERBOSE::memory_page.c::90::mem_page_init_from_proc_addr::memInfo.RegionSize=0x00073000
ERROR::memory_page.c::217::mem_page_destroy::Deallocating NULL page
VERBOSE::memory_manager.c::523::mem_mgr_load_proc::skip to addr 0x6A4E4000
VERBOSE::memory_page.c::57::mem_page_init_from_proc_addr::lpcBaseAddr=0x6A4E4000
VERBOSE::memory_page.c::58::mem_page_init_from_proc_addr::lpcNextAddr=0x6A4E4000
VERBOSE::memory_page.c::88::mem_page_init_from_proc_addr::lpcBaseAddr=0x6A4E4000
VERBOSE::memory_page.c::89::mem_page_init_from_proc_addr::memInfo.BaseAddress=0x6A4E4000
VERBOSE::memory_page.c::90::mem_page_init_from_proc_addr::memInfo.RegionSize=0x00002000
VERBOSE::memory_page.c::57::mem_page_init_from_proc_addr::lpcBaseAddr=0x6A4E6000
VERBOSE::memory_page.c::58::mem_page_init_from_proc_addr::lpcNextAddr=0x6A4E6000
VERBOSE::memory_page.c::88::mem_page_init_from_proc_addr::lpcBaseAddr=0x6A4E6000
VERBOSE::memory_page.c::89::mem_page_init_from_proc_addr::memInfo.BaseAddress=0x6A4E6000
VERBOSE::memory_page.c::90::mem_page_init_from_proc_addr::memInfo.RegionSize=0x00009000
ERROR::memory_page.c::217::mem_page_destroy::Deallocating NULL page
VERBOSE::memory_manager.c::523::mem_mgr_load_proc::skip to addr 0x6A4EF000
VERBOSE::memory_page.c::57::mem_page_init_from_proc_addr::lpcBaseAddr=0x6A4EF000
VERBOSE::memory_page.c::58::mem_page_init_from_proc_addr::lpcNextAddr=0x6A4EF000
VERBOSE::memory_page.c::88::mem_page_init_from_proc_addr::lpcBaseAddr=0x6A4EF000
VERBOSE::memory_page.c::89::mem_page_init_from_proc_addr::memInfo.BaseAddress=0x6A4EF000
VERBOSE::memory_page.c::90::mem_page_init_from_proc_addr::memInfo.RegionSize=0x00321000
ERROR::memory_page.c::217::mem_page_destroy::Deallocating NULL page
VERBOSE::memory_manager.c::523::mem_mgr_load_proc::skip to addr 0x6A810000
VERBOSE::memory_page.c::57::mem_page_init_from_proc_addr::lpcBaseAddr=0x6A810000
VERBOSE::memory_page.c::58::mem_page_init_from_proc_addr::lpcNextAddr=0x6A810000
VERBOSE::memory_page.c::88::mem_page_init_from_proc_addr::lpcBaseAddr=0x6A810000
VERBOSE::memory_page.c::89::mem_page_init_from_proc_addr::memInfo.BaseAddress=0x6A810000
VERBOSE::memory_page.c::90::mem_page_init_from_proc_addr::memInfo.RegionSize=0x00001000
ERROR::memory_page.c::217::mem_page_destroy::Deallocating NULL page
VERBOSE::memory_manager.c::523::mem_mgr_load_proc::skip to addr 0x6A811000
VERBOSE::memory_page.c::57::mem_page_init_from_proc_addr::lpcBaseAddr=0x6A811000
VERBOSE::memory_page.c::58::mem_page_init_from_proc_addr::lpcNextAddr=0x6A811000
VERBOSE::memory_page.c::88::mem_page_init_from_proc_addr::lpcBaseAddr=0x6A811000
VERBOSE::memory_page.c::89::mem_page_init_from_proc_addr::memInfo.BaseAddress=0x6A811000
VERBOSE::memory_page.c::90::mem_page_init_from_proc_addr::memInfo.RegionSize=0x00015000
ERROR::memory_page.c::217::mem_page_destroy::Deallocating NULL page
VERBOSE::memory_manager.c::523::mem_mgr_load_proc::skip to addr 0x6A826000
VERBOSE::memory_page.c::57::mem_page_init_from_proc_addr::lpcBaseAddr=0x6A826000
VERBOSE::memory_page.c::58::mem_page_init_from_proc_addr::lpcNextAddr=0x6A826000
VERBOSE::memory_page.c::88::mem_page_init_from_proc_addr::lpcBaseAddr=0x6A826000
VERBOSE::memory_page.c::89::mem_page_init_from_proc_addr::memInfo.BaseAddress=0x6A826000
VERBOSE::memory_page.c::90::mem_page_init_from_proc_addr::memInfo.RegionSize=0x00001000
VERBOSE::memory_page.c::57::mem_page_init_from_proc_addr::lpcBaseAddr=0x6A827000
VERBOSE::memory_page.c::58::mem_page_init_from_proc_addr::lpcNextAddr=0x6A827000
VERBOSE::memory_page.c::88::mem_page_init_from_proc_addr::lpcBaseAddr=0x6A827000
VERBOSE::memory_page.c::89::mem_page_init_from_proc_addr::memInfo.BaseAddress=0x6A827000
VERBOSE::memory_page.c::90::mem_page_init_from_proc_addr::memInfo.RegionSize=0x00006000
ERROR::memory_page.c::217::mem_page_destroy::Deallocating NULL page
VERBOSE::memory_manager.c::523::mem_mgr_load_proc::skip to addr 0x6A82D000
VERBOSE::memory_page.c::57::mem_page_init_from_proc_addr::lpcBaseAddr=0x6A82D000
VERBOSE::memory_page.c::58::mem_page_init_from_proc_addr::lpcNextAddr=0x6A82D000
VERBOSE::memory_page.c::88::mem_page_init_from_proc_addr::lpcBaseAddr=0x6A82D000
VERBOSE::memory_page.c::89::mem_page_init_from_proc_addr::memInfo.BaseAddress=0x6A82D000
VERBOSE::memory_page.c::90::mem_page_init_from_proc_addr::memInfo.RegionSize=0x00203000
ERROR::memory_page.c::217::mem_page_destroy::Deallocating NULL page
VERBOSE::memory_manager.c::523::mem_mgr_load_proc::skip to addr 0x6AA30000
VERBOSE::memory_page.c::57::mem_page_init_from_proc_addr::lpcBaseAddr=0x6AA30000
VERBOSE::memory_page.c::58::mem_page_init_from_proc_addr::lpcNextAddr=0x6AA30000
VERBOSE::memory_page.c::88::mem_page_init_from_proc_addr::lpcBaseAddr=0x6AA30000
VERBOSE::memory_page.c::89::mem_page_init_from_proc_addr::memInfo.BaseAddress=0x6AA30000
VERBOSE::memory_page.c::90::mem_page_init_from_proc_addr::memInfo.RegionSize=0x00001000
ERROR::memory_page.c::217::mem_page_destroy::Deallocating NULL page
VERBOSE::memory_manager.c::523::mem_mgr_load_proc::skip to addr 0x6AA31000
VERBOSE::memory_page.c::57::mem_page_init_from_proc_addr::lpcBaseAddr=0x6AA31000
VERBOSE::memory_page.c::58::mem_page_init_from_proc_addr::lpcNextAddr=0x6AA31000
VERBOSE::memory_page.c::88::mem_page_init_from_proc_addr::lpcBaseAddr=0x6AA31000
VERBOSE::memory_page.c::89::mem_page_init_from_proc_addr::memInfo.BaseAddress=0x6AA31000
VERBOSE::memory_page.c::90::mem_page_init_from_proc_addr::memInfo.RegionSize=0x00012000
ERROR::memory_page.c::217::mem_page_destroy::Deallocating NULL page
VERBOSE::memory_manager.c::523::mem_mgr_load_proc::skip to addr 0x6AA43000
VERBOSE::memory_page.c::57::mem_page_init_from_proc_addr::lpcBaseAddr=0x6AA43000
VERBOSE::memory_page.c::58::mem_page_init_from_proc_addr::lpcNextAddr=0x6AA43000
VERBOSE::memory_page.c::88::mem_page_init_from_proc_addr::lpcBaseAddr=0x6AA43000
VERBOSE::memory_page.c::89::mem_page_init_from_proc_addr::memInfo.BaseAddress=0x6AA43000
VERBOSE::memory_page.c::90::mem_page_init_from_proc_addr::memInfo.RegionSize=0x00001000
VERBOSE::memory_page.c::57::mem_page_init_from_proc_addr::lpcBaseAddr=0x6AA44000
VERBOSE::memory_page.c::58::mem_page_init_from_proc_addr::lpcNextAddr=0x6AA44000
VERBOSE::memory_page.c::88::mem_page_init_from_proc_addr::lpcBaseAddr=0x6AA44000
VERBOSE::memory_page.c::89::mem_page_init_from_proc_addr::memInfo.BaseAddress=0x6AA44000
VERBOSE::memory_page.c::90::mem_page_init_from_proc_addr::memInfo.RegionSize=0x00005000
ERROR::memory_page.c::217::mem_page_destroy::Deallocating NULL page
VERBOSE::memory_manager.c::523::mem_mgr_load_proc::skip to addr 0x6AA49000
VERBOSE::memory_page.c::57::mem_page_init_from_proc_addr::lpcBaseAddr=0x6AA49000
VERBOSE::memory_page.c::58::mem_page_init_from_proc_addr::lpcNextAddr=0x6AA49000
VERBOSE::memory_page.c::88::mem_page_init_from_proc_addr::lpcBaseAddr=0x6AA49000
VERBOSE::memory_page.c::89::mem_page_init_from_proc_addr::memInfo.BaseAddress=0x6AA49000
VERBOSE::memory_page.c::90::mem_page_init_from_proc_addr::memInfo.RegionSize=0x00937000
ERROR::memory_page.c::217::mem_page_destroy::Deallocating NULL page
VERBOSE::memory_manager.c::523::mem_mgr_load_proc::skip to addr 0x6B380000
VERBOSE::memory_page.c::57::mem_page_init_from_proc_addr::lpcBaseAddr=0x6B380000
VERBOSE::memory_page.c::58::mem_page_init_from_proc_addr::lpcNextAddr=0x6B380000
VERBOSE::memory_page.c::88::mem_page_init_from_proc_addr::lpcBaseAddr=0x6B380000
VERBOSE::memory_page.c::89::mem_page_init_from_proc_addr::memInfo.BaseAddress=0x6B380000
VERBOSE::memory_page.c::90::mem_page_init_from_proc_addr::memInfo.RegionSize=0x00001000
ERROR::memory_page.c::217::mem_page_destroy::Deallocating NULL page
VERBOSE::memory_manager.c::523::mem_mgr_load_proc::skip to addr 0x6B381000
VERBOSE::memory_page.c::57::mem_page_init_from_proc_addr::lpcBaseAddr=0x6B381000
VERBOSE::memory_page.c::58::mem_page_init_from_proc_addr::lpcNextAddr=0x6B381000
VERBOSE::memory_page.c::88::mem_page_init_from_proc_addr::lpcBaseAddr=0x6B381000
VERBOSE::memory_page.c::89::mem_page_init_from_proc_addr::memInfo.BaseAddress=0x6B381000
VERBOSE::memory_page.c::90::mem_page_init_from_proc_addr::memInfo.RegionSize=0x0016A000
ERROR::memory_page.c::217::mem_page_destroy::Deallocating NULL page
VERBOSE::memory_manager.c::523::mem_mgr_load_proc::skip to addr 0x6B4EB000
VERBOSE::memory_page.c::57::mem_page_init_from_proc_addr::lpcBaseAddr=0x6B4EB000
VERBOSE::memory_page.c::58::mem_page_init_from_proc_addr::lpcNextAddr=0x6B4EB000
VERBOSE::memory_page.c::88::mem_page_init_from_proc_addr::lpcBaseAddr=0x6B4EB000
VERBOSE::memory_page.c::89::mem_page_init_from_proc_addr::memInfo.BaseAddress=0x6B4EB000
VERBOSE::memory_page.c::90::mem_page_init_from_proc_addr::memInfo.RegionSize=0x00003000
VERBOSE::memory_page.c::57::mem_page_init_from_proc_addr::lpcBaseAddr=0x6B4EE000
VERBOSE::memory_page.c::58::mem_page_init_from_proc_addr::lpcNextAddr=0x6B4EE000
VERBOSE::memory_page.c::88::mem_page_init_from_proc_addr::lpcBaseAddr=0x6B4EE000
VERBOSE::memory_page.c::89::mem_page_init_from_proc_addr::memInfo.BaseAddress=0x6B4EE000
VERBOSE::memory_page.c::90::mem_page_init_from_proc_addr::memInfo.RegionSize=0x00021000
ERROR::memory_page.c::217::mem_page_destroy::Deallocating NULL page
VERBOSE::memory_manager.c::523::mem_mgr_load_proc::skip to addr 0x6B50F000
VERBOSE::memory_page.c::57::mem_page_init_from_proc_addr::lpcBaseAddr=0x6B50F000
VERBOSE::memory_page.c::58::mem_page_init_from_proc_addr::lpcNextAddr=0x6B50F000
VERBOSE::memory_page.c::88::mem_page_init_from_proc_addr::lpcBaseAddr=0x6B50F000
VERBOSE::memory_page.c::89::mem_page_init_from_proc_addr::memInfo.BaseAddress=0x6B50F000
VERBOSE::memory_page.c::90::mem_page_init_from_proc_addr::memInfo.RegionSize=0x00001000
ERROR::memory_page.c::217::mem_page_destroy::Deallocating NULL page
VERBOSE::memory_manager.c::523::mem_mgr_load_proc::skip to addr 0x6B510000
VERBOSE::memory_page.c::57::mem_page_init_from_proc_addr::lpcBaseAddr=0x6B510000
VERBOSE::memory_page.c::58::mem_page_init_from_proc_addr::lpcNextAddr=0x6B510000
VERBOSE::memory_page.c::88::mem_page_init_from_proc_addr::lpcBaseAddr=0x6B510000
VERBOSE::memory_page.c::89::mem_page_init_from_proc_addr::memInfo.BaseAddress=0x6B510000
VERBOSE::memory_page.c::90::mem_page_init_from_proc_addr::memInfo.RegionSize=0x00001000
ERROR::memory_page.c::217::mem_page_destroy::Deallocating NULL page
VERBOSE::memory_manager.c::523::mem_mgr_load_proc::skip to addr 0x6B511000
VERBOSE::memory_page.c::57::mem_page_init_from_proc_addr::lpcBaseAddr=0x6B511000
VERBOSE::memory_page.c::58::mem_page_init_from_proc_addr::lpcNextAddr=0x6B511000
VERBOSE::memory_page.c::88::mem_page_init_from_proc_addr::lpcBaseAddr=0x6B511000
VERBOSE::memory_page.c::89::mem_page_init_from_proc_addr::memInfo.BaseAddress=0x6B511000
VERBOSE::memory_page.c::90::mem_page_init_from_proc_addr::memInfo.RegionSize=0x0009A000
ERROR::memory_page.c::217::mem_page_destroy::Deallocating NULL page
VERBOSE::memory_manager.c::523::mem_mgr_load_proc::skip to addr 0x6B5AB000
VERBOSE::memory_page.c::57::mem_page_init_from_proc_addr::lpcBaseAddr=0x6B5AB000
VERBOSE::memory_page.c::58::mem_page_init_from_proc_addr::lpcNextAddr=0x6B5AB000
VERBOSE::memory_page.c::88::mem_page_init_from_proc_addr::lpcBaseAddr=0x6B5AB000
VERBOSE::memory_page.c::89::mem_page_init_from_proc_addr::memInfo.BaseAddress=0x6B5AB000
VERBOSE::memory_page.c::90::mem_page_init_from_proc_addr::memInfo.RegionSize=0x00004000
VERBOSE::memory_page.c::57::mem_page_init_from_proc_addr::lpcBaseAddr=0x6B5AF000
VERBOSE::memory_page.c::58::mem_page_init_from_proc_addr::lpcNextAddr=0x6B5AF000
VERBOSE::memory_page.c::88::mem_page_init_from_proc_addr::lpcBaseAddr=0x6B5AF000
VERBOSE::memory_page.c::89::mem_page_init_from_proc_addr::memInfo.BaseAddress=0x6B5AF000
VERBOSE::memory_page.c::90::mem_page_init_from_proc_addr::memInfo.RegionSize=0x00024000
ERROR::memory_page.c::217::mem_page_destroy::Deallocating NULL page
VERBOSE::memory_manager.c::523::mem_mgr_load_proc::skip to addr 0x6B5D3000
VERBOSE::memory_page.c::57::mem_page_init_from_proc_addr::lpcBaseAddr=0x6B5D3000
VERBOSE::memory_page.c::58::mem_page_init_from_proc_addr::lpcNextAddr=0x6B5D3000
VERBOSE::memory_page.c::88::mem_page_init_from_proc_addr::lpcBaseAddr=0x6B5D3000
VERBOSE::memory_page.c::89::mem_page_init_from_proc_addr::memInfo.BaseAddress=0x6B5D3000
VERBOSE::memory_page.c::90::mem_page_init_from_proc_addr::memInfo.RegionSize=0x0039D000
ERROR::memory_page.c::217::mem_page_destroy::Deallocating NULL page
VERBOSE::memory_manager.c::523::mem_mgr_load_proc::skip to addr 0x6B970000
VERBOSE::memory_page.c::57::mem_page_init_from_proc_addr::lpcBaseAddr=0x6B970000
VERBOSE::memory_page.c::58::mem_page_init_from_proc_addr::lpcNextAddr=0x6B970000
VERBOSE::memory_page.c::88::mem_page_init_from_proc_addr::lpcBaseAddr=0x6B970000
VERBOSE::memory_page.c::89::mem_page_init_from_proc_addr::memInfo.BaseAddress=0x6B970000
VERBOSE::memory_page.c::90::mem_page_init_from_proc_addr::memInfo.RegionSize=0x00001000
ERROR::memory_page.c::217::mem_page_destroy::Deallocating NULL page
VERBOSE::memory_manager.c::523::mem_mgr_load_proc::skip to addr 0x6B971000
VERBOSE::memory_page.c::57::mem_page_init_from_proc_addr::lpcBaseAddr=0x6B971000
VERBOSE::memory_page.c::58::mem_page_init_from_proc_addr::lpcNextAddr=0x6B971000
VERBOSE::memory_page.c::88::mem_page_init_from_proc_addr::lpcBaseAddr=0x6B971000
VERBOSE::memory_page.c::89::mem_page_init_from_proc_addr::memInfo.BaseAddress=0x6B971000
VERBOSE::memory_page.c::90::mem_page_init_from_proc_addr::memInfo.RegionSize=0x00018000
ERROR::memory_page.c::217::mem_page_destroy::Deallocating NULL page
VERBOSE::memory_manager.c::523::mem_mgr_load_proc::skip to addr 0x6B989000
VERBOSE::memory_page.c::57::mem_page_init_from_proc_addr::lpcBaseAddr=0x6B989000
VERBOSE::memory_page.c::58::mem_page_init_from_proc_addr::lpcNextAddr=0x6B989000
VERBOSE::memory_page.c::88::mem_page_init_from_proc_addr::lpcBaseAddr=0x6B989000
VERBOSE::memory_page.c::89::mem_page_init_from_proc_addr::memInfo.BaseAddress=0x6B989000
VERBOSE::memory_page.c::90::mem_page_init_from_proc_addr::memInfo.RegionSize=0x00003000
VERBOSE::memory_page.c::57::mem_page_init_from_proc_addr::lpcBaseAddr=0x6B98C000
VERBOSE::memory_page.c::58::mem_page_init_from_proc_addr::lpcNextAddr=0x6B98C000
VERBOSE::memory_page.c::88::mem_page_init_from_proc_addr::lpcBaseAddr=0x6B98C000
VERBOSE::memory_page.c::89::mem_page_init_from_proc_addr::memInfo.BaseAddress=0x6B98C000
VERBOSE::memory_page.c::90::mem_page_init_from_proc_addr::memInfo.RegionSize=0x0000A000
ERROR::memory_page.c::217::mem_page_destroy::Deallocating NULL page
VERBOSE::memory_manager.c::523::mem_mgr_load_proc::skip to addr 0x6B996000
VERBOSE::memory_page.c::57::mem_page_init_from_proc_addr::lpcBaseAddr=0x6B996000
VERBOSE::memory_page.c::58::mem_page_init_from_proc_addr::lpcNextAddr=0x6B996000
VERBOSE::memory_page.c::88::mem_page_init_from_proc_addr::lpcBaseAddr=0x6B996000
VERBOSE::memory_page.c::89::mem_page_init_from_proc_addr::memInfo.BaseAddress=0x6B996000
VERBOSE::memory_page.c::90::mem_page_init_from_proc_addr::memInfo.RegionSize=0x0027A000
ERROR::memory_page.c::217::mem_page_destroy::Deallocating NULL page
VERBOSE::memory_manager.c::523::mem_mgr_load_proc::skip to addr 0x6BC10000
VERBOSE::memory_page.c::57::mem_page_init_from_proc_addr::lpcBaseAddr=0x6BC10000
VERBOSE::memory_page.c::58::mem_page_init_from_proc_addr::lpcNextAddr=0x6BC10000
VERBOSE::memory_page.c::88::mem_page_init_from_proc_addr::lpcBaseAddr=0x6BC10000
VERBOSE::memory_page.c::89::mem_page_init_from_proc_addr::memInfo.BaseAddress=0x6BC10000
VERBOSE::memory_page.c::90::mem_page_init_from_proc_addr::memInfo.RegionSize=0x00001000
ERROR::memory_page.c::217::mem_page_destroy::Deallocating NULL page
VERBOSE::memory_manager.c::523::mem_mgr_load_proc::skip to addr 0x6BC11000
VERBOSE::memory_page.c::57::mem_page_init_from_proc_addr::lpcBaseAddr=0x6BC11000
VERBOSE::memory_page.c::58::mem_page_init_from_proc_addr::lpcNextAddr=0x6BC11000
VERBOSE::memory_page.c::88::mem_page_init_from_proc_addr::lpcBaseAddr=0x6BC11000
VERBOSE::memory_page.c::89::mem_page_init_from_proc_addr::memInfo.BaseAddress=0x6BC11000
VERBOSE::memory_page.c::90::mem_page_init_from_proc_addr::memInfo.RegionSize=0x0016C000
ERROR::memory_page.c::217::mem_page_destroy::Deallocating NULL page
VERBOSE::memory_manager.c::523::mem_mgr_load_proc::skip to addr 0x6BD7D000
VERBOSE::memory_page.c::57::mem_page_init_from_proc_addr::lpcBaseAddr=0x6BD7D000
VERBOSE::memory_page.c::58::mem_page_init_from_proc_addr::lpcNextAddr=0x6BD7D000
VERBOSE::memory_page.c::88::mem_page_init_from_proc_addr::lpcBaseAddr=0x6BD7D000
VERBOSE::memory_page.c::89::mem_page_init_from_proc_addr::memInfo.BaseAddress=0x6BD7D000
VERBOSE::memory_page.c::90::mem_page_init_from_proc_addr::memInfo.RegionSize=0x000AA000
ERROR::memory_page.c::217::mem_page_destroy::Deallocating NULL page
VERBOSE::memory_manager.c::523::mem_mgr_load_proc::skip to addr 0x6BE27000
VERBOSE::memory_page.c::57::mem_page_init_from_proc_addr::lpcBaseAddr=0x6BE27000
VERBOSE::memory_page.c::58::mem_page_init_from_proc_addr::lpcNextAddr=0x6BE27000
VERBOSE::memory_page.c::88::mem_page_init_from_proc_addr::lpcBaseAddr=0x6BE27000
VERBOSE::memory_page.c::89::mem_page_init_from_proc_addr::memInfo.BaseAddress=0x6BE27000
VERBOSE::memory_page.c::90::mem_page_init_from_proc_addr::memInfo.RegionSize=0x00003000
VERBOSE::memory_page.c::57::mem_page_init_from_proc_addr::lpcBaseAddr=0x6BE2A000
VERBOSE::memory_page.c::58::mem_page_init_from_proc_addr::lpcNextAddr=0x6BE2A000
VERBOSE::memory_page.c::88::mem_page_init_from_proc_addr::lpcBaseAddr=0x6BE2A000
VERBOSE::memory_page.c::89::mem_page_init_from_proc_addr::memInfo.BaseAddress=0x6BE2A000
VERBOSE::memory_page.c::90::mem_page_init_from_proc_addr::memInfo.RegionSize=0x00064000
ERROR::memory_page.c::217::mem_page_destroy::Deallocating NULL page
VERBOSE::memory_manager.c::523::mem_mgr_load_proc::skip to addr 0x6BE8E000
VERBOSE::memory_page.c::57::mem_page_init_from_proc_addr::lpcBaseAddr=0x6BE8E000
VERBOSE::memory_page.c::58::mem_page_init_from_proc_addr::lpcNextAddr=0x6BE8E000
VERBOSE::memory_page.c::88::mem_page_init_from_proc_addr::lpcBaseAddr=0x6BE8E000
VERBOSE::memory_page.c::89::mem_page_init_from_proc_addr::memInfo.BaseAddress=0x6BE8E000
VERBOSE::memory_page.c::90::mem_page_init_from_proc_addr::memInfo.RegionSize=0x00002000
ERROR::memory_page.c::217::mem_page_destroy::Deallocating NULL page
VERBOSE::memory_manager.c::523::mem_mgr_load_proc::skip to addr 0x6BE90000
VERBOSE::memory_page.c::57::mem_page_init_from_proc_addr::lpcBaseAddr=0x6BE90000
VERBOSE::memory_page.c::58::mem_page_init_from_proc_addr::lpcNextAddr=0x6BE90000
VERBOSE::memory_page.c::88::mem_page_init_from_proc_addr::lpcBaseAddr=0x6BE90000
VERBOSE::memory_page.c::89::mem_page_init_from_proc_addr::memInfo.BaseAddress=0x6BE90000
VERBOSE::memory_page.c::90::mem_page_init_from_proc_addr::memInfo.RegionSize=0x00001000
ERROR::memory_page.c::217::mem_page_destroy::Deallocating NULL page
VERBOSE::memory_manager.c::523::mem_mgr_load_proc::skip to addr 0x6BE91000
VERBOSE::memory_page.c::57::mem_page_init_from_proc_addr::lpcBaseAddr=0x6BE91000
VERBOSE::memory_page.c::58::mem_page_init_from_proc_addr::lpcNextAddr=0x6BE91000
VERBOSE::memory_page.c::88::mem_page_init_from_proc_addr::lpcBaseAddr=0x6BE91000
VERBOSE::memory_page.c::89::mem_page_init_from_proc_addr::memInfo.BaseAddress=0x6BE91000
VERBOSE::memory_page.c::90::mem_page_init_from_proc_addr::memInfo.RegionSize=0x00065000
ERROR::memory_page.c::217::mem_page_destroy::Deallocating NULL page
VERBOSE::memory_manager.c::523::mem_mgr_load_proc::skip to addr 0x6BEF6000
VERBOSE::memory_page.c::57::mem_page_init_from_proc_addr::lpcBaseAddr=0x6BEF6000
VERBOSE::memory_page.c::58::mem_page_init_from_proc_addr::lpcNextAddr=0x6BEF6000
VERBOSE::memory_page.c::88::mem_page_init_from_proc_addr::lpcBaseAddr=0x6BEF6000
VERBOSE::memory_page.c::89::mem_page_init_from_proc_addr::memInfo.BaseAddress=0x6BEF6000
VERBOSE::memory_page.c::90::mem_page_init_from_proc_addr::memInfo.RegionSize=0x0001C000
ERROR::memory_page.c::217::mem_page_destroy::Deallocating NULL page
VERBOSE::memory_manager.c::523::mem_mgr_load_proc::skip to addr 0x6BF12000
VERBOSE::memory_page.c::57::mem_page_init_from_proc_addr::lpcBaseAddr=0x6BF12000
VERBOSE::memory_page.c::58::mem_page_init_from_proc_addr::lpcNextAddr=0x6BF12000
VERBOSE::memory_page.c::88::mem_page_init_from_proc_addr::lpcBaseAddr=0x6BF12000
VERBOSE::memory_page.c::89::mem_page_init_from_proc_addr::memInfo.BaseAddress=0x6BF12000
VERBOSE::memory_page.c::90::mem_page_init_from_proc_addr::memInfo.RegionSize=0x00002000
VERBOSE::memory_page.c::57::mem_page_init_from_proc_addr::lpcBaseAddr=0x6BF14000
VERBOSE::memory_page.c::58::mem_page_init_from_proc_addr::lpcNextAddr=0x6BF14000
VERBOSE::memory_page.c::88::mem_page_init_from_proc_addr::lpcBaseAddr=0x6BF14000
VERBOSE::memory_page.c::89::mem_page_init_from_proc_addr::memInfo.BaseAddress=0x6BF14000
VERBOSE::memory_page.c::90::mem_page_init_from_proc_addr::memInfo.RegionSize=0x00017000
ERROR::memory_page.c::217::mem_page_destroy::Deallocating NULL page
VERBOSE::memory_manager.c::523::mem_mgr_load_proc::skip to addr 0x6BF2B000
VERBOSE::memory_page.c::57::mem_page_init_from_proc_addr::lpcBaseAddr=0x6BF2B000
VERBOSE::memory_page.c::58::mem_page_init_from_proc_addr::lpcNextAddr=0x6BF2B000
VERBOSE::memory_page.c::88::mem_page_init_from_proc_addr::lpcBaseAddr=0x6BF2B000
VERBOSE::memory_page.c::89::mem_page_init_from_proc_addr::memInfo.BaseAddress=0x6BF2B000
VERBOSE::memory_page.c::90::mem_page_init_from_proc_addr::memInfo.RegionSize=0x00005000
ERROR::memory_page.c::217::mem_page_destroy::Deallocating NULL page
VERBOSE::memory_manager.c::523::mem_mgr_load_proc::skip to addr 0x6BF30000
VERBOSE::memory_page.c::57::mem_page_init_from_proc_addr::lpcBaseAddr=0x6BF30000
VERBOSE::memory_page.c::58::mem_page_init_from_proc_addr::lpcNextAddr=0x6BF30000
VERBOSE::memory_page.c::88::mem_page_init_from_proc_addr::lpcBaseAddr=0x6BF30000
VERBOSE::memory_page.c::89::mem_page_init_from_proc_addr::memInfo.BaseAddress=0x6BF30000
VERBOSE::memory_page.c::90::mem_page_init_from_proc_addr::memInfo.RegionSize=0x00001000
ERROR::memory_page.c::217::mem_page_destroy::Deallocating NULL page
VERBOSE::memory_manager.c::523::mem_mgr_load_proc::skip to addr 0x6BF31000
VERBOSE::memory_page.c::57::mem_page_init_from_proc_addr::lpcBaseAddr=0x6BF31000
VERBOSE::memory_page.c::58::mem_page_init_from_proc_addr::lpcNextAddr=0x6BF31000
VERBOSE::memory_page.c::88::mem_page_init_from_proc_addr::lpcBaseAddr=0x6BF31000
VERBOSE::memory_page.c::89::mem_page_init_from_proc_addr::memInfo.BaseAddress=0x6BF31000
VERBOSE::memory_page.c::90::mem_page_init_from_proc_addr::memInfo.RegionSize=0x000BD000
ERROR::memory_page.c::217::mem_page_destroy::Deallocating NULL page
VERBOSE::memory_manager.c::523::mem_mgr_load_proc::skip to addr 0x6BFEE000
VERBOSE::memory_page.c::57::mem_page_init_from_proc_addr::lpcBaseAddr=0x6BFEE000
VERBOSE::memory_page.c::58::mem_page_init_from_proc_addr::lpcNextAddr=0x6BFEE000
VERBOSE::memory_page.c::88::mem_page_init_from_proc_addr::lpcBaseAddr=0x6BFEE000
VERBOSE::memory_page.c::89::mem_page_init_from_proc_addr::memInfo.BaseAddress=0x6BFEE000
VERBOSE::memory_page.c::90::mem_page_init_from_proc_addr::memInfo.RegionSize=0x00002000
VERBOSE::memory_page.c::57::mem_page_init_from_proc_addr::lpcBaseAddr=0x6BFF0000
VERBOSE::memory_page.c::58::mem_page_init_from_proc_addr::lpcNextAddr=0x6BFF0000
VERBOSE::memory_page.c::88::mem_page_init_from_proc_addr::lpcBaseAddr=0x6BFF0000
VERBOSE::memory_page.c::89::mem_page_init_from_proc_addr::memInfo.BaseAddress=0x6BFF0000
VERBOSE::memory_page.c::90::mem_page_init_from_proc_addr::memInfo.RegionSize=0x0001B000
ERROR::memory_page.c::217::mem_page_destroy::Deallocating NULL page
VERBOSE::memory_manager.c::523::mem_mgr_load_proc::skip to addr 0x6C00B000
VERBOSE::memory_page.c::57::mem_page_init_from_proc_addr::lpcBaseAddr=0x6C00B000
VERBOSE::memory_page.c::58::mem_page_init_from_proc_addr::lpcNextAddr=0x6C00B000
VERBOSE::memory_page.c::88::mem_page_init_from_proc_addr::lpcBaseAddr=0x6C00B000
VERBOSE::memory_page.c::89::mem_page_init_from_proc_addr::memInfo.BaseAddress=0x6C00B000
VERBOSE::memory_page.c::90::mem_page_init_from_proc_addr::memInfo.RegionSize=0x00005000
ERROR::memory_page.c::217::mem_page_destroy::Deallocating NULL page
VERBOSE::memory_manager.c::523::mem_mgr_load_proc::skip to addr 0x6C010000
VERBOSE::memory_page.c::57::mem_page_init_from_proc_addr::lpcBaseAddr=0x6C010000
VERBOSE::memory_page.c::58::mem_page_init_from_proc_addr::lpcNextAddr=0x6C010000
VERBOSE::memory_page.c::88::mem_page_init_from_proc_addr::lpcBaseAddr=0x6C010000
VERBOSE::memory_page.c::89::mem_page_init_from_proc_addr::memInfo.BaseAddress=0x6C010000
VERBOSE::memory_page.c::90::mem_page_init_from_proc_addr::memInfo.RegionSize=0x00001000
ERROR::memory_page.c::217::mem_page_destroy::Deallocating NULL page
VERBOSE::memory_manager.c::523::mem_mgr_load_proc::skip to addr 0x6C011000
VERBOSE::memory_page.c::57::mem_page_init_from_proc_addr::lpcBaseAddr=0x6C011000
VERBOSE::memory_page.c::58::mem_page_init_from_proc_addr::lpcNextAddr=0x6C011000
VERBOSE::memory_page.c::88::mem_page_init_from_proc_addr::lpcBaseAddr=0x6C011000
VERBOSE::memory_page.c::89::mem_page_init_from_proc_addr::memInfo.BaseAddress=0x6C011000
VERBOSE::memory_page.c::90::mem_page_init_from_proc_addr::memInfo.RegionSize=0x000AF000
ERROR::memory_page.c::217::mem_page_destroy::Deallocating NULL page
VERBOSE::memory_manager.c::523::mem_mgr_load_proc::skip to addr 0x6C0C0000
VERBOSE::memory_page.c::57::mem_page_init_from_proc_addr::lpcBaseAddr=0x6C0C0000
VERBOSE::memory_page.c::58::mem_page_init_from_proc_addr::lpcNextAddr=0x6C0C0000
VERBOSE::memory_page.c::88::mem_page_init_from_proc_addr::lpcBaseAddr=0x6C0C0000
VERBOSE::memory_page.c::89::mem_page_init_from_proc_addr::memInfo.BaseAddress=0x6C0C0000
VERBOSE::memory_page.c::90::mem_page_init_from_proc_addr::memInfo.RegionSize=0x00001000
VERBOSE::memory_page.c::57::mem_page_init_from_proc_addr::lpcBaseAddr=0x6C0C1000
VERBOSE::memory_page.c::58::mem_page_init_from_proc_addr::lpcNextAddr=0x6C0C1000
VERBOSE::memory_page.c::88::mem_page_init_from_proc_addr::lpcBaseAddr=0x6C0C1000
VERBOSE::memory_page.c::89::mem_page_init_from_proc_addr::memInfo.BaseAddress=0x6C0C1000
VERBOSE::memory_page.c::90::mem_page_init_from_proc_addr::memInfo.RegionSize=0x00011000
ERROR::memory_page.c::217::mem_page_destroy::Deallocating NULL page
VERBOSE::memory_manager.c::523::mem_mgr_load_proc::skip to addr 0x6C0D2000
VERBOSE::memory_page.c::57::mem_page_init_from_proc_addr::lpcBaseAddr=0x6C0D2000
VERBOSE::memory_page.c::58::mem_page_init_from_proc_addr::lpcNextAddr=0x6C0D2000
VERBOSE::memory_page.c::88::mem_page_init_from_proc_addr::lpcBaseAddr=0x6C0D2000
VERBOSE::memory_page.c::89::mem_page_init_from_proc_addr::memInfo.BaseAddress=0x6C0D2000
VERBOSE::memory_page.c::90::mem_page_init_from_proc_addr::memInfo.RegionSize=0x0000E000
ERROR::memory_page.c::217::mem_page_destroy::Deallocating NULL page
VERBOSE::memory_manager.c::523::mem_mgr_load_proc::skip to addr 0x6C0E0000
VERBOSE::memory_page.c::57::mem_page_init_from_proc_addr::lpcBaseAddr=0x6C0E0000
VERBOSE::memory_page.c::58::mem_page_init_from_proc_addr::lpcNextAddr=0x6C0E0000
VERBOSE::memory_page.c::88::mem_page_init_from_proc_addr::lpcBaseAddr=0x6C0E0000
VERBOSE::memory_page.c::89::mem_page_init_from_proc_addr::memInfo.BaseAddress=0x6C0E0000
VERBOSE::memory_page.c::90::mem_page_init_from_proc_addr::memInfo.RegionSize=0x00001000
ERROR::memory_page.c::217::mem_page_destroy::Deallocating NULL page
VERBOSE::memory_manager.c::523::mem_mgr_load_proc::skip to addr 0x6C0E1000
VERBOSE::memory_page.c::57::mem_page_init_from_proc_addr::lpcBaseAddr=0x6C0E1000
VERBOSE::memory_page.c::58::mem_page_init_from_proc_addr::lpcNextAddr=0x6C0E1000
VERBOSE::memory_page.c::88::mem_page_init_from_proc_addr::lpcBaseAddr=0x6C0E1000
VERBOSE::memory_page.c::89::mem_page_init_from_proc_addr::memInfo.BaseAddress=0x6C0E1000
VERBOSE::memory_page.c::90::mem_page_init_from_proc_addr::memInfo.RegionSize=0x000D4000
ERROR::memory_page.c::217::mem_page_destroy::Deallocating NULL page
VERBOSE::memory_manager.c::523::mem_mgr_load_proc::skip to addr 0x6C1B5000
VERBOSE::memory_page.c::57::mem_page_init_from_proc_addr::lpcBaseAddr=0x6C1B5000
VERBOSE::memory_page.c::58::mem_page_init_from_proc_addr::lpcNextAddr=0x6C1B5000
VERBOSE::memory_page.c::88::mem_page_init_from_proc_addr::lpcBaseAddr=0x6C1B5000
VERBOSE::memory_page.c::89::mem_page_init_from_proc_addr::memInfo.BaseAddress=0x6C1B5000
VERBOSE::memory_page.c::90::mem_page_init_from_proc_addr::memInfo.RegionSize=0x00003000
VERBOSE::memory_page.c::57::mem_page_init_from_proc_addr::lpcBaseAddr=0x6C1B8000
VERBOSE::memory_page.c::58::mem_page_init_from_proc_addr::lpcNextAddr=0x6C1B8000
VERBOSE::memory_page.c::88::mem_page_init_from_proc_addr::lpcBaseAddr=0x6C1B8000
VERBOSE::memory_page.c::89::mem_page_init_from_proc_addr::memInfo.BaseAddress=0x6C1B8000
VERBOSE::memory_page.c::90::mem_page_init_from_proc_addr::memInfo.RegionSize=0x00015000
ERROR::memory_page.c::217::mem_page_destroy::Deallocating NULL page
VERBOSE::memory_manager.c::523::mem_mgr_load_proc::skip to addr 0x6C1CD000
VERBOSE::memory_page.c::57::mem_page_init_from_proc_addr::lpcBaseAddr=0x6C1CD000
VERBOSE::memory_page.c::58::mem_page_init_from_proc_addr::lpcNextAddr=0x6C1CD000
VERBOSE::memory_page.c::88::mem_page_init_from_proc_addr::lpcBaseAddr=0x6C1CD000
VERBOSE::memory_page.c::89::mem_page_init_from_proc_addr::memInfo.BaseAddress=0x6C1CD000
VERBOSE::memory_page.c::90::mem_page_init_from_proc_addr::memInfo.RegionSize=0x02BD3000
ERROR::memory_page.c::217::mem_page_destroy::Deallocating NULL page
VERBOSE::memory_manager.c::523::mem_mgr_load_proc::skip to addr 0x6EDA0000
VERBOSE::memory_page.c::57::mem_page_init_from_proc_addr::lpcBaseAddr=0x6EDA0000
VERBOSE::memory_page.c::58::mem_page_init_from_proc_addr::lpcNextAddr=0x6EDA0000
VERBOSE::memory_page.c::88::mem_page_init_from_proc_addr::lpcBaseAddr=0x6EDA0000
VERBOSE::memory_page.c::89::mem_page_init_from_proc_addr::memInfo.BaseAddress=0x6EDA0000
VERBOSE::memory_page.c::90::mem_page_init_from_proc_addr::memInfo.RegionSize=0x00001000
ERROR::memory_page.c::217::mem_page_destroy::Deallocating NULL page
VERBOSE::memory_manager.c::523::mem_mgr_load_proc::skip to addr 0x6EDA1000
VERBOSE::memory_page.c::57::mem_page_init_from_proc_addr::lpcBaseAddr=0x6EDA1000
VERBOSE::memory_page.c::58::mem_page_init_from_proc_addr::lpcNextAddr=0x6EDA1000
VERBOSE::memory_page.c::88::mem_page_init_from_proc_addr::lpcBaseAddr=0x6EDA1000
VERBOSE::memory_page.c::89::mem_page_init_from_proc_addr::memInfo.BaseAddress=0x6EDA1000
VERBOSE::memory_page.c::90::mem_page_init_from_proc_addr::memInfo.RegionSize=0x00022000
ERROR::memory_page.c::217::mem_page_destroy::Deallocating NULL page
VERBOSE::memory_manager.c::523::mem_mgr_load_proc::skip to addr 0x6EDC3000
VERBOSE::memory_page.c::57::mem_page_init_from_proc_addr::lpcBaseAddr=0x6EDC3000
VERBOSE::memory_page.c::58::mem_page_init_from_proc_addr::lpcNextAddr=0x6EDC3000
VERBOSE::memory_page.c::88::mem_page_init_from_proc_addr::lpcBaseAddr=0x6EDC3000
VERBOSE::memory_page.c::89::mem_page_init_from_proc_addr::memInfo.BaseAddress=0x6EDC3000
VERBOSE::memory_page.c::90::mem_page_init_from_proc_addr::memInfo.RegionSize=0x00001000
VERBOSE::memory_page.c::57::mem_page_init_from_proc_addr::lpcBaseAddr=0x6EDC4000
VERBOSE::memory_page.c::58::mem_page_init_from_proc_addr::lpcNextAddr=0x6EDC4000
VERBOSE::memory_page.c::88::mem_page_init_from_proc_addr::lpcBaseAddr=0x6EDC4000
VERBOSE::memory_page.c::89::mem_page_init_from_proc_addr::memInfo.BaseAddress=0x6EDC4000
VERBOSE::memory_page.c::90::mem_page_init_from_proc_addr::memInfo.RegionSize=0x00007000
ERROR::memory_page.c::217::mem_page_destroy::Deallocating NULL page
VERBOSE::memory_manager.c::523::mem_mgr_load_proc::skip to addr 0x6EDCB000
VERBOSE::memory_page.c::57::mem_page_init_from_proc_addr::lpcBaseAddr=0x6EDCB000
VERBOSE::memory_page.c::58::mem_page_init_from_proc_addr::lpcNextAddr=0x6EDCB000
VERBOSE::memory_page.c::88::mem_page_init_from_proc_addr::lpcBaseAddr=0x6EDCB000
VERBOSE::memory_page.c::89::mem_page_init_from_proc_addr::memInfo.BaseAddress=0x6EDCB000
VERBOSE::memory_page.c::90::mem_page_init_from_proc_addr::memInfo.RegionSize=0x01685000
ERROR::memory_page.c::217::mem_page_destroy::Deallocating NULL page
VERBOSE::memory_manager.c::523::mem_mgr_load_proc::skip to addr 0x70450000
VERBOSE::memory_page.c::57::mem_page_init_from_proc_addr::lpcBaseAddr=0x70450000
VERBOSE::memory_page.c::58::mem_page_init_from_proc_addr::lpcNextAddr=0x70450000
VERBOSE::memory_page.c::88::mem_page_init_from_proc_addr::lpcBaseAddr=0x70450000
VERBOSE::memory_page.c::89::mem_page_init_from_proc_addr::memInfo.BaseAddress=0x70450000
VERBOSE::memory_page.c::90::mem_page_init_from_proc_addr::memInfo.RegionSize=0x00001000
ERROR::memory_page.c::217::mem_page_destroy::Deallocating NULL page
VERBOSE::memory_manager.c::523::mem_mgr_load_proc::skip to addr 0x70451000
VERBOSE::memory_page.c::57::mem_page_init_from_proc_addr::lpcBaseAddr=0x70451000
VERBOSE::memory_page.c::58::mem_page_init_from_proc_addr::lpcNextAddr=0x70451000
VERBOSE::memory_page.c::88::mem_page_init_from_proc_addr::lpcBaseAddr=0x70451000
VERBOSE::memory_page.c::89::mem_page_init_from_proc_addr::memInfo.BaseAddress=0x70451000
VERBOSE::memory_page.c::90::mem_page_init_from_proc_addr::memInfo.RegionSize=0x0007C000
ERROR::memory_page.c::217::mem_page_destroy::Deallocating NULL page
VERBOSE::memory_manager.c::523::mem_mgr_load_proc::skip to addr 0x704CD000
VERBOSE::memory_page.c::57::mem_page_init_from_proc_addr::lpcBaseAddr=0x704CD000
VERBOSE::memory_page.c::58::mem_page_init_from_proc_addr::lpcNextAddr=0x704CD000
VERBOSE::memory_page.c::88::mem_page_init_from_proc_addr::lpcBaseAddr=0x704CD000
VERBOSE::memory_page.c::89::mem_page_init_from_proc_addr::memInfo.BaseAddress=0x704CD000
VERBOSE::memory_page.c::90::mem_page_init_from_proc_addr::memInfo.RegionSize=0x00002000
VERBOSE::memory_page.c::57::mem_page_init_from_proc_addr::lpcBaseAddr=0x704CF000
VERBOSE::memory_page.c::58::mem_page_init_from_proc_addr::lpcNextAddr=0x704CF000
VERBOSE::memory_page.c::88::mem_page_init_from_proc_addr::lpcBaseAddr=0x704CF000
VERBOSE::memory_page.c::89::mem_page_init_from_proc_addr::memInfo.BaseAddress=0x704CF000
VERBOSE::memory_page.c::90::mem_page_init_from_proc_addr::memInfo.RegionSize=0x00012000
ERROR::memory_page.c::217::mem_page_destroy::Deallocating NULL page
VERBOSE::memory_manager.c::523::mem_mgr_load_proc::skip to addr 0x704E1000
VERBOSE::memory_page.c::57::mem_page_init_from_proc_addr::lpcBaseAddr=0x704E1000
VERBOSE::memory_page.c::58::mem_page_init_from_proc_addr::lpcNextAddr=0x704E1000
VERBOSE::memory_page.c::88::mem_page_init_from_proc_addr::lpcBaseAddr=0x704E1000
VERBOSE::memory_page.c::89::mem_page_init_from_proc_addr::memInfo.BaseAddress=0x704E1000
VERBOSE::memory_page.c::90::mem_page_init_from_proc_addr::memInfo.RegionSize=0x0029F000
ERROR::memory_page.c::217::mem_page_destroy::Deallocating NULL page
VERBOSE::memory_manager.c::523::mem_mgr_load_proc::skip to addr 0x70780000
VERBOSE::memory_page.c::57::mem_page_init_from_proc_addr::lpcBaseAddr=0x70780000
VERBOSE::memory_page.c::58::mem_page_init_from_proc_addr::lpcNextAddr=0x70780000
VERBOSE::memory_page.c::88::mem_page_init_from_proc_addr::lpcBaseAddr=0x70780000
VERBOSE::memory_page.c::89::mem_page_init_from_proc_addr::memInfo.BaseAddress=0x70780000
VERBOSE::memory_page.c::90::mem_page_init_from_proc_addr::memInfo.RegionSize=0x00001000
ERROR::memory_page.c::217::mem_page_destroy::Deallocating NULL page
VERBOSE::memory_manager.c::523::mem_mgr_load_proc::skip to addr 0x70781000
VERBOSE::memory_page.c::57::mem_page_init_from_proc_addr::lpcBaseAddr=0x70781000
VERBOSE::memory_page.c::58::mem_page_init_from_proc_addr::lpcNextAddr=0x70781000
VERBOSE::memory_page.c::88::mem_page_init_from_proc_addr::lpcBaseAddr=0x70781000
VERBOSE::memory_page.c::89::mem_page_init_from_proc_addr::memInfo.BaseAddress=0x70781000
VERBOSE::memory_page.c::90::mem_page_init_from_proc_addr::memInfo.RegionSize=0x00002000
ERROR::memory_page.c::217::mem_page_destroy::Deallocating NULL page
VERBOSE::memory_manager.c::523::mem_mgr_load_proc::skip to addr 0x70783000
VERBOSE::memory_page.c::57::mem_page_init_from_proc_addr::lpcBaseAddr=0x70783000
VERBOSE::memory_page.c::58::mem_page_init_from_proc_addr::lpcNextAddr=0x70783000
VERBOSE::memory_page.c::88::mem_page_init_from_proc_addr::lpcBaseAddr=0x70783000
VERBOSE::memory_page.c::89::mem_page_init_from_proc_addr::memInfo.BaseAddress=0x70783000
VERBOSE::memory_page.c::90::mem_page_init_from_proc_addr::memInfo.RegionSize=0x00001000
VERBOSE::memory_page.c::57::mem_page_init_from_proc_addr::lpcBaseAddr=0x70784000
VERBOSE::memory_page.c::58::mem_page_init_from_proc_addr::lpcNextAddr=0x70784000
VERBOSE::memory_page.c::88::mem_page_init_from_proc_addr::lpcBaseAddr=0x70784000
VERBOSE::memory_page.c::89::mem_page_init_from_proc_addr::memInfo.BaseAddress=0x70784000
VERBOSE::memory_page.c::90::mem_page_init_from_proc_addr::memInfo.RegionSize=0x00004000
ERROR::memory_page.c::217::mem_page_destroy::Deallocating NULL page
VERBOSE::memory_manager.c::523::mem_mgr_load_proc::skip to addr 0x70788000
VERBOSE::memory_page.c::57::mem_page_init_from_proc_addr::lpcBaseAddr=0x70788000
VERBOSE::memory_page.c::58::mem_page_init_from_proc_addr::lpcNextAddr=0x70788000
VERBOSE::memory_page.c::88::mem_page_init_from_proc_addr::lpcBaseAddr=0x70788000
VERBOSE::memory_page.c::89::mem_page_init_from_proc_addr::memInfo.BaseAddress=0x70788000
VERBOSE::memory_page.c::90::mem_page_init_from_proc_addr::memInfo.RegionSize=0x00008000
ERROR::memory_page.c::217::mem_page_destroy::Deallocating NULL page
VERBOSE::memory_manager.c::523::mem_mgr_load_proc::skip to addr 0x70790000
VERBOSE::memory_page.c::57::mem_page_init_from_proc_addr::lpcBaseAddr=0x70790000
VERBOSE::memory_page.c::58::mem_page_init_from_proc_addr::lpcNextAddr=0x70790000
VERBOSE::memory_page.c::88::mem_page_init_from_proc_addr::lpcBaseAddr=0x70790000
VERBOSE::memory_page.c::89::mem_page_init_from_proc_addr::memInfo.BaseAddress=0x70790000
VERBOSE::memory_page.c::90::mem_page_init_from_proc_addr::memInfo.RegionSize=0x00001000
ERROR::memory_page.c::217::mem_page_destroy::Deallocating NULL page
VERBOSE::memory_manager.c::523::mem_mgr_load_proc::skip to addr 0x70791000
VERBOSE::memory_page.c::57::mem_page_init_from_proc_addr::lpcBaseAddr=0x70791000
VERBOSE::memory_page.c::58::mem_page_init_from_proc_addr::lpcNextAddr=0x70791000
VERBOSE::memory_page.c::88::mem_page_init_from_proc_addr::lpcBaseAddr=0x70791000
VERBOSE::memory_page.c::89::mem_page_init_from_proc_addr::memInfo.BaseAddress=0x70791000
VERBOSE::memory_page.c::90::mem_page_init_from_proc_addr::memInfo.RegionSize=0x0000F000
ERROR::memory_page.c::217::mem_page_destroy::Deallocating NULL page
VERBOSE::memory_manager.c::523::mem_mgr_load_proc::skip to addr 0x707A0000
VERBOSE::memory_page.c::57::mem_page_init_from_proc_addr::lpcBaseAddr=0x707A0000
VERBOSE::memory_page.c::58::mem_page_init_from_proc_addr::lpcNextAddr=0x707A0000
VERBOSE::memory_page.c::88::mem_page_init_from_proc_addr::lpcBaseAddr=0x707A0000
VERBOSE::memory_page.c::89::mem_page_init_from_proc_addr::memInfo.BaseAddress=0x707A0000
VERBOSE::memory_page.c::90::mem_page_init_from_proc_addr::memInfo.RegionSize=0x00001000
VERBOSE::memory_page.c::57::mem_page_init_from_proc_addr::lpcBaseAddr=0x707A1000
VERBOSE::memory_page.c::58::mem_page_init_from_proc_addr::lpcNextAddr=0x707A1000
VERBOSE::memory_page.c::88::mem_page_init_from_proc_addr::lpcBaseAddr=0x707A1000
VERBOSE::memory_page.c::89::mem_page_init_from_proc_addr::memInfo.BaseAddress=0x707A1000
VERBOSE::memory_page.c::90::mem_page_init_from_proc_addr::memInfo.RegionSize=0x00005000
ERROR::memory_page.c::217::mem_page_destroy::Deallocating NULL page
VERBOSE::memory_manager.c::523::mem_mgr_load_proc::skip to addr 0x707A6000
VERBOSE::memory_page.c::57::mem_page_init_from_proc_addr::lpcBaseAddr=0x707A6000
VERBOSE::memory_page.c::58::mem_page_init_from_proc_addr::lpcNextAddr=0x707A6000
VERBOSE::memory_page.c::88::mem_page_init_from_proc_addr::lpcBaseAddr=0x707A6000
VERBOSE::memory_page.c::89::mem_page_init_from_proc_addr::memInfo.BaseAddress=0x707A6000
VERBOSE::memory_page.c::90::mem_page_init_from_proc_addr::memInfo.RegionSize=0x0078A000
ERROR::memory_page.c::217::mem_page_destroy::Deallocating NULL page
VERBOSE::memory_manager.c::523::mem_mgr_load_proc::skip to addr 0x70F30000
VERBOSE::memory_page.c::57::mem_page_init_from_proc_addr::lpcBaseAddr=0x70F30000
VERBOSE::memory_page.c::58::mem_page_init_from_proc_addr::lpcNextAddr=0x70F30000
VERBOSE::memory_page.c::88::mem_page_init_from_proc_addr::lpcBaseAddr=0x70F30000
VERBOSE::memory_page.c::89::mem_page_init_from_proc_addr::memInfo.BaseAddress=0x70F30000
VERBOSE::memory_page.c::90::mem_page_init_from_proc_addr::memInfo.RegionSize=0x00001000
ERROR::memory_page.c::217::mem_page_destroy::Deallocating NULL page
VERBOSE::memory_manager.c::523::mem_mgr_load_proc::skip to addr 0x70F31000
VERBOSE::memory_page.c::57::mem_page_init_from_proc_addr::lpcBaseAddr=0x70F31000
VERBOSE::memory_page.c::58::mem_page_init_from_proc_addr::lpcNextAddr=0x70F31000
VERBOSE::memory_page.c::88::mem_page_init_from_proc_addr::lpcBaseAddr=0x70F31000
VERBOSE::memory_page.c::89::mem_page_init_from_proc_addr::memInfo.BaseAddress=0x70F31000
VERBOSE::memory_page.c::90::mem_page_init_from_proc_addr::memInfo.RegionSize=0x00008000
ERROR::memory_page.c::217::mem_page_destroy::Deallocating NULL page
VERBOSE::memory_manager.c::523::mem_mgr_load_proc::skip to addr 0x70F39000
VERBOSE::memory_page.c::57::mem_page_init_from_proc_addr::lpcBaseAddr=0x70F39000
VERBOSE::memory_page.c::58::mem_page_init_from_proc_addr::lpcNextAddr=0x70F39000
VERBOSE::memory_page.c::88::mem_page_init_from_proc_addr::lpcBaseAddr=0x70F39000
VERBOSE::memory_page.c::89::mem_page_init_from_proc_addr::memInfo.BaseAddress=0x70F39000
VERBOSE::memory_page.c::90::mem_page_init_from_proc_addr::memInfo.RegionSize=0x00001000
VERBOSE::memory_page.c::57::mem_page_init_from_proc_addr::lpcBaseAddr=0x70F3A000
VERBOSE::memory_page.c::58::mem_page_init_from_proc_addr::lpcNextAddr=0x70F3A000
VERBOSE::memory_page.c::88::mem_page_init_from_proc_addr::lpcBaseAddr=0x70F3A000
VERBOSE::memory_page.c::89::mem_page_init_from_proc_addr::memInfo.BaseAddress=0x70F3A000
VERBOSE::memory_page.c::90::mem_page_init_from_proc_addr::memInfo.RegionSize=0x00004000
ERROR::memory_page.c::217::mem_page_destroy::Deallocating NULL page
VERBOSE::memory_manager.c::523::mem_mgr_load_proc::skip to addr 0x70F3E000
VERBOSE::memory_page.c::57::mem_page_init_from_proc_addr::lpcBaseAddr=0x70F3E000
VERBOSE::memory_page.c::58::mem_page_init_from_proc_addr::lpcNextAddr=0x70F3E000
VERBOSE::memory_page.c::88::mem_page_init_from_proc_addr::lpcBaseAddr=0x70F3E000
VERBOSE::memory_page.c::89::mem_page_init_from_proc_addr::memInfo.BaseAddress=0x70F3E000
VERBOSE::memory_page.c::90::mem_page_init_from_proc_addr::memInfo.RegionSize=0x00002000
ERROR::memory_page.c::217::mem_page_destroy::Deallocating NULL page
VERBOSE::memory_manager.c::523::mem_mgr_load_proc::skip to addr 0x70F40000
VERBOSE::memory_page.c::57::mem_page_init_from_proc_addr::lpcBaseAddr=0x70F40000
VERBOSE::memory_page.c::58::mem_page_init_from_proc_addr::lpcNextAddr=0x70F40000
VERBOSE::memory_page.c::88::mem_page_init_from_proc_addr::lpcBaseAddr=0x70F40000
VERBOSE::memory_page.c::89::mem_page_init_from_proc_addr::memInfo.BaseAddress=0x70F40000
VERBOSE::memory_page.c::90::mem_page_init_from_proc_addr::memInfo.RegionSize=0x00001000
ERROR::memory_page.c::217::mem_page_destroy::Deallocating NULL page
VERBOSE::memory_manager.c::523::mem_mgr_load_proc::skip to addr 0x70F41000
VERBOSE::memory_page.c::57::mem_page_init_from_proc_addr::lpcBaseAddr=0x70F41000
VERBOSE::memory_page.c::58::mem_page_init_from_proc_addr::lpcNextAddr=0x70F41000
VERBOSE::memory_page.c::88::mem_page_init_from_proc_addr::lpcBaseAddr=0x70F41000
VERBOSE::memory_page.c::89::mem_page_init_from_proc_addr::memInfo.BaseAddress=0x70F41000
VERBOSE::memory_page.c::90::mem_page_init_from_proc_addr::memInfo.RegionSize=0x0000A000
ERROR::memory_page.c::217::mem_page_destroy::Deallocating NULL page
VERBOSE::memory_manager.c::523::mem_mgr_load_proc::skip to addr 0x70F4B000
VERBOSE::memory_page.c::57::mem_page_init_from_proc_addr::lpcBaseAddr=0x70F4B000
VERBOSE::memory_page.c::58::mem_page_init_from_proc_addr::lpcNextAddr=0x70F4B000
VERBOSE::memory_page.c::88::mem_page_init_from_proc_addr::lpcBaseAddr=0x70F4B000
VERBOSE::memory_page.c::89::mem_page_init_from_proc_addr::memInfo.BaseAddress=0x70F4B000
VERBOSE::memory_page.c::90::mem_page_init_from_proc_addr::memInfo.RegionSize=0x00001000
VERBOSE::memory_page.c::57::mem_page_init_from_proc_addr::lpcBaseAddr=0x70F4C000
VERBOSE::memory_page.c::58::mem_page_init_from_proc_addr::lpcNextAddr=0x70F4C000
VERBOSE::memory_page.c::88::mem_page_init_from_proc_addr::lpcBaseAddr=0x70F4C000
VERBOSE::memory_page.c::89::mem_page_init_from_proc_addr::memInfo.BaseAddress=0x70F4C000
VERBOSE::memory_page.c::90::mem_page_init_from_proc_addr::memInfo.RegionSize=0x00004000
ERROR::memory_page.c::217::mem_page_destroy::Deallocating NULL page
VERBOSE::memory_manager.c::523::mem_mgr_load_proc::skip to addr 0x70F50000
VERBOSE::memory_page.c::57::mem_page_init_from_proc_addr::lpcBaseAddr=0x70F50000
VERBOSE::memory_page.c::58::mem_page_init_from_proc_addr::lpcNextAddr=0x70F50000
VERBOSE::memory_page.c::88::mem_page_init_from_proc_addr::lpcBaseAddr=0x70F50000
VERBOSE::memory_page.c::89::mem_page_init_from_proc_addr::memInfo.BaseAddress=0x70F50000
VERBOSE::memory_page.c::90::mem_page_init_from_proc_addr::memInfo.RegionSize=0x00001000
ERROR::memory_page.c::217::mem_page_destroy::Deallocating NULL page
VERBOSE::memory_manager.c::523::mem_mgr_load_proc::skip to addr 0x70F51000
VERBOSE::memory_page.c::57::mem_page_init_from_proc_addr::lpcBaseAddr=0x70F51000
VERBOSE::memory_page.c::58::mem_page_init_from_proc_addr::lpcNextAddr=0x70F51000
VERBOSE::memory_page.c::88::mem_page_init_from_proc_addr::lpcBaseAddr=0x70F51000
VERBOSE::memory_page.c::89::mem_page_init_from_proc_addr::memInfo.BaseAddress=0x70F51000
VERBOSE::memory_page.c::90::mem_page_init_from_proc_addr::memInfo.RegionSize=0x0000F000
ERROR::memory_page.c::217::mem_page_destroy::Deallocating NULL page
VERBOSE::memory_manager.c::523::mem_mgr_load_proc::skip to addr 0x70F60000
VERBOSE::memory_page.c::57::mem_page_init_from_proc_addr::lpcBaseAddr=0x70F60000
VERBOSE::memory_page.c::58::mem_page_init_from_proc_addr::lpcNextAddr=0x70F60000
VERBOSE::memory_page.c::88::mem_page_init_from_proc_addr::lpcBaseAddr=0x70F60000
VERBOSE::memory_page.c::89::mem_page_init_from_proc_addr::memInfo.BaseAddress=0x70F60000
VERBOSE::memory_page.c::90::mem_page_init_from_proc_addr::memInfo.RegionSize=0x00001000
VERBOSE::memory_page.c::57::mem_page_init_from_proc_addr::lpcBaseAddr=0x70F61000
VERBOSE::memory_page.c::58::mem_page_init_from_proc_addr::lpcNextAddr=0x70F61000
VERBOSE::memory_page.c::88::mem_page_init_from_proc_addr::lpcBaseAddr=0x70F61000
VERBOSE::memory_page.c::89::mem_page_init_from_proc_addr::memInfo.BaseAddress=0x70F61000
VERBOSE::memory_page.c::90::mem_page_init_from_proc_addr::memInfo.RegionSize=0x00005000
ERROR::memory_page.c::217::mem_page_destroy::Deallocating NULL page
VERBOSE::memory_manager.c::523::mem_mgr_load_proc::skip to addr 0x70F66000
VERBOSE::memory_page.c::57::mem_page_init_from_proc_addr::lpcBaseAddr=0x70F66000
VERBOSE::memory_page.c::58::mem_page_init_from_proc_addr::lpcNextAddr=0x70F66000
VERBOSE::memory_page.c::88::mem_page_init_from_proc_addr::lpcBaseAddr=0x70F66000
VERBOSE::memory_page.c::89::mem_page_init_from_proc_addr::memInfo.BaseAddress=0x70F66000
VERBOSE::memory_page.c::90::mem_page_init_from_proc_addr::memInfo.RegionSize=0x0025A000
ERROR::memory_page.c::217::mem_page_destroy::Deallocating NULL page
VERBOSE::memory_manager.c::523::mem_mgr_load_proc::skip to addr 0x711C0000
VERBOSE::memory_page.c::57::mem_page_init_from_proc_addr::lpcBaseAddr=0x711C0000
VERBOSE::memory_page.c::58::mem_page_init_from_proc_addr::lpcNextAddr=0x711C0000
VERBOSE::memory_page.c::88::mem_page_init_from_proc_addr::lpcBaseAddr=0x711C0000
VERBOSE::memory_page.c::89::mem_page_init_from_proc_addr::memInfo.BaseAddress=0x711C0000
VERBOSE::memory_page.c::90::mem_page_init_from_proc_addr::memInfo.RegionSize=0x00001000
ERROR::memory_page.c::217::mem_page_destroy::Deallocating NULL page
VERBOSE::memory_manager.c::523::mem_mgr_load_proc::skip to addr 0x711C1000
VERBOSE::memory_page.c::57::mem_page_init_from_proc_addr::lpcBaseAddr=0x711C1000
VERBOSE::memory_page.c::58::mem_page_init_from_proc_addr::lpcNextAddr=0x711C1000
VERBOSE::memory_page.c::88::mem_page_init_from_proc_addr::lpcBaseAddr=0x711C1000
VERBOSE::memory_page.c::89::mem_page_init_from_proc_addr::memInfo.BaseAddress=0x711C1000
VERBOSE::memory_page.c::90::mem_page_init_from_proc_addr::memInfo.RegionSize=0x0000B000
ERROR::memory_page.c::217::mem_page_destroy::Deallocating NULL page
VERBOSE::memory_manager.c::523::mem_mgr_load_proc::skip to addr 0x711CC000
VERBOSE::memory_page.c::57::mem_page_init_from_proc_addr::lpcBaseAddr=0x711CC000
VERBOSE::memory_page.c::58::mem_page_init_from_proc_addr::lpcNextAddr=0x711CC000
VERBOSE::memory_page.c::88::mem_page_init_from_proc_addr::lpcBaseAddr=0x711CC000
VERBOSE::memory_page.c::89::mem_page_init_from_proc_addr::memInfo.BaseAddress=0x711CC000
VERBOSE::memory_page.c::90::mem_page_init_from_proc_addr::memInfo.RegionSize=0x00001000
VERBOSE::memory_page.c::57::mem_page_init_from_proc_addr::lpcBaseAddr=0x711CD000
VERBOSE::memory_page.c::58::mem_page_init_from_proc_addr::lpcNextAddr=0x711CD000
VERBOSE::memory_page.c::88::mem_page_init_from_proc_addr::lpcBaseAddr=0x711CD000
VERBOSE::memory_page.c::89::mem_page_init_from_proc_addr::memInfo.BaseAddress=0x711CD000
VERBOSE::memory_page.c::90::mem_page_init_from_proc_addr::memInfo.RegionSize=0x00004000
ERROR::memory_page.c::217::mem_page_destroy::Deallocating NULL page
VERBOSE::memory_manager.c::523::mem_mgr_load_proc::skip to addr 0x711D1000
VERBOSE::memory_page.c::57::mem_page_init_from_proc_addr::lpcBaseAddr=0x711D1000
VERBOSE::memory_page.c::58::mem_page_init_from_proc_addr::lpcNextAddr=0x711D1000
VERBOSE::memory_page.c::88::mem_page_init_from_proc_addr::lpcBaseAddr=0x711D1000
VERBOSE::memory_page.c::89::mem_page_init_from_proc_addr::memInfo.BaseAddress=0x711D1000
VERBOSE::memory_page.c::90::mem_page_init_from_proc_addr::memInfo.RegionSize=0x0000F000
ERROR::memory_page.c::217::mem_page_destroy::Deallocating NULL page
VERBOSE::memory_manager.c::523::mem_mgr_load_proc::skip to addr 0x711E0000
VERBOSE::memory_page.c::57::mem_page_init_from_proc_addr::lpcBaseAddr=0x711E0000
VERBOSE::memory_page.c::58::mem_page_init_from_proc_addr::lpcNextAddr=0x711E0000
VERBOSE::memory_page.c::88::mem_page_init_from_proc_addr::lpcBaseAddr=0x711E0000
VERBOSE::memory_page.c::89::mem_page_init_from_proc_addr::memInfo.BaseAddress=0x711E0000
VERBOSE::memory_page.c::90::mem_page_init_from_proc_addr::memInfo.RegionSize=0x00001000
ERROR::memory_page.c::217::mem_page_destroy::Deallocating NULL page
VERBOSE::memory_manager.c::523::mem_mgr_load_proc::skip to addr 0x711E1000
VERBOSE::memory_page.c::57::mem_page_init_from_proc_addr::lpcBaseAddr=0x711E1000
VERBOSE::memory_page.c::58::mem_page_init_from_proc_addr::lpcNextAddr=0x711E1000
VERBOSE::memory_page.c::88::mem_page_init_from_proc_addr::lpcBaseAddr=0x711E1000
VERBOSE::memory_page.c::89::mem_page_init_from_proc_addr::memInfo.BaseAddress=0x711E1000
VERBOSE::memory_page.c::90::mem_page_init_from_proc_addr::memInfo.RegionSize=0x00010000
ERROR::memory_page.c::217::mem_page_destroy::Deallocating NULL page
VERBOSE::memory_manager.c::523::mem_mgr_load_proc::skip to addr 0x711F1000
VERBOSE::memory_page.c::57::mem_page_init_from_proc_addr::lpcBaseAddr=0x711F1000
VERBOSE::memory_page.c::58::mem_page_init_from_proc_addr::lpcNextAddr=0x711F1000
VERBOSE::memory_page.c::88::mem_page_init_from_proc_addr::lpcBaseAddr=0x711F1000
VERBOSE::memory_page.c::89::mem_page_init_from_proc_addr::memInfo.BaseAddress=0x711F1000
VERBOSE::memory_page.c::90::mem_page_init_from_proc_addr::memInfo.RegionSize=0x00001000
VERBOSE::memory_page.c::57::mem_page_init_from_proc_addr::lpcBaseAddr=0x711F2000
VERBOSE::memory_page.c::58::mem_page_init_from_proc_addr::lpcNextAddr=0x711F2000
VERBOSE::memory_page.c::88::mem_page_init_from_proc_addr::lpcBaseAddr=0x711F2000
VERBOSE::memory_page.c::89::mem_page_init_from_proc_addr::memInfo.BaseAddress=0x711F2000
VERBOSE::memory_page.c::90::mem_page_init_from_proc_addr::memInfo.RegionSize=0x00004000
ERROR::memory_page.c::217::mem_page_destroy::Deallocating NULL page
VERBOSE::memory_manager.c::523::mem_mgr_load_proc::skip to addr 0x711F6000
VERBOSE::memory_page.c::57::mem_page_init_from_proc_addr::lpcBaseAddr=0x711F6000
VERBOSE::memory_page.c::58::mem_page_init_from_proc_addr::lpcNextAddr=0x711F6000
VERBOSE::memory_page.c::88::mem_page_init_from_proc_addr::lpcBaseAddr=0x711F6000
VERBOSE::memory_page.c::89::mem_page_init_from_proc_addr::memInfo.BaseAddress=0x711F6000
VERBOSE::memory_page.c::90::mem_page_init_from_proc_addr::memInfo.RegionSize=0x0005A000
ERROR::memory_page.c::217::mem_page_destroy::Deallocating NULL page
VERBOSE::memory_manager.c::523::mem_mgr_load_proc::skip to addr 0x71250000
VERBOSE::memory_page.c::57::mem_page_init_from_proc_addr::lpcBaseAddr=0x71250000
VERBOSE::memory_page.c::58::mem_page_init_from_proc_addr::lpcNextAddr=0x71250000
VERBOSE::memory_page.c::88::mem_page_init_from_proc_addr::lpcBaseAddr=0x71250000
VERBOSE::memory_page.c::89::mem_page_init_from_proc_addr::memInfo.BaseAddress=0x71250000
VERBOSE::memory_page.c::90::mem_page_init_from_proc_addr::memInfo.RegionSize=0x00001000
ERROR::memory_page.c::217::mem_page_destroy::Deallocating NULL page
VERBOSE::memory_manager.c::523::mem_mgr_load_proc::skip to addr 0x71251000
VERBOSE::memory_page.c::57::mem_page_init_from_proc_addr::lpcBaseAddr=0x71251000
VERBOSE::memory_page.c::58::mem_page_init_from_proc_addr::lpcNextAddr=0x71251000
VERBOSE::memory_page.c::88::mem_page_init_from_proc_addr::lpcBaseAddr=0x71251000
VERBOSE::memory_page.c::89::mem_page_init_from_proc_addr::memInfo.BaseAddress=0x71251000
VERBOSE::memory_page.c::90::mem_page_init_from_proc_addr::memInfo.RegionSize=0x0004E000
ERROR::memory_page.c::217::mem_page_destroy::Deallocating NULL page
VERBOSE::memory_manager.c::523::mem_mgr_load_proc::skip to addr 0x7129F000
VERBOSE::memory_page.c::57::mem_page_init_from_proc_addr::lpcBaseAddr=0x7129F000
VERBOSE::memory_page.c::58::mem_page_init_from_proc_addr::lpcNextAddr=0x7129F000
VERBOSE::memory_page.c::88::mem_page_init_from_proc_addr::lpcBaseAddr=0x7129F000
VERBOSE::memory_page.c::89::mem_page_init_from_proc_addr::memInfo.BaseAddress=0x7129F000
VERBOSE::memory_page.c::90::mem_page_init_from_proc_addr::memInfo.RegionSize=0x00001000
VERBOSE::memory_page.c::57::mem_page_init_from_proc_addr::lpcBaseAddr=0x712A0000
VERBOSE::memory_page.c::58::mem_page_init_from_proc_addr::lpcNextAddr=0x712A0000
VERBOSE::memory_page.c::88::mem_page_init_from_proc_addr::lpcBaseAddr=0x712A0000
VERBOSE::memory_page.c::89::mem_page_init_from_proc_addr::memInfo.BaseAddress=0x712A0000
VERBOSE::memory_page.c::90::mem_page_init_from_proc_addr::memInfo.RegionSize=0x00008000
ERROR::memory_page.c::217::mem_page_destroy::Deallocating NULL page
VERBOSE::memory_manager.c::523::mem_mgr_load_proc::skip to addr 0x712A8000
VERBOSE::memory_page.c::57::mem_page_init_from_proc_addr::lpcBaseAddr=0x712A8000
VERBOSE::memory_page.c::58::mem_page_init_from_proc_addr::lpcNextAddr=0x712A8000
VERBOSE::memory_page.c::88::mem_page_init_from_proc_addr::lpcBaseAddr=0x712A8000
VERBOSE::memory_page.c::89::mem_page_init_from_proc_addr::memInfo.BaseAddress=0x712A8000
VERBOSE::memory_page.c::90::mem_page_init_from_proc_addr::memInfo.RegionSize=0x00888000
ERROR::memory_page.c::217::mem_page_destroy::Deallocating NULL page
VERBOSE::memory_manager.c::523::mem_mgr_load_proc::skip to addr 0x71B30000
VERBOSE::memory_page.c::57::mem_page_init_from_proc_addr::lpcBaseAddr=0x71B30000
VERBOSE::memory_page.c::58::mem_page_init_from_proc_addr::lpcNextAddr=0x71B30000
VERBOSE::memory_page.c::88::mem_page_init_from_proc_addr::lpcBaseAddr=0x71B30000
VERBOSE::memory_page.c::89::mem_page_init_from_proc_addr::memInfo.BaseAddress=0x71B30000
VERBOSE::memory_page.c::90::mem_page_init_from_proc_addr::memInfo.RegionSize=0x00001000
ERROR::memory_page.c::217::mem_page_destroy::Deallocating NULL page
VERBOSE::memory_manager.c::523::mem_mgr_load_proc::skip to addr 0x71B31000
VERBOSE::memory_page.c::57::mem_page_init_from_proc_addr::lpcBaseAddr=0x71B31000
VERBOSE::memory_page.c::58::mem_page_init_from_proc_addr::lpcNextAddr=0x71B31000
VERBOSE::memory_page.c::88::mem_page_init_from_proc_addr::lpcBaseAddr=0x71B31000
VERBOSE::memory_page.c::89::mem_page_init_from_proc_addr::memInfo.BaseAddress=0x71B31000
VERBOSE::memory_page.c::90::mem_page_init_from_proc_addr::memInfo.RegionSize=0x00020000
ERROR::memory_page.c::217::mem_page_destroy::Deallocating NULL page
VERBOSE::memory_manager.c::523::mem_mgr_load_proc::skip to addr 0x71B51000
VERBOSE::memory_page.c::57::mem_page_init_from_proc_addr::lpcBaseAddr=0x71B51000
VERBOSE::memory_page.c::58::mem_page_init_from_proc_addr::lpcNextAddr=0x71B51000
VERBOSE::memory_page.c::88::mem_page_init_from_proc_addr::lpcBaseAddr=0x71B51000
VERBOSE::memory_page.c::89::mem_page_init_from_proc_addr::memInfo.BaseAddress=0x71B51000
VERBOSE::memory_page.c::90::mem_page_init_from_proc_addr::memInfo.RegionSize=0x00002000
VERBOSE::memory_page.c::57::mem_page_init_from_proc_addr::lpcBaseAddr=0x71B53000
VERBOSE::memory_page.c::58::mem_page_init_from_proc_addr::lpcNextAddr=0x71B53000
VERBOSE::memory_page.c::88::mem_page_init_from_proc_addr::lpcBaseAddr=0x71B53000
VERBOSE::memory_page.c::89::mem_page_init_from_proc_addr::memInfo.BaseAddress=0x71B53000
VERBOSE::memory_page.c::90::mem_page_init_from_proc_addr::memInfo.RegionSize=0x00006000
ERROR::memory_page.c::217::mem_page_destroy::Deallocating NULL page
VERBOSE::memory_manager.c::523::mem_mgr_load_proc::skip to addr 0x71B59000
VERBOSE::memory_page.c::57::mem_page_init_from_proc_addr::lpcBaseAddr=0x71B59000
VERBOSE::memory_page.c::58::mem_page_init_from_proc_addr::lpcNextAddr=0x71B59000
VERBOSE::memory_page.c::88::mem_page_init_from_proc_addr::lpcBaseAddr=0x71B59000
VERBOSE::memory_page.c::89::mem_page_init_from_proc_addr::memInfo.BaseAddress=0x71B59000
VERBOSE::memory_page.c::90::mem_page_init_from_proc_addr::memInfo.RegionSize=0x00027000
ERROR::memory_page.c::217::mem_page_destroy::Deallocating NULL page
VERBOSE::memory_manager.c::523::mem_mgr_load_proc::skip to addr 0x71B80000
VERBOSE::memory_page.c::57::mem_page_init_from_proc_addr::lpcBaseAddr=0x71B80000
VERBOSE::memory_page.c::58::mem_page_init_from_proc_addr::lpcNextAddr=0x71B80000
VERBOSE::memory_page.c::88::mem_page_init_from_proc_addr::lpcBaseAddr=0x71B80000
VERBOSE::memory_page.c::89::mem_page_init_from_proc_addr::memInfo.BaseAddress=0x71B80000
VERBOSE::memory_page.c::90::mem_page_init_from_proc_addr::memInfo.RegionSize=0x00001000
ERROR::memory_page.c::217::mem_page_destroy::Deallocating NULL page
VERBOSE::memory_manager.c::523::mem_mgr_load_proc::skip to addr 0x71B81000
VERBOSE::memory_page.c::57::mem_page_init_from_proc_addr::lpcBaseAddr=0x71B81000
VERBOSE::memory_page.c::58::mem_page_init_from_proc_addr::lpcNextAddr=0x71B81000
VERBOSE::memory_page.c::88::mem_page_init_from_proc_addr::lpcBaseAddr=0x71B81000
VERBOSE::memory_page.c::89::mem_page_init_from_proc_addr::memInfo.BaseAddress=0x71B81000
VERBOSE::memory_page.c::90::mem_page_init_from_proc_addr::memInfo.RegionSize=0x00023000
ERROR::memory_page.c::217::mem_page_destroy::Deallocating NULL page
VERBOSE::memory_manager.c::523::mem_mgr_load_proc::skip to addr 0x71BA4000
VERBOSE::memory_page.c::57::mem_page_init_from_proc_addr::lpcBaseAddr=0x71BA4000
VERBOSE::memory_page.c::58::mem_page_init_from_proc_addr::lpcNextAddr=0x71BA4000
VERBOSE::memory_page.c::88::mem_page_init_from_proc_addr::lpcBaseAddr=0x71BA4000
VERBOSE::memory_page.c::89::mem_page_init_from_proc_addr::memInfo.BaseAddress=0x71BA4000
VERBOSE::memory_page.c::90::mem_page_init_from_proc_addr::memInfo.RegionSize=0x00001000
VERBOSE::memory_page.c::57::mem_page_init_from_proc_addr::lpcBaseAddr=0x71BA5000
VERBOSE::memory_page.c::58::mem_page_init_from_proc_addr::lpcNextAddr=0x71BA5000
VERBOSE::memory_page.c::88::mem_page_init_from_proc_addr::lpcBaseAddr=0x71BA5000
VERBOSE::memory_page.c::89::mem_page_init_from_proc_addr::memInfo.BaseAddress=0x71BA5000
VERBOSE::memory_page.c::90::mem_page_init_from_proc_addr::memInfo.RegionSize=0x0000A000
ERROR::memory_page.c::217::mem_page_destroy::Deallocating NULL page
VERBOSE::memory_manager.c::523::mem_mgr_load_proc::skip to addr 0x71BAF000
VERBOSE::memory_page.c::57::mem_page_init_from_proc_addr::lpcBaseAddr=0x71BAF000
VERBOSE::memory_page.c::58::mem_page_init_from_proc_addr::lpcNextAddr=0x71BAF000
VERBOSE::memory_page.c::88::mem_page_init_from_proc_addr::lpcBaseAddr=0x71BAF000
VERBOSE::memory_page.c::89::mem_page_init_from_proc_addr::memInfo.BaseAddress=0x71BAF000
VERBOSE::memory_page.c::90::mem_page_init_from_proc_addr::memInfo.RegionSize=0x00001000
ERROR::memory_page.c::217::mem_page_destroy::Deallocating NULL page
VERBOSE::memory_manager.c::523::mem_mgr_load_proc::skip to addr 0x71BB0000
VERBOSE::memory_page.c::57::mem_page_init_from_proc_addr::lpcBaseAddr=0x71BB0000
VERBOSE::memory_page.c::58::mem_page_init_from_proc_addr::lpcNextAddr=0x71BB0000
VERBOSE::memory_page.c::88::mem_page_init_from_proc_addr::lpcBaseAddr=0x71BB0000
VERBOSE::memory_page.c::89::mem_page_init_from_proc_addr::memInfo.BaseAddress=0x71BB0000
VERBOSE::memory_page.c::90::mem_page_init_from_proc_addr::memInfo.RegionSize=0x00001000
ERROR::memory_page.c::217::mem_page_destroy::Deallocating NULL page
VERBOSE::memory_manager.c::523::mem_mgr_load_proc::skip to addr 0x71BB1000
VERBOSE::memory_page.c::57::mem_page_init_from_proc_addr::lpcBaseAddr=0x71BB1000
VERBOSE::memory_page.c::58::mem_page_init_from_proc_addr::lpcNextAddr=0x71BB1000
VERBOSE::memory_page.c::88::mem_page_init_from_proc_addr::lpcBaseAddr=0x71BB1000
VERBOSE::memory_page.c::89::mem_page_init_from_proc_addr::memInfo.BaseAddress=0x71BB1000
VERBOSE::memory_page.c::90::mem_page_init_from_proc_addr::memInfo.RegionSize=0x0000D000
ERROR::memory_page.c::217::mem_page_destroy::Deallocating NULL page
VERBOSE::memory_manager.c::523::mem_mgr_load_proc::skip to addr 0x71BBE000
VERBOSE::memory_page.c::57::mem_page_init_from_proc_addr::lpcBaseAddr=0x71BBE000
VERBOSE::memory_page.c::58::mem_page_init_from_proc_addr::lpcNextAddr=0x71BBE000
VERBOSE::memory_page.c::88::mem_page_init_from_proc_addr::lpcBaseAddr=0x71BBE000
VERBOSE::memory_page.c::89::mem_page_init_from_proc_addr::memInfo.BaseAddress=0x71BBE000
VERBOSE::memory_page.c::90::mem_page_init_from_proc_addr::memInfo.RegionSize=0x00001000
VERBOSE::memory_page.c::57::mem_page_init_from_proc_addr::lpcBaseAddr=0x71BBF000
VERBOSE::memory_page.c::58::mem_page_init_from_proc_addr::lpcNextAddr=0x71BBF000
VERBOSE::memory_page.c::88::mem_page_init_from_proc_addr::lpcBaseAddr=0x71BBF000
VERBOSE::memory_page.c::89::mem_page_init_from_proc_addr::memInfo.BaseAddress=0x71BBF000
VERBOSE::memory_page.c::90::mem_page_init_from_proc_addr::memInfo.RegionSize=0x00004000
ERROR::memory_page.c::217::mem_page_destroy::Deallocating NULL page
VERBOSE::memory_manager.c::523::mem_mgr_load_proc::skip to addr 0x71BC3000
VERBOSE::memory_page.c::57::mem_page_init_from_proc_addr::lpcBaseAddr=0x71BC3000
VERBOSE::memory_page.c::58::mem_page_init_from_proc_addr::lpcNextAddr=0x71BC3000
VERBOSE::memory_page.c::88::mem_page_init_from_proc_addr::lpcBaseAddr=0x71BC3000
VERBOSE::memory_page.c::89::mem_page_init_from_proc_addr::memInfo.BaseAddress=0x71BC3000
VERBOSE::memory_page.c::90::mem_page_init_from_proc_addr::memInfo.RegionSize=0x00B3D000
ERROR::memory_page.c::217::mem_page_destroy::Deallocating NULL page
VERBOSE::memory_manager.c::523::mem_mgr_load_proc::skip to addr 0x72700000
VERBOSE::memory_page.c::57::mem_page_init_from_proc_addr::lpcBaseAddr=0x72700000
VERBOSE::memory_page.c::58::mem_page_init_from_proc_addr::lpcNextAddr=0x72700000
VERBOSE::memory_page.c::88::mem_page_init_from_proc_addr::lpcBaseAddr=0x72700000
VERBOSE::memory_page.c::89::mem_page_init_from_proc_addr::memInfo.BaseAddress=0x72700000
VERBOSE::memory_page.c::90::mem_page_init_from_proc_addr::memInfo.RegionSize=0x00001000
ERROR::memory_page.c::217::mem_page_destroy::Deallocating NULL page
VERBOSE::memory_manager.c::523::mem_mgr_load_proc::skip to addr 0x72701000
VERBOSE::memory_page.c::57::mem_page_init_from_proc_addr::lpcBaseAddr=0x72701000
VERBOSE::memory_page.c::58::mem_page_init_from_proc_addr::lpcNextAddr=0x72701000
VERBOSE::memory_page.c::88::mem_page_init_from_proc_addr::lpcBaseAddr=0x72701000
VERBOSE::memory_page.c::89::mem_page_init_from_proc_addr::memInfo.BaseAddress=0x72701000
VERBOSE::memory_page.c::90::mem_page_init_from_proc_addr::memInfo.RegionSize=0x00014000
ERROR::memory_page.c::217::mem_page_destroy::Deallocating NULL page
VERBOSE::memory_manager.c::523::mem_mgr_load_proc::skip to addr 0x72715000
VERBOSE::memory_page.c::57::mem_page_init_from_proc_addr::lpcBaseAddr=0x72715000
VERBOSE::memory_page.c::58::mem_page_init_from_proc_addr::lpcNextAddr=0x72715000
VERBOSE::memory_page.c::88::mem_page_init_from_proc_addr::lpcBaseAddr=0x72715000
VERBOSE::memory_page.c::89::mem_page_init_from_proc_addr::memInfo.BaseAddress=0x72715000
VERBOSE::memory_page.c::90::mem_page_init_from_proc_addr::memInfo.RegionSize=0x00001000
VERBOSE::memory_page.c::57::mem_page_init_from_proc_addr::lpcBaseAddr=0x72716000
VERBOSE::memory_page.c::58::mem_page_init_from_proc_addr::lpcNextAddr=0x72716000
VERBOSE::memory_page.c::88::mem_page_init_from_proc_addr::lpcBaseAddr=0x72716000
VERBOSE::memory_page.c::89::mem_page_init_from_proc_addr::memInfo.BaseAddress=0x72716000
VERBOSE::memory_page.c::90::mem_page_init_from_proc_addr::memInfo.RegionSize=0x0002E000
ERROR::memory_page.c::217::mem_page_destroy::Deallocating NULL page
VERBOSE::memory_manager.c::523::mem_mgr_load_proc::skip to addr 0x72744000
VERBOSE::memory_page.c::57::mem_page_init_from_proc_addr::lpcBaseAddr=0x72744000
VERBOSE::memory_page.c::58::mem_page_init_from_proc_addr::lpcNextAddr=0x72744000
VERBOSE::memory_page.c::88::mem_page_init_from_proc_addr::lpcBaseAddr=0x72744000
VERBOSE::memory_page.c::89::mem_page_init_from_proc_addr::memInfo.BaseAddress=0x72744000
VERBOSE::memory_page.c::90::mem_page_init_from_proc_addr::memInfo.RegionSize=0x0141C000
ERROR::memory_page.c::217::mem_page_destroy::Deallocating NULL page
VERBOSE::memory_manager.c::523::mem_mgr_load_proc::skip to addr 0x73B60000
VERBOSE::memory_page.c::57::mem_page_init_from_proc_addr::lpcBaseAddr=0x73B60000
VERBOSE::memory_page.c::58::mem_page_init_from_proc_addr::lpcNextAddr=0x73B60000
VERBOSE::memory_page.c::88::mem_page_init_from_proc_addr::lpcBaseAddr=0x73B60000
VERBOSE::memory_page.c::89::mem_page_init_from_proc_addr::memInfo.BaseAddress=0x73B60000
VERBOSE::memory_page.c::90::mem_page_init_from_proc_addr::memInfo.RegionSize=0x00001000
ERROR::memory_page.c::217::mem_page_destroy::Deallocating NULL page
VERBOSE::memory_manager.c::523::mem_mgr_load_proc::skip to addr 0x73B61000
VERBOSE::memory_page.c::57::mem_page_init_from_proc_addr::lpcBaseAddr=0x73B61000
VERBOSE::memory_page.c::58::mem_page_init_from_proc_addr::lpcNextAddr=0x73B61000
VERBOSE::memory_page.c::88::mem_page_init_from_proc_addr::lpcBaseAddr=0x73B61000
VERBOSE::memory_page.c::89::mem_page_init_from_proc_addr::memInfo.BaseAddress=0x73B61000
VERBOSE::memory_page.c::90::mem_page_init_from_proc_addr::memInfo.RegionSize=0x00047000
ERROR::memory_page.c::217::mem_page_destroy::Deallocating NULL page
VERBOSE::memory_manager.c::523::mem_mgr_load_proc::skip to addr 0x73BA8000
VERBOSE::memory_page.c::57::mem_page_init_from_proc_addr::lpcBaseAddr=0x73BA8000
VERBOSE::memory_page.c::58::mem_page_init_from_proc_addr::lpcNextAddr=0x73BA8000
VERBOSE::memory_page.c::88::mem_page_init_from_proc_addr::lpcBaseAddr=0x73BA8000
VERBOSE::memory_page.c::89::mem_page_init_from_proc_addr::memInfo.BaseAddress=0x73BA8000
VERBOSE::memory_page.c::90::mem_page_init_from_proc_addr::memInfo.RegionSize=0x00002000
VERBOSE::memory_page.c::57::mem_page_init_from_proc_addr::lpcBaseAddr=0x73BAA000
VERBOSE::memory_page.c::58::mem_page_init_from_proc_addr::lpcNextAddr=0x73BAA000
VERBOSE::memory_page.c::88::mem_page_init_from_proc_addr::lpcBaseAddr=0x73BAA000
VERBOSE::memory_page.c::89::mem_page_init_from_proc_addr::memInfo.BaseAddress=0x73BAA000
VERBOSE::memory_page.c::90::mem_page_init_from_proc_addr::memInfo.RegionSize=0x00008000
ERROR::memory_page.c::217::mem_page_destroy::Deallocating NULL page
VERBOSE::memory_manager.c::523::mem_mgr_load_proc::skip to addr 0x73BB2000
VERBOSE::memory_page.c::57::mem_page_init_from_proc_addr::lpcBaseAddr=0x73BB2000
VERBOSE::memory_page.c::58::mem_page_init_from_proc_addr::lpcNextAddr=0x73BB2000
VERBOSE::memory_page.c::88::mem_page_init_from_proc_addr::lpcBaseAddr=0x73BB2000
VERBOSE::memory_page.c::89::mem_page_init_from_proc_addr::memInfo.BaseAddress=0x73BB2000
VERBOSE::memory_page.c::90::mem_page_init_from_proc_addr::memInfo.RegionSize=0x00EAE000
ERROR::memory_page.c::217::mem_page_destroy::Deallocating NULL page
VERBOSE::memory_manager.c::523::mem_mgr_load_proc::skip to addr 0x74A60000
VERBOSE::memory_page.c::57::mem_page_init_from_proc_addr::lpcBaseAddr=0x74A60000
VERBOSE::memory_page.c::58::mem_page_init_from_proc_addr::lpcNextAddr=0x74A60000
VERBOSE::memory_page.c::88::mem_page_init_from_proc_addr::lpcBaseAddr=0x74A60000
VERBOSE::memory_page.c::89::mem_page_init_from_proc_addr::memInfo.BaseAddress=0x74A60000
VERBOSE::memory_page.c::90::mem_page_init_from_proc_addr::memInfo.RegionSize=0x00001000
ERROR::memory_page.c::217::mem_page_destroy::Deallocating NULL page
VERBOSE::memory_manager.c::523::mem_mgr_load_proc::skip to addr 0x74A61000
VERBOSE::memory_page.c::57::mem_page_init_from_proc_addr::lpcBaseAddr=0x74A61000
VERBOSE::memory_page.c::58::mem_page_init_from_proc_addr::lpcNextAddr=0x74A61000
VERBOSE::memory_page.c::88::mem_page_init_from_proc_addr::lpcBaseAddr=0x74A61000
VERBOSE::memory_page.c::89::mem_page_init_from_proc_addr::memInfo.BaseAddress=0x74A61000
VERBOSE::memory_page.c::90::mem_page_init_from_proc_addr::memInfo.RegionSize=0x00009000
ERROR::memory_page.c::217::mem_page_destroy::Deallocating NULL page
VERBOSE::memory_manager.c::523::mem_mgr_load_proc::skip to addr 0x74A6A000
VERBOSE::memory_page.c::57::mem_page_init_from_proc_addr::lpcBaseAddr=0x74A6A000
VERBOSE::memory_page.c::58::mem_page_init_from_proc_addr::lpcNextAddr=0x74A6A000
VERBOSE::memory_page.c::88::mem_page_init_from_proc_addr::lpcBaseAddr=0x74A6A000
VERBOSE::memory_page.c::89::mem_page_init_from_proc_addr::memInfo.BaseAddress=0x74A6A000
VERBOSE::memory_page.c::90::mem_page_init_from_proc_addr::memInfo.RegionSize=0x00001000
VERBOSE::memory_page.c::57::mem_page_init_from_proc_addr::lpcBaseAddr=0x74A6B000
VERBOSE::memory_page.c::58::mem_page_init_from_proc_addr::lpcNextAddr=0x74A6B000
VERBOSE::memory_page.c::88::mem_page_init_from_proc_addr::lpcBaseAddr=0x74A6B000
VERBOSE::memory_page.c::89::mem_page_init_from_proc_addr::memInfo.BaseAddress=0x74A6B000
VERBOSE::memory_page.c::90::mem_page_init_from_proc_addr::memInfo.RegionSize=0x00003000
ERROR::memory_page.c::217::mem_page_destroy::Deallocating NULL page
VERBOSE::memory_manager.c::523::mem_mgr_load_proc::skip to addr 0x74A6E000
VERBOSE::memory_page.c::57::mem_page_init_from_proc_addr::lpcBaseAddr=0x74A6E000
VERBOSE::memory_page.c::58::mem_page_init_from_proc_addr::lpcNextAddr=0x74A6E000
VERBOSE::memory_page.c::88::mem_page_init_from_proc_addr::lpcBaseAddr=0x74A6E000
VERBOSE::memory_page.c::89::mem_page_init_from_proc_addr::memInfo.BaseAddress=0x74A6E000
VERBOSE::memory_page.c::90::mem_page_init_from_proc_addr::memInfo.RegionSize=0x00002000
ERROR::memory_page.c::217::mem_page_destroy::Deallocating NULL page
VERBOSE::memory_manager.c::523::mem_mgr_load_proc::skip to addr 0x74A70000
VERBOSE::memory_page.c::57::mem_page_init_from_proc_addr::lpcBaseAddr=0x74A70000
VERBOSE::memory_page.c::58::mem_page_init_from_proc_addr::lpcNextAddr=0x74A70000
VERBOSE::memory_page.c::88::mem_page_init_from_proc_addr::lpcBaseAddr=0x74A70000
VERBOSE::memory_page.c::89::mem_page_init_from_proc_addr::memInfo.BaseAddress=0x74A70000
VERBOSE::memory_page.c::90::mem_page_init_from_proc_addr::memInfo.RegionSize=0x00001000
ERROR::memory_page.c::217::mem_page_destroy::Deallocating NULL page
VERBOSE::memory_manager.c::523::mem_mgr_load_proc::skip to addr 0x74A71000
VERBOSE::memory_page.c::57::mem_page_init_from_proc_addr::lpcBaseAddr=0x74A71000
VERBOSE::memory_page.c::58::mem_page_init_from_proc_addr::lpcNextAddr=0x74A71000
VERBOSE::memory_page.c::88::mem_page_init_from_proc_addr::lpcBaseAddr=0x74A71000
VERBOSE::memory_page.c::89::mem_page_init_from_proc_addr::memInfo.BaseAddress=0x74A71000
VERBOSE::memory_page.c::90::mem_page_init_from_proc_addr::memInfo.RegionSize=0x00008000
ERROR::memory_page.c::217::mem_page_destroy::Deallocating NULL page
VERBOSE::memory_manager.c::523::mem_mgr_load_proc::skip to addr 0x74A79000
VERBOSE::memory_page.c::57::mem_page_init_from_proc_addr::lpcBaseAddr=0x74A79000
VERBOSE::memory_page.c::58::mem_page_init_from_proc_addr::lpcNextAddr=0x74A79000
VERBOSE::memory_page.c::88::mem_page_init_from_proc_addr::lpcBaseAddr=0x74A79000
VERBOSE::memory_page.c::89::mem_page_init_from_proc_addr::memInfo.BaseAddress=0x74A79000
VERBOSE::memory_page.c::90::mem_page_init_from_proc_addr::memInfo.RegionSize=0x00001000
VERBOSE::memory_page.c::57::mem_page_init_from_proc_addr::lpcBaseAddr=0x74A7A000
VERBOSE::memory_page.c::58::mem_page_init_from_proc_addr::lpcNextAddr=0x74A7A000
VERBOSE::memory_page.c::88::mem_page_init_from_proc_addr::lpcBaseAddr=0x74A7A000
VERBOSE::memory_page.c::89::mem_page_init_from_proc_addr::memInfo.BaseAddress=0x74A7A000
VERBOSE::memory_page.c::90::mem_page_init_from_proc_addr::memInfo.RegionSize=0x00003000
ERROR::memory_page.c::217::mem_page_destroy::Deallocating NULL page
VERBOSE::memory_manager.c::523::mem_mgr_load_proc::skip to addr 0x74A7D000
VERBOSE::memory_page.c::57::mem_page_init_from_proc_addr::lpcBaseAddr=0x74A7D000
VERBOSE::memory_page.c::58::mem_page_init_from_proc_addr::lpcNextAddr=0x74A7D000
VERBOSE::memory_page.c::88::mem_page_init_from_proc_addr::lpcBaseAddr=0x74A7D000
VERBOSE::memory_page.c::89::mem_page_init_from_proc_addr::memInfo.BaseAddress=0x74A7D000
VERBOSE::memory_page.c::90::mem_page_init_from_proc_addr::memInfo.RegionSize=0x00003000
ERROR::memory_page.c::217::mem_page_destroy::Deallocating NULL page
VERBOSE::memory_manager.c::523::mem_mgr_load_proc::skip to addr 0x74A80000
VERBOSE::memory_page.c::57::mem_page_init_from_proc_addr::lpcBaseAddr=0x74A80000
VERBOSE::memory_page.c::58::mem_page_init_from_proc_addr::lpcNextAddr=0x74A80000
VERBOSE::memory_page.c::88::mem_page_init_from_proc_addr::lpcBaseAddr=0x74A80000
VERBOSE::memory_page.c::89::mem_page_init_from_proc_addr::memInfo.BaseAddress=0x74A80000
VERBOSE::memory_page.c::90::mem_page_init_from_proc_addr::memInfo.RegionSize=0x00001000
ERROR::memory_page.c::217::mem_page_destroy::Deallocating NULL page
VERBOSE::memory_manager.c::523::mem_mgr_load_proc::skip to addr 0x74A81000
VERBOSE::memory_page.c::57::mem_page_init_from_proc_addr::lpcBaseAddr=0x74A81000
VERBOSE::memory_page.c::58::mem_page_init_from_proc_addr::lpcNextAddr=0x74A81000
VERBOSE::memory_page.c::88::mem_page_init_from_proc_addr::lpcBaseAddr=0x74A81000
VERBOSE::memory_page.c::89::mem_page_init_from_proc_addr::memInfo.BaseAddress=0x74A81000
VERBOSE::memory_page.c::90::mem_page_init_from_proc_addr::memInfo.RegionSize=0x00004000
ERROR::memory_page.c::217::mem_page_destroy::Deallocating NULL page
VERBOSE::memory_manager.c::523::mem_mgr_load_proc::skip to addr 0x74A85000
VERBOSE::memory_page.c::57::mem_page_init_from_proc_addr::lpcBaseAddr=0x74A85000
VERBOSE::memory_page.c::58::mem_page_init_from_proc_addr::lpcNextAddr=0x74A85000
VERBOSE::memory_page.c::88::mem_page_init_from_proc_addr::lpcBaseAddr=0x74A85000
VERBOSE::memory_page.c::89::mem_page_init_from_proc_addr::memInfo.BaseAddress=0x74A85000
VERBOSE::memory_page.c::90::mem_page_init_from_proc_addr::memInfo.RegionSize=0x00001000
VERBOSE::memory_page.c::57::mem_page_init_from_proc_addr::lpcBaseAddr=0x74A86000
VERBOSE::memory_page.c::58::mem_page_init_from_proc_addr::lpcNextAddr=0x74A86000
VERBOSE::memory_page.c::88::mem_page_init_from_proc_addr::lpcBaseAddr=0x74A86000
VERBOSE::memory_page.c::89::mem_page_init_from_proc_addr::memInfo.BaseAddress=0x74A86000
VERBOSE::memory_page.c::90::mem_page_init_from_proc_addr::memInfo.RegionSize=0x00004000
ERROR::memory_page.c::217::mem_page_destroy::Deallocating NULL page
VERBOSE::memory_manager.c::523::mem_mgr_load_proc::skip to addr 0x74A8A000
VERBOSE::memory_page.c::57::mem_page_init_from_proc_addr::lpcBaseAddr=0x74A8A000
VERBOSE::memory_page.c::58::mem_page_init_from_proc_addr::lpcNextAddr=0x74A8A000
VERBOSE::memory_page.c::88::mem_page_init_from_proc_addr::lpcBaseAddr=0x74A8A000
VERBOSE::memory_page.c::89::mem_page_init_from_proc_addr::memInfo.BaseAddress=0x74A8A000
VERBOSE::memory_page.c::90::mem_page_init_from_proc_addr::memInfo.RegionSize=0x00026000
ERROR::memory_page.c::217::mem_page_destroy::Deallocating NULL page
VERBOSE::memory_manager.c::523::mem_mgr_load_proc::skip to addr 0x74AB0000
VERBOSE::memory_page.c::57::mem_page_init_from_proc_addr::lpcBaseAddr=0x74AB0000
VERBOSE::memory_page.c::58::mem_page_init_from_proc_addr::lpcNextAddr=0x74AB0000
VERBOSE::memory_page.c::88::mem_page_init_from_proc_addr::lpcBaseAddr=0x74AB0000
VERBOSE::memory_page.c::89::mem_page_init_from_proc_addr::memInfo.BaseAddress=0x74AB0000
VERBOSE::memory_page.c::90::mem_page_init_from_proc_addr::memInfo.RegionSize=0x00001000
ERROR::memory_page.c::217::mem_page_destroy::Deallocating NULL page
VERBOSE::memory_manager.c::523::mem_mgr_load_proc::skip to addr 0x74AB1000
VERBOSE::memory_page.c::57::mem_page_init_from_proc_addr::lpcBaseAddr=0x74AB1000
VERBOSE::memory_page.c::58::mem_page_init_from_proc_addr::lpcNextAddr=0x74AB1000
VERBOSE::memory_page.c::88::mem_page_init_from_proc_addr::lpcBaseAddr=0x74AB1000
VERBOSE::memory_page.c::89::mem_page_init_from_proc_addr::memInfo.BaseAddress=0x74AB1000
VERBOSE::memory_page.c::90::mem_page_init_from_proc_addr::memInfo.RegionSize=0x0001C000
ERROR::memory_page.c::217::mem_page_destroy::Deallocating NULL page
VERBOSE::memory_manager.c::523::mem_mgr_load_proc::skip to addr 0x74ACD000
VERBOSE::memory_page.c::57::mem_page_init_from_proc_addr::lpcBaseAddr=0x74ACD000
VERBOSE::memory_page.c::58::mem_page_init_from_proc_addr::lpcNextAddr=0x74ACD000
VERBOSE::memory_page.c::88::mem_page_init_from_proc_addr::lpcBaseAddr=0x74ACD000
VERBOSE::memory_page.c::89::mem_page_init_from_proc_addr::memInfo.BaseAddress=0x74ACD000
VERBOSE::memory_page.c::90::mem_page_init_from_proc_addr::memInfo.RegionSize=0x00001000
VERBOSE::memory_page.c::57::mem_page_init_from_proc_addr::lpcBaseAddr=0x74ACE000
VERBOSE::memory_page.c::58::mem_page_init_from_proc_addr::lpcNextAddr=0x74ACE000
VERBOSE::memory_page.c::88::mem_page_init_from_proc_addr::lpcBaseAddr=0x74ACE000
VERBOSE::memory_page.c::89::mem_page_init_from_proc_addr::memInfo.BaseAddress=0x74ACE000
VERBOSE::memory_page.c::90::mem_page_init_from_proc_addr::memInfo.RegionSize=0x00007000
ERROR::memory_page.c::217::mem_page_destroy::Deallocating NULL page
VERBOSE::memory_manager.c::523::mem_mgr_load_proc::skip to addr 0x74AD5000
VERBOSE::memory_page.c::57::mem_page_init_from_proc_addr::lpcBaseAddr=0x74AD5000
VERBOSE::memory_page.c::58::mem_page_init_from_proc_addr::lpcNextAddr=0x74AD5000
VERBOSE::memory_page.c::88::mem_page_init_from_proc_addr::lpcBaseAddr=0x74AD5000
VERBOSE::memory_page.c::89::mem_page_init_from_proc_addr::memInfo.BaseAddress=0x74AD5000
VERBOSE::memory_page.c::90::mem_page_init_from_proc_addr::memInfo.RegionSize=0x0003B000
ERROR::memory_page.c::217::mem_page_destroy::Deallocating NULL page
VERBOSE::memory_manager.c::523::mem_mgr_load_proc::skip to addr 0x74B10000
VERBOSE::memory_page.c::57::mem_page_init_from_proc_addr::lpcBaseAddr=0x74B10000
VERBOSE::memory_page.c::58::mem_page_init_from_proc_addr::lpcNextAddr=0x74B10000
VERBOSE::memory_page.c::88::mem_page_init_from_proc_addr::lpcBaseAddr=0x74B10000
VERBOSE::memory_page.c::89::mem_page_init_from_proc_addr::memInfo.BaseAddress=0x74B10000
VERBOSE::memory_page.c::90::mem_page_init_from_proc_addr::memInfo.RegionSize=0x00001000
ERROR::memory_page.c::217::mem_page_destroy::Deallocating NULL page
VERBOSE::memory_manager.c::523::mem_mgr_load_proc::skip to addr 0x74B11000
VERBOSE::memory_page.c::57::mem_page_init_from_proc_addr::lpcBaseAddr=0x74B11000
VERBOSE::memory_page.c::58::mem_page_init_from_proc_addr::lpcNextAddr=0x74B11000
VERBOSE::memory_page.c::88::mem_page_init_from_proc_addr::lpcBaseAddr=0x74B11000
VERBOSE::memory_page.c::89::mem_page_init_from_proc_addr::memInfo.BaseAddress=0x74B11000
VERBOSE::memory_page.c::90::mem_page_init_from_proc_addr::memInfo.RegionSize=0x00598000
ERROR::memory_page.c::217::mem_page_destroy::Deallocating NULL page
VERBOSE::memory_manager.c::523::mem_mgr_load_proc::skip to addr 0x750A9000
VERBOSE::memory_page.c::57::mem_page_init_from_proc_addr::lpcBaseAddr=0x750A9000
VERBOSE::memory_page.c::58::mem_page_init_from_proc_addr::lpcNextAddr=0x750A9000
VERBOSE::memory_page.c::88::mem_page_init_from_proc_addr::lpcBaseAddr=0x750A9000
VERBOSE::memory_page.c::89::mem_page_init_from_proc_addr::memInfo.BaseAddress=0x750A9000
VERBOSE::memory_page.c::90::mem_page_init_from_proc_addr::memInfo.RegionSize=0x00006000
VERBOSE::memory_page.c::57::mem_page_init_from_proc_addr::lpcBaseAddr=0x750AF000
VERBOSE::memory_page.c::58::mem_page_init_from_proc_addr::lpcNextAddr=0x750AF000
VERBOSE::memory_page.c::88::mem_page_init_from_proc_addr::lpcBaseAddr=0x750AF000
VERBOSE::memory_page.c::89::mem_page_init_from_proc_addr::memInfo.BaseAddress=0x750AF000
VERBOSE::memory_page.c::90::mem_page_init_from_proc_addr::memInfo.RegionSize=0x0006E000
ERROR::memory_page.c::217::mem_page_destroy::Deallocating NULL page
VERBOSE::memory_manager.c::523::mem_mgr_load_proc::skip to addr 0x7511D000
VERBOSE::memory_page.c::57::mem_page_init_from_proc_addr::lpcBaseAddr=0x7511D000
VERBOSE::memory_page.c::58::mem_page_init_from_proc_addr::lpcNextAddr=0x7511D000
VERBOSE::memory_page.c::88::mem_page_init_from_proc_addr::lpcBaseAddr=0x7511D000
VERBOSE::memory_page.c::89::mem_page_init_from_proc_addr::memInfo.BaseAddress=0x7511D000
VERBOSE::memory_page.c::90::mem_page_init_from_proc_addr::memInfo.RegionSize=0x000D3000
ERROR::memory_page.c::217::mem_page_destroy::Deallocating NULL page
VERBOSE::memory_manager.c::523::mem_mgr_load_proc::skip to addr 0x751F0000
VERBOSE::memory_page.c::57::mem_page_init_from_proc_addr::lpcBaseAddr=0x751F0000
VERBOSE::memory_page.c::58::mem_page_init_from_proc_addr::lpcNextAddr=0x751F0000
VERBOSE::memory_page.c::88::mem_page_init_from_proc_addr::lpcBaseAddr=0x751F0000
VERBOSE::memory_page.c::89::mem_page_init_from_proc_addr::memInfo.BaseAddress=0x751F0000
VERBOSE::memory_page.c::90::mem_page_init_from_proc_addr::memInfo.RegionSize=0x00001000
ERROR::memory_page.c::217::mem_page_destroy::Deallocating NULL page
VERBOSE::memory_manager.c::523::mem_mgr_load_proc::skip to addr 0x751F1000
VERBOSE::memory_page.c::57::mem_page_init_from_proc_addr::lpcBaseAddr=0x751F1000
VERBOSE::memory_page.c::58::mem_page_init_from_proc_addr::lpcNextAddr=0x751F1000
VERBOSE::memory_page.c::88::mem_page_init_from_proc_addr::lpcBaseAddr=0x751F1000
VERBOSE::memory_page.c::89::mem_page_init_from_proc_addr::memInfo.BaseAddress=0x751F1000
VERBOSE::memory_page.c::90::mem_page_init_from_proc_addr::memInfo.RegionSize=0x0002A000
ERROR::memory_page.c::217::mem_page_destroy::Deallocating NULL page
VERBOSE::memory_manager.c::523::mem_mgr_load_proc::skip to addr 0x7521B000
VERBOSE::memory_page.c::57::mem_page_init_from_proc_addr::lpcBaseAddr=0x7521B000
VERBOSE::memory_page.c::58::mem_page_init_from_proc_addr::lpcNextAddr=0x7521B000
VERBOSE::memory_page.c::88::mem_page_init_from_proc_addr::lpcBaseAddr=0x7521B000
VERBOSE::memory_page.c::89::mem_page_init_from_proc_addr::memInfo.BaseAddress=0x7521B000
VERBOSE::memory_page.c::90::mem_page_init_from_proc_addr::memInfo.RegionSize=0x00001000
VERBOSE::memory_page.c::57::mem_page_init_from_proc_addr::lpcBaseAddr=0x7521C000
VERBOSE::memory_page.c::58::mem_page_init_from_proc_addr::lpcNextAddr=0x7521C000
VERBOSE::memory_page.c::88::mem_page_init_from_proc_addr::lpcBaseAddr=0x7521C000
VERBOSE::memory_page.c::89::mem_page_init_from_proc_addr::memInfo.BaseAddress=0x7521C000
VERBOSE::memory_page.c::90::mem_page_init_from_proc_addr::memInfo.RegionSize=0x00006000
ERROR::memory_page.c::217::mem_page_destroy::Deallocating NULL page
VERBOSE::memory_manager.c::523::mem_mgr_load_proc::skip to addr 0x75222000
VERBOSE::memory_page.c::57::mem_page_init_from_proc_addr::lpcBaseAddr=0x75222000
VERBOSE::memory_page.c::58::mem_page_init_from_proc_addr::lpcNextAddr=0x75222000
VERBOSE::memory_page.c::88::mem_page_init_from_proc_addr::lpcBaseAddr=0x75222000
VERBOSE::memory_page.c::89::mem_page_init_from_proc_addr::memInfo.BaseAddress=0x75222000
VERBOSE::memory_page.c::90::mem_page_init_from_proc_addr::memInfo.RegionSize=0x0000E000
ERROR::memory_page.c::217::mem_page_destroy::Deallocating NULL page
VERBOSE::memory_manager.c::523::mem_mgr_load_proc::skip to addr 0x75230000
VERBOSE::memory_page.c::57::mem_page_init_from_proc_addr::lpcBaseAddr=0x75230000
VERBOSE::memory_page.c::58::mem_page_init_from_proc_addr::lpcNextAddr=0x75230000
VERBOSE::memory_page.c::88::mem_page_init_from_proc_addr::lpcBaseAddr=0x75230000
VERBOSE::memory_page.c::89::mem_page_init_from_proc_addr::memInfo.BaseAddress=0x75230000
VERBOSE::memory_page.c::90::mem_page_init_from_proc_addr::memInfo.RegionSize=0x00001000
ERROR::memory_page.c::217::mem_page_destroy::Deallocating NULL page
VERBOSE::memory_manager.c::523::mem_mgr_load_proc::skip to addr 0x75231000
VERBOSE::memory_page.c::57::mem_page_init_from_proc_addr::lpcBaseAddr=0x75231000
VERBOSE::memory_page.c::58::mem_page_init_from_proc_addr::lpcNextAddr=0x75231000
VERBOSE::memory_page.c::88::mem_page_init_from_proc_addr::lpcBaseAddr=0x75231000
VERBOSE::memory_page.c::89::mem_page_init_from_proc_addr::memInfo.BaseAddress=0x75231000
VERBOSE::memory_page.c::90::mem_page_init_from_proc_addr::memInfo.RegionSize=0x00003000
ERROR::memory_page.c::217::mem_page_destroy::Deallocating NULL page
VERBOSE::memory_manager.c::523::mem_mgr_load_proc::skip to addr 0x75234000
VERBOSE::memory_page.c::57::mem_page_init_from_proc_addr::lpcBaseAddr=0x75234000
VERBOSE::memory_page.c::58::mem_page_init_from_proc_addr::lpcNextAddr=0x75234000
VERBOSE::memory_page.c::88::mem_page_init_from_proc_addr::lpcBaseAddr=0x75234000
VERBOSE::memory_page.c::89::mem_page_init_from_proc_addr::memInfo.BaseAddress=0x75234000
VERBOSE::memory_page.c::90::mem_page_init_from_proc_addr::memInfo.RegionSize=0x00001000
VERBOSE::memory_page.c::57::mem_page_init_from_proc_addr::lpcBaseAddr=0x75235000
VERBOSE::memory_page.c::58::mem_page_init_from_proc_addr::lpcNextAddr=0x75235000
VERBOSE::memory_page.c::88::mem_page_init_from_proc_addr::lpcBaseAddr=0x75235000
VERBOSE::memory_page.c::89::mem_page_init_from_proc_addr::memInfo.BaseAddress=0x75235000
VERBOSE::memory_page.c::90::mem_page_init_from_proc_addr::memInfo.RegionSize=0x00003000
ERROR::memory_page.c::217::mem_page_destroy::Deallocating NULL page
VERBOSE::memory_manager.c::523::mem_mgr_load_proc::skip to addr 0x75238000
VERBOSE::memory_page.c::57::mem_page_init_from_proc_addr::lpcBaseAddr=0x75238000
VERBOSE::memory_page.c::58::mem_page_init_from_proc_addr::lpcNextAddr=0x75238000
VERBOSE::memory_page.c::88::mem_page_init_from_proc_addr::lpcBaseAddr=0x75238000
VERBOSE::memory_page.c::89::mem_page_init_from_proc_addr::memInfo.BaseAddress=0x75238000
VERBOSE::memory_page.c::90::mem_page_init_from_proc_addr::memInfo.RegionSize=0x00008000
ERROR::memory_page.c::217::mem_page_destroy::Deallocating NULL page
VERBOSE::memory_manager.c::523::mem_mgr_load_proc::skip to addr 0x75240000
VERBOSE::memory_page.c::57::mem_page_init_from_proc_addr::lpcBaseAddr=0x75240000
VERBOSE::memory_page.c::58::mem_page_init_from_proc_addr::lpcNextAddr=0x75240000
VERBOSE::memory_page.c::88::mem_page_init_from_proc_addr::lpcBaseAddr=0x75240000
VERBOSE::memory_page.c::89::mem_page_init_from_proc_addr::memInfo.BaseAddress=0x75240000
VERBOSE::memory_page.c::90::mem_page_init_from_proc_addr::memInfo.RegionSize=0x00001000
ERROR::memory_page.c::217::mem_page_destroy::Deallocating NULL page
VERBOSE::memory_manager.c::523::mem_mgr_load_proc::skip to addr 0x75241000
VERBOSE::memory_page.c::57::mem_page_init_from_proc_addr::lpcBaseAddr=0x75241000
VERBOSE::memory_page.c::58::mem_page_init_from_proc_addr::lpcNextAddr=0x75241000
VERBOSE::memory_page.c::88::mem_page_init_from_proc_addr::lpcBaseAddr=0x75241000
VERBOSE::memory_page.c::89::mem_page_init_from_proc_addr::memInfo.BaseAddress=0x75241000
VERBOSE::memory_page.c::90::mem_page_init_from_proc_addr::memInfo.RegionSize=0x00007000
ERROR::memory_page.c::217::mem_page_destroy::Deallocating NULL page
VERBOSE::memory_manager.c::523::mem_mgr_load_proc::skip to addr 0x75248000
VERBOSE::memory_page.c::57::mem_page_init_from_proc_addr::lpcBaseAddr=0x75248000
VERBOSE::memory_page.c::58::mem_page_init_from_proc_addr::lpcNextAddr=0x75248000
VERBOSE::memory_page.c::88::mem_page_init_from_proc_addr::lpcBaseAddr=0x75248000
VERBOSE::memory_page.c::89::mem_page_init_from_proc_addr::memInfo.BaseAddress=0x75248000
VERBOSE::memory_page.c::90::mem_page_init_from_proc_addr::memInfo.RegionSize=0x00001000
VERBOSE::memory_page.c::57::mem_page_init_from_proc_addr::lpcBaseAddr=0x75249000
VERBOSE::memory_page.c::58::mem_page_init_from_proc_addr::lpcNextAddr=0x75249000
VERBOSE::memory_page.c::88::mem_page_init_from_proc_addr::lpcBaseAddr=0x75249000
VERBOSE::memory_page.c::89::mem_page_init_from_proc_addr::memInfo.BaseAddress=0x75249000
VERBOSE::memory_page.c::90::mem_page_init_from_proc_addr::memInfo.RegionSize=0x00006000
ERROR::memory_page.c::217::mem_page_destroy::Deallocating NULL page
VERBOSE::memory_manager.c::523::mem_mgr_load_proc::skip to addr 0x7524F000
VERBOSE::memory_page.c::57::mem_page_init_from_proc_addr::lpcBaseAddr=0x7524F000
VERBOSE::memory_page.c::58::mem_page_init_from_proc_addr::lpcNextAddr=0x7524F000
VERBOSE::memory_page.c::88::mem_page_init_from_proc_addr::lpcBaseAddr=0x7524F000
VERBOSE::memory_page.c::89::mem_page_init_from_proc_addr::memInfo.BaseAddress=0x7524F000
VERBOSE::memory_page.c::90::mem_page_init_from_proc_addr::memInfo.RegionSize=0x00091000
ERROR::memory_page.c::217::mem_page_destroy::Deallocating NULL page
VERBOSE::memory_manager.c::523::mem_mgr_load_proc::skip to addr 0x752E0000
VERBOSE::memory_page.c::57::mem_page_init_from_proc_addr::lpcBaseAddr=0x752E0000
VERBOSE::memory_page.c::58::mem_page_init_from_proc_addr::lpcNextAddr=0x752E0000
VERBOSE::memory_page.c::88::mem_page_init_from_proc_addr::lpcBaseAddr=0x752E0000
VERBOSE::memory_page.c::89::mem_page_init_from_proc_addr::memInfo.BaseAddress=0x752E0000
VERBOSE::memory_page.c::90::mem_page_init_from_proc_addr::memInfo.RegionSize=0x00001000
ERROR::memory_page.c::217::mem_page_destroy::Deallocating NULL page
VERBOSE::memory_manager.c::523::mem_mgr_load_proc::skip to addr 0x752E1000
VERBOSE::memory_page.c::57::mem_page_init_from_proc_addr::lpcBaseAddr=0x752E1000
VERBOSE::memory_page.c::58::mem_page_init_from_proc_addr::lpcNextAddr=0x752E1000
VERBOSE::memory_page.c::88::mem_page_init_from_proc_addr::lpcBaseAddr=0x752E1000
VERBOSE::memory_page.c::89::mem_page_init_from_proc_addr::memInfo.BaseAddress=0x752E1000
VERBOSE::memory_page.c::90::mem_page_init_from_proc_addr::memInfo.RegionSize=0x0001A000
ERROR::memory_page.c::217::mem_page_destroy::Deallocating NULL page
VERBOSE::memory_manager.c::523::mem_mgr_load_proc::skip to addr 0x752FB000
VERBOSE::memory_page.c::57::mem_page_init_from_proc_addr::lpcBaseAddr=0x752FB000
VERBOSE::memory_page.c::58::mem_page_init_from_proc_addr::lpcNextAddr=0x752FB000
VERBOSE::memory_page.c::88::mem_page_init_from_proc_addr::lpcBaseAddr=0x752FB000
VERBOSE::memory_page.c::89::mem_page_init_from_proc_addr::memInfo.BaseAddress=0x752FB000
VERBOSE::memory_page.c::90::mem_page_init_from_proc_addr::memInfo.RegionSize=0x00002000
VERBOSE::memory_page.c::57::mem_page_init_from_proc_addr::lpcBaseAddr=0x752FD000
VERBOSE::memory_page.c::58::mem_page_init_from_proc_addr::lpcNextAddr=0x752FD000
VERBOSE::memory_page.c::88::mem_page_init_from_proc_addr::lpcBaseAddr=0x752FD000
VERBOSE::memory_page.c::89::mem_page_init_from_proc_addr::memInfo.BaseAddress=0x752FD000
VERBOSE::memory_page.c::90::mem_page_init_from_proc_addr::memInfo.RegionSize=0x0000B000
ERROR::memory_page.c::217::mem_page_destroy::Deallocating NULL page
VERBOSE::memory_manager.c::523::mem_mgr_load_proc::skip to addr 0x75308000
VERBOSE::memory_page.c::57::mem_page_init_from_proc_addr::lpcBaseAddr=0x75308000
VERBOSE::memory_page.c::58::mem_page_init_from_proc_addr::lpcNextAddr=0x75308000
VERBOSE::memory_page.c::88::mem_page_init_from_proc_addr::lpcBaseAddr=0x75308000
VERBOSE::memory_page.c::89::mem_page_init_from_proc_addr::memInfo.BaseAddress=0x75308000
VERBOSE::memory_page.c::90::mem_page_init_from_proc_addr::memInfo.RegionSize=0x00218000
ERROR::memory_page.c::217::mem_page_destroy::Deallocating NULL page
VERBOSE::memory_manager.c::523::mem_mgr_load_proc::skip to addr 0x75520000
VERBOSE::memory_page.c::57::mem_page_init_from_proc_addr::lpcBaseAddr=0x75520000
VERBOSE::memory_page.c::58::mem_page_init_from_proc_addr::lpcNextAddr=0x75520000
VERBOSE::memory_page.c::88::mem_page_init_from_proc_addr::lpcBaseAddr=0x75520000
VERBOSE::memory_page.c::89::mem_page_init_from_proc_addr::memInfo.BaseAddress=0x75520000
VERBOSE::memory_page.c::90::mem_page_init_from_proc_addr::memInfo.RegionSize=0x00001000
ERROR::memory_page.c::217::mem_page_destroy::Deallocating NULL page
VERBOSE::memory_manager.c::523::mem_mgr_load_proc::skip to addr 0x75521000
VERBOSE::memory_page.c::57::mem_page_init_from_proc_addr::lpcBaseAddr=0x75521000
VERBOSE::memory_page.c::58::mem_page_init_from_proc_addr::lpcNextAddr=0x75521000
VERBOSE::memory_page.c::88::mem_page_init_from_proc_addr::lpcBaseAddr=0x75521000
VERBOSE::memory_page.c::89::mem_page_init_from_proc_addr::memInfo.BaseAddress=0x75521000
VERBOSE::memory_page.c::90::mem_page_init_from_proc_addr::memInfo.RegionSize=0x00066000
ERROR::memory_page.c::217::mem_page_destroy::Deallocating NULL page
VERBOSE::memory_manager.c::523::mem_mgr_load_proc::skip to addr 0x75587000
VERBOSE::memory_page.c::57::mem_page_init_from_proc_addr::lpcBaseAddr=0x75587000
VERBOSE::memory_page.c::58::mem_page_init_from_proc_addr::lpcNextAddr=0x75587000
VERBOSE::memory_page.c::88::mem_page_init_from_proc_addr::lpcBaseAddr=0x75587000
VERBOSE::memory_page.c::89::mem_page_init_from_proc_addr::memInfo.BaseAddress=0x75587000
VERBOSE::memory_page.c::90::mem_page_init_from_proc_addr::memInfo.RegionSize=0x00003000
VERBOSE::memory_page.c::57::mem_page_init_from_proc_addr::lpcBaseAddr=0x7558A000
VERBOSE::memory_page.c::58::mem_page_init_from_proc_addr::lpcNextAddr=0x7558A000
VERBOSE::memory_page.c::88::mem_page_init_from_proc_addr::lpcBaseAddr=0x7558A000
VERBOSE::memory_page.c::89::mem_page_init_from_proc_addr::memInfo.BaseAddress=0x7558A000
VERBOSE::memory_page.c::90::mem_page_init_from_proc_addr::memInfo.RegionSize=0x0000A000
ERROR::memory_page.c::217::mem_page_destroy::Deallocating NULL page
VERBOSE::memory_manager.c::523::mem_mgr_load_proc::skip to addr 0x75594000
VERBOSE::memory_page.c::57::mem_page_init_from_proc_addr::lpcBaseAddr=0x75594000
VERBOSE::memory_page.c::58::mem_page_init_from_proc_addr::lpcNextAddr=0x75594000
VERBOSE::memory_page.c::88::mem_page_init_from_proc_addr::lpcBaseAddr=0x75594000
VERBOSE::memory_page.c::89::mem_page_init_from_proc_addr::memInfo.BaseAddress=0x75594000
VERBOSE::memory_page.c::90::mem_page_init_from_proc_addr::memInfo.RegionSize=0x0000C000
ERROR::memory_page.c::217::mem_page_destroy::Deallocating NULL page
VERBOSE::memory_manager.c::523::mem_mgr_load_proc::skip to addr 0x755A0000
VERBOSE::memory_page.c::57::mem_page_init_from_proc_addr::lpcBaseAddr=0x755A0000
VERBOSE::memory_page.c::58::mem_page_init_from_proc_addr::lpcNextAddr=0x755A0000
VERBOSE::memory_page.c::88::mem_page_init_from_proc_addr::lpcBaseAddr=0x755A0000
VERBOSE::memory_page.c::89::mem_page_init_from_proc_addr::memInfo.BaseAddress=0x755A0000
VERBOSE::memory_page.c::90::mem_page_init_from_proc_addr::memInfo.RegionSize=0x00001000
ERROR::memory_page.c::217::mem_page_destroy::Deallocating NULL page
VERBOSE::memory_manager.c::523::mem_mgr_load_proc::skip to addr 0x755A1000
VERBOSE::memory_page.c::57::mem_page_init_from_proc_addr::lpcBaseAddr=0x755A1000
VERBOSE::memory_page.c::58::mem_page_init_from_proc_addr::lpcNextAddr=0x755A1000
VERBOSE::memory_page.c::88::mem_page_init_from_proc_addr::lpcBaseAddr=0x755A1000
VERBOSE::memory_page.c::89::mem_page_init_from_proc_addr::memInfo.BaseAddress=0x755A1000
VERBOSE::memory_page.c::90::mem_page_init_from_proc_addr::memInfo.RegionSize=0x00050000
ERROR::memory_page.c::217::mem_page_destroy::Deallocating NULL page
VERBOSE::memory_manager.c::523::mem_mgr_load_proc::skip to addr 0x755F1000
VERBOSE::memory_page.c::57::mem_page_init_from_proc_addr::lpcBaseAddr=0x755F1000
VERBOSE::memory_page.c::58::mem_page_init_from_proc_addr::lpcNextAddr=0x755F1000
VERBOSE::memory_page.c::88::mem_page_init_from_proc_addr::lpcBaseAddr=0x755F1000
VERBOSE::memory_page.c::89::mem_page_init_from_proc_addr::memInfo.BaseAddress=0x755F1000
VERBOSE::memory_page.c::90::mem_page_init_from_proc_addr::memInfo.RegionSize=0x00002000
VERBOSE::memory_page.c::57::mem_page_init_from_proc_addr::lpcBaseAddr=0x755F3000
VERBOSE::memory_page.c::58::mem_page_init_from_proc_addr::lpcNextAddr=0x755F3000
VERBOSE::memory_page.c::88::mem_page_init_from_proc_addr::lpcBaseAddr=0x755F3000
VERBOSE::memory_page.c::89::mem_page_init_from_proc_addr::memInfo.BaseAddress=0x755F3000
VERBOSE::memory_page.c::90::mem_page_init_from_proc_addr::memInfo.RegionSize=0x0001F000
ERROR::memory_page.c::217::mem_page_destroy::Deallocating NULL page
VERBOSE::memory_manager.c::523::mem_mgr_load_proc::skip to addr 0x75612000
VERBOSE::memory_page.c::57::mem_page_init_from_proc_addr::lpcBaseAddr=0x75612000
VERBOSE::memory_page.c::58::mem_page_init_from_proc_addr::lpcNextAddr=0x75612000
VERBOSE::memory_page.c::88::mem_page_init_from_proc_addr::lpcBaseAddr=0x75612000
VERBOSE::memory_page.c::89::mem_page_init_from_proc_addr::memInfo.BaseAddress=0x75612000
VERBOSE::memory_page.c::90::mem_page_init_from_proc_addr::memInfo.RegionSize=0x0000E000
ERROR::memory_page.c::217::mem_page_destroy::Deallocating NULL page
VERBOSE::memory_manager.c::523::mem_mgr_load_proc::skip to addr 0x75620000
VERBOSE::memory_page.c::57::mem_page_init_from_proc_addr::lpcBaseAddr=0x75620000
VERBOSE::memory_page.c::58::mem_page_init_from_proc_addr::lpcNextAddr=0x75620000
VERBOSE::memory_page.c::88::mem_page_init_from_proc_addr::lpcBaseAddr=0x75620000
VERBOSE::memory_page.c::89::mem_page_init_from_proc_addr::memInfo.BaseAddress=0x75620000
VERBOSE::memory_page.c::90::mem_page_init_from_proc_addr::memInfo.RegionSize=0x00001000
ERROR::memory_page.c::217::mem_page_destroy::Deallocating NULL page
VERBOSE::memory_manager.c::523::mem_mgr_load_proc::skip to addr 0x75621000
VERBOSE::memory_page.c::57::mem_page_init_from_proc_addr::lpcBaseAddr=0x75621000
VERBOSE::memory_page.c::58::mem_page_init_from_proc_addr::lpcNextAddr=0x75621000
VERBOSE::memory_page.c::88::mem_page_init_from_proc_addr::lpcBaseAddr=0x75621000
VERBOSE::memory_page.c::89::mem_page_init_from_proc_addr::memInfo.BaseAddress=0x75621000
VERBOSE::memory_page.c::90::mem_page_init_from_proc_addr::memInfo.RegionSize=0x00003000
ERROR::memory_page.c::217::mem_page_destroy::Deallocating NULL page
VERBOSE::memory_manager.c::523::mem_mgr_load_proc::skip to addr 0x75624000
VERBOSE::memory_page.c::57::mem_page_init_from_proc_addr::lpcBaseAddr=0x75624000
VERBOSE::memory_page.c::58::mem_page_init_from_proc_addr::lpcNextAddr=0x75624000
VERBOSE::memory_page.c::88::mem_page_init_from_proc_addr::lpcBaseAddr=0x75624000
VERBOSE::memory_page.c::89::mem_page_init_from_proc_addr::memInfo.BaseAddress=0x75624000
VERBOSE::memory_page.c::90::mem_page_init_from_proc_addr::memInfo.RegionSize=0x00001000
VERBOSE::memory_page.c::57::mem_page_init_from_proc_addr::lpcBaseAddr=0x75625000
VERBOSE::memory_page.c::58::mem_page_init_from_proc_addr::lpcNextAddr=0x75625000
VERBOSE::memory_page.c::88::mem_page_init_from_proc_addr::lpcBaseAddr=0x75625000
VERBOSE::memory_page.c::89::mem_page_init_from_proc_addr::memInfo.BaseAddress=0x75625000
VERBOSE::memory_page.c::90::mem_page_init_from_proc_addr::memInfo.RegionSize=0x00003000
ERROR::memory_page.c::217::mem_page_destroy::Deallocating NULL page
VERBOSE::memory_manager.c::523::mem_mgr_load_proc::skip to addr 0x75628000
VERBOSE::memory_page.c::57::mem_page_init_from_proc_addr::lpcBaseAddr=0x75628000
VERBOSE::memory_page.c::58::mem_page_init_from_proc_addr::lpcNextAddr=0x75628000
VERBOSE::memory_page.c::88::mem_page_init_from_proc_addr::lpcBaseAddr=0x75628000
VERBOSE::memory_page.c::89::mem_page_init_from_proc_addr::memInfo.BaseAddress=0x75628000
VERBOSE::memory_page.c::90::mem_page_init_from_proc_addr::memInfo.RegionSize=0x00018000
ERROR::memory_page.c::217::mem_page_destroy::Deallocating NULL page
VERBOSE::memory_manager.c::523::mem_mgr_load_proc::skip to addr 0x75640000
VERBOSE::memory_page.c::57::mem_page_init_from_proc_addr::lpcBaseAddr=0x75640000
VERBOSE::memory_page.c::58::mem_page_init_from_proc_addr::lpcNextAddr=0x75640000
VERBOSE::memory_page.c::88::mem_page_init_from_proc_addr::lpcBaseAddr=0x75640000
VERBOSE::memory_page.c::89::mem_page_init_from_proc_addr::memInfo.BaseAddress=0x75640000
VERBOSE::memory_page.c::90::mem_page_init_from_proc_addr::memInfo.RegionSize=0x00001000
ERROR::memory_page.c::217::mem_page_destroy::Deallocating NULL page
VERBOSE::memory_manager.c::523::mem_mgr_load_proc::skip to addr 0x75641000
VERBOSE::memory_page.c::57::mem_page_init_from_proc_addr::lpcBaseAddr=0x75641000
VERBOSE::memory_page.c::58::mem_page_init_from_proc_addr::lpcNextAddr=0x75641000
VERBOSE::memory_page.c::88::mem_page_init_from_proc_addr::lpcBaseAddr=0x75641000
VERBOSE::memory_page.c::89::mem_page_init_from_proc_addr::memInfo.BaseAddress=0x75641000
VERBOSE::memory_page.c::90::mem_page_init_from_proc_addr::memInfo.RegionSize=0x0007C000
ERROR::memory_page.c::217::mem_page_destroy::Deallocating NULL page
VERBOSE::memory_manager.c::523::mem_mgr_load_proc::skip to addr 0x756BD000
VERBOSE::memory_page.c::57::mem_page_init_from_proc_addr::lpcBaseAddr=0x756BD000
VERBOSE::memory_page.c::58::mem_page_init_from_proc_addr::lpcNextAddr=0x756BD000
VERBOSE::memory_page.c::88::mem_page_init_from_proc_addr::lpcBaseAddr=0x756BD000
VERBOSE::memory_page.c::89::mem_page_init_from_proc_addr::memInfo.BaseAddress=0x756BD000
VERBOSE::memory_page.c::90::mem_page_init_from_proc_addr::memInfo.RegionSize=0x00002000
VERBOSE::memory_page.c::57::mem_page_init_from_proc_addr::lpcBaseAddr=0x756BF000
VERBOSE::memory_page.c::58::mem_page_init_from_proc_addr::lpcNextAddr=0x756BF000
VERBOSE::memory_page.c::88::mem_page_init_from_proc_addr::lpcBaseAddr=0x756BF000
VERBOSE::memory_page.c::89::mem_page_init_from_proc_addr::memInfo.BaseAddress=0x756BF000
VERBOSE::memory_page.c::90::mem_page_init_from_proc_addr::memInfo.RegionSize=0x00020000
ERROR::memory_page.c::217::mem_page_destroy::Deallocating NULL page
VERBOSE::memory_manager.c::523::mem_mgr_load_proc::skip to addr 0x756DF000
VERBOSE::memory_page.c::57::mem_page_init_from_proc_addr::lpcBaseAddr=0x756DF000
VERBOSE::memory_page.c::58::mem_page_init_from_proc_addr::lpcNextAddr=0x756DF000
VERBOSE::memory_page.c::88::mem_page_init_from_proc_addr::lpcBaseAddr=0x756DF000
VERBOSE::memory_page.c::89::mem_page_init_from_proc_addr::memInfo.BaseAddress=0x756DF000
VERBOSE::memory_page.c::90::mem_page_init_from_proc_addr::memInfo.RegionSize=0x00061000
ERROR::memory_page.c::217::mem_page_destroy::Deallocating NULL page
VERBOSE::memory_manager.c::523::mem_mgr_load_proc::skip to addr 0x75740000
VERBOSE::memory_page.c::57::mem_page_init_from_proc_addr::lpcBaseAddr=0x75740000
VERBOSE::memory_page.c::58::mem_page_init_from_proc_addr::lpcNextAddr=0x75740000
VERBOSE::memory_page.c::88::mem_page_init_from_proc_addr::lpcBaseAddr=0x75740000
VERBOSE::memory_page.c::89::mem_page_init_from_proc_addr::memInfo.BaseAddress=0x75740000
VERBOSE::memory_page.c::90::mem_page_init_from_proc_addr::memInfo.RegionSize=0x00001000
ERROR::memory_page.c::217::mem_page_destroy::Deallocating NULL page
VERBOSE::memory_manager.c::523::mem_mgr_load_proc::skip to addr 0x75741000
VERBOSE::memory_page.c::57::mem_page_init_from_proc_addr::lpcBaseAddr=0x75741000
VERBOSE::memory_page.c::58::mem_page_init_from_proc_addr::lpcNextAddr=0x75741000
VERBOSE::memory_page.c::88::mem_page_init_from_proc_addr::lpcBaseAddr=0x75741000
VERBOSE::memory_page.c::89::mem_page_init_from_proc_addr::memInfo.BaseAddress=0x75741000
VERBOSE::memory_page.c::90::mem_page_init_from_proc_addr::memInfo.RegionSize=0x00543000
ERROR::memory_page.c::217::mem_page_destroy::Deallocating NULL page
VERBOSE::memory_manager.c::523::mem_mgr_load_proc::skip to addr 0x75C84000
VERBOSE::memory_page.c::57::mem_page_init_from_proc_addr::lpcBaseAddr=0x75C84000
VERBOSE::memory_page.c::58::mem_page_init_from_proc_addr::lpcNextAddr=0x75C84000
VERBOSE::memory_page.c::88::mem_page_init_from_proc_addr::lpcBaseAddr=0x75C84000
VERBOSE::memory_page.c::89::mem_page_init_from_proc_addr::memInfo.BaseAddress=0x75C84000
VERBOSE::memory_page.c::90::mem_page_init_from_proc_addr::memInfo.RegionSize=0x00007000
VERBOSE::memory_page.c::57::mem_page_init_from_proc_addr::lpcBaseAddr=0x75C8B000
VERBOSE::memory_page.c::58::mem_page_init_from_proc_addr::lpcNextAddr=0x75C8B000
VERBOSE::memory_page.c::88::mem_page_init_from_proc_addr::lpcBaseAddr=0x75C8B000
VERBOSE::memory_page.c::89::mem_page_init_from_proc_addr::memInfo.BaseAddress=0x75C8B000
VERBOSE::memory_page.c::90::mem_page_init_from_proc_addr::memInfo.RegionSize=0x0006B000
ERROR::memory_page.c::217::mem_page_destroy::Deallocating NULL page
VERBOSE::memory_manager.c::523::mem_mgr_load_proc::skip to addr 0x75CF6000
VERBOSE::memory_page.c::57::mem_page_init_from_proc_addr::lpcBaseAddr=0x75CF6000
VERBOSE::memory_page.c::58::mem_page_init_from_proc_addr::lpcNextAddr=0x75CF6000
VERBOSE::memory_page.c::88::mem_page_init_from_proc_addr::lpcBaseAddr=0x75CF6000
VERBOSE::memory_page.c::89::mem_page_init_from_proc_addr::memInfo.BaseAddress=0x75CF6000
VERBOSE::memory_page.c::90::mem_page_init_from_proc_addr::memInfo.RegionSize=0x0000A000
ERROR::memory_page.c::217::mem_page_destroy::Deallocating NULL page
VERBOSE::memory_manager.c::523::mem_mgr_load_proc::skip to addr 0x75D00000
VERBOSE::memory_page.c::57::mem_page_init_from_proc_addr::lpcBaseAddr=0x75D00000
VERBOSE::memory_page.c::58::mem_page_init_from_proc_addr::lpcNextAddr=0x75D00000
VERBOSE::memory_page.c::88::mem_page_init_from_proc_addr::lpcBaseAddr=0x75D00000
VERBOSE::memory_page.c::89::mem_page_init_from_proc_addr::memInfo.BaseAddress=0x75D00000
VERBOSE::memory_page.c::90::mem_page_init_from_proc_addr::memInfo.RegionSize=0x00001000
ERROR::memory_page.c::217::mem_page_destroy::Deallocating NULL page
VERBOSE::memory_manager.c::523::mem_mgr_load_proc::skip to addr 0x75D01000
VERBOSE::memory_page.c::57::mem_page_init_from_proc_addr::lpcBaseAddr=0x75D01000
VERBOSE::memory_page.c::58::mem_page_init_from_proc_addr::lpcNextAddr=0x75D01000
VERBOSE::memory_page.c::88::mem_page_init_from_proc_addr::lpcBaseAddr=0x75D01000
VERBOSE::memory_page.c::89::mem_page_init_from_proc_addr::memInfo.BaseAddress=0x75D01000
VERBOSE::memory_page.c::90::mem_page_init_from_proc_addr::memInfo.RegionSize=0x000A7000
ERROR::memory_page.c::217::mem_page_destroy::Deallocating NULL page
VERBOSE::memory_manager.c::523::mem_mgr_load_proc::skip to addr 0x75DA8000
VERBOSE::memory_page.c::57::mem_page_init_from_proc_addr::lpcBaseAddr=0x75DA8000
VERBOSE::memory_page.c::58::mem_page_init_from_proc_addr::lpcNextAddr=0x75DA8000
VERBOSE::memory_page.c::88::mem_page_init_from_proc_addr::lpcBaseAddr=0x75DA8000
VERBOSE::memory_page.c::89::mem_page_init_from_proc_addr::memInfo.BaseAddress=0x75DA8000
VERBOSE::memory_page.c::90::mem_page_init_from_proc_addr::memInfo.RegionSize=0x00005000
VERBOSE::memory_page.c::57::mem_page_init_from_proc_addr::lpcBaseAddr=0x75DAD000
VERBOSE::memory_page.c::58::mem_page_init_from_proc_addr::lpcNextAddr=0x75DAD000
VERBOSE::memory_page.c::88::mem_page_init_from_proc_addr::lpcBaseAddr=0x75DAD000
VERBOSE::memory_page.c::89::mem_page_init_from_proc_addr::memInfo.BaseAddress=0x75DAD000
VERBOSE::memory_page.c::90::mem_page_init_from_proc_addr::memInfo.RegionSize=0x000F3000
ERROR::memory_page.c::217::mem_page_destroy::Deallocating NULL page
VERBOSE::memory_manager.c::523::mem_mgr_load_proc::skip to addr 0x75EA0000
VERBOSE::memory_page.c::57::mem_page_init_from_proc_addr::lpcBaseAddr=0x75EA0000
VERBOSE::memory_page.c::58::mem_page_init_from_proc_addr::lpcNextAddr=0x75EA0000
VERBOSE::memory_page.c::88::mem_page_init_from_proc_addr::lpcBaseAddr=0x75EA0000
VERBOSE::memory_page.c::89::mem_page_init_from_proc_addr::memInfo.BaseAddress=0x75EA0000
VERBOSE::memory_page.c::90::mem_page_init_from_proc_addr::memInfo.RegionSize=0x001D0000
ERROR::memory_page.c::217::mem_page_destroy::Deallocating NULL page
VERBOSE::memory_manager.c::523::mem_mgr_load_proc::skip to addr 0x76070000
VERBOSE::memory_page.c::57::mem_page_init_from_proc_addr::lpcBaseAddr=0x76070000
VERBOSE::memory_page.c::58::mem_page_init_from_proc_addr::lpcNextAddr=0x76070000
VERBOSE::memory_page.c::88::mem_page_init_from_proc_addr::lpcBaseAddr=0x76070000
VERBOSE::memory_page.c::89::mem_page_init_from_proc_addr::memInfo.BaseAddress=0x76070000
VERBOSE::memory_page.c::90::mem_page_init_from_proc_addr::memInfo.RegionSize=0x00001000
ERROR::memory_page.c::217::mem_page_destroy::Deallocating NULL page
VERBOSE::memory_manager.c::523::mem_mgr_load_proc::skip to addr 0x76071000
VERBOSE::memory_page.c::57::mem_page_init_from_proc_addr::lpcBaseAddr=0x76071000
VERBOSE::memory_page.c::58::mem_page_init_from_proc_addr::lpcNextAddr=0x76071000
VERBOSE::memory_page.c::88::mem_page_init_from_proc_addr::lpcBaseAddr=0x76071000
VERBOSE::memory_page.c::89::mem_page_init_from_proc_addr::memInfo.BaseAddress=0x76071000
VERBOSE::memory_page.c::90::mem_page_init_from_proc_addr::memInfo.RegionSize=0x0003D000
ERROR::memory_page.c::217::mem_page_destroy::Deallocating NULL page
VERBOSE::memory_manager.c::523::mem_mgr_load_proc::skip to addr 0x760AE000
VERBOSE::memory_page.c::57::mem_page_init_from_proc_addr::lpcBaseAddr=0x760AE000
VERBOSE::memory_page.c::58::mem_page_init_from_proc_addr::lpcNextAddr=0x760AE000
VERBOSE::memory_page.c::88::mem_page_init_from_proc_addr::lpcBaseAddr=0x760AE000
VERBOSE::memory_page.c::89::mem_page_init_from_proc_addr::memInfo.BaseAddress=0x760AE000
VERBOSE::memory_page.c::90::mem_page_init_from_proc_addr::memInfo.RegionSize=0x00001000
VERBOSE::memory_page.c::57::mem_page_init_from_proc_addr::lpcBaseAddr=0x760AF000
VERBOSE::memory_page.c::58::mem_page_init_from_proc_addr::lpcNextAddr=0x760AF000
VERBOSE::memory_page.c::88::mem_page_init_from_proc_addr::lpcBaseAddr=0x760AF000
VERBOSE::memory_page.c::89::mem_page_init_from_proc_addr::memInfo.BaseAddress=0x760AF000
VERBOSE::memory_page.c::90::mem_page_init_from_proc_addr::memInfo.RegionSize=0x00008000
ERROR::memory_page.c::217::mem_page_destroy::Deallocating NULL page
VERBOSE::memory_manager.c::523::mem_mgr_load_proc::skip to addr 0x760B7000
VERBOSE::memory_page.c::57::mem_page_init_from_proc_addr::lpcBaseAddr=0x760B7000
VERBOSE::memory_page.c::58::mem_page_init_from_proc_addr::lpcNextAddr=0x760B7000
VERBOSE::memory_page.c::88::mem_page_init_from_proc_addr::lpcBaseAddr=0x760B7000
VERBOSE::memory_page.c::89::mem_page_init_from_proc_addr::memInfo.BaseAddress=0x760B7000
VERBOSE::memory_page.c::90::mem_page_init_from_proc_addr::memInfo.RegionSize=0x00009000
ERROR::memory_page.c::217::mem_page_destroy::Deallocating NULL page
VERBOSE::memory_manager.c::523::mem_mgr_load_proc::skip to addr 0x760C0000
VERBOSE::memory_page.c::57::mem_page_init_from_proc_addr::lpcBaseAddr=0x760C0000
VERBOSE::memory_page.c::58::mem_page_init_from_proc_addr::lpcNextAddr=0x760C0000
VERBOSE::memory_page.c::88::mem_page_init_from_proc_addr::lpcBaseAddr=0x760C0000
VERBOSE::memory_page.c::89::mem_page_init_from_proc_addr::memInfo.BaseAddress=0x760C0000
VERBOSE::memory_page.c::90::mem_page_init_from_proc_addr::memInfo.RegionSize=0x00001000
ERROR::memory_page.c::217::mem_page_destroy::Deallocating NULL page
VERBOSE::memory_manager.c::523::mem_mgr_load_proc::skip to addr 0x760C1000
VERBOSE::memory_page.c::57::mem_page_init_from_proc_addr::lpcBaseAddr=0x760C1000
VERBOSE::memory_page.c::58::mem_page_init_from_proc_addr::lpcNextAddr=0x760C1000
VERBOSE::memory_page.c::88::mem_page_init_from_proc_addr::lpcBaseAddr=0x760C1000
VERBOSE::memory_page.c::89::mem_page_init_from_proc_addr::memInfo.BaseAddress=0x760C1000
VERBOSE::memory_page.c::90::mem_page_init_from_proc_addr::memInfo.RegionSize=0x0001C000
ERROR::memory_page.c::217::mem_page_destroy::Deallocating NULL page
VERBOSE::memory_manager.c::523::mem_mgr_load_proc::skip to addr 0x760DD000
VERBOSE::memory_page.c::57::mem_page_init_from_proc_addr::lpcBaseAddr=0x760DD000
VERBOSE::memory_page.c::58::mem_page_init_from_proc_addr::lpcNextAddr=0x760DD000
VERBOSE::memory_page.c::88::mem_page_init_from_proc_addr::lpcBaseAddr=0x760DD000
VERBOSE::memory_page.c::89::mem_page_init_from_proc_addr::memInfo.BaseAddress=0x760DD000
VERBOSE::memory_page.c::90::mem_page_init_from_proc_addr::memInfo.RegionSize=0x00001000
VERBOSE::memory_page.c::57::mem_page_init_from_proc_addr::lpcBaseAddr=0x760DE000
VERBOSE::memory_page.c::58::mem_page_init_from_proc_addr::lpcNextAddr=0x760DE000
VERBOSE::memory_page.c::88::mem_page_init_from_proc_addr::lpcBaseAddr=0x760DE000
VERBOSE::memory_page.c::89::mem_page_init_from_proc_addr::memInfo.BaseAddress=0x760DE000
VERBOSE::memory_page.c::90::mem_page_init_from_proc_addr::memInfo.RegionSize=0x00006000
ERROR::memory_page.c::217::mem_page_destroy::Deallocating NULL page
VERBOSE::memory_manager.c::523::mem_mgr_load_proc::skip to addr 0x760E4000
VERBOSE::memory_page.c::57::mem_page_init_from_proc_addr::lpcBaseAddr=0x760E4000
VERBOSE::memory_page.c::58::mem_page_init_from_proc_addr::lpcNextAddr=0x760E4000
VERBOSE::memory_page.c::88::mem_page_init_from_proc_addr::lpcBaseAddr=0x760E4000
VERBOSE::memory_page.c::89::mem_page_init_from_proc_addr::memInfo.BaseAddress=0x760E4000
VERBOSE::memory_page.c::90::mem_page_init_from_proc_addr::memInfo.RegionSize=0x0009C000
ERROR::memory_page.c::217::mem_page_destroy::Deallocating NULL page
VERBOSE::memory_manager.c::523::mem_mgr_load_proc::skip to addr 0x76180000
VERBOSE::memory_page.c::57::mem_page_init_from_proc_addr::lpcBaseAddr=0x76180000
VERBOSE::memory_page.c::58::mem_page_init_from_proc_addr::lpcNextAddr=0x76180000
VERBOSE::memory_page.c::88::mem_page_init_from_proc_addr::lpcBaseAddr=0x76180000
VERBOSE::memory_page.c::89::mem_page_init_from_proc_addr::memInfo.BaseAddress=0x76180000
VERBOSE::memory_page.c::90::mem_page_init_from_proc_addr::memInfo.RegionSize=0x00001000
ERROR::memory_page.c::217::mem_page_destroy::Deallocating NULL page
VERBOSE::memory_manager.c::523::mem_mgr_load_proc::skip to addr 0x76181000
VERBOSE::memory_page.c::57::mem_page_init_from_proc_addr::lpcBaseAddr=0x76181000
VERBOSE::memory_page.c::58::mem_page_init_from_proc_addr::lpcNextAddr=0x76181000
VERBOSE::memory_page.c::88::mem_page_init_from_proc_addr::lpcBaseAddr=0x76181000
VERBOSE::memory_page.c::89::mem_page_init_from_proc_addr::memInfo.BaseAddress=0x76181000
VERBOSE::memory_page.c::90::mem_page_init_from_proc_addr::memInfo.RegionSize=0x000AC000
ERROR::memory_page.c::217::mem_page_destroy::Deallocating NULL page
VERBOSE::memory_manager.c::523::mem_mgr_load_proc::skip to addr 0x7622D000
VERBOSE::memory_page.c::57::mem_page_init_from_proc_addr::lpcBaseAddr=0x7622D000
VERBOSE::memory_page.c::58::mem_page_init_from_proc_addr::lpcNextAddr=0x7622D000
VERBOSE::memory_page.c::88::mem_page_init_from_proc_addr::lpcBaseAddr=0x7622D000
VERBOSE::memory_page.c::89::mem_page_init_from_proc_addr::memInfo.BaseAddress=0x7622D000
VERBOSE::memory_page.c::90::mem_page_init_from_proc_addr::memInfo.RegionSize=0x00001000
VERBOSE::memory_page.c::57::mem_page_init_from_proc_addr::lpcBaseAddr=0x7622E000
VERBOSE::memory_page.c::58::mem_page_init_from_proc_addr::lpcNextAddr=0x7622E000
VERBOSE::memory_page.c::88::mem_page_init_from_proc_addr::lpcBaseAddr=0x7622E000
VERBOSE::memory_page.c::89::mem_page_init_from_proc_addr::memInfo.BaseAddress=0x7622E000
VERBOSE::memory_page.c::90::mem_page_init_from_proc_addr::memInfo.RegionSize=0x00010000
ERROR::memory_page.c::217::mem_page_destroy::Deallocating NULL page
VERBOSE::memory_manager.c::523::mem_mgr_load_proc::skip to addr 0x7623E000
VERBOSE::memory_page.c::57::mem_page_init_from_proc_addr::lpcBaseAddr=0x7623E000
VERBOSE::memory_page.c::58::mem_page_init_from_proc_addr::lpcNextAddr=0x7623E000
VERBOSE::memory_page.c::88::mem_page_init_from_proc_addr::lpcBaseAddr=0x7623E000
VERBOSE::memory_page.c::89::mem_page_init_from_proc_addr::memInfo.BaseAddress=0x7623E000
VERBOSE::memory_page.c::90::mem_page_init_from_proc_addr::memInfo.RegionSize=0x00002000
ERROR::memory_page.c::217::mem_page_destroy::Deallocating NULL page
VERBOSE::memory_manager.c::523::mem_mgr_load_proc::skip to addr 0x76240000
VERBOSE::memory_page.c::57::mem_page_init_from_proc_addr::lpcBaseAddr=0x76240000
VERBOSE::memory_page.c::58::mem_page_init_from_proc_addr::lpcNextAddr=0x76240000
VERBOSE::memory_page.c::88::mem_page_init_from_proc_addr::lpcBaseAddr=0x76240000
VERBOSE::memory_page.c::89::mem_page_init_from_proc_addr::memInfo.BaseAddress=0x76240000
VERBOSE::memory_page.c::90::mem_page_init_from_proc_addr::memInfo.RegionSize=0x00001000
ERROR::memory_page.c::217::mem_page_destroy::Deallocating NULL page
VERBOSE::memory_manager.c::523::mem_mgr_load_proc::skip to addr 0x76241000
VERBOSE::memory_page.c::57::mem_page_init_from_proc_addr::lpcBaseAddr=0x76241000
VERBOSE::memory_page.c::58::mem_page_init_from_proc_addr::lpcNextAddr=0x76241000
VERBOSE::memory_page.c::88::mem_page_init_from_proc_addr::lpcBaseAddr=0x76241000
VERBOSE::memory_page.c::89::mem_page_init_from_proc_addr::memInfo.BaseAddress=0x76241000
VERBOSE::memory_page.c::90::mem_page_init_from_proc_addr::memInfo.RegionSize=0x00033000
ERROR::memory_page.c::217::mem_page_destroy::Deallocating NULL page
VERBOSE::memory_manager.c::523::mem_mgr_load_proc::skip to addr 0x76274000
VERBOSE::memory_page.c::57::mem_page_init_from_proc_addr::lpcBaseAddr=0x76274000
VERBOSE::memory_page.c::58::mem_page_init_from_proc_addr::lpcNextAddr=0x76274000
VERBOSE::memory_page.c::88::mem_page_init_from_proc_addr::lpcBaseAddr=0x76274000
VERBOSE::memory_page.c::89::mem_page_init_from_proc_addr::memInfo.BaseAddress=0x76274000
VERBOSE::memory_page.c::90::mem_page_init_from_proc_addr::memInfo.RegionSize=0x00001000
VERBOSE::memory_page.c::57::mem_page_init_from_proc_addr::lpcBaseAddr=0x76275000
VERBOSE::memory_page.c::58::mem_page_init_from_proc_addr::lpcNextAddr=0x76275000
VERBOSE::memory_page.c::88::mem_page_init_from_proc_addr::lpcBaseAddr=0x76275000
VERBOSE::memory_page.c::89::mem_page_init_from_proc_addr::memInfo.BaseAddress=0x76275000
VERBOSE::memory_page.c::90::mem_page_init_from_proc_addr::memInfo.RegionSize=0x00006000
ERROR::memory_page.c::217::mem_page_destroy::Deallocating NULL page
VERBOSE::memory_manager.c::523::mem_mgr_load_proc::skip to addr 0x7627B000
VERBOSE::memory_page.c::57::mem_page_init_from_proc_addr::lpcBaseAddr=0x7627B000
VERBOSE::memory_page.c::58::mem_page_init_from_proc_addr::lpcNextAddr=0x7627B000
VERBOSE::memory_page.c::88::mem_page_init_from_proc_addr::lpcBaseAddr=0x7627B000
VERBOSE::memory_page.c::89::mem_page_init_from_proc_addr::memInfo.BaseAddress=0x7627B000
VERBOSE::memory_page.c::90::mem_page_init_from_proc_addr::memInfo.RegionSize=0x00005000
ERROR::memory_page.c::217::mem_page_destroy::Deallocating NULL page
VERBOSE::memory_manager.c::523::mem_mgr_load_proc::skip to addr 0x76280000
VERBOSE::memory_page.c::57::mem_page_init_from_proc_addr::lpcBaseAddr=0x76280000
VERBOSE::memory_page.c::58::mem_page_init_from_proc_addr::lpcNextAddr=0x76280000
VERBOSE::memory_page.c::88::mem_page_init_from_proc_addr::lpcBaseAddr=0x76280000
VERBOSE::memory_page.c::89::mem_page_init_from_proc_addr::memInfo.BaseAddress=0x76280000
VERBOSE::memory_page.c::90::mem_page_init_from_proc_addr::memInfo.RegionSize=0x00001000
ERROR::memory_page.c::217::mem_page_destroy::Deallocating NULL page
VERBOSE::memory_manager.c::523::mem_mgr_load_proc::skip to addr 0x76281000
VERBOSE::memory_page.c::57::mem_page_init_from_proc_addr::lpcBaseAddr=0x76281000
VERBOSE::memory_page.c::58::mem_page_init_from_proc_addr::lpcNextAddr=0x76281000
VERBOSE::memory_page.c::88::mem_page_init_from_proc_addr::lpcBaseAddr=0x76281000
VERBOSE::memory_page.c::89::mem_page_init_from_proc_addr::memInfo.BaseAddress=0x76281000
VERBOSE::memory_page.c::90::mem_page_init_from_proc_addr::memInfo.RegionSize=0x00077000
ERROR::memory_page.c::217::mem_page_destroy::Deallocating NULL page
VERBOSE::memory_manager.c::523::mem_mgr_load_proc::skip to addr 0x762F8000
VERBOSE::memory_page.c::57::mem_page_init_from_proc_addr::lpcBaseAddr=0x762F8000
VERBOSE::memory_page.c::58::mem_page_init_from_proc_addr::lpcNextAddr=0x762F8000
VERBOSE::memory_page.c::88::mem_page_init_from_proc_addr::lpcBaseAddr=0x762F8000
VERBOSE::memory_page.c::89::mem_page_init_from_proc_addr::memInfo.BaseAddress=0x762F8000
VERBOSE::memory_page.c::90::mem_page_init_from_proc_addr::memInfo.RegionSize=0x00001000
VERBOSE::memory_page.c::57::mem_page_init_from_proc_addr::lpcBaseAddr=0x762F9000
VERBOSE::memory_page.c::58::mem_page_init_from_proc_addr::lpcNextAddr=0x762F9000
VERBOSE::memory_page.c::88::mem_page_init_from_proc_addr::lpcBaseAddr=0x762F9000
VERBOSE::memory_page.c::89::mem_page_init_from_proc_addr::memInfo.BaseAddress=0x762F9000
VERBOSE::memory_page.c::90::mem_page_init_from_proc_addr::memInfo.RegionSize=0x0000E000
ERROR::memory_page.c::217::mem_page_destroy::Deallocating NULL page
VERBOSE::memory_manager.c::523::mem_mgr_load_proc::skip to addr 0x76307000
VERBOSE::memory_page.c::57::mem_page_init_from_proc_addr::lpcBaseAddr=0x76307000
VERBOSE::memory_page.c::58::mem_page_init_from_proc_addr::lpcNextAddr=0x76307000
VERBOSE::memory_page.c::88::mem_page_init_from_proc_addr::lpcBaseAddr=0x76307000
VERBOSE::memory_page.c::89::mem_page_init_from_proc_addr::memInfo.BaseAddress=0x76307000
VERBOSE::memory_page.c::90::mem_page_init_from_proc_addr::memInfo.RegionSize=0x00009000
ERROR::memory_page.c::217::mem_page_destroy::Deallocating NULL page
VERBOSE::memory_manager.c::523::mem_mgr_load_proc::skip to addr 0x76310000
VERBOSE::memory_page.c::57::mem_page_init_from_proc_addr::lpcBaseAddr=0x76310000
VERBOSE::memory_page.c::58::mem_page_init_from_proc_addr::lpcNextAddr=0x76310000
VERBOSE::memory_page.c::88::mem_page_init_from_proc_addr::lpcBaseAddr=0x76310000
VERBOSE::memory_page.c::89::mem_page_init_from_proc_addr::memInfo.BaseAddress=0x76310000
VERBOSE::memory_page.c::90::mem_page_init_from_proc_addr::memInfo.RegionSize=0x00001000
ERROR::memory_page.c::217::mem_page_destroy::Deallocating NULL page
VERBOSE::memory_manager.c::523::mem_mgr_load_proc::skip to addr 0x76311000
VERBOSE::memory_page.c::57::mem_page_init_from_proc_addr::lpcBaseAddr=0x76311000
VERBOSE::memory_page.c::58::mem_page_init_from_proc_addr::lpcNextAddr=0x76311000
VERBOSE::memory_page.c::88::mem_page_init_from_proc_addr::lpcBaseAddr=0x76311000
VERBOSE::memory_page.c::89::mem_page_init_from_proc_addr::memInfo.BaseAddress=0x76311000
VERBOSE::memory_page.c::90::mem_page_init_from_proc_addr::memInfo.RegionSize=0x00006000
ERROR::memory_page.c::217::mem_page_destroy::Deallocating NULL page
VERBOSE::memory_manager.c::523::mem_mgr_load_proc::skip to addr 0x76317000
VERBOSE::memory_page.c::57::mem_page_init_from_proc_addr::lpcBaseAddr=0x76317000
VERBOSE::memory_page.c::58::mem_page_init_from_proc_addr::lpcNextAddr=0x76317000
VERBOSE::memory_page.c::88::mem_page_init_from_proc_addr::lpcBaseAddr=0x76317000
VERBOSE::memory_page.c::89::mem_page_init_from_proc_addr::memInfo.BaseAddress=0x76317000
VERBOSE::memory_page.c::90::mem_page_init_from_proc_addr::memInfo.RegionSize=0x0000E000
ERROR::memory_page.c::217::mem_page_destroy::Deallocating NULL page
VERBOSE::memory_manager.c::523::mem_mgr_load_proc::skip to addr 0x76325000
VERBOSE::memory_page.c::57::mem_page_init_from_proc_addr::lpcBaseAddr=0x76325000
VERBOSE::memory_page.c::58::mem_page_init_from_proc_addr::lpcNextAddr=0x76325000
VERBOSE::memory_page.c::88::mem_page_init_from_proc_addr::lpcBaseAddr=0x76325000
VERBOSE::memory_page.c::89::mem_page_init_from_proc_addr::memInfo.BaseAddress=0x76325000
VERBOSE::memory_page.c::90::mem_page_init_from_proc_addr::memInfo.RegionSize=0x00001000
VERBOSE::memory_page.c::57::mem_page_init_from_proc_addr::lpcBaseAddr=0x76326000
VERBOSE::memory_page.c::58::mem_page_init_from_proc_addr::lpcNextAddr=0x76326000
VERBOSE::memory_page.c::88::mem_page_init_from_proc_addr::lpcBaseAddr=0x76326000
VERBOSE::memory_page.c::89::mem_page_init_from_proc_addr::memInfo.BaseAddress=0x76326000
VERBOSE::memory_page.c::90::mem_page_init_from_proc_addr::memInfo.RegionSize=0x00002000
ERROR::memory_page.c::217::mem_page_destroy::Deallocating NULL page
VERBOSE::memory_manager.c::523::mem_mgr_load_proc::skip to addr 0x76328000
VERBOSE::memory_page.c::57::mem_page_init_from_proc_addr::lpcBaseAddr=0x76328000
VERBOSE::memory_page.c::58::mem_page_init_from_proc_addr::lpcNextAddr=0x76328000
VERBOSE::memory_page.c::88::mem_page_init_from_proc_addr::lpcBaseAddr=0x76328000
VERBOSE::memory_page.c::89::mem_page_init_from_proc_addr::memInfo.BaseAddress=0x76328000
VERBOSE::memory_page.c::90::mem_page_init_from_proc_addr::memInfo.RegionSize=0x00008000
ERROR::memory_page.c::217::mem_page_destroy::Deallocating NULL page
VERBOSE::memory_manager.c::523::mem_mgr_load_proc::skip to addr 0x76330000
VERBOSE::memory_page.c::57::mem_page_init_from_proc_addr::lpcBaseAddr=0x76330000
VERBOSE::memory_page.c::58::mem_page_init_from_proc_addr::lpcNextAddr=0x76330000
VERBOSE::memory_page.c::88::mem_page_init_from_proc_addr::lpcBaseAddr=0x76330000
VERBOSE::memory_page.c::89::mem_page_init_from_proc_addr::memInfo.BaseAddress=0x76330000
VERBOSE::memory_page.c::90::mem_page_init_from_proc_addr::memInfo.RegionSize=0x00001000
ERROR::memory_page.c::217::mem_page_destroy::Deallocating NULL page
VERBOSE::memory_manager.c::523::mem_mgr_load_proc::skip to addr 0x76331000
VERBOSE::memory_page.c::57::mem_page_init_from_proc_addr::lpcBaseAddr=0x76331000
VERBOSE::memory_page.c::58::mem_page_init_from_proc_addr::lpcNextAddr=0x76331000
VERBOSE::memory_page.c::88::mem_page_init_from_proc_addr::lpcBaseAddr=0x76331000
VERBOSE::memory_page.c::89::mem_page_init_from_proc_addr::memInfo.BaseAddress=0x76331000
VERBOSE::memory_page.c::90::mem_page_init_from_proc_addr::memInfo.RegionSize=0x0000F000
ERROR::memory_page.c::217::mem_page_destroy::Deallocating NULL page
VERBOSE::memory_manager.c::523::mem_mgr_load_proc::skip to addr 0x76340000
VERBOSE::memory_page.c::57::mem_page_init_from_proc_addr::lpcBaseAddr=0x76340000
VERBOSE::memory_page.c::58::mem_page_init_from_proc_addr::lpcNextAddr=0x76340000
VERBOSE::memory_page.c::88::mem_page_init_from_proc_addr::lpcBaseAddr=0x76340000
VERBOSE::memory_page.c::89::mem_page_init_from_proc_addr::memInfo.BaseAddress=0x76340000
VERBOSE::memory_page.c::90::mem_page_init_from_proc_addr::memInfo.RegionSize=0x00065000
ERROR::memory_page.c::217::mem_page_destroy::Deallocating NULL page
VERBOSE::memory_manager.c::523::mem_mgr_load_proc::skip to addr 0x763A5000
VERBOSE::memory_page.c::57::mem_page_init_from_proc_addr::lpcBaseAddr=0x763A5000
VERBOSE::memory_page.c::58::mem_page_init_from_proc_addr::lpcNextAddr=0x763A5000
VERBOSE::memory_page.c::88::mem_page_init_from_proc_addr::lpcBaseAddr=0x763A5000
VERBOSE::memory_page.c::89::mem_page_init_from_proc_addr::memInfo.BaseAddress=0x763A5000
VERBOSE::memory_page.c::90::mem_page_init_from_proc_addr::memInfo.RegionSize=0x0000B000
ERROR::memory_page.c::217::mem_page_destroy::Deallocating NULL page
VERBOSE::memory_manager.c::523::mem_mgr_load_proc::skip to addr 0x763B0000
VERBOSE::memory_page.c::57::mem_page_init_from_proc_addr::lpcBaseAddr=0x763B0000
VERBOSE::memory_page.c::58::mem_page_init_from_proc_addr::lpcNextAddr=0x763B0000
VERBOSE::memory_page.c::88::mem_page_init_from_proc_addr::lpcBaseAddr=0x763B0000
VERBOSE::memory_page.c::89::mem_page_init_from_proc_addr::memInfo.BaseAddress=0x763B0000
VERBOSE::memory_page.c::90::mem_page_init_from_proc_addr::memInfo.RegionSize=0x0002B000
ERROR::memory_page.c::217::mem_page_destroy::Deallocating NULL page
VERBOSE::memory_manager.c::523::mem_mgr_load_proc::skip to addr 0x763DB000
VERBOSE::memory_page.c::57::mem_page_init_from_proc_addr::lpcBaseAddr=0x763DB000
VERBOSE::memory_page.c::58::mem_page_init_from_proc_addr::lpcNextAddr=0x763DB000
VERBOSE::memory_page.c::88::mem_page_init_from_proc_addr::lpcBaseAddr=0x763DB000
VERBOSE::memory_page.c::89::mem_page_init_from_proc_addr::memInfo.BaseAddress=0x763DB000
VERBOSE::memory_page.c::90::mem_page_init_from_proc_addr::memInfo.RegionSize=0x00005000
ERROR::memory_page.c::217::mem_page_destroy::Deallocating NULL page
VERBOSE::memory_manager.c::523::mem_mgr_load_proc::skip to addr 0x763E0000
VERBOSE::memory_page.c::57::mem_page_init_from_proc_addr::lpcBaseAddr=0x763E0000
VERBOSE::memory_page.c::58::mem_page_init_from_proc_addr::lpcNextAddr=0x763E0000
VERBOSE::memory_page.c::88::mem_page_init_from_proc_addr::lpcBaseAddr=0x763E0000
VERBOSE::memory_page.c::89::mem_page_init_from_proc_addr::memInfo.BaseAddress=0x763E0000
VERBOSE::memory_page.c::90::mem_page_init_from_proc_addr::memInfo.RegionSize=0x00001000
VERBOSE::memory_page.c::57::mem_page_init_from_proc_addr::lpcBaseAddr=0x763E1000
VERBOSE::memory_page.c::58::mem_page_init_from_proc_addr::lpcNextAddr=0x763E1000
VERBOSE::memory_page.c::88::mem_page_init_from_proc_addr::lpcBaseAddr=0x763E1000
VERBOSE::memory_page.c::89::mem_page_init_from_proc_addr::memInfo.BaseAddress=0x763E1000
VERBOSE::memory_page.c::90::mem_page_init_from_proc_addr::memInfo.RegionSize=0x0000F000
ERROR::memory_page.c::217::mem_page_destroy::Deallocating NULL page
VERBOSE::memory_manager.c::523::mem_mgr_load_proc::skip to addr 0x763F0000
VERBOSE::memory_page.c::57::mem_page_init_from_proc_addr::lpcBaseAddr=0x763F0000
VERBOSE::memory_page.c::58::mem_page_init_from_proc_addr::lpcNextAddr=0x763F0000
VERBOSE::memory_page.c::88::mem_page_init_from_proc_addr::lpcBaseAddr=0x763F0000
VERBOSE::memory_page.c::89::mem_page_init_from_proc_addr::memInfo.BaseAddress=0x763F0000
VERBOSE::memory_page.c::90::mem_page_init_from_proc_addr::memInfo.RegionSize=0x00001000
ERROR::memory_page.c::217::mem_page_destroy::Deallocating NULL page
VERBOSE::memory_manager.c::523::mem_mgr_load_proc::skip to addr 0x763F1000
VERBOSE::memory_page.c::57::mem_page_init_from_proc_addr::lpcBaseAddr=0x763F1000
VERBOSE::memory_page.c::58::mem_page_init_from_proc_addr::lpcNextAddr=0x763F1000
VERBOSE::memory_page.c::88::mem_page_init_from_proc_addr::lpcBaseAddr=0x763F1000
VERBOSE::memory_page.c::89::mem_page_init_from_proc_addr::memInfo.BaseAddress=0x763F1000
VERBOSE::memory_page.c::90::mem_page_init_from_proc_addr::memInfo.RegionSize=0x0000F000
ERROR::memory_page.c::217::mem_page_destroy::Deallocating NULL page
VERBOSE::memory_manager.c::523::mem_mgr_load_proc::skip to addr 0x76400000
VERBOSE::memory_page.c::57::mem_page_init_from_proc_addr::lpcBaseAddr=0x76400000
VERBOSE::memory_page.c::58::mem_page_init_from_proc_addr::lpcNextAddr=0x76400000
VERBOSE::memory_page.c::88::mem_page_init_from_proc_addr::lpcBaseAddr=0x76400000
VERBOSE::memory_page.c::89::mem_page_init_from_proc_addr::memInfo.BaseAddress=0x76400000
VERBOSE::memory_page.c::90::mem_page_init_from_proc_addr::memInfo.RegionSize=0x00001000
ERROR::memory_page.c::217::mem_page_destroy::Deallocating NULL page
VERBOSE::memory_manager.c::523::mem_mgr_load_proc::skip to addr 0x76401000
VERBOSE::memory_page.c::57::mem_page_init_from_proc_addr::lpcBaseAddr=0x76401000
VERBOSE::memory_page.c::58::mem_page_init_from_proc_addr::lpcNextAddr=0x76401000
VERBOSE::memory_page.c::88::mem_page_init_from_proc_addr::lpcBaseAddr=0x76401000
VERBOSE::memory_page.c::89::mem_page_init_from_proc_addr::memInfo.BaseAddress=0x76401000
VERBOSE::memory_page.c::90::mem_page_init_from_proc_addr::memInfo.RegionSize=0x0000F000
ERROR::memory_page.c::217::mem_page_destroy::Deallocating NULL page
VERBOSE::memory_manager.c::523::mem_mgr_load_proc::skip to addr 0x76410000
VERBOSE::memory_page.c::57::mem_page_init_from_proc_addr::lpcBaseAddr=0x76410000
VERBOSE::memory_page.c::58::mem_page_init_from_proc_addr::lpcNextAddr=0x76410000
VERBOSE::memory_page.c::88::mem_page_init_from_proc_addr::lpcBaseAddr=0x76410000
VERBOSE::memory_page.c::89::mem_page_init_from_proc_addr::memInfo.BaseAddress=0x76410000
VERBOSE::memory_page.c::90::mem_page_init_from_proc_addr::memInfo.RegionSize=0x00005000
ERROR::memory_page.c::217::mem_page_destroy::Deallocating NULL page
VERBOSE::memory_manager.c::523::mem_mgr_load_proc::skip to addr 0x76415000
VERBOSE::memory_page.c::57::mem_page_init_from_proc_addr::lpcBaseAddr=0x76415000
VERBOSE::memory_page.c::58::mem_page_init_from_proc_addr::lpcNextAddr=0x76415000
VERBOSE::memory_page.c::88::mem_page_init_from_proc_addr::lpcBaseAddr=0x76415000
VERBOSE::memory_page.c::89::mem_page_init_from_proc_addr::memInfo.BaseAddress=0x76415000
VERBOSE::memory_page.c::90::mem_page_init_from_proc_addr::memInfo.RegionSize=0x0000B000
ERROR::memory_page.c::217::mem_page_destroy::Deallocating NULL page
VERBOSE::memory_manager.c::523::mem_mgr_load_proc::skip to addr 0x76420000
VERBOSE::memory_page.c::57::mem_page_init_from_proc_addr::lpcBaseAddr=0x76420000
VERBOSE::memory_page.c::58::mem_page_init_from_proc_addr::lpcNextAddr=0x76420000
VERBOSE::memory_page.c::88::mem_page_init_from_proc_addr::lpcBaseAddr=0x76420000
VERBOSE::memory_page.c::89::mem_page_init_from_proc_addr::memInfo.BaseAddress=0x76420000
VERBOSE::memory_page.c::90::mem_page_init_from_proc_addr::memInfo.RegionSize=0x00001000
ERROR::memory_page.c::217::mem_page_destroy::Deallocating NULL page
VERBOSE::memory_manager.c::523::mem_mgr_load_proc::skip to addr 0x76421000
VERBOSE::memory_page.c::57::mem_page_init_from_proc_addr::lpcBaseAddr=0x76421000
VERBOSE::memory_page.c::58::mem_page_init_from_proc_addr::lpcNextAddr=0x76421000
VERBOSE::memory_page.c::88::mem_page_init_from_proc_addr::lpcBaseAddr=0x76421000
VERBOSE::memory_page.c::89::mem_page_init_from_proc_addr::memInfo.BaseAddress=0x76421000
VERBOSE::memory_page.c::90::mem_page_init_from_proc_addr::memInfo.RegionSize=0x00099000
ERROR::memory_page.c::217::mem_page_destroy::Deallocating NULL page
VERBOSE::memory_manager.c::523::mem_mgr_load_proc::skip to addr 0x764BA000
VERBOSE::memory_page.c::57::mem_page_init_from_proc_addr::lpcBaseAddr=0x764BA000
VERBOSE::memory_page.c::58::mem_page_init_from_proc_addr::lpcNextAddr=0x764BA000
VERBOSE::memory_page.c::88::mem_page_init_from_proc_addr::lpcBaseAddr=0x764BA000
VERBOSE::memory_page.c::89::mem_page_init_from_proc_addr::memInfo.BaseAddress=0x764BA000
VERBOSE::memory_page.c::90::mem_page_init_from_proc_addr::memInfo.RegionSize=0x00004000
VERBOSE::memory_page.c::57::mem_page_init_from_proc_addr::lpcBaseAddr=0x764BE000
VERBOSE::memory_page.c::58::mem_page_init_from_proc_addr::lpcNextAddr=0x764BE000
VERBOSE::memory_page.c::88::mem_page_init_from_proc_addr::lpcBaseAddr=0x764BE000
VERBOSE::memory_page.c::89::mem_page_init_from_proc_addr::memInfo.BaseAddress=0x764BE000
VERBOSE::memory_page.c::90::mem_page_init_from_proc_addr::memInfo.RegionSize=0x00011000
ERROR::memory_page.c::217::mem_page_destroy::Deallocating NULL page
VERBOSE::memory_manager.c::523::mem_mgr_load_proc::skip to addr 0x764CF000
VERBOSE::memory_page.c::57::mem_page_init_from_proc_addr::lpcBaseAddr=0x764CF000
VERBOSE::memory_page.c::58::mem_page_init_from_proc_addr::lpcNextAddr=0x764CF000
VERBOSE::memory_page.c::88::mem_page_init_from_proc_addr::lpcBaseAddr=0x764CF000
VERBOSE::memory_page.c::89::mem_page_init_from_proc_addr::memInfo.BaseAddress=0x764CF000
VERBOSE::memory_page.c::90::mem_page_init_from_proc_addr::memInfo.RegionSize=0x00001000
ERROR::memory_page.c::217::mem_page_destroy::Deallocating NULL page
VERBOSE::memory_manager.c::523::mem_mgr_load_proc::skip to addr 0x764D0000
VERBOSE::memory_page.c::57::mem_page_init_from_proc_addr::lpcBaseAddr=0x764D0000
VERBOSE::memory_page.c::58::mem_page_init_from_proc_addr::lpcNextAddr=0x764D0000
VERBOSE::memory_page.c::88::mem_page_init_from_proc_addr::lpcBaseAddr=0x764D0000
VERBOSE::memory_page.c::89::mem_page_init_from_proc_addr::memInfo.BaseAddress=0x764D0000
VERBOSE::memory_page.c::90::mem_page_init_from_proc_addr::memInfo.RegionSize=0x00001000
ERROR::memory_page.c::217::mem_page_destroy::Deallocating NULL page
VERBOSE::memory_manager.c::523::mem_mgr_load_proc::skip to addr 0x764D1000
VERBOSE::memory_page.c::57::mem_page_init_from_proc_addr::lpcBaseAddr=0x764D1000
VERBOSE::memory_page.c::58::mem_page_init_from_proc_addr::lpcNextAddr=0x764D1000
VERBOSE::memory_page.c::88::mem_page_init_from_proc_addr::lpcBaseAddr=0x764D1000
VERBOSE::memory_page.c::89::mem_page_init_from_proc_addr::memInfo.BaseAddress=0x764D1000
VERBOSE::memory_page.c::90::mem_page_init_from_proc_addr::memInfo.RegionSize=0x00019000
ERROR::memory_page.c::217::mem_page_destroy::Deallocating NULL page
VERBOSE::memory_manager.c::523::mem_mgr_load_proc::skip to addr 0x764EA000
VERBOSE::memory_page.c::57::mem_page_init_from_proc_addr::lpcBaseAddr=0x764EA000
VERBOSE::memory_page.c::58::mem_page_init_from_proc_addr::lpcNextAddr=0x764EA000
VERBOSE::memory_page.c::88::mem_page_init_from_proc_addr::lpcBaseAddr=0x764EA000
VERBOSE::memory_page.c::89::mem_page_init_from_proc_addr::memInfo.BaseAddress=0x764EA000
VERBOSE::memory_page.c::90::mem_page_init_from_proc_addr::memInfo.RegionSize=0x00001000
VERBOSE::memory_page.c::57::mem_page_init_from_proc_addr::lpcBaseAddr=0x764EB000
VERBOSE::memory_page.c::58::mem_page_init_from_proc_addr::lpcNextAddr=0x764EB000
VERBOSE::memory_page.c::88::mem_page_init_from_proc_addr::lpcBaseAddr=0x764EB000
VERBOSE::memory_page.c::89::mem_page_init_from_proc_addr::memInfo.BaseAddress=0x764EB000
VERBOSE::memory_page.c::90::mem_page_init_from_proc_addr::memInfo.RegionSize=0x0000A000
ERROR::memory_page.c::217::mem_page_destroy::Deallocating NULL page
VERBOSE::memory_manager.c::523::mem_mgr_load_proc::skip to addr 0x764F5000
VERBOSE::memory_page.c::57::mem_page_init_from_proc_addr::lpcBaseAddr=0x764F5000
VERBOSE::memory_page.c::58::mem_page_init_from_proc_addr::lpcNextAddr=0x764F5000
VERBOSE::memory_page.c::88::mem_page_init_from_proc_addr::lpcBaseAddr=0x764F5000
VERBOSE::memory_page.c::89::mem_page_init_from_proc_addr::memInfo.BaseAddress=0x764F5000
VERBOSE::memory_page.c::90::mem_page_init_from_proc_addr::memInfo.RegionSize=0x0002B000
ERROR::memory_page.c::217::mem_page_destroy::Deallocating NULL page
VERBOSE::memory_manager.c::523::mem_mgr_load_proc::skip to addr 0x76520000
VERBOSE::memory_page.c::57::mem_page_init_from_proc_addr::lpcBaseAddr=0x76520000
VERBOSE::memory_page.c::58::mem_page_init_from_proc_addr::lpcNextAddr=0x76520000
VERBOSE::memory_page.c::88::mem_page_init_from_proc_addr::lpcBaseAddr=0x76520000
VERBOSE::memory_page.c::89::mem_page_init_from_proc_addr::memInfo.BaseAddress=0x76520000
VERBOSE::memory_page.c::90::mem_page_init_from_proc_addr::memInfo.RegionSize=0x00001000
ERROR::memory_page.c::217::mem_page_destroy::Deallocating NULL page
VERBOSE::memory_manager.c::523::mem_mgr_load_proc::skip to addr 0x76521000
VERBOSE::memory_page.c::57::mem_page_init_from_proc_addr::lpcBaseAddr=0x76521000
VERBOSE::memory_page.c::58::mem_page_init_from_proc_addr::lpcNextAddr=0x76521000
VERBOSE::memory_page.c::88::mem_page_init_from_proc_addr::lpcBaseAddr=0x76521000
VERBOSE::memory_page.c::89::mem_page_init_from_proc_addr::memInfo.BaseAddress=0x76521000
VERBOSE::memory_page.c::90::mem_page_init_from_proc_addr::memInfo.RegionSize=0x0023E000
ERROR::memory_page.c::217::mem_page_destroy::Deallocating NULL page
VERBOSE::memory_manager.c::523::mem_mgr_load_proc::skip to addr 0x7675F000
VERBOSE::memory_page.c::57::mem_page_init_from_proc_addr::lpcBaseAddr=0x7675F000
VERBOSE::memory_page.c::58::mem_page_init_from_proc_addr::lpcNextAddr=0x7675F000
VERBOSE::memory_page.c::88::mem_page_init_from_proc_addr::lpcBaseAddr=0x7675F000
VERBOSE::memory_page.c::89::mem_page_init_from_proc_addr::memInfo.BaseAddress=0x7675F000
VERBOSE::memory_page.c::90::mem_page_init_from_proc_addr::memInfo.RegionSize=0x00004000
VERBOSE::memory_page.c::57::mem_page_init_from_proc_addr::lpcBaseAddr=0x76763000
VERBOSE::memory_page.c::58::mem_page_init_from_proc_addr::lpcNextAddr=0x76763000
VERBOSE::memory_page.c::88::mem_page_init_from_proc_addr::lpcBaseAddr=0x76763000
VERBOSE::memory_page.c::89::mem_page_init_from_proc_addr::memInfo.BaseAddress=0x76763000
VERBOSE::memory_page.c::90::mem_page_init_from_proc_addr::memInfo.RegionSize=0x0003E000
ERROR::memory_page.c::217::mem_page_destroy::Deallocating NULL page
VERBOSE::memory_manager.c::523::mem_mgr_load_proc::skip to addr 0x767A1000
VERBOSE::memory_page.c::57::mem_page_init_from_proc_addr::lpcBaseAddr=0x767A1000
VERBOSE::memory_page.c::58::mem_page_init_from_proc_addr::lpcNextAddr=0x767A1000
VERBOSE::memory_page.c::88::mem_page_init_from_proc_addr::lpcBaseAddr=0x767A1000
VERBOSE::memory_page.c::89::mem_page_init_from_proc_addr::memInfo.BaseAddress=0x767A1000
VERBOSE::memory_page.c::90::mem_page_init_from_proc_addr::memInfo.RegionSize=0x0000F000
ERROR::memory_page.c::217::mem_page_destroy::Deallocating NULL page
VERBOSE::memory_manager.c::523::mem_mgr_load_proc::skip to addr 0x767B0000
VERBOSE::memory_page.c::57::mem_page_init_from_proc_addr::lpcBaseAddr=0x767B0000
VERBOSE::memory_page.c::58::mem_page_init_from_proc_addr::lpcNextAddr=0x767B0000
VERBOSE::memory_page.c::88::mem_page_init_from_proc_addr::lpcBaseAddr=0x767B0000
VERBOSE::memory_page.c::89::mem_page_init_from_proc_addr::memInfo.BaseAddress=0x767B0000
VERBOSE::memory_page.c::90::mem_page_init_from_proc_addr::memInfo.RegionSize=0x00001000
ERROR::memory_page.c::217::mem_page_destroy::Deallocating NULL page
VERBOSE::memory_manager.c::523::mem_mgr_load_proc::skip to addr 0x767B1000
VERBOSE::memory_page.c::57::mem_page_init_from_proc_addr::lpcBaseAddr=0x767B1000
VERBOSE::memory_page.c::58::mem_page_init_from_proc_addr::lpcNextAddr=0x767B1000
VERBOSE::memory_page.c::88::mem_page_init_from_proc_addr::lpcBaseAddr=0x767B1000
VERBOSE::memory_page.c::89::mem_page_init_from_proc_addr::memInfo.BaseAddress=0x767B1000
VERBOSE::memory_page.c::90::mem_page_init_from_proc_addr::memInfo.RegionSize=0x00047000
ERROR::memory_page.c::217::mem_page_destroy::Deallocating NULL page
VERBOSE::memory_manager.c::523::mem_mgr_load_proc::skip to addr 0x767F8000
VERBOSE::memory_page.c::57::mem_page_init_from_proc_addr::lpcBaseAddr=0x767F8000
VERBOSE::memory_page.c::58::mem_page_init_from_proc_addr::lpcNextAddr=0x767F8000
VERBOSE::memory_page.c::88::mem_page_init_from_proc_addr::lpcBaseAddr=0x767F8000
VERBOSE::memory_page.c::89::mem_page_init_from_proc_addr::memInfo.BaseAddress=0x767F8000
VERBOSE::memory_page.c::90::mem_page_init_from_proc_addr::memInfo.RegionSize=0x00001000
VERBOSE::memory_page.c::57::mem_page_init_from_proc_addr::lpcBaseAddr=0x767F9000
VERBOSE::memory_page.c::58::mem_page_init_from_proc_addr::lpcNextAddr=0x767F9000
VERBOSE::memory_page.c::88::mem_page_init_from_proc_addr::lpcBaseAddr=0x767F9000
VERBOSE::memory_page.c::89::mem_page_init_from_proc_addr::memInfo.BaseAddress=0x767F9000
VERBOSE::memory_page.c::90::mem_page_init_from_proc_addr::memInfo.RegionSize=0x0001A000
ERROR::memory_page.c::217::mem_page_destroy::Deallocating NULL page
VERBOSE::memory_manager.c::523::mem_mgr_load_proc::skip to addr 0x76813000
VERBOSE::memory_page.c::57::mem_page_init_from_proc_addr::lpcBaseAddr=0x76813000
VERBOSE::memory_page.c::58::mem_page_init_from_proc_addr::lpcNextAddr=0x76813000
VERBOSE::memory_page.c::88::mem_page_init_from_proc_addr::lpcBaseAddr=0x76813000
VERBOSE::memory_page.c::89::mem_page_init_from_proc_addr::memInfo.BaseAddress=0x76813000
VERBOSE::memory_page.c::90::mem_page_init_from_proc_addr::memInfo.RegionSize=0x0000D000
ERROR::memory_page.c::217::mem_page_destroy::Deallocating NULL page
VERBOSE::memory_manager.c::523::mem_mgr_load_proc::skip to addr 0x76820000
VERBOSE::memory_page.c::57::mem_page_init_from_proc_addr::lpcBaseAddr=0x76820000
VERBOSE::memory_page.c::58::mem_page_init_from_proc_addr::lpcNextAddr=0x76820000
VERBOSE::memory_page.c::88::mem_page_init_from_proc_addr::lpcBaseAddr=0x76820000
VERBOSE::memory_page.c::89::mem_page_init_from_proc_addr::memInfo.BaseAddress=0x76820000
VERBOSE::memory_page.c::90::mem_page_init_from_proc_addr::memInfo.RegionSize=0x00001000
ERROR::memory_page.c::217::mem_page_destroy::Deallocating NULL page
VERBOSE::memory_manager.c::523::mem_mgr_load_proc::skip to addr 0x76821000
VERBOSE::memory_page.c::57::mem_page_init_from_proc_addr::lpcBaseAddr=0x76821000
VERBOSE::memory_page.c::58::mem_page_init_from_proc_addr::lpcNextAddr=0x76821000
VERBOSE::memory_page.c::88::mem_page_init_from_proc_addr::lpcBaseAddr=0x76821000
VERBOSE::memory_page.c::89::mem_page_init_from_proc_addr::memInfo.BaseAddress=0x76821000
VERBOSE::memory_page.c::90::mem_page_init_from_proc_addr::memInfo.RegionSize=0x00067000
ERROR::memory_page.c::217::mem_page_destroy::Deallocating NULL page
VERBOSE::memory_manager.c::523::mem_mgr_load_proc::skip to addr 0x76888000
VERBOSE::memory_page.c::57::mem_page_init_from_proc_addr::lpcBaseAddr=0x76888000
VERBOSE::memory_page.c::58::mem_page_init_from_proc_addr::lpcNextAddr=0x76888000
VERBOSE::memory_page.c::88::mem_page_init_from_proc_addr::lpcBaseAddr=0x76888000
VERBOSE::memory_page.c::89::mem_page_init_from_proc_addr::memInfo.BaseAddress=0x76888000
VERBOSE::memory_page.c::90::mem_page_init_from_proc_addr::memInfo.RegionSize=0x00003000
VERBOSE::memory_page.c::57::mem_page_init_from_proc_addr::lpcBaseAddr=0x7688B000
VERBOSE::memory_page.c::58::mem_page_init_from_proc_addr::lpcNextAddr=0x7688B000
VERBOSE::memory_page.c::88::mem_page_init_from_proc_addr::lpcBaseAddr=0x7688B000
VERBOSE::memory_page.c::89::mem_page_init_from_proc_addr::memInfo.BaseAddress=0x7688B000
VERBOSE::memory_page.c::90::mem_page_init_from_proc_addr::memInfo.RegionSize=0x0000B000
ERROR::memory_page.c::217::mem_page_destroy::Deallocating NULL page
VERBOSE::memory_manager.c::523::mem_mgr_load_proc::skip to addr 0x76896000
VERBOSE::memory_page.c::57::mem_page_init_from_proc_addr::lpcBaseAddr=0x76896000
VERBOSE::memory_page.c::58::mem_page_init_from_proc_addr::lpcNextAddr=0x76896000
VERBOSE::memory_page.c::88::mem_page_init_from_proc_addr::lpcBaseAddr=0x76896000
VERBOSE::memory_page.c::89::mem_page_init_from_proc_addr::memInfo.BaseAddress=0x76896000
VERBOSE::memory_page.c::90::mem_page_init_from_proc_addr::memInfo.RegionSize=0x0000A000
ERROR::memory_page.c::217::mem_page_destroy::Deallocating NULL page
VERBOSE::memory_manager.c::523::mem_mgr_load_proc::skip to addr 0x768A0000
VERBOSE::memory_page.c::57::mem_page_init_from_proc_addr::lpcBaseAddr=0x768A0000
VERBOSE::memory_page.c::58::mem_page_init_from_proc_addr::lpcNextAddr=0x768A0000
VERBOSE::memory_page.c::88::mem_page_init_from_proc_addr::lpcBaseAddr=0x768A0000
VERBOSE::memory_page.c::89::mem_page_init_from_proc_addr::memInfo.BaseAddress=0x768A0000
VERBOSE::memory_page.c::90::mem_page_init_from_proc_addr::memInfo.RegionSize=0x00001000
ERROR::memory_page.c::217::mem_page_destroy::Deallocating NULL page
VERBOSE::memory_manager.c::523::mem_mgr_load_proc::skip to addr 0x768A1000
VERBOSE::memory_page.c::57::mem_page_init_from_proc_addr::lpcBaseAddr=0x768A1000
VERBOSE::memory_page.c::58::mem_page_init_from_proc_addr::lpcNextAddr=0x768A1000
VERBOSE::memory_page.c::88::mem_page_init_from_proc_addr::lpcBaseAddr=0x768A1000
VERBOSE::memory_page.c::89::mem_page_init_from_proc_addr::memInfo.BaseAddress=0x768A1000
VERBOSE::memory_page.c::90::mem_page_init_from_proc_addr::memInfo.RegionSize=0x00002000
ERROR::memory_page.c::217::mem_page_destroy::Deallocating NULL page
VERBOSE::memory_manager.c::523::mem_mgr_load_proc::skip to addr 0x768A3000
VERBOSE::memory_page.c::57::mem_page_init_from_proc_addr::lpcBaseAddr=0x768A3000
VERBOSE::memory_page.c::58::mem_page_init_from_proc_addr::lpcNextAddr=0x768A3000
VERBOSE::memory_page.c::88::mem_page_init_from_proc_addr::lpcBaseAddr=0x768A3000
VERBOSE::memory_page.c::89::mem_page_init_from_proc_addr::memInfo.BaseAddress=0x768A3000
VERBOSE::memory_page.c::90::mem_page_init_from_proc_addr::memInfo.RegionSize=0x00001000
VERBOSE::memory_page.c::57::mem_page_init_from_proc_addr::lpcBaseAddr=0x768A4000
VERBOSE::memory_page.c::58::mem_page_init_from_proc_addr::lpcNextAddr=0x768A4000
VERBOSE::memory_page.c::88::mem_page_init_from_proc_addr::lpcBaseAddr=0x768A4000
VERBOSE::memory_page.c::89::mem_page_init_from_proc_addr::memInfo.BaseAddress=0x768A4000
VERBOSE::memory_page.c::90::mem_page_init_from_proc_addr::memInfo.RegionSize=0x00003000
ERROR::memory_page.c::217::mem_page_destroy::Deallocating NULL page
VERBOSE::memory_manager.c::523::mem_mgr_load_proc::skip to addr 0x768A7000
VERBOSE::memory_page.c::57::mem_page_init_from_proc_addr::lpcBaseAddr=0x768A7000
VERBOSE::memory_page.c::58::mem_page_init_from_proc_addr::lpcNextAddr=0x768A7000
VERBOSE::memory_page.c::88::mem_page_init_from_proc_addr::lpcBaseAddr=0x768A7000
VERBOSE::memory_page.c::89::mem_page_init_from_proc_addr::memInfo.BaseAddress=0x768A7000
VERBOSE::memory_page.c::90::mem_page_init_from_proc_addr::memInfo.RegionSize=0x00009000
ERROR::memory_page.c::217::mem_page_destroy::Deallocating NULL page
VERBOSE::memory_manager.c::523::mem_mgr_load_proc::skip to addr 0x768B0000
VERBOSE::memory_page.c::57::mem_page_init_from_proc_addr::lpcBaseAddr=0x768B0000
VERBOSE::memory_page.c::58::mem_page_init_from_proc_addr::lpcNextAddr=0x768B0000
VERBOSE::memory_page.c::88::mem_page_init_from_proc_addr::lpcBaseAddr=0x768B0000
VERBOSE::memory_page.c::89::mem_page_init_from_proc_addr::memInfo.BaseAddress=0x768B0000
VERBOSE::memory_page.c::90::mem_page_init_from_proc_addr::memInfo.RegionSize=0x00001000
ERROR::memory_page.c::217::mem_page_destroy::Deallocating NULL page
VERBOSE::memory_manager.c::523::mem_mgr_load_proc::skip to addr 0x768B1000
VERBOSE::memory_page.c::57::mem_page_init_from_proc_addr::lpcBaseAddr=0x768B1000
VERBOSE::memory_page.c::58::mem_page_init_from_proc_addr::lpcNextAddr=0x768B1000
VERBOSE::memory_page.c::88::mem_page_init_from_proc_addr::lpcBaseAddr=0x768B1000
VERBOSE::memory_page.c::89::mem_page_init_from_proc_addr::memInfo.BaseAddress=0x768B1000
VERBOSE::memory_page.c::90::mem_page_init_from_proc_addr::memInfo.RegionSize=0x000B1000
ERROR::memory_page.c::217::mem_page_destroy::Deallocating NULL page
VERBOSE::memory_manager.c::523::mem_mgr_load_proc::skip to addr 0x76962000
VERBOSE::memory_page.c::57::mem_page_init_from_proc_addr::lpcBaseAddr=0x76962000
VERBOSE::memory_page.c::58::mem_page_init_from_proc_addr::lpcNextAddr=0x76962000
VERBOSE::memory_page.c::88::mem_page_init_from_proc_addr::lpcBaseAddr=0x76962000
VERBOSE::memory_page.c::89::mem_page_init_from_proc_addr::memInfo.BaseAddress=0x76962000
VERBOSE::memory_page.c::90::mem_page_init_from_proc_addr::memInfo.RegionSize=0x00002000
VERBOSE::memory_page.c::57::mem_page_init_from_proc_addr::lpcBaseAddr=0x76964000
VERBOSE::memory_page.c::58::mem_page_init_from_proc_addr::lpcNextAddr=0x76964000
VERBOSE::memory_page.c::88::mem_page_init_from_proc_addr::lpcBaseAddr=0x76964000
VERBOSE::memory_page.c::89::mem_page_init_from_proc_addr::memInfo.BaseAddress=0x76964000
VERBOSE::memory_page.c::90::mem_page_init_from_proc_addr::memInfo.RegionSize=0x00004000
VERBOSE::memory_page.c::57::mem_page_init_from_proc_addr::lpcBaseAddr=0x76968000
VERBOSE::memory_page.c::58::mem_page_init_from_proc_addr::lpcNextAddr=0x76968000
VERBOSE::memory_page.c::88::mem_page_init_from_proc_addr::lpcBaseAddr=0x76968000
VERBOSE::memory_page.c::89::mem_page_init_from_proc_addr::memInfo.BaseAddress=0x76968000
VERBOSE::memory_page.c::90::mem_page_init_from_proc_addr::memInfo.RegionSize=0x00007000
ERROR::memory_page.c::217::mem_page_destroy::Deallocating NULL page
VERBOSE::memory_manager.c::523::mem_mgr_load_proc::skip to addr 0x7696F000
VERBOSE::memory_page.c::57::mem_page_init_from_proc_addr::lpcBaseAddr=0x7696F000
VERBOSE::memory_page.c::58::mem_page_init_from_proc_addr::lpcNextAddr=0x7696F000
VERBOSE::memory_page.c::88::mem_page_init_from_proc_addr::lpcBaseAddr=0x7696F000
VERBOSE::memory_page.c::89::mem_page_init_from_proc_addr::memInfo.BaseAddress=0x7696F000
VERBOSE::memory_page.c::90::mem_page_init_from_proc_addr::memInfo.RegionSize=0x00061000
ERROR::memory_page.c::217::mem_page_destroy::Deallocating NULL page
VERBOSE::memory_manager.c::523::mem_mgr_load_proc::skip to addr 0x769D0000
VERBOSE::memory_page.c::57::mem_page_init_from_proc_addr::lpcBaseAddr=0x769D0000
VERBOSE::memory_page.c::58::mem_page_init_from_proc_addr::lpcNextAddr=0x769D0000
VERBOSE::memory_page.c::88::mem_page_init_from_proc_addr::lpcBaseAddr=0x769D0000
VERBOSE::memory_page.c::89::mem_page_init_from_proc_addr::memInfo.BaseAddress=0x769D0000
VERBOSE::memory_page.c::90::mem_page_init_from_proc_addr::memInfo.RegionSize=0x00001000
ERROR::memory_page.c::217::mem_page_destroy::Deallocating NULL page
VERBOSE::memory_manager.c::523::mem_mgr_load_proc::skip to addr 0x769D1000
VERBOSE::memory_page.c::57::mem_page_init_from_proc_addr::lpcBaseAddr=0x769D1000
VERBOSE::memory_page.c::58::mem_page_init_from_proc_addr::lpcNextAddr=0x769D1000
VERBOSE::memory_page.c::88::mem_page_init_from_proc_addr::lpcBaseAddr=0x769D1000
VERBOSE::memory_page.c::89::mem_page_init_from_proc_addr::memInfo.BaseAddress=0x769D1000
VERBOSE::memory_page.c::90::mem_page_init_from_proc_addr::memInfo.RegionSize=0x00058000
ERROR::memory_page.c::217::mem_page_destroy::Deallocating NULL page
VERBOSE::memory_manager.c::523::mem_mgr_load_proc::skip to addr 0x76A29000
VERBOSE::memory_page.c::57::mem_page_init_from_proc_addr::lpcBaseAddr=0x76A29000
VERBOSE::memory_page.c::58::mem_page_init_from_proc_addr::lpcNextAddr=0x76A29000
VERBOSE::memory_page.c::88::mem_page_init_from_proc_addr::lpcBaseAddr=0x76A29000
VERBOSE::memory_page.c::89::mem_page_init_from_proc_addr::memInfo.BaseAddress=0x76A29000
VERBOSE::memory_page.c::90::mem_page_init_from_proc_addr::memInfo.RegionSize=0x00001000
VERBOSE::memory_page.c::57::mem_page_init_from_proc_addr::lpcBaseAddr=0x76A2A000
VERBOSE::memory_page.c::58::mem_page_init_from_proc_addr::lpcNextAddr=0x76A2A000
VERBOSE::memory_page.c::88::mem_page_init_from_proc_addr::lpcBaseAddr=0x76A2A000
VERBOSE::memory_page.c::89::mem_page_init_from_proc_addr::memInfo.BaseAddress=0x76A2A000
VERBOSE::memory_page.c::90::mem_page_init_from_proc_addr::memInfo.RegionSize=0x00005000
ERROR::memory_page.c::217::mem_page_destroy::Deallocating NULL page
VERBOSE::memory_manager.c::523::mem_mgr_load_proc::skip to addr 0x76A2F000
VERBOSE::memory_page.c::57::mem_page_init_from_proc_addr::lpcBaseAddr=0x76A2F000
VERBOSE::memory_page.c::58::mem_page_init_from_proc_addr::lpcNextAddr=0x76A2F000
VERBOSE::memory_page.c::88::mem_page_init_from_proc_addr::lpcBaseAddr=0x76A2F000
VERBOSE::memory_page.c::89::mem_page_init_from_proc_addr::memInfo.BaseAddress=0x76A2F000
VERBOSE::memory_page.c::90::mem_page_init_from_proc_addr::memInfo.RegionSize=0x00001000
ERROR::memory_page.c::217::mem_page_destroy::Deallocating NULL page
VERBOSE::memory_manager.c::523::mem_mgr_load_proc::skip to addr 0x76A30000
VERBOSE::memory_page.c::57::mem_page_init_from_proc_addr::lpcBaseAddr=0x76A30000
VERBOSE::memory_page.c::58::mem_page_init_from_proc_addr::lpcNextAddr=0x76A30000
VERBOSE::memory_page.c::88::mem_page_init_from_proc_addr::lpcBaseAddr=0x76A30000
VERBOSE::memory_page.c::89::mem_page_init_from_proc_addr::memInfo.BaseAddress=0x76A30000
VERBOSE::memory_page.c::90::mem_page_init_from_proc_addr::memInfo.RegionSize=0x00001000
ERROR::memory_page.c::217::mem_page_destroy::Deallocating NULL page
VERBOSE::memory_manager.c::523::mem_mgr_load_proc::skip to addr 0x76A31000
VERBOSE::memory_page.c::57::mem_page_init_from_proc_addr::lpcBaseAddr=0x76A31000
VERBOSE::memory_page.c::58::mem_page_init_from_proc_addr::lpcNextAddr=0x76A31000
VERBOSE::memory_page.c::88::mem_page_init_from_proc_addr::lpcBaseAddr=0x76A31000
VERBOSE::memory_page.c::89::mem_page_init_from_proc_addr::memInfo.BaseAddress=0x76A31000
VERBOSE::memory_page.c::90::mem_page_init_from_proc_addr::memInfo.RegionSize=0x000C0000
ERROR::memory_page.c::217::mem_page_destroy::Deallocating NULL page
VERBOSE::memory_manager.c::523::mem_mgr_load_proc::skip to addr 0x76AF1000
VERBOSE::memory_page.c::57::mem_page_init_from_proc_addr::lpcBaseAddr=0x76AF1000
VERBOSE::memory_page.c::58::mem_page_init_from_proc_addr::lpcNextAddr=0x76AF1000
VERBOSE::memory_page.c::88::mem_page_init_from_proc_addr::lpcBaseAddr=0x76AF1000
VERBOSE::memory_page.c::89::mem_page_init_from_proc_addr::memInfo.BaseAddress=0x76AF1000
VERBOSE::memory_page.c::90::mem_page_init_from_proc_addr::memInfo.RegionSize=0x00003000
VERBOSE::memory_page.c::57::mem_page_init_from_proc_addr::lpcBaseAddr=0x76AF4000
VERBOSE::memory_page.c::58::mem_page_init_from_proc_addr::lpcNextAddr=0x76AF4000
VERBOSE::memory_page.c::88::mem_page_init_from_proc_addr::lpcBaseAddr=0x76AF4000
VERBOSE::memory_page.c::89::mem_page_init_from_proc_addr::memInfo.BaseAddress=0x76AF4000
VERBOSE::memory_page.c::90::mem_page_init_from_proc_addr::memInfo.RegionSize=0x00010000
ERROR::memory_page.c::217::mem_page_destroy::Deallocating NULL page
VERBOSE::memory_manager.c::523::mem_mgr_load_proc::skip to addr 0x76B04000
VERBOSE::memory_page.c::57::mem_page_init_from_proc_addr::lpcBaseAddr=0x76B04000
VERBOSE::memory_page.c::58::mem_page_init_from_proc_addr::lpcNextAddr=0x76B04000
VERBOSE::memory_page.c::88::mem_page_init_from_proc_addr::lpcBaseAddr=0x76B04000
VERBOSE::memory_page.c::89::mem_page_init_from_proc_addr::memInfo.BaseAddress=0x76B04000
VERBOSE::memory_page.c::90::mem_page_init_from_proc_addr::memInfo.RegionSize=0x0000C000
ERROR::memory_page.c::217::mem_page_destroy::Deallocating NULL page
VERBOSE::memory_manager.c::523::mem_mgr_load_proc::skip to addr 0x76B10000
VERBOSE::memory_page.c::57::mem_page_init_from_proc_addr::lpcBaseAddr=0x76B10000
VERBOSE::memory_page.c::58::mem_page_init_from_proc_addr::lpcNextAddr=0x76B10000
VERBOSE::memory_page.c::88::mem_page_init_from_proc_addr::lpcBaseAddr=0x76B10000
VERBOSE::memory_page.c::89::mem_page_init_from_proc_addr::memInfo.BaseAddress=0x76B10000
VERBOSE::memory_page.c::90::mem_page_init_from_proc_addr::memInfo.RegionSize=0x00001000
ERROR::memory_page.c::217::mem_page_destroy::Deallocating NULL page
VERBOSE::memory_manager.c::523::mem_mgr_load_proc::skip to addr 0x76B11000
VERBOSE::memory_page.c::57::mem_page_init_from_proc_addr::lpcBaseAddr=0x76B11000
VERBOSE::memory_page.c::58::mem_page_init_from_proc_addr::lpcNextAddr=0x76B11000
VERBOSE::memory_page.c::88::mem_page_init_from_proc_addr::lpcBaseAddr=0x76B11000
VERBOSE::memory_page.c::89::mem_page_init_from_proc_addr::memInfo.BaseAddress=0x76B11000
VERBOSE::memory_page.c::90::mem_page_init_from_proc_addr::memInfo.RegionSize=0x000BA000
ERROR::memory_page.c::217::mem_page_destroy::Deallocating NULL page
VERBOSE::memory_manager.c::523::mem_mgr_load_proc::skip to addr 0x76BCB000
VERBOSE::memory_page.c::57::mem_page_init_from_proc_addr::lpcBaseAddr=0x76BCB000
VERBOSE::memory_page.c::58::mem_page_init_from_proc_addr::lpcNextAddr=0x76BCB000
VERBOSE::memory_page.c::88::mem_page_init_from_proc_addr::lpcBaseAddr=0x76BCB000
VERBOSE::memory_page.c::89::mem_page_init_from_proc_addr::memInfo.BaseAddress=0x76BCB000
VERBOSE::memory_page.c::90::mem_page_init_from_proc_addr::memInfo.RegionSize=0x00002000
VERBOSE::memory_page.c::57::mem_page_init_from_proc_addr::lpcBaseAddr=0x76BCD000
VERBOSE::memory_page.c::58::mem_page_init_from_proc_addr::lpcNextAddr=0x76BCD000
VERBOSE::memory_page.c::88::mem_page_init_from_proc_addr::lpcBaseAddr=0x76BCD000
VERBOSE::memory_page.c::89::mem_page_init_from_proc_addr::memInfo.BaseAddress=0x76BCD000
VERBOSE::memory_page.c::90::mem_page_init_from_proc_addr::memInfo.RegionSize=0x00026000
ERROR::memory_page.c::217::mem_page_destroy::Deallocating NULL page
VERBOSE::memory_manager.c::523::mem_mgr_load_proc::skip to addr 0x76BF3000
VERBOSE::memory_page.c::57::mem_page_init_from_proc_addr::lpcBaseAddr=0x76BF3000
VERBOSE::memory_page.c::58::mem_page_init_from_proc_addr::lpcNextAddr=0x76BF3000
VERBOSE::memory_page.c::88::mem_page_init_from_proc_addr::lpcBaseAddr=0x76BF3000
VERBOSE::memory_page.c::89::mem_page_init_from_proc_addr::memInfo.BaseAddress=0x76BF3000
VERBOSE::memory_page.c::90::mem_page_init_from_proc_addr::memInfo.RegionSize=0x0000D000
ERROR::memory_page.c::217::mem_page_destroy::Deallocating NULL page
VERBOSE::memory_manager.c::523::mem_mgr_load_proc::skip to addr 0x76C00000
VERBOSE::memory_page.c::57::mem_page_init_from_proc_addr::lpcBaseAddr=0x76C00000
VERBOSE::memory_page.c::58::mem_page_init_from_proc_addr::lpcNextAddr=0x76C00000
VERBOSE::memory_page.c::88::mem_page_init_from_proc_addr::lpcBaseAddr=0x76C00000
VERBOSE::memory_page.c::89::mem_page_init_from_proc_addr::memInfo.BaseAddress=0x76C00000
VERBOSE::memory_page.c::90::mem_page_init_from_proc_addr::memInfo.RegionSize=0x00001000
ERROR::memory_page.c::217::mem_page_destroy::Deallocating NULL page
VERBOSE::memory_manager.c::523::mem_mgr_load_proc::skip to addr 0x76C01000
VERBOSE::memory_page.c::57::mem_page_init_from_proc_addr::lpcBaseAddr=0x76C01000
VERBOSE::memory_page.c::58::mem_page_init_from_proc_addr::lpcNextAddr=0x76C01000
VERBOSE::memory_page.c::88::mem_page_init_from_proc_addr::lpcBaseAddr=0x76C01000
VERBOSE::memory_page.c::89::mem_page_init_from_proc_addr::memInfo.BaseAddress=0x76C01000
VERBOSE::memory_page.c::90::mem_page_init_from_proc_addr::memInfo.RegionSize=0x000BB000
ERROR::memory_page.c::217::mem_page_destroy::Deallocating NULL page
VERBOSE::memory_manager.c::523::mem_mgr_load_proc::skip to addr 0x76CBC000
VERBOSE::memory_page.c::57::mem_page_init_from_proc_addr::lpcBaseAddr=0x76CBC000
VERBOSE::memory_page.c::58::mem_page_init_from_proc_addr::lpcNextAddr=0x76CBC000
VERBOSE::memory_page.c::88::mem_page_init_from_proc_addr::lpcBaseAddr=0x76CBC000
VERBOSE::memory_page.c::89::mem_page_init_from_proc_addr::memInfo.BaseAddress=0x76CBC000
VERBOSE::memory_page.c::90::mem_page_init_from_proc_addr::memInfo.RegionSize=0x00003000
VERBOSE::memory_page.c::57::mem_page_init_from_proc_addr::lpcBaseAddr=0x76CBF000
VERBOSE::memory_page.c::58::mem_page_init_from_proc_addr::lpcNextAddr=0x76CBF000
VERBOSE::memory_page.c::88::mem_page_init_from_proc_addr::lpcBaseAddr=0x76CBF000
VERBOSE::memory_page.c::89::mem_page_init_from_proc_addr::memInfo.BaseAddress=0x76CBF000
VERBOSE::memory_page.c::90::mem_page_init_from_proc_addr::memInfo.RegionSize=0x0001F000
ERROR::memory_page.c::217::mem_page_destroy::Deallocating NULL page
VERBOSE::memory_manager.c::523::mem_mgr_load_proc::skip to addr 0x76CDE000
VERBOSE::memory_page.c::57::mem_page_init_from_proc_addr::lpcBaseAddr=0x76CDE000
VERBOSE::memory_page.c::58::mem_page_init_from_proc_addr::lpcNextAddr=0x76CDE000
VERBOSE::memory_page.c::88::mem_page_init_from_proc_addr::lpcBaseAddr=0x76CDE000
VERBOSE::memory_page.c::89::mem_page_init_from_proc_addr::memInfo.BaseAddress=0x76CDE000
VERBOSE::memory_page.c::90::mem_page_init_from_proc_addr::memInfo.RegionSize=0x00012000
ERROR::memory_page.c::217::mem_page_destroy::Deallocating NULL page
VERBOSE::memory_manager.c::523::mem_mgr_load_proc::skip to addr 0x76CF0000
VERBOSE::memory_page.c::57::mem_page_init_from_proc_addr::lpcBaseAddr=0x76CF0000
VERBOSE::memory_page.c::58::mem_page_init_from_proc_addr::lpcNextAddr=0x76CF0000
VERBOSE::memory_page.c::88::mem_page_init_from_proc_addr::lpcBaseAddr=0x76CF0000
VERBOSE::memory_page.c::89::mem_page_init_from_proc_addr::memInfo.BaseAddress=0x76CF0000
VERBOSE::memory_page.c::90::mem_page_init_from_proc_addr::memInfo.RegionSize=0x00001000
ERROR::memory_page.c::217::mem_page_destroy::Deallocating NULL page
VERBOSE::memory_manager.c::523::mem_mgr_load_proc::skip to addr 0x76CF1000
VERBOSE::memory_page.c::57::mem_page_init_from_proc_addr::lpcBaseAddr=0x76CF1000
VERBOSE::memory_page.c::58::mem_page_init_from_proc_addr::lpcNextAddr=0x76CF1000
VERBOSE::memory_page.c::88::mem_page_init_from_proc_addr::lpcBaseAddr=0x76CF1000
VERBOSE::memory_page.c::89::mem_page_init_from_proc_addr::memInfo.BaseAddress=0x76CF1000
VERBOSE::memory_page.c::90::mem_page_init_from_proc_addr::memInfo.RegionSize=0x00013000
ERROR::memory_page.c::217::mem_page_destroy::Deallocating NULL page
VERBOSE::memory_manager.c::523::mem_mgr_load_proc::skip to addr 0x76D04000
VERBOSE::memory_page.c::57::mem_page_init_from_proc_addr::lpcBaseAddr=0x76D04000
VERBOSE::memory_page.c::58::mem_page_init_from_proc_addr::lpcNextAddr=0x76D04000
VERBOSE::memory_page.c::88::mem_page_init_from_proc_addr::lpcBaseAddr=0x76D04000
VERBOSE::memory_page.c::89::mem_page_init_from_proc_addr::memInfo.BaseAddress=0x76D04000
VERBOSE::memory_page.c::90::mem_page_init_from_proc_addr::memInfo.RegionSize=0x00001000
VERBOSE::memory_page.c::57::mem_page_init_from_proc_addr::lpcBaseAddr=0x76D05000
VERBOSE::memory_page.c::58::mem_page_init_from_proc_addr::lpcNextAddr=0x76D05000
VERBOSE::memory_page.c::88::mem_page_init_from_proc_addr::lpcBaseAddr=0x76D05000
VERBOSE::memory_page.c::89::mem_page_init_from_proc_addr::memInfo.BaseAddress=0x76D05000
VERBOSE::memory_page.c::90::mem_page_init_from_proc_addr::memInfo.RegionSize=0x00004000
ERROR::memory_page.c::217::mem_page_destroy::Deallocating NULL page
VERBOSE::memory_manager.c::523::mem_mgr_load_proc::skip to addr 0x76D09000
VERBOSE::memory_page.c::57::mem_page_init_from_proc_addr::lpcBaseAddr=0x76D09000
VERBOSE::memory_page.c::58::mem_page_init_from_proc_addr::lpcNextAddr=0x76D09000
VERBOSE::memory_page.c::88::mem_page_init_from_proc_addr::lpcBaseAddr=0x76D09000
VERBOSE::memory_page.c::89::mem_page_init_from_proc_addr::memInfo.BaseAddress=0x76D09000
VERBOSE::memory_page.c::90::mem_page_init_from_proc_addr::memInfo.RegionSize=0x00007000
ERROR::memory_page.c::217::mem_page_destroy::Deallocating NULL page
VERBOSE::memory_manager.c::523::mem_mgr_load_proc::skip to addr 0x76D10000
VERBOSE::memory_page.c::57::mem_page_init_from_proc_addr::lpcBaseAddr=0x76D10000
VERBOSE::memory_page.c::58::mem_page_init_from_proc_addr::lpcNextAddr=0x76D10000
VERBOSE::memory_page.c::88::mem_page_init_from_proc_addr::lpcBaseAddr=0x76D10000
VERBOSE::memory_page.c::89::mem_page_init_from_proc_addr::memInfo.BaseAddress=0x76D10000
VERBOSE::memory_page.c::90::mem_page_init_from_proc_addr::memInfo.RegionSize=0x00001000
ERROR::memory_page.c::217::mem_page_destroy::Deallocating NULL page
VERBOSE::memory_manager.c::523::mem_mgr_load_proc::skip to addr 0x76D11000
VERBOSE::memory_page.c::57::mem_page_init_from_proc_addr::lpcBaseAddr=0x76D11000
VERBOSE::memory_page.c::58::mem_page_init_from_proc_addr::lpcNextAddr=0x76D11000
VERBOSE::memory_page.c::88::mem_page_init_from_proc_addr::lpcBaseAddr=0x76D11000
VERBOSE::memory_page.c::89::mem_page_init_from_proc_addr::memInfo.BaseAddress=0x76D11000
VERBOSE::memory_page.c::90::mem_page_init_from_proc_addr::memInfo.RegionSize=0x001D7000
ERROR::memory_page.c::217::mem_page_destroy::Deallocating NULL page
VERBOSE::memory_manager.c::523::mem_mgr_load_proc::skip to addr 0x76EE8000
VERBOSE::memory_page.c::57::mem_page_init_from_proc_addr::lpcBaseAddr=0x76EE8000
VERBOSE::memory_page.c::58::mem_page_init_from_proc_addr::lpcNextAddr=0x76EE8000
VERBOSE::memory_page.c::88::mem_page_init_from_proc_addr::lpcBaseAddr=0x76EE8000
VERBOSE::memory_page.c::89::mem_page_init_from_proc_addr::memInfo.BaseAddress=0x76EE8000
VERBOSE::memory_page.c::90::mem_page_init_from_proc_addr::memInfo.RegionSize=0x00004000
VERBOSE::memory_page.c::57::mem_page_init_from_proc_addr::lpcBaseAddr=0x76EEC000
VERBOSE::memory_page.c::58::mem_page_init_from_proc_addr::lpcNextAddr=0x76EEC000
VERBOSE::memory_page.c::88::mem_page_init_from_proc_addr::lpcBaseAddr=0x76EEC000
VERBOSE::memory_page.c::89::mem_page_init_from_proc_addr::memInfo.BaseAddress=0x76EEC000
VERBOSE::memory_page.c::90::mem_page_init_from_proc_addr::memInfo.RegionSize=0x00038000
ERROR::memory_page.c::217::mem_page_destroy::Deallocating NULL page
VERBOSE::memory_manager.c::523::mem_mgr_load_proc::skip to addr 0x76F24000
VERBOSE::memory_page.c::57::mem_page_init_from_proc_addr::lpcBaseAddr=0x76F24000
VERBOSE::memory_page.c::58::mem_page_init_from_proc_addr::lpcNextAddr=0x76F24000
VERBOSE::memory_page.c::88::mem_page_init_from_proc_addr::lpcBaseAddr=0x76F24000
VERBOSE::memory_page.c::89::mem_page_init_from_proc_addr::memInfo.BaseAddress=0x76F24000
VERBOSE::memory_page.c::90::mem_page_init_from_proc_addr::memInfo.RegionSize=0x0000C000
ERROR::memory_page.c::217::mem_page_destroy::Deallocating NULL page
VERBOSE::memory_manager.c::523::mem_mgr_load_proc::skip to addr 0x76F30000
VERBOSE::memory_page.c::57::mem_page_init_from_proc_addr::lpcBaseAddr=0x76F30000
VERBOSE::memory_page.c::58::mem_page_init_from_proc_addr::lpcNextAddr=0x76F30000
VERBOSE::memory_page.c::88::mem_page_init_from_proc_addr::lpcBaseAddr=0x76F30000
VERBOSE::memory_page.c::89::mem_page_init_from_proc_addr::memInfo.BaseAddress=0x76F30000
VERBOSE::memory_page.c::90::mem_page_init_from_proc_addr::memInfo.RegionSize=0x00001000
ERROR::memory_page.c::217::mem_page_destroy::Deallocating NULL page
VERBOSE::memory_manager.c::523::mem_mgr_load_proc::skip to addr 0x76F31000
VERBOSE::memory_page.c::57::mem_page_init_from_proc_addr::lpcBaseAddr=0x76F31000
VERBOSE::memory_page.c::58::mem_page_init_from_proc_addr::lpcNextAddr=0x76F31000
VERBOSE::memory_page.c::88::mem_page_init_from_proc_addr::lpcBaseAddr=0x76F31000
VERBOSE::memory_page.c::89::mem_page_init_from_proc_addr::memInfo.BaseAddress=0x76F31000
VERBOSE::memory_page.c::90::mem_page_init_from_proc_addr::memInfo.RegionSize=0x00087000
ERROR::memory_page.c::217::mem_page_destroy::Deallocating NULL page
VERBOSE::memory_manager.c::523::mem_mgr_load_proc::skip to addr 0x76FB8000
VERBOSE::memory_page.c::57::mem_page_init_from_proc_addr::lpcBaseAddr=0x76FB8000
VERBOSE::memory_page.c::58::mem_page_init_from_proc_addr::lpcNextAddr=0x76FB8000
VERBOSE::memory_page.c::88::mem_page_init_from_proc_addr::lpcBaseAddr=0x76FB8000
VERBOSE::memory_page.c::89::mem_page_init_from_proc_addr::memInfo.BaseAddress=0x76FB8000
VERBOSE::memory_page.c::90::mem_page_init_from_proc_addr::memInfo.RegionSize=0x00002000
VERBOSE::memory_page.c::57::mem_page_init_from_proc_addr::lpcBaseAddr=0x76FBA000
VERBOSE::memory_page.c::58::mem_page_init_from_proc_addr::lpcNextAddr=0x76FBA000
VERBOSE::memory_page.c::88::mem_page_init_from_proc_addr::lpcBaseAddr=0x76FBA000
VERBOSE::memory_page.c::89::mem_page_init_from_proc_addr::memInfo.BaseAddress=0x76FBA000
VERBOSE::memory_page.c::90::mem_page_init_from_proc_addr::memInfo.RegionSize=0x0000C000
ERROR::memory_page.c::217::mem_page_destroy::Deallocating NULL page
VERBOSE::memory_manager.c::523::mem_mgr_load_proc::skip to addr 0x76FC6000
VERBOSE::memory_page.c::57::mem_page_init_from_proc_addr::lpcBaseAddr=0x76FC6000
VERBOSE::memory_page.c::58::mem_page_init_from_proc_addr::lpcNextAddr=0x76FC6000
VERBOSE::memory_page.c::88::mem_page_init_from_proc_addr::lpcBaseAddr=0x76FC6000
VERBOSE::memory_page.c::89::mem_page_init_from_proc_addr::memInfo.BaseAddress=0x76FC6000
VERBOSE::memory_page.c::90::mem_page_init_from_proc_addr::memInfo.RegionSize=0x0000A000
ERROR::memory_page.c::217::mem_page_destroy::Deallocating NULL page
VERBOSE::memory_manager.c::523::mem_mgr_load_proc::skip to addr 0x76FD0000
VERBOSE::memory_page.c::57::mem_page_init_from_proc_addr::lpcBaseAddr=0x76FD0000
VERBOSE::memory_page.c::58::mem_page_init_from_proc_addr::lpcNextAddr=0x76FD0000
VERBOSE::memory_page.c::88::mem_page_init_from_proc_addr::lpcBaseAddr=0x76FD0000
VERBOSE::memory_page.c::89::mem_page_init_from_proc_addr::memInfo.BaseAddress=0x76FD0000
VERBOSE::memory_page.c::90::mem_page_init_from_proc_addr::memInfo.RegionSize=0x00001000
ERROR::memory_page.c::217::mem_page_destroy::Deallocating NULL page
VERBOSE::memory_manager.c::523::mem_mgr_load_proc::skip to addr 0x76FD1000
VERBOSE::memory_page.c::57::mem_page_init_from_proc_addr::lpcBaseAddr=0x76FD1000
VERBOSE::memory_page.c::58::mem_page_init_from_proc_addr::lpcNextAddr=0x76FD1000
VERBOSE::memory_page.c::88::mem_page_init_from_proc_addr::lpcBaseAddr=0x76FD1000
VERBOSE::memory_page.c::89::mem_page_init_from_proc_addr::memInfo.BaseAddress=0x76FD1000
VERBOSE::memory_page.c::90::mem_page_init_from_proc_addr::memInfo.RegionSize=0x00069000
ERROR::memory_page.c::217::mem_page_destroy::Deallocating NULL page
VERBOSE::memory_manager.c::523::mem_mgr_load_proc::skip to addr 0x7703A000
VERBOSE::memory_page.c::57::mem_page_init_from_proc_addr::lpcBaseAddr=0x7703A000
VERBOSE::memory_page.c::58::mem_page_init_from_proc_addr::lpcNextAddr=0x7703A000
VERBOSE::memory_page.c::88::mem_page_init_from_proc_addr::lpcBaseAddr=0x7703A000
VERBOSE::memory_page.c::89::mem_page_init_from_proc_addr::memInfo.BaseAddress=0x7703A000
VERBOSE::memory_page.c::90::mem_page_init_from_proc_addr::memInfo.RegionSize=0x00001000
VERBOSE::memory_page.c::57::mem_page_init_from_proc_addr::lpcBaseAddr=0x7703B000
VERBOSE::memory_page.c::58::mem_page_init_from_proc_addr::lpcNextAddr=0x7703B000
VERBOSE::memory_page.c::88::mem_page_init_from_proc_addr::lpcBaseAddr=0x7703B000
VERBOSE::memory_page.c::89::mem_page_init_from_proc_addr::memInfo.BaseAddress=0x7703B000
VERBOSE::memory_page.c::90::mem_page_init_from_proc_addr::memInfo.RegionSize=0x00001000
VERBOSE::memory_page.c::57::mem_page_init_from_proc_addr::lpcBaseAddr=0x7703C000
VERBOSE::memory_page.c::58::mem_page_init_from_proc_addr::lpcNextAddr=0x7703C000
VERBOSE::memory_page.c::88::mem_page_init_from_proc_addr::lpcBaseAddr=0x7703C000
VERBOSE::memory_page.c::89::mem_page_init_from_proc_addr::memInfo.BaseAddress=0x7703C000
VERBOSE::memory_page.c::90::mem_page_init_from_proc_addr::memInfo.RegionSize=0x00002000
VERBOSE::memory_page.c::57::mem_page_init_from_proc_addr::lpcBaseAddr=0x7703E000
VERBOSE::memory_page.c::58::mem_page_init_from_proc_addr::lpcNextAddr=0x7703E000
VERBOSE::memory_page.c::88::mem_page_init_from_proc_addr::lpcBaseAddr=0x7703E000
VERBOSE::memory_page.c::89::mem_page_init_from_proc_addr::memInfo.BaseAddress=0x7703E000
VERBOSE::memory_page.c::90::mem_page_init_from_proc_addr::memInfo.RegionSize=0x0000D000
ERROR::memory_page.c::217::mem_page_destroy::Deallocating NULL page
VERBOSE::memory_manager.c::523::mem_mgr_load_proc::skip to addr 0x7704B000
VERBOSE::memory_page.c::57::mem_page_init_from_proc_addr::lpcBaseAddr=0x7704B000
VERBOSE::memory_page.c::58::mem_page_init_from_proc_addr::lpcNextAddr=0x7704B000
VERBOSE::memory_page.c::88::mem_page_init_from_proc_addr::lpcBaseAddr=0x7704B000
VERBOSE::memory_page.c::89::mem_page_init_from_proc_addr::memInfo.BaseAddress=0x7704B000
VERBOSE::memory_page.c::90::mem_page_init_from_proc_addr::memInfo.RegionSize=0x00005000
ERROR::memory_page.c::217::mem_page_destroy::Deallocating NULL page
VERBOSE::memory_manager.c::523::mem_mgr_load_proc::skip to addr 0x77050000
VERBOSE::memory_page.c::57::mem_page_init_from_proc_addr::lpcBaseAddr=0x77050000
VERBOSE::memory_page.c::58::mem_page_init_from_proc_addr::lpcNextAddr=0x77050000
VERBOSE::memory_page.c::88::mem_page_init_from_proc_addr::lpcBaseAddr=0x77050000
VERBOSE::memory_page.c::89::mem_page_init_from_proc_addr::memInfo.BaseAddress=0x77050000
VERBOSE::memory_page.c::90::mem_page_init_from_proc_addr::memInfo.RegionSize=0x00001000
ERROR::memory_page.c::217::mem_page_destroy::Deallocating NULL page
VERBOSE::memory_manager.c::523::mem_mgr_load_proc::skip to addr 0x77051000
VERBOSE::memory_page.c::57::mem_page_init_from_proc_addr::lpcBaseAddr=0x77051000
VERBOSE::memory_page.c::58::mem_page_init_from_proc_addr::lpcNextAddr=0x77051000
VERBOSE::memory_page.c::88::mem_page_init_from_proc_addr::lpcBaseAddr=0x77051000
VERBOSE::memory_page.c::89::mem_page_init_from_proc_addr::memInfo.BaseAddress=0x77051000
VERBOSE::memory_page.c::90::mem_page_init_from_proc_addr::memInfo.RegionSize=0x0003A000
ERROR::memory_page.c::217::mem_page_destroy::Deallocating NULL page
VERBOSE::memory_manager.c::523::mem_mgr_load_proc::skip to addr 0x7708B000
VERBOSE::memory_page.c::57::mem_page_init_from_proc_addr::lpcBaseAddr=0x7708B000
VERBOSE::memory_page.c::58::mem_page_init_from_proc_addr::lpcNextAddr=0x7708B000
VERBOSE::memory_page.c::88::mem_page_init_from_proc_addr::lpcBaseAddr=0x7708B000
VERBOSE::memory_page.c::89::mem_page_init_from_proc_addr::memInfo.BaseAddress=0x7708B000
VERBOSE::memory_page.c::90::mem_page_init_from_proc_addr::memInfo.RegionSize=0x00001000
VERBOSE::memory_page.c::57::mem_page_init_from_proc_addr::lpcBaseAddr=0x7708C000
VERBOSE::memory_page.c::58::mem_page_init_from_proc_addr::lpcNextAddr=0x7708C000
VERBOSE::memory_page.c::88::mem_page_init_from_proc_addr::lpcBaseAddr=0x7708C000
VERBOSE::memory_page.c::89::mem_page_init_from_proc_addr::memInfo.BaseAddress=0x7708C000
VERBOSE::memory_page.c::90::mem_page_init_from_proc_addr::memInfo.RegionSize=0x00009000
ERROR::memory_page.c::217::mem_page_destroy::Deallocating NULL page
VERBOSE::memory_manager.c::523::mem_mgr_load_proc::skip to addr 0x77095000
VERBOSE::memory_page.c::57::mem_page_init_from_proc_addr::lpcBaseAddr=0x77095000
VERBOSE::memory_page.c::58::mem_page_init_from_proc_addr::lpcNextAddr=0x77095000
VERBOSE::memory_page.c::88::mem_page_init_from_proc_addr::lpcBaseAddr=0x77095000
VERBOSE::memory_page.c::89::mem_page_init_from_proc_addr::memInfo.BaseAddress=0x77095000
VERBOSE::memory_page.c::90::mem_page_init_from_proc_addr::memInfo.RegionSize=0x0000B000
ERROR::memory_page.c::217::mem_page_destroy::Deallocating NULL page
VERBOSE::memory_manager.c::523::mem_mgr_load_proc::skip to addr 0x770A0000
VERBOSE::memory_page.c::57::mem_page_init_from_proc_addr::lpcBaseAddr=0x770A0000
VERBOSE::memory_page.c::58::mem_page_init_from_proc_addr::lpcNextAddr=0x770A0000
VERBOSE::memory_page.c::88::mem_page_init_from_proc_addr::lpcBaseAddr=0x770A0000
VERBOSE::memory_page.c::89::mem_page_init_from_proc_addr::memInfo.BaseAddress=0x770A0000
VERBOSE::memory_page.c::90::mem_page_init_from_proc_addr::memInfo.RegionSize=0x00001000
ERROR::memory_page.c::217::mem_page_destroy::Deallocating NULL page
VERBOSE::memory_manager.c::523::mem_mgr_load_proc::skip to addr 0x770A1000
VERBOSE::memory_page.c::57::mem_page_init_from_proc_addr::lpcBaseAddr=0x770A1000
VERBOSE::memory_page.c::58::mem_page_init_from_proc_addr::lpcNextAddr=0x770A1000
VERBOSE::memory_page.c::88::mem_page_init_from_proc_addr::lpcBaseAddr=0x770A1000
VERBOSE::memory_page.c::89::mem_page_init_from_proc_addr::memInfo.BaseAddress=0x770A1000
VERBOSE::memory_page.c::90::mem_page_init_from_proc_addr::memInfo.RegionSize=0x0010F000
ERROR::memory_page.c::217::mem_page_destroy::Deallocating NULL page
VERBOSE::memory_manager.c::523::mem_mgr_load_proc::skip to addr 0x771B0000
VERBOSE::memory_page.c::57::mem_page_init_from_proc_addr::lpcBaseAddr=0x771B0000
VERBOSE::memory_page.c::58::mem_page_init_from_proc_addr::lpcNextAddr=0x771B0000
VERBOSE::memory_page.c::88::mem_page_init_from_proc_addr::lpcBaseAddr=0x771B0000
VERBOSE::memory_page.c::89::mem_page_init_from_proc_addr::memInfo.BaseAddress=0x771B0000
VERBOSE::memory_page.c::90::mem_page_init_from_proc_addr::memInfo.RegionSize=0x00002000
VERBOSE::memory_page.c::57::mem_page_init_from_proc_addr::lpcBaseAddr=0x771B2000
VERBOSE::memory_page.c::58::mem_page_init_from_proc_addr::lpcNextAddr=0x771B2000
VERBOSE::memory_page.c::88::mem_page_init_from_proc_addr::lpcBaseAddr=0x771B2000
VERBOSE::memory_page.c::89::mem_page_init_from_proc_addr::memInfo.BaseAddress=0x771B2000
VERBOSE::memory_page.c::90::mem_page_init_from_proc_addr::memInfo.RegionSize=0x0000E000
ERROR::memory_page.c::217::mem_page_destroy::Deallocating NULL page
VERBOSE::memory_manager.c::523::mem_mgr_load_proc::skip to addr 0x771C0000
VERBOSE::memory_page.c::57::mem_page_init_from_proc_addr::lpcBaseAddr=0x771C0000
VERBOSE::memory_page.c::58::mem_page_init_from_proc_addr::lpcNextAddr=0x771C0000
VERBOSE::memory_page.c::88::mem_page_init_from_proc_addr::lpcBaseAddr=0x771C0000
VERBOSE::memory_page.c::89::mem_page_init_from_proc_addr::memInfo.BaseAddress=0x771C0000
VERBOSE::memory_page.c::90::mem_page_init_from_proc_addr::memInfo.RegionSize=0x00001000
ERROR::memory_page.c::217::mem_page_destroy::Deallocating NULL page
VERBOSE::memory_manager.c::523::mem_mgr_load_proc::skip to addr 0x771C1000
VERBOSE::memory_page.c::57::mem_page_init_from_proc_addr::lpcBaseAddr=0x771C1000
VERBOSE::memory_page.c::58::mem_page_init_from_proc_addr::lpcNextAddr=0x771C1000
VERBOSE::memory_page.c::88::mem_page_init_from_proc_addr::lpcBaseAddr=0x771C1000
VERBOSE::memory_page.c::89::mem_page_init_from_proc_addr::memInfo.BaseAddress=0x771C1000
VERBOSE::memory_page.c::90::mem_page_init_from_proc_addr::memInfo.RegionSize=0x0006E000
ERROR::memory_page.c::217::mem_page_destroy::Deallocating NULL page
VERBOSE::memory_manager.c::523::mem_mgr_load_proc::skip to addr 0x7722F000
VERBOSE::memory_page.c::57::mem_page_init_from_proc_addr::lpcBaseAddr=0x7722F000
VERBOSE::memory_page.c::58::mem_page_init_from_proc_addr::lpcNextAddr=0x7722F000
VERBOSE::memory_page.c::88::mem_page_init_from_proc_addr::lpcBaseAddr=0x7722F000
VERBOSE::memory_page.c::89::mem_page_init_from_proc_addr::memInfo.BaseAddress=0x7722F000
VERBOSE::memory_page.c::90::mem_page_init_from_proc_addr::memInfo.RegionSize=0x00001000
VERBOSE::memory_page.c::57::mem_page_init_from_proc_addr::lpcBaseAddr=0x77230000
VERBOSE::memory_page.c::58::mem_page_init_from_proc_addr::lpcNextAddr=0x77230000
VERBOSE::memory_page.c::88::mem_page_init_from_proc_addr::lpcBaseAddr=0x77230000
VERBOSE::memory_page.c::89::mem_page_init_from_proc_addr::memInfo.BaseAddress=0x77230000
VERBOSE::memory_page.c::90::mem_page_init_from_proc_addr::memInfo.RegionSize=0x00002000
VERBOSE::memory_page.c::57::mem_page_init_from_proc_addr::lpcBaseAddr=0x77232000
VERBOSE::memory_page.c::58::mem_page_init_from_proc_addr::lpcNextAddr=0x77232000
VERBOSE::memory_page.c::88::mem_page_init_from_proc_addr::lpcBaseAddr=0x77232000
VERBOSE::memory_page.c::89::mem_page_init_from_proc_addr::memInfo.BaseAddress=0x77232000
VERBOSE::memory_page.c::90::mem_page_init_from_proc_addr::memInfo.RegionSize=0x00009000
ERROR::memory_page.c::217::mem_page_destroy::Deallocating NULL page
VERBOSE::memory_manager.c::523::mem_mgr_load_proc::skip to addr 0x7723B000
VERBOSE::memory_page.c::57::mem_page_init_from_proc_addr::lpcBaseAddr=0x7723B000
VERBOSE::memory_page.c::58::mem_page_init_from_proc_addr::lpcNextAddr=0x7723B000
VERBOSE::memory_page.c::88::mem_page_init_from_proc_addr::lpcBaseAddr=0x7723B000
VERBOSE::memory_page.c::89::mem_page_init_from_proc_addr::memInfo.BaseAddress=0x7723B000
VERBOSE::memory_page.c::90::mem_page_init_from_proc_addr::memInfo.RegionSize=0x00075000
ERROR::memory_page.c::217::mem_page_destroy::Deallocating NULL page
VERBOSE::memory_manager.c::523::mem_mgr_load_proc::skip to addr 0x772B0000
VERBOSE::memory_page.c::57::mem_page_init_from_proc_addr::lpcBaseAddr=0x772B0000
VERBOSE::memory_page.c::58::mem_page_init_from_proc_addr::lpcNextAddr=0x772B0000
VERBOSE::memory_page.c::88::mem_page_init_from_proc_addr::lpcBaseAddr=0x772B0000
VERBOSE::memory_page.c::89::mem_page_init_from_proc_addr::memInfo.BaseAddress=0x772B0000
VERBOSE::memory_page.c::90::mem_page_init_from_proc_addr::memInfo.RegionSize=0x00001000
ERROR::memory_page.c::217::mem_page_destroy::Deallocating NULL page
VERBOSE::memory_manager.c::523::mem_mgr_load_proc::skip to addr 0x772B1000
VERBOSE::memory_page.c::57::mem_page_init_from_proc_addr::lpcBaseAddr=0x772B1000
VERBOSE::memory_page.c::58::mem_page_init_from_proc_addr::lpcNextAddr=0x772B1000
VERBOSE::memory_page.c::88::mem_page_init_from_proc_addr::lpcBaseAddr=0x772B1000
VERBOSE::memory_page.c::89::mem_page_init_from_proc_addr::memInfo.BaseAddress=0x772B1000
VERBOSE::memory_page.c::90::mem_page_init_from_proc_addr::memInfo.RegionSize=0x000E6000
ERROR::memory_page.c::217::mem_page_destroy::Deallocating NULL page
VERBOSE::memory_manager.c::523::mem_mgr_load_proc::skip to addr 0x77397000
VERBOSE::memory_page.c::57::mem_page_init_from_proc_addr::lpcBaseAddr=0x77397000
VERBOSE::memory_page.c::58::mem_page_init_from_proc_addr::lpcNextAddr=0x77397000
VERBOSE::memory_page.c::88::mem_page_init_from_proc_addr::lpcBaseAddr=0x77397000
VERBOSE::memory_page.c::89::mem_page_init_from_proc_addr::memInfo.BaseAddress=0x77397000
VERBOSE::memory_page.c::90::mem_page_init_from_proc_addr::memInfo.RegionSize=0x00004000
VERBOSE::memory_page.c::57::mem_page_init_from_proc_addr::lpcBaseAddr=0x7739B000
VERBOSE::memory_page.c::58::mem_page_init_from_proc_addr::lpcNextAddr=0x7739B000
VERBOSE::memory_page.c::88::mem_page_init_from_proc_addr::lpcBaseAddr=0x7739B000
VERBOSE::memory_page.c::89::mem_page_init_from_proc_addr::memInfo.BaseAddress=0x7739B000
VERBOSE::memory_page.c::90::mem_page_init_from_proc_addr::memInfo.RegionSize=0x0000F000
ERROR::memory_page.c::217::mem_page_destroy::Deallocating NULL page
VERBOSE::memory_manager.c::523::mem_mgr_load_proc::skip to addr 0x773AA000
VERBOSE::memory_page.c::57::mem_page_init_from_proc_addr::lpcBaseAddr=0x773AA000
VERBOSE::memory_page.c::58::mem_page_init_from_proc_addr::lpcNextAddr=0x773AA000
VERBOSE::memory_page.c::88::mem_page_init_from_proc_addr::lpcBaseAddr=0x773AA000
VERBOSE::memory_page.c::89::mem_page_init_from_proc_addr::memInfo.BaseAddress=0x773AA000
VERBOSE::memory_page.c::90::mem_page_init_from_proc_addr::memInfo.RegionSize=0x00006000
ERROR::memory_page.c::217::mem_page_destroy::Deallocating NULL page
VERBOSE::memory_manager.c::523::mem_mgr_load_proc::skip to addr 0x773B0000
VERBOSE::memory_page.c::57::mem_page_init_from_proc_addr::lpcBaseAddr=0x773B0000
VERBOSE::memory_page.c::58::mem_page_init_from_proc_addr::lpcNextAddr=0x773B0000
VERBOSE::memory_page.c::88::mem_page_init_from_proc_addr::lpcBaseAddr=0x773B0000
VERBOSE::memory_page.c::89::mem_page_init_from_proc_addr::memInfo.BaseAddress=0x773B0000
VERBOSE::memory_page.c::90::mem_page_init_from_proc_addr::memInfo.RegionSize=0x00001000
ERROR::memory_page.c::217::mem_page_destroy::Deallocating NULL page
VERBOSE::memory_manager.c::523::mem_mgr_load_proc::skip to addr 0x773B1000
VERBOSE::memory_page.c::57::mem_page_init_from_proc_addr::lpcBaseAddr=0x773B1000
VERBOSE::memory_page.c::58::mem_page_init_from_proc_addr::lpcNextAddr=0x773B1000
VERBOSE::memory_page.c::88::mem_page_init_from_proc_addr::lpcBaseAddr=0x773B1000
VERBOSE::memory_page.c::89::mem_page_init_from_proc_addr::memInfo.BaseAddress=0x773B1000
VERBOSE::memory_page.c::90::mem_page_init_from_proc_addr::memInfo.RegionSize=0x000D6000
ERROR::memory_page.c::217::mem_page_destroy::Deallocating NULL page
VERBOSE::memory_manager.c::523::mem_mgr_load_proc::skip to addr 0x77487000
VERBOSE::memory_page.c::57::mem_page_init_from_proc_addr::lpcBaseAddr=0x77487000
VERBOSE::memory_page.c::58::mem_page_init_from_proc_addr::lpcNextAddr=0x77487000
VERBOSE::memory_page.c::88::mem_page_init_from_proc_addr::lpcBaseAddr=0x77487000
VERBOSE::memory_page.c::89::mem_page_init_from_proc_addr::memInfo.BaseAddress=0x77487000
VERBOSE::memory_page.c::90::mem_page_init_from_proc_addr::memInfo.RegionSize=0x00002000
VERBOSE::memory_page.c::57::mem_page_init_from_proc_addr::lpcBaseAddr=0x77489000
VERBOSE::memory_page.c::58::mem_page_init_from_proc_addr::lpcNextAddr=0x77489000
VERBOSE::memory_page.c::88::mem_page_init_from_proc_addr::lpcBaseAddr=0x77489000
VERBOSE::memory_page.c::89::mem_page_init_from_proc_addr::memInfo.BaseAddress=0x77489000
VERBOSE::memory_page.c::90::mem_page_init_from_proc_addr::memInfo.RegionSize=0x00363000
ERROR::memory_page.c::217::mem_page_destroy::Deallocating NULL page
VERBOSE::memory_manager.c::523::mem_mgr_load_proc::skip to addr 0x777EC000
VERBOSE::memory_page.c::57::mem_page_init_from_proc_addr::lpcBaseAddr=0x777EC000
VERBOSE::memory_page.c::58::mem_page_init_from_proc_addr::lpcNextAddr=0x777EC000
VERBOSE::memory_page.c::88::mem_page_init_from_proc_addr::lpcBaseAddr=0x777EC000
VERBOSE::memory_page.c::89::mem_page_init_from_proc_addr::memInfo.BaseAddress=0x777EC000
VERBOSE::memory_page.c::90::mem_page_init_from_proc_addr::memInfo.RegionSize=0x00004000
ERROR::memory_page.c::217::mem_page_destroy::Deallocating NULL page
VERBOSE::memory_manager.c::523::mem_mgr_load_proc::skip to addr 0x777F0000
VERBOSE::memory_page.c::57::mem_page_init_from_proc_addr::lpcBaseAddr=0x777F0000
VERBOSE::memory_page.c::58::mem_page_init_from_proc_addr::lpcNextAddr=0x777F0000
VERBOSE::memory_page.c::88::mem_page_init_from_proc_addr::lpcBaseAddr=0x777F0000
VERBOSE::memory_page.c::89::mem_page_init_from_proc_addr::memInfo.BaseAddress=0x777F0000
VERBOSE::memory_page.c::90::mem_page_init_from_proc_addr::memInfo.RegionSize=0x00001000
ERROR::memory_page.c::217::mem_page_destroy::Deallocating NULL page
VERBOSE::memory_manager.c::523::mem_mgr_load_proc::skip to addr 0x777F1000
VERBOSE::memory_page.c::57::mem_page_init_from_proc_addr::lpcBaseAddr=0x777F1000
VERBOSE::memory_page.c::58::mem_page_init_from_proc_addr::lpcNextAddr=0x777F1000
VERBOSE::memory_page.c::88::mem_page_init_from_proc_addr::lpcBaseAddr=0x777F1000
VERBOSE::memory_page.c::89::mem_page_init_from_proc_addr::memInfo.BaseAddress=0x777F1000
VERBOSE::memory_page.c::90::mem_page_init_from_proc_addr::memInfo.RegionSize=0x0006E000
ERROR::memory_page.c::217::mem_page_destroy::Deallocating NULL page
VERBOSE::memory_manager.c::523::mem_mgr_load_proc::skip to addr 0x7785F000
VERBOSE::memory_page.c::57::mem_page_init_from_proc_addr::lpcBaseAddr=0x7785F000
VERBOSE::memory_page.c::58::mem_page_init_from_proc_addr::lpcNextAddr=0x7785F000
VERBOSE::memory_page.c::88::mem_page_init_from_proc_addr::lpcBaseAddr=0x7785F000
VERBOSE::memory_page.c::89::mem_page_init_from_proc_addr::memInfo.BaseAddress=0x7785F000
VERBOSE::memory_page.c::90::mem_page_init_from_proc_addr::memInfo.RegionSize=0x00004000
VERBOSE::memory_page.c::57::mem_page_init_from_proc_addr::lpcBaseAddr=0x77863000
VERBOSE::memory_page.c::58::mem_page_init_from_proc_addr::lpcNextAddr=0x77863000
VERBOSE::memory_page.c::88::mem_page_init_from_proc_addr::lpcBaseAddr=0x77863000
VERBOSE::memory_page.c::89::mem_page_init_from_proc_addr::memInfo.BaseAddress=0x77863000
VERBOSE::memory_page.c::90::mem_page_init_from_proc_addr::memInfo.RegionSize=0x0000B000
ERROR::memory_page.c::217::mem_page_destroy::Deallocating NULL page
VERBOSE::memory_manager.c::523::mem_mgr_load_proc::skip to addr 0x7786E000
VERBOSE::memory_page.c::57::mem_page_init_from_proc_addr::lpcBaseAddr=0x7786E000
VERBOSE::memory_page.c::58::mem_page_init_from_proc_addr::lpcNextAddr=0x7786E000
VERBOSE::memory_page.c::88::mem_page_init_from_proc_addr::lpcBaseAddr=0x7786E000
VERBOSE::memory_page.c::89::mem_page_init_from_proc_addr::memInfo.BaseAddress=0x7786E000
VERBOSE::memory_page.c::90::mem_page_init_from_proc_addr::memInfo.RegionSize=0x00002000
ERROR::memory_page.c::217::mem_page_destroy::Deallocating NULL page
VERBOSE::memory_manager.c::523::mem_mgr_load_proc::skip to addr 0x77870000
VERBOSE::memory_page.c::57::mem_page_init_from_proc_addr::lpcBaseAddr=0x77870000
VERBOSE::memory_page.c::58::mem_page_init_from_proc_addr::lpcNextAddr=0x77870000
VERBOSE::memory_page.c::88::mem_page_init_from_proc_addr::lpcBaseAddr=0x77870000
VERBOSE::memory_page.c::89::mem_page_init_from_proc_addr::memInfo.BaseAddress=0x77870000
VERBOSE::memory_page.c::90::mem_page_init_from_proc_addr::memInfo.RegionSize=0x00001000
ERROR::memory_page.c::217::mem_page_destroy::Deallocating NULL page
VERBOSE::memory_manager.c::523::mem_mgr_load_proc::skip to addr 0x77871000
VERBOSE::memory_page.c::57::mem_page_init_from_proc_addr::lpcBaseAddr=0x77871000
VERBOSE::memory_page.c::58::mem_page_init_from_proc_addr::lpcNextAddr=0x77871000
VERBOSE::memory_page.c::88::mem_page_init_from_proc_addr::lpcBaseAddr=0x77871000
VERBOSE::memory_page.c::89::mem_page_init_from_proc_addr::memInfo.BaseAddress=0x77871000
VERBOSE::memory_page.c::90::mem_page_init_from_proc_addr::memInfo.RegionSize=0x00003000
ERROR::memory_page.c::217::mem_page_destroy::Deallocating NULL page
VERBOSE::memory_manager.c::523::mem_mgr_load_proc::skip to addr 0x77874000
VERBOSE::memory_page.c::57::mem_page_init_from_proc_addr::lpcBaseAddr=0x77874000
VERBOSE::memory_page.c::58::mem_page_init_from_proc_addr::lpcNextAddr=0x77874000
VERBOSE::memory_page.c::88::mem_page_init_from_proc_addr::lpcBaseAddr=0x77874000
VERBOSE::memory_page.c::89::mem_page_init_from_proc_addr::memInfo.BaseAddress=0x77874000
VERBOSE::memory_page.c::90::mem_page_init_from_proc_addr::memInfo.RegionSize=0x00001000
ERROR::memory_page.c::217::mem_page_destroy::Deallocating NULL page
VERBOSE::memory_manager.c::523::mem_mgr_load_proc::skip to addr 0x77875000
VERBOSE::memory_page.c::57::mem_page_init_from_proc_addr::lpcBaseAddr=0x77875000
VERBOSE::memory_page.c::58::mem_page_init_from_proc_addr::lpcNextAddr=0x77875000
VERBOSE::memory_page.c::88::mem_page_init_from_proc_addr::lpcBaseAddr=0x77875000
VERBOSE::memory_page.c::89::mem_page_init_from_proc_addr::memInfo.BaseAddress=0x77875000
VERBOSE::memory_page.c::90::mem_page_init_from_proc_addr::memInfo.RegionSize=0x00001000
VERBOSE::memory_page.c::57::mem_page_init_from_proc_addr::lpcBaseAddr=0x77876000
VERBOSE::memory_page.c::58::mem_page_init_from_proc_addr::lpcNextAddr=0x77876000
VERBOSE::memory_page.c::88::mem_page_init_from_proc_addr::lpcBaseAddr=0x77876000
VERBOSE::memory_page.c::89::mem_page_init_from_proc_addr::memInfo.BaseAddress=0x77876000
VERBOSE::memory_page.c::90::mem_page_init_from_proc_addr::memInfo.RegionSize=0x00001000
ERROR::memory_page.c::217::mem_page_destroy::Deallocating NULL page
VERBOSE::memory_manager.c::523::mem_mgr_load_proc::skip to addr 0x77877000
VERBOSE::memory_page.c::57::mem_page_init_from_proc_addr::lpcBaseAddr=0x77877000
VERBOSE::memory_page.c::58::mem_page_init_from_proc_addr::lpcNextAddr=0x77877000
VERBOSE::memory_page.c::88::mem_page_init_from_proc_addr::lpcBaseAddr=0x77877000
VERBOSE::memory_page.c::89::mem_page_init_from_proc_addr::memInfo.BaseAddress=0x77877000
VERBOSE::memory_page.c::90::mem_page_init_from_proc_addr::memInfo.RegionSize=0x00001000
ERROR::memory_page.c::217::mem_page_destroy::Deallocating NULL page
VERBOSE::memory_manager.c::523::mem_mgr_load_proc::skip to addr 0x77878000
VERBOSE::memory_page.c::57::mem_page_init_from_proc_addr::lpcBaseAddr=0x77878000
VERBOSE::memory_page.c::58::mem_page_init_from_proc_addr::lpcNextAddr=0x77878000
VERBOSE::memory_page.c::88::mem_page_init_from_proc_addr::lpcBaseAddr=0x77878000
VERBOSE::memory_page.c::89::mem_page_init_from_proc_addr::memInfo.BaseAddress=0x77878000
VERBOSE::memory_page.c::90::mem_page_init_from_proc_addr::memInfo.RegionSize=0x00002000
ERROR::memory_page.c::217::mem_page_destroy::Deallocating NULL page
VERBOSE::memory_manager.c::523::mem_mgr_load_proc::skip to addr 0x7787A000
VERBOSE::memory_page.c::57::mem_page_init_from_proc_addr::lpcBaseAddr=0x7787A000
VERBOSE::memory_page.c::58::mem_page_init_from_proc_addr::lpcNextAddr=0x7787A000
VERBOSE::memory_page.c::88::mem_page_init_from_proc_addr::lpcBaseAddr=0x7787A000
VERBOSE::memory_page.c::89::mem_page_init_from_proc_addr::memInfo.BaseAddress=0x7787A000
VERBOSE::memory_page.c::90::mem_page_init_from_proc_addr::memInfo.RegionSize=0x00006000
ERROR::memory_page.c::217::mem_page_destroy::Deallocating NULL page
VERBOSE::memory_manager.c::523::mem_mgr_load_proc::skip to addr 0x77880000
VERBOSE::memory_page.c::57::mem_page_init_from_proc_addr::lpcBaseAddr=0x77880000
VERBOSE::memory_page.c::58::mem_page_init_from_proc_addr::lpcNextAddr=0x77880000
VERBOSE::memory_page.c::88::mem_page_init_from_proc_addr::lpcBaseAddr=0x77880000
VERBOSE::memory_page.c::89::mem_page_init_from_proc_addr::memInfo.BaseAddress=0x77880000
VERBOSE::memory_page.c::90::mem_page_init_from_proc_addr::memInfo.RegionSize=0x00001000
ERROR::memory_page.c::217::mem_page_destroy::Deallocating NULL page
VERBOSE::memory_manager.c::523::mem_mgr_load_proc::skip to addr 0x77881000
VERBOSE::memory_page.c::57::mem_page_init_from_proc_addr::lpcBaseAddr=0x77881000
VERBOSE::memory_page.c::58::mem_page_init_from_proc_addr::lpcNextAddr=0x77881000
VERBOSE::memory_page.c::88::mem_page_init_from_proc_addr::lpcBaseAddr=0x77881000
VERBOSE::memory_page.c::89::mem_page_init_from_proc_addr::memInfo.BaseAddress=0x77881000
VERBOSE::memory_page.c::90::mem_page_init_from_proc_addr::memInfo.RegionSize=0x00122000
ERROR::memory_page.c::217::mem_page_destroy::Deallocating NULL page
VERBOSE::memory_manager.c::523::mem_mgr_load_proc::skip to addr 0x779A3000
VERBOSE::memory_page.c::57::mem_page_init_from_proc_addr::lpcBaseAddr=0x779A3000
VERBOSE::memory_page.c::58::mem_page_init_from_proc_addr::lpcNextAddr=0x779A3000
VERBOSE::memory_page.c::88::mem_page_init_from_proc_addr::lpcBaseAddr=0x779A3000
VERBOSE::memory_page.c::89::mem_page_init_from_proc_addr::memInfo.BaseAddress=0x779A3000
VERBOSE::memory_page.c::90::mem_page_init_from_proc_addr::memInfo.RegionSize=0x00006000
VERBOSE::memory_page.c::57::mem_page_init_from_proc_addr::lpcBaseAddr=0x779A9000
VERBOSE::memory_page.c::58::mem_page_init_from_proc_addr::lpcNextAddr=0x779A9000
VERBOSE::memory_page.c::88::mem_page_init_from_proc_addr::lpcBaseAddr=0x779A9000
VERBOSE::memory_page.c::89::mem_page_init_from_proc_addr::memInfo.BaseAddress=0x779A9000
VERBOSE::memory_page.c::90::mem_page_init_from_proc_addr::memInfo.RegionSize=0x0007A000
ERROR::memory_page.c::217::mem_page_destroy::Deallocating NULL page
VERBOSE::memory_manager.c::523::mem_mgr_load_proc::skip to addr 0x77A23000
VERBOSE::memory_page.c::57::mem_page_init_from_proc_addr::lpcBaseAddr=0x77A23000
VERBOSE::memory_page.c::58::mem_page_init_from_proc_addr::lpcNextAddr=0x77A23000
VERBOSE::memory_page.c::88::mem_page_init_from_proc_addr::lpcBaseAddr=0x77A23000
VERBOSE::memory_page.c::89::mem_page_init_from_proc_addr::memInfo.BaseAddress=0x77A23000
VERBOSE::memory_page.c::90::mem_page_init_from_proc_addr::memInfo.RegionSize=0x0034D000
ERROR::memory_page.c::217::mem_page_destroy::Deallocating NULL page
VERBOSE::memory_manager.c::523::mem_mgr_load_proc::skip to addr 0x77D70000
VERBOSE::memory_page.c::57::mem_page_init_from_proc_addr::lpcBaseAddr=0x77D70000
VERBOSE::memory_page.c::58::mem_page_init_from_proc_addr::lpcNextAddr=0x77D70000
VERBOSE::memory_page.c::88::mem_page_init_from_proc_addr::lpcBaseAddr=0x77D70000
VERBOSE::memory_page.c::89::mem_page_init_from_proc_addr::memInfo.BaseAddress=0x77D70000
VERBOSE::memory_page.c::90::mem_page_init_from_proc_addr::memInfo.RegionSize=0x00001000
ERROR::memory_page.c::217::mem_page_destroy::Deallocating NULL page
VERBOSE::memory_manager.c::523::mem_mgr_load_proc::skip to addr 0x77D71000
VERBOSE::memory_page.c::57::mem_page_init_from_proc_addr::lpcBaseAddr=0x77D71000
VERBOSE::memory_page.c::58::mem_page_init_from_proc_addr::lpcNextAddr=0x77D71000
VERBOSE::memory_page.c::88::mem_page_init_from_proc_addr::lpcBaseAddr=0x77D71000
VERBOSE::memory_page.c::89::mem_page_init_from_proc_addr::memInfo.BaseAddress=0x77D71000
VERBOSE::memory_page.c::90::mem_page_init_from_proc_addr::memInfo.RegionSize=0x0000D000
ERROR::memory_page.c::217::mem_page_destroy::Deallocating NULL page
VERBOSE::memory_manager.c::523::mem_mgr_load_proc::skip to addr 0x77D7E000
VERBOSE::memory_page.c::57::mem_page_init_from_proc_addr::lpcBaseAddr=0x77D7E000
VERBOSE::memory_page.c::58::mem_page_init_from_proc_addr::lpcNextAddr=0x77D7E000
VERBOSE::memory_page.c::88::mem_page_init_from_proc_addr::lpcBaseAddr=0x77D7E000
VERBOSE::memory_page.c::89::mem_page_init_from_proc_addr::memInfo.BaseAddress=0x77D7E000
VERBOSE::memory_page.c::90::mem_page_init_from_proc_addr::memInfo.RegionSize=0x00001000
VERBOSE::memory_page.c::57::mem_page_init_from_proc_addr::lpcBaseAddr=0x77D7F000
VERBOSE::memory_page.c::58::mem_page_init_from_proc_addr::lpcNextAddr=0x77D7F000
VERBOSE::memory_page.c::88::mem_page_init_from_proc_addr::lpcBaseAddr=0x77D7F000
VERBOSE::memory_page.c::89::mem_page_init_from_proc_addr::memInfo.BaseAddress=0x77D7F000
VERBOSE::memory_page.c::90::mem_page_init_from_proc_addr::memInfo.RegionSize=0x00003000
ERROR::memory_page.c::217::mem_page_destroy::Deallocating NULL page
VERBOSE::memory_manager.c::523::mem_mgr_load_proc::skip to addr 0x77D82000
VERBOSE::memory_page.c::57::mem_page_init_from_proc_addr::lpcBaseAddr=0x77D82000
VERBOSE::memory_page.c::58::mem_page_init_from_proc_addr::lpcNextAddr=0x77D82000
VERBOSE::memory_page.c::88::mem_page_init_from_proc_addr::lpcBaseAddr=0x77D82000
VERBOSE::memory_page.c::89::mem_page_init_from_proc_addr::memInfo.BaseAddress=0x77D82000
VERBOSE::memory_page.c::90::mem_page_init_from_proc_addr::memInfo.RegionSize=0x0000E000
ERROR::memory_page.c::217::mem_page_destroy::Deallocating NULL page
VERBOSE::memory_manager.c::523::mem_mgr_load_proc::skip to addr 0x77D90000
VERBOSE::memory_page.c::57::mem_page_init_from_proc_addr::lpcBaseAddr=0x77D90000
VERBOSE::memory_page.c::58::mem_page_init_from_proc_addr::lpcNextAddr=0x77D90000
VERBOSE::memory_page.c::88::mem_page_init_from_proc_addr::lpcBaseAddr=0x77D90000
VERBOSE::memory_page.c::89::mem_page_init_from_proc_addr::memInfo.BaseAddress=0x77D90000
VERBOSE::memory_page.c::90::mem_page_init_from_proc_addr::memInfo.RegionSize=0x00001000
ERROR::memory_page.c::217::mem_page_destroy::Deallocating NULL page
VERBOSE::memory_manager.c::523::mem_mgr_load_proc::skip to addr 0x77D91000
VERBOSE::memory_page.c::57::mem_page_init_from_proc_addr::lpcBaseAddr=0x77D91000
VERBOSE::memory_page.c::58::mem_page_init_from_proc_addr::lpcNextAddr=0x77D91000
VERBOSE::memory_page.c::88::mem_page_init_from_proc_addr::lpcBaseAddr=0x77D91000
VERBOSE::memory_page.c::89::mem_page_init_from_proc_addr::memInfo.BaseAddress=0x77D91000
VERBOSE::memory_page.c::90::mem_page_init_from_proc_addr::memInfo.RegionSize=0x00030000
ERROR::memory_page.c::217::mem_page_destroy::Deallocating NULL page
VERBOSE::memory_manager.c::523::mem_mgr_load_proc::skip to addr 0x77DC1000
VERBOSE::memory_page.c::57::mem_page_init_from_proc_addr::lpcBaseAddr=0x77DC1000
VERBOSE::memory_page.c::58::mem_page_init_from_proc_addr::lpcNextAddr=0x77DC1000
VERBOSE::memory_page.c::88::mem_page_init_from_proc_addr::lpcBaseAddr=0x77DC1000
VERBOSE::memory_page.c::89::mem_page_init_from_proc_addr::memInfo.BaseAddress=0x77DC1000
VERBOSE::memory_page.c::90::mem_page_init_from_proc_addr::memInfo.RegionSize=0x00001000
VERBOSE::memory_page.c::57::mem_page_init_from_proc_addr::lpcBaseAddr=0x77DC2000
VERBOSE::memory_page.c::58::mem_page_init_from_proc_addr::lpcNextAddr=0x77DC2000
VERBOSE::memory_page.c::88::mem_page_init_from_proc_addr::lpcBaseAddr=0x77DC2000
VERBOSE::memory_page.c::89::mem_page_init_from_proc_addr::memInfo.BaseAddress=0x77DC2000
VERBOSE::memory_page.c::90::mem_page_init_from_proc_addr::memInfo.RegionSize=0x00005000
ERROR::memory_page.c::217::mem_page_destroy::Deallocating NULL page
VERBOSE::memory_manager.c::523::mem_mgr_load_proc::skip to addr 0x77DC7000
VERBOSE::memory_page.c::57::mem_page_init_from_proc_addr::lpcBaseAddr=0x77DC7000
VERBOSE::memory_page.c::58::mem_page_init_from_proc_addr::lpcNextAddr=0x77DC7000
VERBOSE::memory_page.c::88::mem_page_init_from_proc_addr::lpcBaseAddr=0x77DC7000
VERBOSE::memory_page.c::89::mem_page_init_from_proc_addr::memInfo.BaseAddress=0x77DC7000
VERBOSE::memory_page.c::90::mem_page_init_from_proc_addr::memInfo.RegionSize=0x00009000
ERROR::memory_page.c::217::mem_page_destroy::Deallocating NULL page
VERBOSE::memory_manager.c::523::mem_mgr_load_proc::skip to addr 0x77DD0000
VERBOSE::memory_page.c::57::mem_page_init_from_proc_addr::lpcBaseAddr=0x77DD0000
VERBOSE::memory_page.c::58::mem_page_init_from_proc_addr::lpcNextAddr=0x77DD0000
VERBOSE::memory_page.c::88::mem_page_init_from_proc_addr::lpcBaseAddr=0x77DD0000
VERBOSE::memory_page.c::89::mem_page_init_from_proc_addr::memInfo.BaseAddress=0x77DD0000
VERBOSE::memory_page.c::90::mem_page_init_from_proc_addr::memInfo.RegionSize=0x00001000
ERROR::memory_page.c::217::mem_page_destroy::Deallocating NULL page
VERBOSE::memory_manager.c::523::mem_mgr_load_proc::skip to addr 0x77DD1000
VERBOSE::memory_page.c::57::mem_page_init_from_proc_addr::lpcBaseAddr=0x77DD1000
VERBOSE::memory_page.c::58::mem_page_init_from_proc_addr::lpcNextAddr=0x77DD1000
VERBOSE::memory_page.c::88::mem_page_init_from_proc_addr::lpcBaseAddr=0x77DD1000
VERBOSE::memory_page.c::89::mem_page_init_from_proc_addr::memInfo.BaseAddress=0x77DD1000
VERBOSE::memory_page.c::90::mem_page_init_from_proc_addr::memInfo.RegionSize=0x00036000
ERROR::memory_page.c::217::mem_page_destroy::Deallocating NULL page
VERBOSE::memory_manager.c::523::mem_mgr_load_proc::skip to addr 0x77E07000
VERBOSE::memory_page.c::57::mem_page_init_from_proc_addr::lpcBaseAddr=0x77E07000
VERBOSE::memory_page.c::58::mem_page_init_from_proc_addr::lpcNextAddr=0x77E07000
VERBOSE::memory_page.c::88::mem_page_init_from_proc_addr::lpcBaseAddr=0x77E07000
VERBOSE::memory_page.c::89::mem_page_init_from_proc_addr::memInfo.BaseAddress=0x77E07000
VERBOSE::memory_page.c::90::mem_page_init_from_proc_addr::memInfo.RegionSize=0x00001000
VERBOSE::memory_page.c::57::mem_page_init_from_proc_addr::lpcBaseAddr=0x77E08000
VERBOSE::memory_page.c::58::mem_page_init_from_proc_addr::lpcNextAddr=0x77E08000
VERBOSE::memory_page.c::88::mem_page_init_from_proc_addr::lpcBaseAddr=0x77E08000
VERBOSE::memory_page.c::89::mem_page_init_from_proc_addr::memInfo.BaseAddress=0x77E08000
VERBOSE::memory_page.c::90::mem_page_init_from_proc_addr::memInfo.RegionSize=0x00005000
ERROR::memory_page.c::217::mem_page_destroy::Deallocating NULL page
VERBOSE::memory_manager.c::523::mem_mgr_load_proc::skip to addr 0x77E0D000
VERBOSE::memory_page.c::57::mem_page_init_from_proc_addr::lpcBaseAddr=0x77E0D000
VERBOSE::memory_page.c::58::mem_page_init_from_proc_addr::lpcNextAddr=0x77E0D000
VERBOSE::memory_page.c::88::mem_page_init_from_proc_addr::lpcBaseAddr=0x77E0D000
VERBOSE::memory_page.c::89::mem_page_init_from_proc_addr::memInfo.BaseAddress=0x77E0D000
VERBOSE::memory_page.c::90::mem_page_init_from_proc_addr::memInfo.RegionSize=0x00003000
ERROR::memory_page.c::217::mem_page_destroy::Deallocating NULL page
VERBOSE::memory_manager.c::523::mem_mgr_load_proc::skip to addr 0x77E10000
VERBOSE::memory_page.c::57::mem_page_init_from_proc_addr::lpcBaseAddr=0x77E10000
VERBOSE::memory_page.c::58::mem_page_init_from_proc_addr::lpcNextAddr=0x77E10000
VERBOSE::memory_page.c::88::mem_page_init_from_proc_addr::lpcBaseAddr=0x77E10000
VERBOSE::memory_page.c::89::mem_page_init_from_proc_addr::memInfo.BaseAddress=0x77E10000
VERBOSE::memory_page.c::90::mem_page_init_from_proc_addr::memInfo.RegionSize=0x00001000
ERROR::memory_page.c::217::mem_page_destroy::Deallocating NULL page
VERBOSE::memory_manager.c::523::mem_mgr_load_proc::skip to addr 0x77E11000
VERBOSE::memory_page.c::57::mem_page_init_from_proc_addr::lpcBaseAddr=0x77E11000
VERBOSE::memory_page.c::58::mem_page_init_from_proc_addr::lpcNextAddr=0x77E11000
VERBOSE::memory_page.c::88::mem_page_init_from_proc_addr::lpcBaseAddr=0x77E11000
VERBOSE::memory_page.c::89::mem_page_init_from_proc_addr::memInfo.BaseAddress=0x77E11000
VERBOSE::memory_page.c::90::mem_page_init_from_proc_addr::memInfo.RegionSize=0x0001C000
ERROR::memory_page.c::217::mem_page_destroy::Deallocating NULL page
VERBOSE::memory_manager.c::523::mem_mgr_load_proc::skip to addr 0x77E2D000
VERBOSE::memory_page.c::57::mem_page_init_from_proc_addr::lpcBaseAddr=0x77E2D000
VERBOSE::memory_page.c::58::mem_page_init_from_proc_addr::lpcNextAddr=0x77E2D000
VERBOSE::memory_page.c::88::mem_page_init_from_proc_addr::lpcBaseAddr=0x77E2D000
VERBOSE::memory_page.c::89::mem_page_init_from_proc_addr::memInfo.BaseAddress=0x77E2D000
VERBOSE::memory_page.c::90::mem_page_init_from_proc_addr::memInfo.RegionSize=0x00001000
VERBOSE::memory_page.c::57::mem_page_init_from_proc_addr::lpcBaseAddr=0x77E2E000
VERBOSE::memory_page.c::58::mem_page_init_from_proc_addr::lpcNextAddr=0x77E2E000
VERBOSE::memory_page.c::88::mem_page_init_from_proc_addr::lpcBaseAddr=0x77E2E000
VERBOSE::memory_page.c::89::mem_page_init_from_proc_addr::memInfo.BaseAddress=0x77E2E000
VERBOSE::memory_page.c::90::mem_page_init_from_proc_addr::memInfo.RegionSize=0x00004000
ERROR::memory_page.c::217::mem_page_destroy::Deallocating NULL page
VERBOSE::memory_manager.c::523::mem_mgr_load_proc::skip to addr 0x77E32000
VERBOSE::memory_page.c::57::mem_page_init_from_proc_addr::lpcBaseAddr=0x77E32000
VERBOSE::memory_page.c::58::mem_page_init_from_proc_addr::lpcNextAddr=0x77E32000
VERBOSE::memory_page.c::88::mem_page_init_from_proc_addr::lpcBaseAddr=0x77E32000
VERBOSE::memory_page.c::89::mem_page_init_from_proc_addr::memInfo.BaseAddress=0x77E32000
VERBOSE::memory_page.c::90::mem_page_init_from_proc_addr::memInfo.RegionSize=0x0000E000
ERROR::memory_page.c::217::mem_page_destroy::Deallocating NULL page
VERBOSE::memory_manager.c::523::mem_mgr_load_proc::skip to addr 0x77E40000
VERBOSE::memory_page.c::57::mem_page_init_from_proc_addr::lpcBaseAddr=0x77E40000
VERBOSE::memory_page.c::58::mem_page_init_from_proc_addr::lpcNextAddr=0x77E40000
VERBOSE::memory_page.c::88::mem_page_init_from_proc_addr::lpcBaseAddr=0x77E40000
VERBOSE::memory_page.c::89::mem_page_init_from_proc_addr::memInfo.BaseAddress=0x77E40000
VERBOSE::memory_page.c::90::mem_page_init_from_proc_addr::memInfo.RegionSize=0x00001000
ERROR::memory_page.c::217::mem_page_destroy::Deallocating NULL page
VERBOSE::memory_manager.c::523::mem_mgr_load_proc::skip to addr 0x77E41000
VERBOSE::memory_page.c::57::mem_page_init_from_proc_addr::lpcBaseAddr=0x77E41000
VERBOSE::memory_page.c::58::mem_page_init_from_proc_addr::lpcNextAddr=0x77E41000
VERBOSE::memory_page.c::88::mem_page_init_from_proc_addr::lpcBaseAddr=0x77E41000
VERBOSE::memory_page.c::89::mem_page_init_from_proc_addr::memInfo.BaseAddress=0x77E41000
VERBOSE::memory_page.c::90::mem_page_init_from_proc_addr::memInfo.RegionSize=0x00046000
ERROR::memory_page.c::217::mem_page_destroy::Deallocating NULL page
VERBOSE::memory_manager.c::523::mem_mgr_load_proc::skip to addr 0x77E87000
VERBOSE::memory_page.c::57::mem_page_init_from_proc_addr::lpcBaseAddr=0x77E87000
VERBOSE::memory_page.c::58::mem_page_init_from_proc_addr::lpcNextAddr=0x77E87000
VERBOSE::memory_page.c::88::mem_page_init_from_proc_addr::lpcBaseAddr=0x77E87000
VERBOSE::memory_page.c::89::mem_page_init_from_proc_addr::memInfo.BaseAddress=0x77E87000
VERBOSE::memory_page.c::90::mem_page_init_from_proc_addr::memInfo.RegionSize=0x00002000
VERBOSE::memory_page.c::57::mem_page_init_from_proc_addr::lpcBaseAddr=0x77E89000
VERBOSE::memory_page.c::58::mem_page_init_from_proc_addr::lpcNextAddr=0x77E89000
VERBOSE::memory_page.c::88::mem_page_init_from_proc_addr::lpcBaseAddr=0x77E89000
VERBOSE::memory_page.c::89::mem_page_init_from_proc_addr::memInfo.BaseAddress=0x77E89000
VERBOSE::memory_page.c::90::mem_page_init_from_proc_addr::memInfo.RegionSize=0x00001000
VERBOSE::memory_page.c::57::mem_page_init_from_proc_addr::lpcBaseAddr=0x77E8A000
VERBOSE::memory_page.c::58::mem_page_init_from_proc_addr::lpcNextAddr=0x77E8A000
VERBOSE::memory_page.c::88::mem_page_init_from_proc_addr::lpcBaseAddr=0x77E8A000
VERBOSE::memory_page.c::89::mem_page_init_from_proc_addr::memInfo.BaseAddress=0x77E8A000
VERBOSE::memory_page.c::90::mem_page_init_from_proc_addr::memInfo.RegionSize=0x00001000
VERBOSE::memory_page.c::57::mem_page_init_from_proc_addr::lpcBaseAddr=0x77E8B000
VERBOSE::memory_page.c::58::mem_page_init_from_proc_addr::lpcNextAddr=0x77E8B000
VERBOSE::memory_page.c::88::mem_page_init_from_proc_addr::lpcBaseAddr=0x77E8B000
VERBOSE::memory_page.c::89::mem_page_init_from_proc_addr::memInfo.BaseAddress=0x77E8B000
VERBOSE::memory_page.c::90::mem_page_init_from_proc_addr::memInfo.RegionSize=0x00005000
VERBOSE::memory_page.c::57::mem_page_init_from_proc_addr::lpcBaseAddr=0x77E90000
VERBOSE::memory_page.c::58::mem_page_init_from_proc_addr::lpcNextAddr=0x77E90000
VERBOSE::memory_page.c::88::mem_page_init_from_proc_addr::lpcBaseAddr=0x77E90000
VERBOSE::memory_page.c::89::mem_page_init_from_proc_addr::memInfo.BaseAddress=0x77E90000
VERBOSE::memory_page.c::90::mem_page_init_from_proc_addr::memInfo.RegionSize=0x00005000
ERROR::memory_page.c::217::mem_page_destroy::Deallocating NULL page
VERBOSE::memory_manager.c::523::mem_mgr_load_proc::skip to addr 0x77E95000
VERBOSE::memory_page.c::57::mem_page_init_from_proc_addr::lpcBaseAddr=0x77E95000
VERBOSE::memory_page.c::58::mem_page_init_from_proc_addr::lpcNextAddr=0x77E95000
VERBOSE::memory_page.c::88::mem_page_init_from_proc_addr::lpcBaseAddr=0x77E95000
VERBOSE::memory_page.c::89::mem_page_init_from_proc_addr::memInfo.BaseAddress=0x77E95000
VERBOSE::memory_page.c::90::mem_page_init_from_proc_addr::memInfo.RegionSize=0x0000B000
ERROR::memory_page.c::217::mem_page_destroy::Deallocating NULL page
VERBOSE::memory_manager.c::523::mem_mgr_load_proc::skip to addr 0x77EA0000
VERBOSE::memory_page.c::57::mem_page_init_from_proc_addr::lpcBaseAddr=0x77EA0000
VERBOSE::memory_page.c::58::mem_page_init_from_proc_addr::lpcNextAddr=0x77EA0000
VERBOSE::memory_page.c::88::mem_page_init_from_proc_addr::lpcBaseAddr=0x77EA0000
VERBOSE::memory_page.c::89::mem_page_init_from_proc_addr::memInfo.BaseAddress=0x77EA0000
VERBOSE::memory_page.c::90::mem_page_init_from_proc_addr::memInfo.RegionSize=0x00001000
ERROR::memory_page.c::217::mem_page_destroy::Deallocating NULL page
VERBOSE::memory_manager.c::523::mem_mgr_load_proc::skip to addr 0x77EA1000
VERBOSE::memory_page.c::57::mem_page_init_from_proc_addr::lpcBaseAddr=0x77EA1000
VERBOSE::memory_page.c::58::mem_page_init_from_proc_addr::lpcNextAddr=0x77EA1000
VERBOSE::memory_page.c::88::mem_page_init_from_proc_addr::lpcBaseAddr=0x77EA1000
VERBOSE::memory_page.c::89::mem_page_init_from_proc_addr::memInfo.BaseAddress=0x77EA1000
VERBOSE::memory_page.c::90::mem_page_init_from_proc_addr::memInfo.RegionSize=0x0001C000
ERROR::memory_page.c::217::mem_page_destroy::Deallocating NULL page
VERBOSE::memory_manager.c::523::mem_mgr_load_proc::skip to addr 0x77EBD000
VERBOSE::memory_page.c::57::mem_page_init_from_proc_addr::lpcBaseAddr=0x77EBD000
VERBOSE::memory_page.c::58::mem_page_init_from_proc_addr::lpcNextAddr=0x77EBD000
VERBOSE::memory_page.c::88::mem_page_init_from_proc_addr::lpcBaseAddr=0x77EBD000
VERBOSE::memory_page.c::89::mem_page_init_from_proc_addr::memInfo.BaseAddress=0x77EBD000
VERBOSE::memory_page.c::90::mem_page_init_from_proc_addr::memInfo.RegionSize=0x00003000
VERBOSE::memory_page.c::57::mem_page_init_from_proc_addr::lpcBaseAddr=0x77EC0000
VERBOSE::memory_page.c::58::mem_page_init_from_proc_addr::lpcNextAddr=0x77EC0000
VERBOSE::memory_page.c::88::mem_page_init_from_proc_addr::lpcBaseAddr=0x77EC0000
VERBOSE::memory_page.c::89::mem_page_init_from_proc_addr::memInfo.BaseAddress=0x77EC0000
VERBOSE::memory_page.c::90::mem_page_init_from_proc_addr::memInfo.RegionSize=0x00006000
ERROR::memory_page.c::217::mem_page_destroy::Deallocating NULL page
VERBOSE::memory_manager.c::523::mem_mgr_load_proc::skip to addr 0x77EC6000
VERBOSE::memory_page.c::57::mem_page_init_from_proc_addr::lpcBaseAddr=0x77EC6000
VERBOSE::memory_page.c::58::mem_page_init_from_proc_addr::lpcNextAddr=0x77EC6000
VERBOSE::memory_page.c::88::mem_page_init_from_proc_addr::lpcBaseAddr=0x77EC6000
VERBOSE::memory_page.c::89::mem_page_init_from_proc_addr::memInfo.BaseAddress=0x77EC6000
VERBOSE::memory_page.c::90::mem_page_init_from_proc_addr::memInfo.RegionSize=0x0000A000
ERROR::memory_page.c::217::mem_page_destroy::Deallocating NULL page
VERBOSE::memory_manager.c::523::mem_mgr_load_proc::skip to addr 0x77ED0000
VERBOSE::memory_page.c::57::mem_page_init_from_proc_addr::lpcBaseAddr=0x77ED0000
VERBOSE::memory_page.c::58::mem_page_init_from_proc_addr::lpcNextAddr=0x77ED0000
VERBOSE::memory_page.c::88::mem_page_init_from_proc_addr::lpcBaseAddr=0x77ED0000
VERBOSE::memory_page.c::89::mem_page_init_from_proc_addr::memInfo.BaseAddress=0x77ED0000
VERBOSE::memory_page.c::90::mem_page_init_from_proc_addr::memInfo.RegionSize=0x00001000
ERROR::memory_page.c::217::mem_page_destroy::Deallocating NULL page
VERBOSE::memory_manager.c::523::mem_mgr_load_proc::skip to addr 0x77ED1000
VERBOSE::memory_page.c::57::mem_page_init_from_proc_addr::lpcBaseAddr=0x77ED1000
VERBOSE::memory_page.c::58::mem_page_init_from_proc_addr::lpcNextAddr=0x77ED1000
VERBOSE::memory_page.c::88::mem_page_init_from_proc_addr::lpcBaseAddr=0x77ED1000
VERBOSE::memory_page.c::89::mem_page_init_from_proc_addr::memInfo.BaseAddress=0x77ED1000
VERBOSE::memory_page.c::90::mem_page_init_from_proc_addr::memInfo.RegionSize=0x00077000
ERROR::memory_page.c::217::mem_page_destroy::Deallocating NULL page
VERBOSE::memory_manager.c::523::mem_mgr_load_proc::skip to addr 0x77F48000
VERBOSE::memory_page.c::57::mem_page_init_from_proc_addr::lpcBaseAddr=0x77F48000
VERBOSE::memory_page.c::58::mem_page_init_from_proc_addr::lpcNextAddr=0x77F48000
VERBOSE::memory_page.c::88::mem_page_init_from_proc_addr::lpcBaseAddr=0x77F48000
VERBOSE::memory_page.c::89::mem_page_init_from_proc_addr::memInfo.BaseAddress=0x77F48000
VERBOSE::memory_page.c::90::mem_page_init_from_proc_addr::memInfo.RegionSize=0x00066000
VERBOSE::memory_page.c::57::mem_page_init_from_proc_addr::lpcBaseAddr=0x77FAE000
VERBOSE::memory_page.c::58::mem_page_init_from_proc_addr::lpcNextAddr=0x77FAE000
VERBOSE::memory_page.c::88::mem_page_init_from_proc_addr::lpcBaseAddr=0x77FAE000
VERBOSE::memory_page.c::89::mem_page_init_from_proc_addr::memInfo.BaseAddress=0x77FAE000
VERBOSE::memory_page.c::90::mem_page_init_from_proc_addr::memInfo.RegionSize=0x0000B000
ERROR::memory_page.c::217::mem_page_destroy::Deallocating NULL page
VERBOSE::memory_manager.c::523::mem_mgr_load_proc::skip to addr 0x77FB9000
VERBOSE::memory_page.c::57::mem_page_init_from_proc_addr::lpcBaseAddr=0x77FB9000
VERBOSE::memory_page.c::58::mem_page_init_from_proc_addr::lpcNextAddr=0x77FB9000
VERBOSE::memory_page.c::88::mem_page_init_from_proc_addr::lpcBaseAddr=0x77FB9000
VERBOSE::memory_page.c::89::mem_page_init_from_proc_addr::memInfo.BaseAddress=0x77FB9000
VERBOSE::memory_page.c::90::mem_page_init_from_proc_addr::memInfo.RegionSize=0x00067000
ERROR::memory_page.c::217::mem_page_destroy::Deallocating NULL page
VERBOSE::memory_manager.c::523::mem_mgr_load_proc::skip to addr 0x78020000
VERBOSE::memory_page.c::57::mem_page_init_from_proc_addr::lpcBaseAddr=0x78020000
VERBOSE::memory_page.c::58::mem_page_init_from_proc_addr::lpcNextAddr=0x78020000
VERBOSE::memory_page.c::88::mem_page_init_from_proc_addr::lpcBaseAddr=0x78020000
VERBOSE::memory_page.c::89::mem_page_init_from_proc_addr::memInfo.BaseAddress=0x78020000
VERBOSE::memory_page.c::90::mem_page_init_from_proc_addr::memInfo.RegionSize=0x00001000
ERROR::memory_page.c::217::mem_page_destroy::Deallocating NULL page
VERBOSE::memory_manager.c::523::mem_mgr_load_proc::skip to addr 0x78021000
VERBOSE::memory_page.c::57::mem_page_init_from_proc_addr::lpcBaseAddr=0x78021000
VERBOSE::memory_page.c::58::mem_page_init_from_proc_addr::lpcNextAddr=0x78021000
VERBOSE::memory_page.c::88::mem_page_init_from_proc_addr::lpcBaseAddr=0x78021000
VERBOSE::memory_page.c::89::mem_page_init_from_proc_addr::memInfo.BaseAddress=0x78021000
VERBOSE::memory_page.c::90::mem_page_init_from_proc_addr::memInfo.RegionSize=0x001A0000
ERROR::memory_page.c::217::mem_page_destroy::Deallocating NULL page
VERBOSE::memory_manager.c::523::mem_mgr_load_proc::skip to addr 0x781C1000
VERBOSE::memory_page.c::57::mem_page_init_from_proc_addr::lpcBaseAddr=0x781C1000
VERBOSE::memory_page.c::58::mem_page_init_from_proc_addr::lpcNextAddr=0x781C1000
VERBOSE::memory_page.c::88::mem_page_init_from_proc_addr::lpcBaseAddr=0x781C1000
VERBOSE::memory_page.c::89::mem_page_init_from_proc_addr::memInfo.BaseAddress=0x781C1000
VERBOSE::memory_page.c::90::mem_page_init_from_proc_addr::memInfo.RegionSize=0x00003000
VERBOSE::memory_page.c::57::mem_page_init_from_proc_addr::lpcBaseAddr=0x781C4000
VERBOSE::memory_page.c::58::mem_page_init_from_proc_addr::lpcNextAddr=0x781C4000
VERBOSE::memory_page.c::88::mem_page_init_from_proc_addr::lpcBaseAddr=0x781C4000
VERBOSE::memory_page.c::89::mem_page_init_from_proc_addr::memInfo.BaseAddress=0x781C4000
VERBOSE::memory_page.c::90::mem_page_init_from_proc_addr::memInfo.RegionSize=0x00008000
VERBOSE::memory_page.c::57::mem_page_init_from_proc_addr::lpcBaseAddr=0x781CC000
VERBOSE::memory_page.c::58::mem_page_init_from_proc_addr::lpcNextAddr=0x781CC000
VERBOSE::memory_page.c::88::mem_page_init_from_proc_addr::lpcBaseAddr=0x781CC000
VERBOSE::memory_page.c::89::mem_page_init_from_proc_addr::memInfo.BaseAddress=0x781CC000
VERBOSE::memory_page.c::90::mem_page_init_from_proc_addr::memInfo.RegionSize=0x00061000
ERROR::memory_page.c::217::mem_page_destroy::Deallocating NULL page
VERBOSE::memory_manager.c::523::mem_mgr_load_proc::skip to addr 0x7822D000
VERBOSE::memory_page.c::57::mem_page_init_from_proc_addr::lpcBaseAddr=0x7822D000
VERBOSE::memory_page.c::58::mem_page_init_from_proc_addr::lpcNextAddr=0x7822D000
VERBOSE::memory_page.c::88::mem_page_init_from_proc_addr::lpcBaseAddr=0x7822D000
VERBOSE::memory_page.c::89::mem_page_init_from_proc_addr::memInfo.BaseAddress=0x7822D000
VERBOSE::memory_page.c::90::mem_page_init_from_proc_addr::memInfo.RegionSize=0x03363000
ERROR::memory_page.c::217::mem_page_destroy::Deallocating NULL page
VERBOSE::memory_manager.c::523::mem_mgr_load_proc::skip to addr 0x7B590000
VERBOSE::memory_page.c::57::mem_page_init_from_proc_addr::lpcBaseAddr=0x7B590000
VERBOSE::memory_page.c::58::mem_page_init_from_proc_addr::lpcNextAddr=0x7B590000
VERBOSE::memory_page.c::88::mem_page_init_from_proc_addr::lpcBaseAddr=0x7B590000
VERBOSE::memory_page.c::89::mem_page_init_from_proc_addr::memInfo.BaseAddress=0x7B590000
VERBOSE::memory_page.c::90::mem_page_init_from_proc_addr::memInfo.RegionSize=0x00001000
ERROR::memory_page.c::217::mem_page_destroy::Deallocating NULL page
VERBOSE::memory_manager.c::523::mem_mgr_load_proc::skip to addr 0x7B591000
VERBOSE::memory_page.c::57::mem_page_init_from_proc_addr::lpcBaseAddr=0x7B591000
VERBOSE::memory_page.c::58::mem_page_init_from_proc_addr::lpcNextAddr=0x7B591000
VERBOSE::memory_page.c::88::mem_page_init_from_proc_addr::lpcBaseAddr=0x7B591000
VERBOSE::memory_page.c::89::mem_page_init_from_proc_addr::memInfo.BaseAddress=0x7B591000
VERBOSE::memory_page.c::90::mem_page_init_from_proc_addr::memInfo.RegionSize=0x00141000
ERROR::memory_page.c::217::mem_page_destroy::Deallocating NULL page
VERBOSE::memory_manager.c::523::mem_mgr_load_proc::skip to addr 0x7B6D2000
VERBOSE::memory_page.c::57::mem_page_init_from_proc_addr::lpcBaseAddr=0x7B6D2000
VERBOSE::memory_page.c::58::mem_page_init_from_proc_addr::lpcNextAddr=0x7B6D2000
VERBOSE::memory_page.c::88::mem_page_init_from_proc_addr::lpcBaseAddr=0x7B6D2000
VERBOSE::memory_page.c::89::mem_page_init_from_proc_addr::memInfo.BaseAddress=0x7B6D2000
VERBOSE::memory_page.c::90::mem_page_init_from_proc_addr::memInfo.RegionSize=0x00001000
VERBOSE::memory_page.c::57::mem_page_init_from_proc_addr::lpcBaseAddr=0x7B6D3000
VERBOSE::memory_page.c::58::mem_page_init_from_proc_addr::lpcNextAddr=0x7B6D3000
VERBOSE::memory_page.c::88::mem_page_init_from_proc_addr::lpcBaseAddr=0x7B6D3000
VERBOSE::memory_page.c::89::mem_page_init_from_proc_addr::memInfo.BaseAddress=0x7B6D3000
VERBOSE::memory_page.c::90::mem_page_init_from_proc_addr::memInfo.RegionSize=0x00005000
VERBOSE::memory_page.c::57::mem_page_init_from_proc_addr::lpcBaseAddr=0x7B6D8000
VERBOSE::memory_page.c::58::mem_page_init_from_proc_addr::lpcNextAddr=0x7B6D8000
VERBOSE::memory_page.c::88::mem_page_init_from_proc_addr::lpcBaseAddr=0x7B6D8000
VERBOSE::memory_page.c::89::mem_page_init_from_proc_addr::memInfo.BaseAddress=0x7B6D8000
VERBOSE::memory_page.c::90::mem_page_init_from_proc_addr::memInfo.RegionSize=0x00031000
VERBOSE::memory_page.c::57::mem_page_init_from_proc_addr::lpcBaseAddr=0x7B709000
VERBOSE::memory_page.c::58::mem_page_init_from_proc_addr::lpcNextAddr=0x7B709000
VERBOSE::memory_page.c::88::mem_page_init_from_proc_addr::lpcBaseAddr=0x7B709000
VERBOSE::memory_page.c::89::mem_page_init_from_proc_addr::memInfo.BaseAddress=0x7B709000
VERBOSE::memory_page.c::90::mem_page_init_from_proc_addr::memInfo.RegionSize=0x00021000
ERROR::memory_page.c::217::mem_page_destroy::Deallocating NULL page
VERBOSE::memory_manager.c::523::mem_mgr_load_proc::skip to addr 0x7B72A000
VERBOSE::memory_page.c::57::mem_page_init_from_proc_addr::lpcBaseAddr=0x7B72A000
VERBOSE::memory_page.c::58::mem_page_init_from_proc_addr::lpcNextAddr=0x7B72A000
VERBOSE::memory_page.c::88::mem_page_init_from_proc_addr::lpcBaseAddr=0x7B72A000
VERBOSE::memory_page.c::89::mem_page_init_from_proc_addr::memInfo.BaseAddress=0x7B72A000
VERBOSE::memory_page.c::90::mem_page_init_from_proc_addr::memInfo.RegionSize=0x00006000
ERROR::memory_page.c::217::mem_page_destroy::Deallocating NULL page
VERBOSE::memory_manager.c::523::mem_mgr_load_proc::skip to addr 0x7B730000
VERBOSE::memory_page.c::57::mem_page_init_from_proc_addr::lpcBaseAddr=0x7B730000
VERBOSE::memory_page.c::58::mem_page_init_from_proc_addr::lpcNextAddr=0x7B730000
VERBOSE::memory_page.c::88::mem_page_init_from_proc_addr::lpcBaseAddr=0x7B730000
VERBOSE::memory_page.c::89::mem_page_init_from_proc_addr::memInfo.BaseAddress=0x7B730000
VERBOSE::memory_page.c::90::mem_page_init_from_proc_addr::memInfo.RegionSize=0x00001000
ERROR::memory_page.c::217::mem_page_destroy::Deallocating NULL page
VERBOSE::memory_manager.c::523::mem_mgr_load_proc::skip to addr 0x7B731000
VERBOSE::memory_page.c::57::mem_page_init_from_proc_addr::lpcBaseAddr=0x7B731000
VERBOSE::memory_page.c::58::mem_page_init_from_proc_addr::lpcNextAddr=0x7B731000
VERBOSE::memory_page.c::88::mem_page_init_from_proc_addr::lpcBaseAddr=0x7B731000
VERBOSE::memory_page.c::89::mem_page_init_from_proc_addr::memInfo.BaseAddress=0x7B731000
VERBOSE::memory_page.c::90::mem_page_init_from_proc_addr::memInfo.RegionSize=0x0020F000
ERROR::memory_page.c::217::mem_page_destroy::Deallocating NULL page
VERBOSE::memory_manager.c::523::mem_mgr_load_proc::skip to addr 0x7B940000
VERBOSE::memory_page.c::57::mem_page_init_from_proc_addr::lpcBaseAddr=0x7B940000
VERBOSE::memory_page.c::58::mem_page_init_from_proc_addr::lpcNextAddr=0x7B940000
VERBOSE::memory_page.c::88::mem_page_init_from_proc_addr::lpcBaseAddr=0x7B940000
VERBOSE::memory_page.c::89::mem_page_init_from_proc_addr::memInfo.BaseAddress=0x7B940000
VERBOSE::memory_page.c::90::mem_page_init_from_proc_addr::memInfo.RegionSize=0x0000F000
VERBOSE::memory_page.c::57::mem_page_init_from_proc_addr::lpcBaseAddr=0x7B94F000
VERBOSE::memory_page.c::58::mem_page_init_from_proc_addr::lpcNextAddr=0x7B94F000
VERBOSE::memory_page.c::88::mem_page_init_from_proc_addr::lpcBaseAddr=0x7B94F000
VERBOSE::memory_page.c::89::mem_page_init_from_proc_addr::memInfo.BaseAddress=0x7B94F000
VERBOSE::memory_page.c::90::mem_page_init_from_proc_addr::memInfo.RegionSize=0x00012000
ERROR::memory_page.c::217::mem_page_destroy::Deallocating NULL page
VERBOSE::memory_manager.c::523::mem_mgr_load_proc::skip to addr 0x7B961000
VERBOSE::memory_page.c::57::mem_page_init_from_proc_addr::lpcBaseAddr=0x7B961000
VERBOSE::memory_page.c::58::mem_page_init_from_proc_addr::lpcNextAddr=0x7B961000
VERBOSE::memory_page.c::88::mem_page_init_from_proc_addr::lpcBaseAddr=0x7B961000
VERBOSE::memory_page.c::89::mem_page_init_from_proc_addr::memInfo.BaseAddress=0x7B961000
VERBOSE::memory_page.c::90::mem_page_init_from_proc_addr::memInfo.RegionSize=0x0000F000
ERROR::memory_page.c::217::mem_page_destroy::Deallocating NULL page
VERBOSE::memory_manager.c::523::mem_mgr_load_proc::skip to addr 0x7B970000
VERBOSE::memory_page.c::57::mem_page_init_from_proc_addr::lpcBaseAddr=0x7B970000
VERBOSE::memory_page.c::58::mem_page_init_from_proc_addr::lpcNextAddr=0x7B970000
VERBOSE::memory_page.c::88::mem_page_init_from_proc_addr::lpcBaseAddr=0x7B970000
VERBOSE::memory_page.c::89::mem_page_init_from_proc_addr::memInfo.BaseAddress=0x7B970000
VERBOSE::memory_page.c::90::mem_page_init_from_proc_addr::memInfo.RegionSize=0x00001000
ERROR::memory_page.c::217::mem_page_destroy::Deallocating NULL page
VERBOSE::memory_manager.c::523::mem_mgr_load_proc::skip to addr 0x7B971000
VERBOSE::memory_page.c::57::mem_page_init_from_proc_addr::lpcBaseAddr=0x7B971000
VERBOSE::memory_page.c::58::mem_page_init_from_proc_addr::lpcNextAddr=0x7B971000
VERBOSE::memory_page.c::88::mem_page_init_from_proc_addr::lpcBaseAddr=0x7B971000
VERBOSE::memory_page.c::89::mem_page_init_from_proc_addr::memInfo.BaseAddress=0x7B971000
VERBOSE::memory_page.c::90::mem_page_init_from_proc_addr::memInfo.RegionSize=0x0009A000
ERROR::memory_page.c::217::mem_page_destroy::Deallocating NULL page
VERBOSE::memory_manager.c::523::mem_mgr_load_proc::skip to addr 0x7BA0B000
VERBOSE::memory_page.c::57::mem_page_init_from_proc_addr::lpcBaseAddr=0x7BA0B000
VERBOSE::memory_page.c::58::mem_page_init_from_proc_addr::lpcNextAddr=0x7BA0B000
VERBOSE::memory_page.c::88::mem_page_init_from_proc_addr::lpcBaseAddr=0x7BA0B000
VERBOSE::memory_page.c::89::mem_page_init_from_proc_addr::memInfo.BaseAddress=0x7BA0B000
VERBOSE::memory_page.c::90::mem_page_init_from_proc_addr::memInfo.RegionSize=0x00003000
VERBOSE::memory_page.c::57::mem_page_init_from_proc_addr::lpcBaseAddr=0x7BA0E000
VERBOSE::memory_page.c::58::mem_page_init_from_proc_addr::lpcNextAddr=0x7BA0E000
VERBOSE::memory_page.c::88::mem_page_init_from_proc_addr::lpcBaseAddr=0x7BA0E000
VERBOSE::memory_page.c::89::mem_page_init_from_proc_addr::memInfo.BaseAddress=0x7BA0E000
VERBOSE::memory_page.c::90::mem_page_init_from_proc_addr::memInfo.RegionSize=0x00007000
ERROR::memory_page.c::217::mem_page_destroy::Deallocating NULL page
VERBOSE::memory_manager.c::523::mem_mgr_load_proc::skip to addr 0x7BA15000
VERBOSE::memory_page.c::57::mem_page_init_from_proc_addr::lpcBaseAddr=0x7BA15000
VERBOSE::memory_page.c::58::mem_page_init_from_proc_addr::lpcNextAddr=0x7BA15000
VERBOSE::memory_page.c::88::mem_page_init_from_proc_addr::lpcBaseAddr=0x7BA15000
VERBOSE::memory_page.c::89::mem_page_init_from_proc_addr::memInfo.BaseAddress=0x7BA15000
VERBOSE::memory_page.c::90::mem_page_init_from_proc_addr::memInfo.RegionSize=0x0443B000
ERROR::memory_page.c::217::mem_page_destroy::Deallocating NULL page
VERBOSE::memory_manager.c::523::mem_mgr_load_proc::skip to addr 0x7FE50000
VERBOSE::memory_page.c::57::mem_page_init_from_proc_addr::lpcBaseAddr=0x7FE50000
VERBOSE::memory_page.c::58::mem_page_init_from_proc_addr::lpcNextAddr=0x7FE50000
VERBOSE::memory_page.c::88::mem_page_init_from_proc_addr::lpcBaseAddr=0x7FE50000
VERBOSE::memory_page.c::89::mem_page_init_from_proc_addr::memInfo.BaseAddress=0x7FE50000
VERBOSE::memory_page.c::90::mem_page_init_from_proc_addr::memInfo.RegionSize=0x00005000
ERROR::memory_page.c::217::mem_page_destroy::Deallocating NULL page
VERBOSE::memory_manager.c::523::mem_mgr_load_proc::skip to addr 0x7FE55000
VERBOSE::memory_page.c::57::mem_page_init_from_proc_addr::lpcBaseAddr=0x7FE55000
VERBOSE::memory_page.c::58::mem_page_init_from_proc_addr::lpcNextAddr=0x7FE55000
VERBOSE::memory_page.c::88::mem_page_init_from_proc_addr::lpcBaseAddr=0x7FE55000
VERBOSE::memory_page.c::89::mem_page_init_from_proc_addr::memInfo.BaseAddress=0x7FE55000
VERBOSE::memory_page.c::90::mem_page_init_from_proc_addr::memInfo.RegionSize=0x000FB000
ERROR::memory_page.c::217::mem_page_destroy::Deallocating NULL page
VERBOSE::memory_manager.c::523::mem_mgr_load_proc::skip to addr 0x7FF50000
VERBOSE::memory_page.c::57::mem_page_init_from_proc_addr::lpcBaseAddr=0x7FF50000
VERBOSE::memory_page.c::58::mem_page_init_from_proc_addr::lpcNextAddr=0x7FF50000
VERBOSE::memory_page.c::88::mem_page_init_from_proc_addr::lpcBaseAddr=0x7FF50000
VERBOSE::memory_page.c::89::mem_page_init_from_proc_addr::memInfo.BaseAddress=0x7FF50000
VERBOSE::memory_page.c::90::mem_page_init_from_proc_addr::memInfo.RegionSize=0x00008000
ERROR::memory_page.c::217::mem_page_destroy::Deallocating NULL page
VERBOSE::memory_manager.c::523::mem_mgr_load_proc::skip to addr 0x7FF58000
VERBOSE::memory_page.c::57::mem_page_init_from_proc_addr::lpcBaseAddr=0x7FF58000
VERBOSE::memory_page.c::58::mem_page_init_from_proc_addr::lpcNextAddr=0x7FF58000
VERBOSE::memory_page.c::88::mem_page_init_from_proc_addr::lpcBaseAddr=0x7FF58000
VERBOSE::memory_page.c::89::mem_page_init_from_proc_addr::memInfo.BaseAddress=0x7FF58000
VERBOSE::memory_page.c::90::mem_page_init_from_proc_addr::memInfo.RegionSize=0x00001000
VERBOSE::memory_page.c::57::mem_page_init_from_proc_addr::lpcBaseAddr=0x7FF59000
VERBOSE::memory_page.c::58::mem_page_init_from_proc_addr::lpcNextAddr=0x7FF59000
VERBOSE::memory_page.c::88::mem_page_init_from_proc_addr::lpcBaseAddr=0x7FF59000
VERBOSE::memory_page.c::89::mem_page_init_from_proc_addr::memInfo.BaseAddress=0x7FF59000
VERBOSE::memory_page.c::90::mem_page_init_from_proc_addr::memInfo.RegionSize=0x00007000
ERROR::memory_page.c::217::mem_page_destroy::Deallocating NULL page
VERBOSE::memory_manager.c::523::mem_mgr_load_proc::skip to addr 0x7FF60000
VERBOSE::memory_page.c::57::mem_page_init_from_proc_addr::lpcBaseAddr=0x7FF60000
VERBOSE::memory_page.c::58::mem_page_init_from_proc_addr::lpcNextAddr=0x7FF60000
VERBOSE::memory_page.c::88::mem_page_init_from_proc_addr::lpcBaseAddr=0x7FF60000
VERBOSE::memory_page.c::89::mem_page_init_from_proc_addr::memInfo.BaseAddress=0x7FF60000
VERBOSE::memory_page.c::90::mem_page_init_from_proc_addr::memInfo.RegionSize=0x00001000
ERROR::memory_page.c::217::mem_page_destroy::Deallocating NULL page
VERBOSE::memory_manager.c::523::mem_mgr_load_proc::skip to addr 0x7FF61000
VERBOSE::memory_page.c::57::mem_page_init_from_proc_addr::lpcBaseAddr=0x7FF61000
VERBOSE::memory_page.c::58::mem_page_init_from_proc_addr::lpcNextAddr=0x7FF61000
VERBOSE::memory_page.c::88::mem_page_init_from_proc_addr::lpcBaseAddr=0x7FF61000
VERBOSE::memory_page.c::89::mem_page_init_from_proc_addr::memInfo.BaseAddress=0x7FF61000
VERBOSE::memory_page.c::90::mem_page_init_from_proc_addr::memInfo.RegionSize=0x00001000
VERBOSE::memory_page.c::57::mem_page_init_from_proc_addr::lpcBaseAddr=0x7FF62000
VERBOSE::memory_page.c::58::mem_page_init_from_proc_addr::lpcNextAddr=0x7FF62000
VERBOSE::memory_page.c::88::mem_page_init_from_proc_addr::lpcBaseAddr=0x7FF62000
VERBOSE::memory_page.c::89::mem_page_init_from_proc_addr::memInfo.BaseAddress=0x7FF62000
VERBOSE::memory_page.c::90::mem_page_init_from_proc_addr::memInfo.RegionSize=0x0000E000
ERROR::memory_page.c::217::mem_page_destroy::Deallocating NULL page
VERBOSE::memory_manager.c::523::mem_mgr_load_proc::skip to addr 0x7FF70000
VERBOSE::memory_page.c::57::mem_page_init_from_proc_addr::lpcBaseAddr=0x7FF70000
VERBOSE::memory_page.c::58::mem_page_init_from_proc_addr::lpcNextAddr=0x7FF70000
VERBOSE::memory_page.c::88::mem_page_init_from_proc_addr::lpcBaseAddr=0x7FF70000
VERBOSE::memory_page.c::89::mem_page_init_from_proc_addr::memInfo.BaseAddress=0x7FF70000
VERBOSE::memory_page.c::90::mem_page_init_from_proc_addr::memInfo.RegionSize=0x00010000
ERROR::memory_page.c::217::mem_page_destroy::Deallocating NULL page
VERBOSE::memory_manager.c::523::mem_mgr_load_proc::skip to addr 0x7FF80000
VERBOSE::memory_page.c::57::mem_page_init_from_proc_addr::lpcBaseAddr=0x7FF80000
VERBOSE::memory_page.c::58::mem_page_init_from_proc_addr::lpcNextAddr=0x7FF80000
VERBOSE::memory_page.c::88::mem_page_init_from_proc_addr::lpcBaseAddr=0x7FF80000
VERBOSE::memory_page.c::89::mem_page_init_from_proc_addr::memInfo.BaseAddress=0x7FF80000
VERBOSE::memory_page.c::90::mem_page_init_from_proc_addr::memInfo.RegionSize=0x00001000
VERBOSE::memory_page.c::57::mem_page_init_from_proc_addr::lpcBaseAddr=0x7FF81000
VERBOSE::memory_page.c::58::mem_page_init_from_proc_addr::lpcNextAddr=0x7FF81000
VERBOSE::memory_page.c::88::mem_page_init_from_proc_addr::lpcBaseAddr=0x7FF81000
VERBOSE::memory_page.c::89::mem_page_init_from_proc_addr::memInfo.BaseAddress=0x7FF81000
VERBOSE::memory_page.c::90::mem_page_init_from_proc_addr::memInfo.RegionSize=0x0000F000
ERROR::memory_page.c::217::mem_page_destroy::Deallocating NULL page
VERBOSE::memory_manager.c::523::mem_mgr_load_proc::skip to addr 0x7FF90000
VERBOSE::memory_page.c::57::mem_page_init_from_proc_addr::lpcBaseAddr=0x7FF90000
VERBOSE::memory_page.c::58::mem_page_init_from_proc_addr::lpcNextAddr=0x7FF90000
VERBOSE::memory_page.c::88::mem_page_init_from_proc_addr::lpcBaseAddr=0x7FF90000
VERBOSE::memory_page.c::89::mem_page_init_from_proc_addr::memInfo.BaseAddress=0x7FF90000
VERBOSE::memory_page.c::90::mem_page_init_from_proc_addr::memInfo.RegionSize=0x00001000
ERROR::memory_page.c::217::mem_page_destroy::Deallocating NULL page
VERBOSE::memory_manager.c::523::mem_mgr_load_proc::skip to addr 0x7FF91000
VERBOSE::memory_page.c::57::mem_page_init_from_proc_addr::lpcBaseAddr=0x7FF91000
VERBOSE::memory_page.c::58::mem_page_init_from_proc_addr::lpcNextAddr=0x7FF91000
VERBOSE::memory_page.c::88::mem_page_init_from_proc_addr::lpcBaseAddr=0x7FF91000
VERBOSE::memory_page.c::89::mem_page_init_from_proc_addr::memInfo.BaseAddress=0x7FF91000
VERBOSE::memory_page.c::90::mem_page_init_from_proc_addr::memInfo.RegionSize=0x00001000
VERBOSE::memory_page.c::57::mem_page_init_from_proc_addr::lpcBaseAddr=0x7FF92000
VERBOSE::memory_page.c::58::mem_page_init_from_proc_addr::lpcNextAddr=0x7FF92000
VERBOSE::memory_page.c::88::mem_page_init_from_proc_addr::lpcBaseAddr=0x7FF92000
VERBOSE::memory_page.c::89::mem_page_init_from_proc_addr::memInfo.BaseAddress=0x7FF92000
VERBOSE::memory_page.c::90::mem_page_init_from_proc_addr::memInfo.RegionSize=0x0000E000
ERROR::memory_page.c::217::mem_page_destroy::Deallocating NULL page
VERBOSE::memory_manager.c::523::mem_mgr_load_proc::skip to addr 0x7FFA0000
VERBOSE::memory_page.c::57::mem_page_init_from_proc_addr::lpcBaseAddr=0x7FFA0000
VERBOSE::memory_page.c::58::mem_page_init_from_proc_addr::lpcNextAddr=0x7FFA0000
VERBOSE::memory_page.c::88::mem_page_init_from_proc_addr::lpcBaseAddr=0x7FFA0000
VERBOSE::memory_page.c::89::mem_page_init_from_proc_addr::memInfo.BaseAddress=0x7FFA0000
VERBOSE::memory_page.c::90::mem_page_init_from_proc_addr::memInfo.RegionSize=0x00001000
ERROR::memory_page.c::217::mem_page_destroy::Deallocating NULL page
VERBOSE::memory_manager.c::523::mem_mgr_load_proc::skip to addr 0x7FFA1000
VERBOSE::memory_page.c::57::mem_page_init_from_proc_addr::lpcBaseAddr=0x7FFA1000
VERBOSE::memory_page.c::58::mem_page_init_from_proc_addr::lpcNextAddr=0x7FFA1000
VERBOSE::memory_page.c::88::mem_page_init_from_proc_addr::lpcBaseAddr=0x7FFA1000
VERBOSE::memory_page.c::89::mem_page_init_from_proc_addr::memInfo.BaseAddress=0x7FFA1000
VERBOSE::memory_page.c::90::mem_page_init_from_proc_addr::memInfo.RegionSize=0x0000F000
ERROR::memory_page.c::217::mem_page_destroy::Deallocating NULL page
VERBOSE::memory_manager.c::523::mem_mgr_load_proc::skip to addr 0x7FFB0000
VERBOSE::memory_page.c::57::mem_page_init_from_proc_addr::lpcBaseAddr=0x7FFB0000
VERBOSE::memory_page.c::58::mem_page_init_from_proc_addr::lpcNextAddr=0x7FFB0000
VERBOSE::memory_page.c::88::mem_page_init_from_proc_addr::lpcBaseAddr=0x7FFB0000
VERBOSE::memory_page.c::89::mem_page_init_from_proc_addr::memInfo.BaseAddress=0x7FFB0000
VERBOSE::memory_page.c::90::mem_page_init_from_proc_addr::memInfo.RegionSize=0x00023000
ERROR::memory_page.c::217::mem_page_destroy::Deallocating NULL page
VERBOSE::memory_manager.c::523::mem_mgr_load_proc::skip to addr 0x7FFD3000
VERBOSE::memory_page.c::57::mem_page_init_from_proc_addr::lpcBaseAddr=0x7FFD3000
VERBOSE::memory_page.c::58::mem_page_init_from_proc_addr::lpcNextAddr=0x7FFD3000
VERBOSE::memory_page.c::88::mem_page_init_from_proc_addr::lpcBaseAddr=0x7FFD3000
VERBOSE::memory_page.c::89::mem_page_init_from_proc_addr::memInfo.BaseAddress=0x7FFD3000
VERBOSE::memory_page.c::90::mem_page_init_from_proc_addr::memInfo.RegionSize=0x0000D000
ERROR::memory_page.c::217::mem_page_destroy::Deallocating NULL page
VERBOSE::memory_manager.c::523::mem_mgr_load_proc::skip to addr 0x7FFE0000
VERBOSE::memory_page.c::57::mem_page_init_from_proc_addr::lpcBaseAddr=0x7FFE0000
VERBOSE::memory_page.c::58::mem_page_init_from_proc_addr::lpcNextAddr=0x7FFE0000
VERBOSE::memory_page.c::88::mem_page_init_from_proc_addr::lpcBaseAddr=0x7FFE0000
VERBOSE::memory_page.c::89::mem_page_init_from_proc_addr::memInfo.BaseAddress=0x7FFE0000
VERBOSE::memory_page.c::90::mem_page_init_from_proc_addr::memInfo.RegionSize=0x00001000
ERROR::memory_page.c::217::mem_page_destroy::Deallocating NULL page
VERBOSE::memory_manager.c::523::mem_mgr_load_proc::skip to addr 0x7FFE1000
VERBOSE::memory_page.c::57::mem_page_init_from_proc_addr::lpcBaseAddr=0x7FFE1000
VERBOSE::memory_page.c::58::mem_page_init_from_proc_addr::lpcNextAddr=0x7FFE1000
VERBOSE::memory_page.c::88::mem_page_init_from_proc_addr::lpcBaseAddr=0x7FFE1000
VERBOSE::memory_page.c::89::mem_page_init_from_proc_addr::memInfo.BaseAddress=0x7FFE1000
VERBOSE::memory_page.c::90::mem_page_init_from_proc_addr::memInfo.RegionSize=0x00006000
ERROR::memory_page.c::217::mem_page_destroy::Deallocating NULL page
VERBOSE::memory_manager.c::523::mem_mgr_load_proc::skip to addr 0x7FFE7000
VERBOSE::memory_page.c::57::mem_page_init_from_proc_addr::lpcBaseAddr=0x7FFE7000
VERBOSE::memory_page.c::58::mem_page_init_from_proc_addr::lpcNextAddr=0x7FFE7000
VERBOSE::memory_page.c::88::mem_page_init_from_proc_addr::lpcBaseAddr=0x7FFE7000
VERBOSE::memory_page.c::89::mem_page_init_from_proc_addr::memInfo.BaseAddress=0x7FFE7000
VERBOSE::memory_page.c::90::mem_page_init_from_proc_addr::memInfo.RegionSize=0x00001000
ERROR::memory_page.c::217::mem_page_destroy::Deallocating NULL page
VERBOSE::memory_manager.c::523::mem_mgr_load_proc::skip to addr 0x7FFE8000
VERBOSE::memory_page.c::57::mem_page_init_from_proc_addr::lpcBaseAddr=0x7FFE8000
VERBOSE::memory_page.c::58::mem_page_init_from_proc_addr::lpcNextAddr=0x7FFE8000
VERBOSE::memory_page.c::88::mem_page_init_from_proc_addr::lpcBaseAddr=0x7FFE8000
VERBOSE::memory_page.c::89::mem_page_init_from_proc_addr::memInfo.BaseAddress=0x7FFE8000
VERBOSE::memory_page.c::90::mem_page_init_from_proc_addr::memInfo.RegionSize=0x00008000
ERROR::memory_page.c::217::mem_page_destroy::Deallocating NULL page
VERBOSE::memory_manager.c::523::mem_mgr_load_proc::skip to addr 0x7FFF0000
VERBOSE::memory_page.c::57::mem_page_init_from_proc_addr::lpcBaseAddr=0x7FFF0000
VERBOSE::memory_page.c::58::mem_page_init_from_proc_addr::lpcNextAddr=0x7FFF0000
ERROR::memory_page.c::82::mem_page_init_from_proc_addr::VirtualQueryEx returns 0
ERROR::memory_page.c::217::mem_page_destroy::Deallocating NULL page
ERROR::memory_manager.c::506::mem_mgr_load_proc::Fail to initialize page from proc addr - -22
ERROR::main.c::32::main::Failed to load process with error -22
VERBOSE::process_info.c::168::proc_info_close_process_handle::Closed process handle: 276
